   1              		.syntax unified
   2              		.cpu cortex-m3
   3              		.fpu softvfp
   4              		.eabi_attribute 20, 1
   5              		.eabi_attribute 21, 1
   6              		.eabi_attribute 23, 3
   7              		.eabi_attribute 24, 1
   8              		.eabi_attribute 25, 1
   9              		.eabi_attribute 26, 1
  10              		.eabi_attribute 30, 4
  11              		.eabi_attribute 34, 1
  12              		.eabi_attribute 18, 4
  13              		.thumb
  14              		.syntax unified
  15              		.file	"wireless.cpp"
  16              		.section	.text._ZN14scheduler_task4initEv,"axG",%progbits,_ZN14scheduler_task4initEv,comdat
  17              		.align	1
  18              		.weak	_ZN14scheduler_task4initEv
  19              		.thumb
  20              		.thumb_func
  22              	_ZN14scheduler_task4initEv:
  23              		@ args = 0, pretend = 0, frame = 0
  24              		@ frame_needed = 0, uses_anonymous_args = 0
  25              		@ link register save eliminated.
  26 0000 0120     		movs	r0, #1
  27 0002 7047     		bx	lr
  29              		.section	.text._ZN14scheduler_task6regTlmEv,"axG",%progbits,_ZN14scheduler_task6regTlmEv,comdat
  30              		.align	1
  31              		.weak	_ZN14scheduler_task6regTlmEv
  32              		.thumb
  33              		.thumb_func
  35              	_ZN14scheduler_task6regTlmEv:
  36              		@ args = 0, pretend = 0, frame = 0
  37              		@ frame_needed = 0, uses_anonymous_args = 0
  38              		@ link register save eliminated.
  39 0000 0120     		movs	r0, #1
  40 0002 7047     		bx	lr
  42              		.section	.text._ZN14scheduler_task9taskEntryEv,"axG",%progbits,_ZN14scheduler_task9taskEntryEv,com
  43              		.align	1
  44              		.weak	_ZN14scheduler_task9taskEntryEv
  45              		.thumb
  46              		.thumb_func
  48              	_ZN14scheduler_task9taskEntryEv:
  49              		@ args = 0, pretend = 0, frame = 0
  50              		@ frame_needed = 0, uses_anonymous_args = 0
  51              		@ link register save eliminated.
  52 0000 0120     		movs	r0, #1
  53 0002 7047     		bx	lr
  55              		.section	.text._ZN12wirelessTaskD2Ev,"axG",%progbits,_ZN12wirelessTaskD5Ev,comdat
  56              		.align	1
  57              		.weak	_ZN12wirelessTaskD2Ev
  58              		.thumb
  59              		.thumb_func
  61              	_ZN12wirelessTaskD2Ev:
  62              		@ args = 0, pretend = 0, frame = 0
  63              		@ frame_needed = 0, uses_anonymous_args = 0
  64              		@ link register save eliminated.
  65 0000 7047     		bx	lr
  67              		.weak	_ZN12wirelessTaskD1Ev
  68              		.thumb_set _ZN12wirelessTaskD1Ev,_ZN12wirelessTaskD2Ev
  69              		.text
  70              		.align	1
  71              		.global	_ZN12wirelessTask3runEPv
  72              		.thumb
  73              		.thumb_func
  75              	_ZN12wirelessTask3runEPv:
  76              		@ args = 0, pretend = 0, frame = 0
  77              		@ frame_needed = 0, uses_anonymous_args = 0
  78 0000 08B5     		push	{r3, lr}
  79 0002 FFF7FEFF 		bl	wireless_service
  80 0006 0120     		movs	r0, #1
  81 0008 08BD     		pop	{r3, pc}
  83              		.section	.text._ZN12wirelessTaskD0Ev,"axG",%progbits,_ZN12wirelessTaskD5Ev,comdat
  84              		.align	1
  85              		.weak	_ZN12wirelessTaskD0Ev
  86              		.thumb
  87              		.thumb_func
  89              	_ZN12wirelessTaskD0Ev:
  90              		@ args = 0, pretend = 0, frame = 0
  91              		@ frame_needed = 0, uses_anonymous_args = 0
  92 0000 10B5     		push	{r4, lr}
  93 0002 0446     		mov	r4, r0
  94 0004 FFF7FEFF 		bl	_ZdlPv
  95 0008 2046     		mov	r0, r4
  96 000a 10BD     		pop	{r4, pc}
  98              		.text
  99              		.align	1
 100              		.global	_ZN12wirelessTaskC2Eh
 101              		.thumb
 102              		.thumb_func
 104              	_ZN12wirelessTaskC2Eh:
 105              		@ args = 0, pretend = 0, frame = 0
 106              		@ frame_needed = 0, uses_anonymous_args = 0
 107 000a 13B5     		push	{r0, r1, r4, lr}
 108 000c 0446     		mov	r4, r0
 109 000e 0023     		movs	r3, #0
 110 0010 0093     		str	r3, [sp]
 111 0012 4FF40072 		mov	r2, #512
 112 0016 0B46     		mov	r3, r1
 113 0018 0349     		ldr	r1, .L8
 114 001a FFF7FEFF 		bl	_ZN14scheduler_taskC2EPKcmhPv
 115 001e 2046     		mov	r0, r4
 116 0020 024B     		ldr	r3, .L8+4
 117 0022 2360     		str	r3, [r4]
 118 0024 02B0     		add	sp, sp, #8
 119              		@ sp needed
 120 0026 10BD     		pop	{r4, pc}
 121              	.L9:
 122              		.align	2
 123              	.L8:
 124 0028 00000000 		.word	.LC0
 125 002c 08000000 		.word	.LANCHOR0+8
 127              		.global	_ZN12wirelessTaskC1Eh
 128              		.thumb_set _ZN12wirelessTaskC1Eh,_ZN12wirelessTaskC2Eh
 129              		.global	_ZTV12wirelessTask
 130              		.section	.rodata
 131              		.align	2
 132              		.set	.LANCHOR0,. + 0
 135              	_ZTV12wirelessTask:
 136 0000 00000000 		.word	0
 137 0004 00000000 		.word	0
 138 0008 00000000 		.word	_ZN12wirelessTaskD1Ev
 139 000c 00000000 		.word	_ZN12wirelessTaskD0Ev
 140 0010 00000000 		.word	_ZN14scheduler_task4initEv
 141 0014 00000000 		.word	_ZN14scheduler_task6regTlmEv
 142 0018 00000000 		.word	_ZN14scheduler_task9taskEntryEv
 143 001c 00000000 		.word	_ZN12wirelessTask3runEPv
 144              		.section	.rodata.str1.1,"aMS",%progbits,1
 145              	.LC0:
 146 0000 77697265 		.ascii	"wireless\000"
 146      6C657373 
 146      00
 147              		.ident	"GCC: (GNU Tools for ARM Embedded Processors) 5.4.1 20160609 (release) [ARM/embedded-5-bran
DEFINED SYMBOLS
                            *ABS*:00000000 wireless.cpp
     /tmp/cct8RGRg.s:17     .text._ZN14scheduler_task4initEv:00000000 $t
     /tmp/cct8RGRg.s:22     .text._ZN14scheduler_task4initEv:00000000 _ZN14scheduler_task4initEv
     /tmp/cct8RGRg.s:30     .text._ZN14scheduler_task6regTlmEv:00000000 $t
     /tmp/cct8RGRg.s:35     .text._ZN14scheduler_task6regTlmEv:00000000 _ZN14scheduler_task6regTlmEv
     /tmp/cct8RGRg.s:43     .text._ZN14scheduler_task9taskEntryEv:00000000 $t
     /tmp/cct8RGRg.s:48     .text._ZN14scheduler_task9taskEntryEv:00000000 _ZN14scheduler_task9taskEntryEv
     /tmp/cct8RGRg.s:56     .text._ZN12wirelessTaskD2Ev:00000000 $t
     /tmp/cct8RGRg.s:61     .text._ZN12wirelessTaskD2Ev:00000000 _ZN12wirelessTaskD2Ev
     /tmp/cct8RGRg.s:61     .text._ZN12wirelessTaskD2Ev:00000000 _ZN12wirelessTaskD1Ev
     /tmp/cct8RGRg.s:70     .text:00000000 $t
     /tmp/cct8RGRg.s:75     .text:00000000 _ZN12wirelessTask3runEPv
     /tmp/cct8RGRg.s:84     .text._ZN12wirelessTaskD0Ev:00000000 $t
     /tmp/cct8RGRg.s:89     .text._ZN12wirelessTaskD0Ev:00000000 _ZN12wirelessTaskD0Ev
     /tmp/cct8RGRg.s:104    .text:0000000a _ZN12wirelessTaskC2Eh
     /tmp/cct8RGRg.s:124    .text:00000028 $d
     /tmp/cct8RGRg.s:104    .text:0000000a _ZN12wirelessTaskC1Eh
     /tmp/cct8RGRg.s:135    .rodata:00000000 _ZTV12wirelessTask
     /tmp/cct8RGRg.s:131    .rodata:00000000 $d
                           .group:00000000 _ZN12wirelessTaskD5Ev

UNDEFINED SYMBOLS
wireless_service
_ZdlPv
_ZN14scheduler_taskC2EPKcmhPv
