Archive member included to satisfy reference by file (symbol)

/usr/bin/../lib/gcc/arm-none-eabi/6.3.1/../../../../arm-none-eabi/lib/thumb/v7-m/libstdc++_nano.a(si_class_type_info.o)
                              obj//var/www/html/SJSU-DEV-Linux/firmware/lib/L2_Drivers/base/uart_dev.o (vtable for __cxxabiv1::__si_class_type_info)
/usr/bin/../lib/gcc/arm-none-eabi/6.3.1/../../../../arm-none-eabi/lib/thumb/v7-m/libstdc++_nano.a(class_type_info.o)
                              /usr/bin/../lib/gcc/arm-none-eabi/6.3.1/../../../../arm-none-eabi/lib/thumb/v7-m/libstdc++_nano.a(si_class_type_info.o) (__cxxabiv1::__class_type_info::__do_upcast(__cxxabiv1::__class_type_info const*, void**) const)
/usr/bin/../lib/gcc/arm-none-eabi/6.3.1/../../../../arm-none-eabi/lib/thumb/v7-m/libstdc++_nano.a(tinfo.o)
                              /usr/bin/../lib/gcc/arm-none-eabi/6.3.1/../../../../arm-none-eabi/lib/thumb/v7-m/libstdc++_nano.a(class_type_info.o) (std::type_info::~type_info())
/usr/bin/../lib/gcc/arm-none-eabi/6.3.1/../../../../arm-none-eabi/lib/thumb/v7-m/libstdc++_nano.a(vmi_class_type_info.o)
                              obj//var/www/html/SJSU-DEV-Linux/firmware/lib/L2_Drivers/src/uart2.o (vtable for __cxxabiv1::__vmi_class_type_info)
/usr/bin/../lib/gcc/arm-none-eabi/6.3.1/../../../../arm-none-eabi/lib/thumb/v7-m/libstdc++_nano.a(pure.o)
                              obj//var/www/html/SJSU-DEV-Linux/firmware/lib/L2_Drivers/base/char_dev.o (__cxa_pure_virtual)
/usr/bin/../lib/gcc/arm-none-eabi/6.3.1/../../../../arm-none-eabi/lib/thumb/v7-m/libstdc++_nano.a(guard.o)
                              obj/./L5_Application/source/high_level_init.o (__cxa_guard_acquire)
/usr/bin/../lib/gcc/arm-none-eabi/6.3.1/../../../../arm-none-eabi/lib/thumb/v7-m/libstdc++_nano.a(del_ops.o)
                              /usr/bin/../lib/gcc/arm-none-eabi/6.3.1/../../../../arm-none-eabi/lib/thumb/v7-m/libstdc++_nano.a(si_class_type_info.o) (operator delete(void*, unsigned int))
/usr/bin/../lib/gcc/arm-none-eabi/6.3.1/../../../../arm-none-eabi/lib/thumb/v7-m/libstdc++_nano.a(eh_terminate.o)
                              /usr/bin/../lib/gcc/arm-none-eabi/6.3.1/../../../../arm-none-eabi/lib/thumb/v7-m/libstdc++_nano.a(pure.o) (std::terminate())
/usr/bin/../lib/gcc/arm-none-eabi/6.3.1/../../../../arm-none-eabi/lib/thumb/v7-m/libstdc++_nano.a(eh_term_handler.o)
                              /usr/bin/../lib/gcc/arm-none-eabi/6.3.1/../../../../arm-none-eabi/lib/thumb/v7-m/libstdc++_nano.a(eh_terminate.o) (__cxxabiv1::__terminate_handler)
/usr/bin/../lib/gcc/arm-none-eabi/6.3.1/../../../../arm-none-eabi/lib/thumb/v7-m/libstdc++_nano.a(eh_unex_handler.o)
                              /usr/bin/../lib/gcc/arm-none-eabi/6.3.1/../../../../arm-none-eabi/lib/thumb/v7-m/libstdc++_nano.a(eh_terminate.o) (__cxxabiv1::__unexpected_handler)
/usr/bin/../lib/gcc/arm-none-eabi/6.3.1/../../../../arm-none-eabi/lib/thumb/v7-m/libm.a(lib_a-s_cos.o)
                              obj/./L5_Application/main.o (cos)
/usr/bin/../lib/gcc/arm-none-eabi/6.3.1/../../../../arm-none-eabi/lib/thumb/v7-m/libm.a(lib_a-e_rem_pio2.o)
                              /usr/bin/../lib/gcc/arm-none-eabi/6.3.1/../../../../arm-none-eabi/lib/thumb/v7-m/libm.a(lib_a-s_cos.o) (__ieee754_rem_pio2)
/usr/bin/../lib/gcc/arm-none-eabi/6.3.1/../../../../arm-none-eabi/lib/thumb/v7-m/libm.a(lib_a-k_cos.o)
                              /usr/bin/../lib/gcc/arm-none-eabi/6.3.1/../../../../arm-none-eabi/lib/thumb/v7-m/libm.a(lib_a-s_cos.o) (__kernel_cos)
/usr/bin/../lib/gcc/arm-none-eabi/6.3.1/../../../../arm-none-eabi/lib/thumb/v7-m/libm.a(lib_a-k_rem_pio2.o)
                              /usr/bin/../lib/gcc/arm-none-eabi/6.3.1/../../../../arm-none-eabi/lib/thumb/v7-m/libm.a(lib_a-e_rem_pio2.o) (__kernel_rem_pio2)
/usr/bin/../lib/gcc/arm-none-eabi/6.3.1/../../../../arm-none-eabi/lib/thumb/v7-m/libm.a(lib_a-k_sin.o)
                              /usr/bin/../lib/gcc/arm-none-eabi/6.3.1/../../../../arm-none-eabi/lib/thumb/v7-m/libm.a(lib_a-s_cos.o) (__kernel_sin)
/usr/bin/../lib/gcc/arm-none-eabi/6.3.1/../../../../arm-none-eabi/lib/thumb/v7-m/libm.a(lib_a-s_fabs.o)
                              /usr/bin/../lib/gcc/arm-none-eabi/6.3.1/../../../../arm-none-eabi/lib/thumb/v7-m/libm.a(lib_a-e_rem_pio2.o) (fabs)
/usr/bin/../lib/gcc/arm-none-eabi/6.3.1/../../../../arm-none-eabi/lib/thumb/v7-m/libm.a(lib_a-s_floor.o)
                              /usr/bin/../lib/gcc/arm-none-eabi/6.3.1/../../../../arm-none-eabi/lib/thumb/v7-m/libm.a(lib_a-k_rem_pio2.o) (floor)
/usr/bin/../lib/gcc/arm-none-eabi/6.3.1/../../../../arm-none-eabi/lib/thumb/v7-m/libm.a(lib_a-s_scalbn.o)
                              /usr/bin/../lib/gcc/arm-none-eabi/6.3.1/../../../../arm-none-eabi/lib/thumb/v7-m/libm.a(lib_a-k_rem_pio2.o) (scalbn)
/usr/bin/../lib/gcc/arm-none-eabi/6.3.1/../../../../arm-none-eabi/lib/thumb/v7-m/libm.a(lib_a-s_copysign.o)
[...]
Memory Configuration

Name             Origin             Length             Attributes
FLASH            0x0000000000010000 0x0000000000070000 xr
SRAM             0x0000000010000000 0x0000000000008000 xrw
SRAM_AHB         0x000000002007c000 0x0000000000008000 xrw
*default*        0x0000000000000000 0xffffffffffffffff

Linker script and memory map

LOAD obj//var/www/html/SJSU-DEV-Linux/firmware/lib/L2_Drivers/src/uart2.o
LOAD obj//var/www/html/SJSU-DEV-Linux/firmware/lib/L2_Drivers/src/rtc.o
LOAD obj//var/www/html/SJSU-DEV-Linux/firmware/lib/L2_Drivers/src/spi_sem.o
LOAD obj//var/www/html/SJSU-DEV-Linux/firmware/lib/L2_Drivers/src/lpc_rit.o
LOAD obj//var/www/html/SJSU-DEV-Linux/firmware/lib/L2_Drivers/src/spi_dma.o
LOAD obj//var/www/html/SJSU-DEV-Linux/firmware/lib/L2_Drivers/src/can.o
LOAD obj//var/www/html/SJSU-DEV-Linux/firmware/lib/L2_Drivers/src/adc.o
LOAD obj//var/www/html/SJSU-DEV-Linux/firmware/lib/L2_Drivers/src/lpc_pwm.o
LOAD obj//var/www/html/SJSU-DEV-Linux/firmware/lib/L2_Drivers/src/uart0.o
LOAD obj//var/www/html/SJSU-DEV-Linux/firmware/lib/L2_Drivers/src/uart3.o
LOAD obj//var/www/html/SJSU-DEV-Linux/firmware/lib/L2_Drivers/src/nrf_stream.o
LOAD obj//var/www/html/SJSU-DEV-Linux/firmware/lib/L2_Drivers/src/lpc_timers.o
LOAD obj//var/www/html/SJSU-DEV-Linux/firmware/lib/L2_Drivers/src/eint.o
LOAD obj//var/www/html/SJSU-DEV-Linux/firmware/lib/L2_Drivers/src/i2c2.o
LOAD obj//var/www/html/SJSU-DEV-Linux/firmware/lib/L2_Drivers/base/uart_dev.o
LOAD obj//var/www/html/SJSU-DEV-Linux/firmware/lib/L2_Drivers/base/i2c_base.o
LOAD obj//var/www/html/SJSU-DEV-Linux/firmware/lib/L2_Drivers/base/char_dev.o
LOAD obj//var/www/html/SJSU-DEV-Linux/firmware/lib/L3_Utils/tlm/src/c_tlm_stream.o
LOAD obj//var/www/html/SJSU-DEV-Linux/firmware/lib/L3_Utils/tlm/src/c_tlm_comp.o
LOAD obj//var/www/html/SJSU-DEV-Linux/firmware/lib/L3_Utils/tlm/src/c_tlm_var.o
LOAD obj//var/www/html/SJSU-DEV-Linux/firmware/lib/L3_Utils/tlm/src/c_tlm_binary.o
LOAD obj//var/www/html/SJSU-DEV-Linux/firmware/lib/L3_Utils/src/scheduler_task.o
LOAD obj//var/www/html/SJSU-DEV-Linux/firmware/lib/L3_Utils/src/utilities.o
LOAD obj//var/www/html/SJSU-DEV-Linux/firmware/lib/L3_Utils/src/printf_lib.o
LOAD obj//var/www/html/SJSU-DEV-Linux/firmware/lib/L3_Utils/src/command_handler.o
LOAD obj//var/www/html/SJSU-DEV-Linux/firmware/lib/L3_Utils/src/file_logger.o
LOAD obj//var/www/html/SJSU-DEV-Linux/firmware/lib/L3_Utils/src/str.o
LOAD obj//var/www/html/SJSU-DEV-Linux/firmware/lib/L3_Utils/src/c_list.o
LOAD obj//var/www/html/SJSU-DEV-Linux/firmware/lib/L3_Utils/src/rtc_alarm.o
LOAD obj//var/www/html/SJSU-DEV-Linux/firmware/lib/L3_Utils/src/freertos_timer.o
LOAD obj//var/www/html/SJSU-DEV-Linux/firmware/lib/newlib/malloc_lock.o
LOAD obj//var/www/html/SJSU-DEV-Linux/firmware/lib/newlib/memory.o
LOAD obj//var/www/html/SJSU-DEV-Linux/firmware/lib/newlib/newlib_time.o
LOAD obj//var/www/html/SJSU-DEV-Linux/firmware/lib/newlib/newlib_syscalls.o
LOAD obj//var/www/html/SJSU-DEV-Linux/firmware/lib/L4_IO/wireless/src/nrf24L01Plus.o
LOAD obj//var/www/html/SJSU-DEV-Linux/firmware/lib/L4_IO/wireless/src/mesh.o
LOAD obj//var/www/html/SJSU-DEV-Linux/firmware/lib/L4_IO/wireless/src/wireless.o
LOAD obj//var/www/html/SJSU-DEV-Linux/firmware/lib/L4_IO/src/io_source.o
LOAD obj//var/www/html/SJSU-DEV-Linux/firmware/lib/L4_IO/src/gpio.o
LOAD obj//var/www/html/SJSU-DEV-Linux/firmware/lib/L4_IO/src/storage.o
LOAD obj//var/www/html/SJSU-DEV-Linux/firmware/lib/L4_IO/fat/disk/sd.o
LOAD obj//var/www/html/SJSU-DEV-Linux/firmware/lib/L4_IO/fat/disk/spi_flash.o
LOAD obj//var/www/html/SJSU-DEV-Linux/firmware/lib/L4_IO/fat/disk/diskio.o
LOAD obj//var/www/html/SJSU-DEV-Linux/firmware/lib/L4_IO/fat/option/ccsbcs.o
LOAD obj//var/www/html/SJSU-DEV-Linux/firmware/lib/L4_IO/fat/option/reentrant.o
LOAD obj//var/www/html/SJSU-DEV-Linux/firmware/lib/L4_IO/fat/fatfs_time.o
LOAD obj//var/www/html/SJSU-DEV-Linux/firmware/lib/L4_IO/fat/ff.o
LOAD obj//var/www/html/SJSU-DEV-Linux/firmware/lib/L1_FreeRTOS/hooks/hooks.o
LOAD obj//var/www/html/SJSU-DEV-Linux/firmware/lib/L1_FreeRTOS/trace/run_time_counter.o
LOAD obj//var/www/html/SJSU-DEV-Linux/firmware/lib/L1_FreeRTOS/trace/trcHardwarePort.o
LOAD obj//var/www/html/SJSU-DEV-Linux/firmware/lib/L1_FreeRTOS/trace/trcKernel.o
LOAD obj//var/www/html/SJSU-DEV-Linux/firmware/lib/L1_FreeRTOS/trace/trcBase.o
LOAD obj//var/www/html/SJSU-DEV-Linux/firmware/lib/L1_FreeRTOS/trace/trcUser.o
LOAD obj//var/www/html/SJSU-DEV-Linux/firmware/lib/L1_FreeRTOS/trace/trcKernelPort.o
LOAD obj//var/www/html/SJSU-DEV-Linux/firmware/lib/L1_FreeRTOS/src/list.o
LOAD obj//var/www/html/SJSU-DEV-Linux/firmware/lib/L1_FreeRTOS/src/timers.o
LOAD obj//var/www/html/SJSU-DEV-Linux/firmware/lib/L1_FreeRTOS/src/event_groups.o
LOAD obj//var/www/html/SJSU-DEV-Linux/firmware/lib/L1_FreeRTOS/src/tasks.o
LOAD obj//var/www/html/SJSU-DEV-Linux/firmware/lib/L1_FreeRTOS/src/croutine.o
LOAD obj//var/www/html/SJSU-DEV-Linux/firmware/lib/L1_FreeRTOS/src/queue.o
LOAD obj//var/www/html/SJSU-DEV-Linux/firmware/lib/L1_FreeRTOS/MemMang/freertos_mem_man.o
LOAD obj//var/www/html/SJSU-DEV-Linux/firmware/lib/L1_FreeRTOS/portable/run_time_stats.o
LOAD obj//var/www/html/SJSU-DEV-Linux/firmware/lib/L1_FreeRTOS/portable/no_mpu/port.o
LOAD obj//var/www/html/SJSU-DEV-Linux/firmware/lib/L0_LowLevel/source/sys_clock.o
LOAD obj//var/www/html/SJSU-DEV-Linux/firmware/lib/L0_LowLevel/source/uart0_min.o
LOAD obj//var/www/html/SJSU-DEV-Linux/firmware/lib/L0_LowLevel/source/lpc_peripherals.o
LOAD obj//var/www/html/SJSU-DEV-Linux/firmware/lib/L0_LowLevel/source/low_level_init.o
LOAD obj//var/www/html/SJSU-DEV-Linux/firmware/lib/L0_LowLevel/source/lpc_sys.o
LOAD obj//var/www/html/SJSU-DEV-Linux/firmware/lib/L0_LowLevel/source/core_cm3.o
LOAD obj//var/www/html/SJSU-DEV-Linux/firmware/lib/L0_LowLevel/source/startup.o
LOAD obj/./L5_Application/examples/rn_xv_task.o
LOAD obj/./L5_Application/examples/examples.o
LOAD obj/./L5_Application/main.o
LOAD obj/./L5_Application/source/high_level_init.o
LOAD obj/./L5_Application/source/remote.o
LOAD obj/./L5_Application/source/terminal.o
LOAD obj/./L5_Application/source/cmd_handlers/handlers.o
LOAD obj/./L5_Application/source/cmd_handlers/prog_handlers.o
LOAD obj/./L5_Application/source/cmd_handlers/wireless_handlers.o
LOAD obj/./L5_Application/periodic_scheduler/period_callbacks.o
LOAD obj/./L5_Application/periodic_scheduler/prd_dispatcher.o
LOAD /usr/bin/../lib/gcc/arm-none-eabi/6.3.1/../../../../arm-none-eabi/lib/thumb/v7-m/libstdc++_nano.a
LOAD /usr/bin/../lib/gcc/arm-none-eabi/6.3.1/../../../../arm-none-eabi/lib/thumb/v7-m/libm.a
START GROUP
LOAD /usr/bin/../lib/gcc/arm-none-eabi/6.3.1/thumb/v7-m/libgcc.a
LOAD /usr/bin/../lib/gcc/arm-none-eabi/6.3.1/../../../../arm-none-eabi/lib/thumb/v7-m/libc_nano.a
END GROUP
START GROUP
LOAD /usr/bin/../lib/gcc/arm-none-eabi/6.3.1/thumb/v7-m/libgcc.a
LOAD /usr/bin/../lib/gcc/arm-none-eabi/6.3.1/../../../../arm-none-eabi/lib/thumb/v7-m/libc_nano.a
END GROUP

.text           0x0000000000010000    0x192c8
 FILL mask 0xff
 *(.isr_vector)
 .isr_vector    0x0000000000010000       0xcc obj//var/www/html/SJSU-DEV-Linux/firmware/lib/L0_LowLevel/source/startup.o
                0x0000000000010000                g_pfnVectors
                0x00000000000100cc                . = ALIGN (0x4)
                0x00000000000100cc                __section_table_start = .
                0x00000000000100cc                __data_section_table = .
                0x00000000000100cc        0x4 LONG 0x292d0 LOADADDR (.data)
                0x00000000000100d0        0x4 LONG 0x2007c000 ADDR (.data)
                0x00000000000100d4        0x4 LONG 0x300 SIZEOF (.data)
                0x00000000000100d8                __data_section_table_end = .
                0x00000000000100d8                __bss_section_table = .
                0x00000000000100d8        0x4 LONG 0x2007c300 ADDR (.bss)
                0x00000000000100dc        0x4 LONG 0x4f4 SIZEOF (.bss)
                0x00000000000100e0                __bss_section_table_end = .
                0x00000000000100e0                __section_table_end = .
 *(.after_vectors*)
 .after_vectors
                0x00000000000100e0      0x120 obj//var/www/html/SJSU-DEV-Linux/firmware/lib/L0_LowLevel/source/startup.o
                0x00000000000100e0                isr_hard_fault
                0x00000000000100fa                isr_nmi
                0x0000000000010108                isr_mem_fault
                0x0000000000010118                isr_bus_fault
                0x0000000000010128                isr_usage_fault
                0x0000000000010138                isr_debug_mon
                0x0000000000010148                TIMER2_IRQHandler
                0x0000000000010148                I2C0_IRQHandler
                0x0000000000010148                PWM1_IRQHandler
                0x0000000000010148                I2C1_IRQHandler
                0x0000000000010148                EINT2_IRQHandler
                0x0000000000010148                UART1_IRQHandler
                0x0000000000010148                TIMER3_IRQHandler
                0x0000000000010148                PLL0_IRQHandler
                0x0000000000010148                PLL1_IRQHandler
                0x0000000000010148                SSP0_IRQHandler
                0x0000000000010148                CANAct_IRQHandler
                0x0000000000010148                I2S_IRQHandler
                0x0000000000010148                TIMER0_IRQHandler
                0x0000000000010148                SPI_IRQHandler
                0x0000000000010148                EINT1_IRQHandler
                0x0000000000010148                isr_default_handler
                0x0000000000010148                SSP1_IRQHandler
                0x0000000000010148                USB_IRQHandler
                0x0000000000010148                BOD_IRQHandler
                0x0000000000010148                WDT_IRQHandler
                0x0000000000010148                QEI_IRQHandler
                0x0000000000010148                EINT0_IRQHandler
                0x0000000000010148                DMA_IRQHandler
                0x0000000000010148                MCPWM_IRQHandler
                0x0000000000010148                ENET_IRQHandler
                0x0000000000010148                USBAct_IRQHandler
                0x0000000000010158                isr_sys_tick
                0x000000000001016a                data_init(unsigned int, unsigned int, unsigned int)
                0x0000000000010180                bss_init(unsigned int, unsigned int)
                0x0000000000010194                isr_reset
 *(.text*)
 .text._ZN5Uart2D2Ev
                0x0000000000010200       0x14 obj//var/www/html/SJSU-DEV-Linux/firmware/lib/L2_Drivers/src/uart2.o
                0x0000000000010200                Uart2::~Uart2()
                0x0000000000010200                Uart2::~Uart2()
 .text._ZN5Uart2D0Ev
                0x0000000000010214       0x12 obj//var/www/html/SJSU-DEV-Linux/firmware/lib/L2_Drivers/src/uart2.o
                0x0000000000010214                Uart2::~Uart2()
 *fill*         0x0000000000010226        0x2 ff
 .text._ZN5Uart2C2Ev
                0x0000000000010228       0x1c obj//var/www/html/SJSU-DEV-Linux/firmware/lib/L2_Drivers/src/uart2.o
                0x0000000000010228                Uart2::Uart2()
                0x0000000000010228                Uart2::Uart2()
 .text.UART2_IRQHandler
                0x0000000000010244       0x24 obj//var/www/html/SJSU-DEV-Linux/firmware/lib/L2_Drivers/src/uart2.o
                0x0000000000010244                UART2_IRQHandler
 .text.rtc_gettime
                0x0000000000010268       0x48 obj//var/www/html/SJSU-DEV-Linux/firmware/lib/L2_Drivers/src/rtc.o
                0x0000000000010268                rtc_gettime
 .text.rtc_settime
                0x00000000000102b0       0x68 obj//var/www/html/SJSU-DEV-Linux/firmware/lib/L2_Drivers/src/rtc.o
                0x00000000000102b0                rtc_settime
 .text.rtc_init
                0x0000000000010318       0xd0 obj//var/www/html/SJSU-DEV-Linux/firmware/lib/L2_Drivers/src/rtc.o
                0x0000000000010318                rtc_init
 .text.rtc_get_date_time_str
                0x00000000000103e8       0x14 obj//var/www/html/SJSU-DEV-Linux/firmware/lib/L2_Drivers/src/rtc.o
                0x00000000000103e8                rtc_get_date_time_str
 .text.spi1_lock
                0x00000000000103fc       0x30 obj//var/www/html/SJSU-DEV-Linux/firmware/lib/L2_Drivers/src/spi_sem.o
                0x00000000000103fc                spi1_lock
 .text.spi1_unlock
                0x000000000001042c       0x24 obj//var/www/html/SJSU-DEV-Linux/firmware/lib/L2_Drivers/src/spi_sem.o
                0x000000000001042c                spi1_unlock
 .text.RIT_IRQHandler
                0x0000000000010450       0x1c obj//var/www/html/SJSU-DEV-Linux/firmware/lib/L2_Drivers/src/lpc_rit.o
                0x0000000000010450                RIT_IRQHandler
 .text.ssp1_dma_init
                0x000000000001046c       0x1c obj//var/www/html/SJSU-DEV-Linux/firmware/lib/L2_Drivers/src/spi_dma.o
                0x000000000001046c                ssp1_dma_init
 .text.ssp1_dma_transfer_block
                0x0000000000010488       0xc0 obj//var/www/html/SJSU-DEV-Linux/firmware/lib/L2_Drivers/src/spi_dma.o
                0x0000000000010488                ssp1_dma_transfer_block
 .text.CAN_tx_now
                0x0000000000010548       0x32 obj//var/www/html/SJSU-DEV-Linux/firmware/lib/L2_Drivers/src/can.o
 *fill*         0x000000000001057a        0x2 ff
 .text.CAN_handle_isr
                0x000000000001057c       0xa4 obj//var/www/html/SJSU-DEV-Linux/firmware/lib/L2_Drivers/src/can.o
 .text.CAN_IRQHandler
                0x0000000000010620       0x28 obj//var/www/html/SJSU-DEV-Linux/firmware/lib/L2_Drivers/src/can.o
                0x0000000000010620                CAN_IRQHandler
 .text.adc0_start_conversion
                0x0000000000010648       0x24 obj//var/www/html/SJSU-DEV-Linux/firmware/lib/L2_Drivers/src/adc.o
 .text.ADC_IRQHandler
                0x000000000001066c       0x48 obj//var/www/html/SJSU-DEV-Linux/firmware/lib/L2_Drivers/src/adc.o
                0x000000000001066c                ADC_IRQHandler
 .text.adc0_init
                0x00000000000106b4       0x74 obj//var/www/html/SJSU-DEV-Linux/firmware/lib/L2_Drivers/src/adc.o
                0x00000000000106b4                adc0_init
 .text.adc0_get_reading
                0x0000000000010728       0x74 obj//var/www/html/SJSU-DEV-Linux/firmware/lib/L2_Drivers/src/adc.o
                0x0000000000010728                adc0_get_reading
 .text._ZN5Uart0D2Ev
                0x000000000001079c       0x14 obj//var/www/html/SJSU-DEV-Linux/firmware/lib/L2_Drivers/src/uart0.o
                0x000000000001079c                Uart0::~Uart0()
                0x000000000001079c                Uart0::~Uart0()
 .text._ZN5Uart0D0Ev
                0x00000000000107b0       0x12 obj//var/www/html/SJSU-DEV-Linux/firmware/lib/L2_Drivers/src/uart0.o
                0x00000000000107b0                Uart0::~Uart0()
 *fill*         0x00000000000107c2        0x2 ff
 .text._ZN5Uart04initEjii
                0x00000000000107c4       0x40 obj//var/www/html/SJSU-DEV-Linux/firmware/lib/L2_Drivers/src/uart0.o
                0x00000000000107c4                Uart0::init(unsigned int, int, int)
 .text._ZN5Uart0C2Ev
                0x0000000000010804       0x1c obj//var/www/html/SJSU-DEV-Linux/firmware/lib/L2_Drivers/src/uart0.o
                0x0000000000010804                Uart0::Uart0()
                0x0000000000010804                Uart0::Uart0()
 .text.UART0_IRQHandler
                0x0000000000010820       0x24 obj//var/www/html/SJSU-DEV-Linux/firmware/lib/L2_Drivers/src/uart0.o
                0x0000000000010820                UART0_IRQHandler
 .text._ZN5Uart3D2Ev
                0x0000000000010844       0x14 obj//var/www/html/SJSU-DEV-Linux/firmware/lib/L2_Drivers/src/uart3.o
                0x0000000000010844                Uart3::~Uart3()
                0x0000000000010844                Uart3::~Uart3()
 .text._ZN5Uart3D0Ev
                0x0000000000010858       0x12 obj//var/www/html/SJSU-DEV-Linux/firmware/lib/L2_Drivers/src/uart3.o
                0x0000000000010858                Uart3::~Uart3()
 *fill*         0x000000000001086a        0x2 ff
 .text._ZN5Uart3C2Ev
                0x000000000001086c       0x1c obj//var/www/html/SJSU-DEV-Linux/firmware/lib/L2_Drivers/src/uart3.o
                0x000000000001086c                Uart3::Uart3()
                0x000000000001086c                Uart3::Uart3()
 .text.UART3_IRQHandler
                0x0000000000010888       0x24 obj//var/www/html/SJSU-DEV-Linux/firmware/lib/L2_Drivers/src/uart3.o
                0x0000000000010888                UART3_IRQHandler
 .text._ZN12NordicStream5flushEv
                0x00000000000108ac       0x5c obj//var/www/html/SJSU-DEV-Linux/firmware/lib/L2_Drivers/src/nrf_stream.o
                0x00000000000108ac                NordicStream::flush()
 .text._ZN12NordicStreamD2Ev
                0x0000000000010908       0x14 obj//var/www/html/SJSU-DEV-Linux/firmware/lib/L2_Drivers/src/nrf_stream.o
                0x0000000000010908                NordicStream::~NordicStream()
                0x0000000000010908                NordicStream::~NordicStream()
 .text._ZN12NordicStreamD0Ev
                0x000000000001091c       0x12 obj//var/www/html/SJSU-DEV-Linux/firmware/lib/L2_Drivers/src/nrf_stream.o
                0x000000000001091c                NordicStream::~NordicStream()
 .text._ZN12NordicStream7putCharEcj
                0x000000000001092e       0x22 obj//var/www/html/SJSU-DEV-Linux/firmware/lib/L2_Drivers/src/nrf_stream.o
                0x000000000001092e                NordicStream::putChar(char, unsigned int)
 .text._ZN12NordicStream7getCharEPcj
                0x0000000000010950       0x44 obj//var/www/html/SJSU-DEV-Linux/firmware/lib/L2_Drivers/src/nrf_stream.o
                0x0000000000010950                NordicStream::getChar(char*, unsigned int)
 .text._ZN12NordicStreamC2Ev
                0x0000000000010994       0x40 obj//var/www/html/SJSU-DEV-Linux/firmware/lib/L2_Drivers/src/nrf_stream.o
                0x0000000000010994                NordicStream::NordicStream()
                0x0000000000010994                NordicStream::NordicStream()
 .text.lpc_timer_get_struct
                0x00000000000109d4       0x20 obj//var/www/html/SJSU-DEV-Linux/firmware/lib/L2_Drivers/src/lpc_timers.o
 .text.lpc_timer_enable
                0x00000000000109f4       0x6c obj//var/www/html/SJSU-DEV-Linux/firmware/lib/L2_Drivers/src/lpc_timers.o
                0x00000000000109f4                lpc_timer_enable
 .text.handle_eint_list
                0x0000000000010a60       0x2c obj//var/www/html/SJSU-DEV-Linux/firmware/lib/L2_Drivers/src/eint.o
 .text.eint3_enable.isra.0
                0x0000000000010a8c       0x38 obj//var/www/html/SJSU-DEV-Linux/firmware/lib/L2_Drivers/src/eint.o
 .text.EINT3_IRQHandler
                0x0000000000010ac4       0x80 obj//var/www/html/SJSU-DEV-Linux/firmware/lib/L2_Drivers/src/eint.o
                0x0000000000010ac4                EINT3_IRQHandler
 .text.eint3_enable_port0
                0x0000000000010b44       0x30 obj//var/www/html/SJSU-DEV-Linux/firmware/lib/L2_Drivers/src/eint.o
                0x0000000000010b44                eint3_enable_port0
 .text._ZN4I2C24initEj
                0x0000000000010b74       0x68 obj//var/www/html/SJSU-DEV-Linux/firmware/lib/L2_Drivers/src/i2c2.o
                0x0000000000010b74                I2C2::init(unsigned int)
 .text._ZN4I2C2C2Ev
                0x0000000000010bdc       0x14 obj//var/www/html/SJSU-DEV-Linux/firmware/lib/L2_Drivers/src/i2c2.o
                0x0000000000010bdc                I2C2::I2C2()
                0x0000000000010bdc                I2C2::I2C2()
 .text.I2C2_IRQHandler
                0x0000000000010bf0       0x24 obj//var/www/html/SJSU-DEV-Linux/firmware/lib/L2_Drivers/src/i2c2.o
                0x0000000000010bf0                I2C2_IRQHandler
 .text._ZN7UartDev7putCharEcj
                0x0000000000010c14       0x5c obj//var/www/html/SJSU-DEV-Linux/firmware/lib/L2_Drivers/base/uart_dev.o
                0x0000000000010c14                UartDev::putChar(char, unsigned int)
 .text._ZN7UartDevD2Ev
                0x0000000000010c70       0x14 obj//var/www/html/SJSU-DEV-Linux/firmware/lib/L2_Drivers/base/uart_dev.o
                0x0000000000010c70                UartDev::~UartDev()
                0x0000000000010c70                UartDev::~UartDev()
 .text._ZN7UartDevD0Ev
                0x0000000000010c84       0x12 obj//var/www/html/SJSU-DEV-Linux/firmware/lib/L2_Drivers/base/uart_dev.o
                0x0000000000010c84                UartDev::~UartDev()
 .text._ZN7UartDev5flushEv
                0x0000000000010c96       0x20 obj//var/www/html/SJSU-DEV-Linux/firmware/lib/L2_Drivers/base/uart_dev.o
                0x0000000000010c96                UartDev::flush()
 .text._ZN7UartDev7getCharEPcj
                0x0000000000010cb6       0x6c obj//var/www/html/SJSU-DEV-Linux/firmware/lib/L2_Drivers/base/uart_dev.o
                0x0000000000010cb6                UartDev::getChar(char*, unsigned int)
 *fill*         0x0000000000010d22        0x2 ff
 .text._ZN7UartDev11setBaudRateEj
                0x0000000000010d24       0x34 obj//var/www/html/SJSU-DEV-Linux/firmware/lib/L2_Drivers/base/uart_dev.o
                0x0000000000010d24                UartDev::setBaudRate(unsigned int)
 .text._ZN7UartDev15handleInterruptEv
                0x0000000000010d58       0xc0 obj//var/www/html/SJSU-DEV-Linux/firmware/lib/L2_Drivers/base/uart_dev.o
                0x0000000000010d58                UartDev::handleInterrupt()
 .text._ZN7UartDevC2EPj
                0x0000000000010e18       0x28 obj//var/www/html/SJSU-DEV-Linux/firmware/lib/L2_Drivers/base/uart_dev.o
                0x0000000000010e18                UartDev::UartDev(unsigned int*)
                0x0000000000010e18                UartDev::UartDev(unsigned int*)
 .text._ZN7UartDev4initEjjii
                0x0000000000010e40       0xac obj//var/www/html/SJSU-DEV-Linux/firmware/lib/L2_Drivers/base/uart_dev.o
                0x0000000000010e40                UartDev::init(unsigned int, unsigned int, int, int)
 .text._ZN8I2C_Base8transferEhhPhm
                0x0000000000010eec       0xd8 obj//var/www/html/SJSU-DEV-Linux/firmware/lib/L2_Drivers/base/i2c_base.o
                0x0000000000010eec                I2C_Base::transfer(unsigned char, unsigned char, unsigned char*, unsigned long)
 .text._ZN8I2C_Base13readRegistersEhhPhm
                0x0000000000010fc4        0x8 obj//var/www/html/SJSU-DEV-Linux/firmware/lib/L2_Drivers/base/i2c_base.o
                0x0000000000010fc4                I2C_Base::readRegisters(unsigned char, unsigned char, unsigned char*, unsigned long)
 .text._ZN8I2C_Base7readRegEhh
                0x0000000000010fcc       0x1a obj//var/www/html/SJSU-DEV-Linux/firmware/lib/L2_Drivers/base/i2c_base.o
                0x0000000000010fcc                I2C_Base::readReg(unsigned char, unsigned char)
 .text._ZN8I2C_Base14writeRegistersEhhPhm
                0x0000000000010fe6        0x8 obj//var/www/html/SJSU-DEV-Linux/firmware/lib/L2_Drivers/base/i2c_base.o
                0x0000000000010fe6                I2C_Base::writeRegisters(unsigned char, unsigned char, unsigned char*, unsigned long)
 .text._ZN8I2C_Base8writeRegEhhh
                0x0000000000010fee       0x16 obj//var/www/html/SJSU-DEV-Linux/firmware/lib/L2_Drivers/base/i2c_base.o
                0x0000000000010fee                I2C_Base::writeReg(unsigned char, unsigned char, unsigned char)
 .text._ZN8I2C_Base19checkDeviceResponseEh
                0x0000000000011004       0x16 obj//var/www/html/SJSU-DEV-Linux/firmware/lib/L2_Drivers/base/i2c_base.o
                0x0000000000011004                I2C_Base::checkDeviceResponse(unsigned char)
 *fill*         0x000000000001101a        0x2 ff
 .text._ZN8I2C_BaseC2EP15LPC_I2C_TypeDef
                0x000000000001101c       0x50 obj//var/www/html/SJSU-DEV-Linux/firmware/lib/L2_Drivers/base/i2c_base.o
                0x000000000001101c                I2C_Base::I2C_Base(LPC_I2C_TypeDef*)
                0x000000000001101c                I2C_Base::I2C_Base(LPC_I2C_TypeDef*)
 .text._ZN8I2C_Base4initEmm
                0x000000000001106c       0x94 obj//var/www/html/SJSU-DEV-Linux/firmware/lib/L2_Drivers/base/i2c_base.o
                0x000000000001106c                I2C_Base::init(unsigned long, unsigned long)
 .text._ZN8I2C_Base15i2cStateMachineEv
                0x0000000000011100      0x11e obj//var/www/html/SJSU-DEV-Linux/firmware/lib/L2_Drivers/base/i2c_base.o
                0x0000000000011100                I2C_Base::i2cStateMachine()
 *fill*         0x000000000001121e        0x2 ff
 .text._ZN8I2C_Base15handleInterruptEv
                0x0000000000011220       0x34 obj//var/www/html/SJSU-DEV-Linux/firmware/lib/L2_Drivers/base/i2c_base.o
                0x0000000000011220                I2C_Base::handleInterrupt()
 .text._ZN7CharDev5flushEv
                0x0000000000011254        0x4 obj//var/www/html/SJSU-DEV-Linux/firmware/lib/L2_Drivers/base/char_dev.o
                0x0000000000011254                CharDev::flush()
 .text._ZN7CharDev3putEPKcj
                0x0000000000011258       0x28 obj//var/www/html/SJSU-DEV-Linux/firmware/lib/L2_Drivers/base/char_dev.o
                0x0000000000011258                CharDev::put(char const*, unsigned int)
 .text._ZN7CharDev7putlineEPKcj
                0x0000000000011280       0x1c obj//var/www/html/SJSU-DEV-Linux/firmware/lib/L2_Drivers/base/char_dev.o
                0x0000000000011280                CharDev::putline(char const*, unsigned int)
 .text._ZN7CharDev4getsEPcij
                0x000000000001129c       0x50 obj//var/www/html/SJSU-DEV-Linux/firmware/lib/L2_Drivers/base/char_dev.o
                0x000000000001129c                CharDev::gets(char*, int, unsigned int)
 .text._ZN7CharDev6printfEPKcz
                0x00000000000112ec       0x78 obj//var/www/html/SJSU-DEV-Linux/firmware/lib/L2_Drivers/base/char_dev.o
                0x00000000000112ec                CharDev::printf(char const*, ...)
 .text._ZN7CharDevC2Ev
                0x0000000000011364       0x20 obj//var/www/html/SJSU-DEV-Linux/firmware/lib/L2_Drivers/base/char_dev.o
                0x0000000000011364                CharDev::CharDev()
                0x0000000000011364                CharDev::CharDev()
 .text._ZN7CharDevD2Ev
                0x0000000000011384       0x18 obj//var/www/html/SJSU-DEV-Linux/firmware/lib/L2_Drivers/base/char_dev.o
                0x0000000000011384                CharDev::~CharDev()
                0x0000000000011384                CharDev::~CharDev()
 .text.tlm_stream_for_each_component_var
                0x000000000001139c       0xd0 obj//var/www/html/SJSU-DEV-Linux/firmware/lib/L3_Utils/tlm/src/c_tlm_stream.o
 .text.tlm_stream_file_ptr
                0x000000000001146c       0x1a obj//var/www/html/SJSU-DEV-Linux/firmware/lib/L3_Utils/tlm/src/c_tlm_stream.o
 *fill*         0x0000000000011486        0x2 ff
 .text.tlm_stream_one
                0x0000000000011488       0x80 obj//var/www/html/SJSU-DEV-Linux/firmware/lib/L3_Utils/tlm/src/c_tlm_stream.o
                0x0000000000011488                tlm_stream_one
 .text.tlm_stream_all_args
                0x0000000000011508        0xa obj//var/www/html/SJSU-DEV-Linux/firmware/lib/L3_Utils/tlm/src/c_tlm_stream.o
 *fill*         0x0000000000011512        0x2 ff
 .text.tlm_stream_all
                0x0000000000011514       0x1c obj//var/www/html/SJSU-DEV-Linux/firmware/lib/L3_Utils/tlm/src/c_tlm_stream.o
                0x0000000000011514                tlm_stream_all
 .text.tlm_stream_one_file
                0x0000000000011530       0x14 obj//var/www/html/SJSU-DEV-Linux/firmware/lib/L3_Utils/tlm/src/c_tlm_stream.o
                0x0000000000011530                tlm_stream_one_file
 .text.tlm_stream_decode_file
                0x0000000000011544      0x1b8 obj//var/www/html/SJSU-DEV-Linux/firmware/lib/L3_Utils/tlm/src/c_tlm_stream.o
                0x0000000000011544                tlm_stream_decode_file
 .text.tlm_component_for_each_callback
                0x00000000000116fc        0xe obj//var/www/html/SJSU-DEV-Linux/firmware/lib/L3_Utils/tlm/src/c_tlm_comp.o
 .text.tlm_component_find_by_name
                0x000000000001170a       0x10 obj//var/www/html/SJSU-DEV-Linux/firmware/lib/L3_Utils/tlm/src/c_tlm_comp.o
 *fill*         0x000000000001171a        0x2 ff
 .text.tlm_component_get_by_name
                0x000000000001171c       0x24 obj//var/www/html/SJSU-DEV-Linux/firmware/lib/L3_Utils/tlm/src/c_tlm_comp.o
                0x000000000001171c                tlm_component_get_by_name
 .text.tlm_component_add
                0x0000000000011740       0x6c obj//var/www/html/SJSU-DEV-Linux/firmware/lib/L3_Utils/tlm/src/c_tlm_comp.o
                0x0000000000011740                tlm_component_add
 .text.tlm_component_for_each
                0x00000000000117ac       0x24 obj//var/www/html/SJSU-DEV-Linux/firmware/lib/L3_Utils/tlm/src/c_tlm_comp.o
                0x00000000000117ac                tlm_component_for_each
 .text.tlm_variable_check_dup
                0x00000000000117d0       0x1e obj//var/www/html/SJSU-DEV-Linux/firmware/lib/L3_Utils/tlm/src/c_tlm_var.o
 .text.tlm_component_find_callback
                0x00000000000117ee       0x14 obj//var/www/html/SJSU-DEV-Linux/firmware/lib/L3_Utils/tlm/src/c_tlm_var.o
 *fill*         0x0000000000011802        0x2 ff
 .text.tlm_variable_register
                0x0000000000011804       0x7c obj//var/www/html/SJSU-DEV-Linux/firmware/lib/L3_Utils/tlm/src/c_tlm_var.o
                0x0000000000011804                tlm_variable_register
 .text.tlm_variable_get_by_name
                0x0000000000011880       0x28 obj//var/www/html/SJSU-DEV-Linux/firmware/lib/L3_Utils/tlm/src/c_tlm_var.o
                0x0000000000011880                tlm_variable_get_by_name
 .text.tlm_variable_get_by_comp_and_name
                0x00000000000118a8       0x30 obj//var/www/html/SJSU-DEV-Linux/firmware/lib/L3_Utils/tlm/src/c_tlm_var.o
                0x00000000000118a8                tlm_variable_get_by_comp_and_name
 .text.tlm_variable_set_value
                0x00000000000118d8      0x1ec obj//var/www/html/SJSU-DEV-Linux/firmware/lib/L3_Utils/tlm/src/c_tlm_var.o
                0x00000000000118d8                tlm_variable_set_value
 .text.tlm_variable_print_value
                0x0000000000011ac4      0x410 obj//var/www/html/SJSU-DEV-Linux/firmware/lib/L3_Utils/tlm/src/c_tlm_var.o
                0x0000000000011ac4                tlm_variable_print_value
 .text.tlm_variable_get_value
                0x0000000000011ed4       0x1a obj//var/www/html/SJSU-DEV-Linux/firmware/lib/L3_Utils/tlm/src/c_tlm_var.o
                0x0000000000011ed4                tlm_variable_get_value
 .text.get_tlm_one_comp
                0x0000000000011eee       0x52 obj//var/www/html/SJSU-DEV-Linux/firmware/lib/L3_Utils/tlm/src/c_tlm_binary.o
 .text.cmp_tlm_one_comp
                0x0000000000011f40       0x50 obj//var/www/html/SJSU-DEV-Linux/firmware/lib/L3_Utils/tlm/src/c_tlm_binary.o
 .text.tlm_binary_get_size_one
                0x0000000000011f90       0x16 obj//var/www/html/SJSU-DEV-Linux/firmware/lib/L3_Utils/tlm/src/c_tlm_binary.o
                0x0000000000011f90                tlm_binary_get_size_one
 .text.tlm_binary_get_one
                0x0000000000011fa6       0x1a obj//var/www/html/SJSU-DEV-Linux/firmware/lib/L3_Utils/tlm/src/c_tlm_binary.o
                0x0000000000011fa6                tlm_binary_get_one
 .text.tlm_binary_compare_one
                0x0000000000011fc0       0x1c obj//var/www/html/SJSU-DEV-Linux/firmware/lib/L3_Utils/tlm/src/c_tlm_binary.o
                0x0000000000011fc0                tlm_binary_compare_one
 .text._ZN14scheduler_task4initEv
                0x0000000000011fdc        0x4 obj//var/www/html/SJSU-DEV-Linux/firmware/lib/L3_Utils/src/scheduler_task.o
                0x0000000000011fdc                scheduler_task::init()
 .text._ZN14scheduler_task6regTlmEv
                0x0000000000011fe0        0x4 obj//var/www/html/SJSU-DEV-Linux/firmware/lib/L3_Utils/src/scheduler_task.o
                0x0000000000011fe0                scheduler_task::regTlm()
 .text._ZN14scheduler_task9taskEntryEv
                0x0000000000011fe4        0x4 obj//var/www/html/SJSU-DEV-Linux/firmware/lib/L3_Utils/src/scheduler_task.o
                0x0000000000011fe4                scheduler_task::taskEntry()
 .text.__sputc_r
                0x0000000000011fe8       0x2c obj//var/www/html/SJSU-DEV-Linux/firmware/lib/L3_Utils/src/scheduler_task.o
 .text._ZL9dbg_printPKcS0_
                0x0000000000012014       0x34 obj//var/www/html/SJSU-DEV-Linux/firmware/lib/L3_Utils/src/scheduler_task.o
 .text._ZL9printlinePKcS0_
                0x0000000000012048       0x38 obj//var/www/html/SJSU-DEV-Linux/firmware/lib/L3_Utils/src/scheduler_task.o
 .text._Z24scheduler_c_task_privatePv
                0x0000000000012080      0x124 obj//var/www/html/SJSU-DEV-Linux/firmware/lib/L3_Utils/src/scheduler_task.o
                0x0000000000012080                scheduler_c_task_private(void*)
 .text._Z18scheduler_init_allb
                0x00000000000121a4      0x1b0 obj//var/www/html/SJSU-DEV-Linux/firmware/lib/L3_Utils/src/scheduler_task.o
                0x00000000000121a4                scheduler_init_all(bool)
 .text._Z18scheduler_add_taskP14scheduler_task
                0x0000000000012354       0x1c obj//var/www/html/SJSU-DEV-Linux/firmware/lib/L3_Utils/src/scheduler_task.o
                0x0000000000012354                scheduler_add_task(scheduler_task*)
 .text._Z15scheduler_startbb
                0x0000000000012370       0x40 obj//var/www/html/SJSU-DEV-Linux/firmware/lib/L3_Utils/src/scheduler_task.o
                0x0000000000012370                scheduler_start(bool, bool)
 .text._ZN14scheduler_taskC2EPKcmhPv
                0x00000000000123b0       0x34 obj//var/www/html/SJSU-DEV-Linux/firmware/lib/L3_Utils/src/scheduler_task.o
                0x00000000000123b0                scheduler_task::scheduler_task(char const*, unsigned long, unsigned char, void*)
                0x00000000000123b0                scheduler_task::scheduler_task(char const*, unsigned long, unsigned char, void*)
 .text._ZN14scheduler_task15getSharedObjectEh
                0x00000000000123e4       0x18 obj//var/www/html/SJSU-DEV-Linux/firmware/lib/L3_Utils/src/scheduler_task.o
                0x00000000000123e4                scheduler_task::getSharedObject(unsigned char)
 .text.delay_us
                0x00000000000123fc       0x1c obj//var/www/html/SJSU-DEV-Linux/firmware/lib/L3_Utils/src/utilities.o
                0x00000000000123fc                delay_us
 .text.is_freertos_running
                0x0000000000012418        0xe obj//var/www/html/SJSU-DEV-Linux/firmware/lib/L3_Utils/src/utilities.o
                0x0000000000012418                is_freertos_running
 .text.delay_ms
                0x0000000000012426       0x22 obj//var/www/html/SJSU-DEV-Linux/firmware/lib/L3_Utils/src/utilities.o
                0x0000000000012426                delay_ms
 .text.u0_dbg_put
                0x0000000000012448       0x1e obj//var/www/html/SJSU-DEV-Linux/firmware/lib/L3_Utils/src/printf_lib.o
                0x0000000000012448                u0_dbg_put
 .text.u0_dbg_printf
                0x0000000000012466       0x3c obj//var/www/html/SJSU-DEV-Linux/firmware/lib/L3_Utils/src/printf_lib.o
                0x0000000000012466                u0_dbg_printf
 *fill*         0x00000000000124a2        0x2 ff
 .text._ZN16CommandProcessor10addHandlerEPFbR3strR7CharDevPvEPKcS8_S4_
                0x00000000000124a4       0x7c obj//var/www/html/SJSU-DEV-Linux/firmware/lib/L3_Utils/src/command_handler.o
                0x00000000000124a4                CommandProcessor::addHandler(bool (*)(str&, CharDev&, void*), char const*, char const*, void*)
 .text._ZN16CommandProcessor24getRegisteredCommandListER7CharDev
                0x0000000000012520       0xa0 obj//var/www/html/SJSU-DEV-Linux/firmware/lib/L3_Utils/src/command_handler.o
                0x0000000000012520                CommandProcessor::getRegisteredCommandList(CharDev&)
 .text._ZN16CommandProcessor11getHelpTextER3strR7CharDev
                0x00000000000125c0       0x70 obj//var/www/html/SJSU-DEV-Linux/firmware/lib/L3_Utils/src/command_handler.o
                0x00000000000125c0                CommandProcessor::getHelpText(str&, CharDev&)
 .text._ZN16CommandProcessor15prepareCmdParamER3strPKc
                0x0000000000012630       0x3c obj//var/www/html/SJSU-DEV-Linux/firmware/lib/L3_Utils/src/command_handler.o
                0x0000000000012630                CommandProcessor::prepareCmdParam(str&, char const*)
 .text._ZN16CommandProcessor13handleCommandER3strR7CharDev
                0x000000000001266c      0x164 obj//var/www/html/SJSU-DEV-Linux/firmware/lib/L3_Utils/src/command_handler.o
                0x000000000001266c                CommandProcessor::handleCommand(str&, CharDev&)
 .text.logger_get_buffer_ptr
                0x00000000000127d0       0x48 obj//var/www/html/SJSU-DEV-Linux/firmware/lib/L3_Utils/src/file_logger.o
 .text.logger_write_to_file
                0x0000000000012818       0xb4 obj//var/www/html/SJSU-DEV-Linux/firmware/lib/L3_Utils/src/file_logger.o
 .text.logger_task
                0x00000000000128cc       0xd0 obj//var/www/html/SJSU-DEV-Linux/firmware/lib/L3_Utils/src/file_logger.o
 .text.logger_write_log_message
                0x000000000001299c       0x48 obj//var/www/html/SJSU-DEV-Linux/firmware/lib/L3_Utils/src/file_logger.o
 .text.logger_send_flush_request
                0x00000000000129e4       0x34 obj//var/www/html/SJSU-DEV-Linux/firmware/lib/L3_Utils/src/file_logger.o
                0x00000000000129e4                logger_send_flush_request
 .text.logger_get_logged_call_count
                0x0000000000012a18       0x14 obj//var/www/html/SJSU-DEV-Linux/firmware/lib/L3_Utils/src/file_logger.o
                0x0000000000012a18                logger_get_logged_call_count
 .text.logger_get_blocked_call_count
                0x0000000000012a2c        0xc obj//var/www/html/SJSU-DEV-Linux/firmware/lib/L3_Utils/src/file_logger.o
                0x0000000000012a2c                logger_get_blocked_call_count
 .text.logger_get_highest_file_write_time_ms
                0x0000000000012a38        0xc obj//var/www/html/SJSU-DEV-Linux/firmware/lib/L3_Utils/src/file_logger.o
                0x0000000000012a38                logger_get_highest_file_write_time_ms
 .text.logger_get_num_buffers_watermark
                0x0000000000012a44        0xc obj//var/www/html/SJSU-DEV-Linux/firmware/lib/L3_Utils/src/file_logger.o
                0x0000000000012a44                logger_get_num_buffers_watermark
 .text.logger_init
                0x0000000000012a50       0xcc obj//var/www/html/SJSU-DEV-Linux/firmware/lib/L3_Utils/src/file_logger.o
                0x0000000000012a50                logger_init
 .text.logger_set_printf
                0x0000000000012b1c       0x1c obj//var/www/html/SJSU-DEV-Linux/firmware/lib/L3_Utils/src/file_logger.o
                0x0000000000012b1c                logger_set_printf
 .text.logger_log
                0x0000000000012b38      0x138 obj//var/www/html/SJSU-DEV-Linux/firmware/lib/L3_Utils/src/file_logger.o
                0x0000000000012b38                logger_log
 .text.logger_log_raw
                0x0000000000012c70       0x40 obj//var/www/html/SJSU-DEV-Linux/firmware/lib/L3_Utils/src/file_logger.o
                0x0000000000012c70                logger_log_raw
 .text._ZN3strC2EPci
                0x0000000000012cb0       0x28 obj//var/www/html/SJSU-DEV-Linux/firmware/lib/L3_Utils/src/str.o
                0x0000000000012cb0                str::str(char*, int)
                0x0000000000012cb0                str::str(char*, int)
 .text._ZN3strD2Ev
                0x0000000000012cd8       0x24 obj//var/www/html/SJSU-DEV-Linux/firmware/lib/L3_Utils/src/str.o
                0x0000000000012cd8                str::~str()
                0x0000000000012cd8                str::~str()
 .text._ZNK3str6getLenEv
                0x0000000000012cfc        0x6 obj//var/www/html/SJSU-DEV-Linux/firmware/lib/L3_Utils/src/str.o
                0x0000000000012cfc                str::getLen() const
 .text._ZNK3str11getCapacityEv
                0x0000000000012d02        0x4 obj//var/www/html/SJSU-DEV-Linux/firmware/lib/L3_Utils/src/str.o
                0x0000000000012d02                str::getCapacity() const
 .text._ZN3str5clearEv
                0x0000000000012d06        0x8 obj//var/www/html/SJSU-DEV-Linux/firmware/lib/L3_Utils/src/str.o
                0x0000000000012d06                str::clear()
 .text._ZN3str5scanfEPKcz
                0x0000000000012d0e       0x1c obj//var/www/html/SJSU-DEV-Linux/firmware/lib/L3_Utils/src/str.o
                0x0000000000012d0e                str::scanf(char const*, ...)
 .text._ZN3str8tokenizeEPKciz
                0x0000000000012d2a       0x4c obj//var/www/html/SJSU-DEV-Linux/firmware/lib/L3_Utils/src/str.o
                0x0000000000012d2a                str::tokenize(char const*, int, ...)
 .text._ZNK3str9compareToEPKc
                0x0000000000012d76       0x14 obj//var/www/html/SJSU-DEV-Linux/firmware/lib/L3_Utils/src/str.o
                0x0000000000012d76                str::compareTo(char const*) const
 .text._ZNK3str19compareToIgnoreCaseEPKc
                0x0000000000012d8a       0x10 obj//var/www/html/SJSU-DEV-Linux/firmware/lib/L3_Utils/src/str.o
                0x0000000000012d8a                str::compareToIgnoreCase(char const*) const
 .text._ZNK3str22firstIndexOfIgnoreCaseEPKc
                0x0000000000012d9a       0x80 obj//var/www/html/SJSU-DEV-Linux/firmware/lib/L3_Utils/src/str.o
                0x0000000000012d9a                str::firstIndexOfIgnoreCase(char const*) const
 .text._ZNK3str18containsIgnoreCaseEPKc
                0x0000000000012e1a        0xe obj//var/www/html/SJSU-DEV-Linux/firmware/lib/L3_Utils/src/str.o
                0x0000000000012e1a                str::containsIgnoreCase(char const*) const
 .text._ZNK3str12firstIndexOfEPKc
                0x0000000000012e28       0x16 obj//var/www/html/SJSU-DEV-Linux/firmware/lib/L3_Utils/src/str.o
                0x0000000000012e28                str::firstIndexOf(char const*) const
 .text._ZNK3str10beginsWithEPKc
                0x0000000000012e3e       0x2e obj//var/www/html/SJSU-DEV-Linux/firmware/lib/L3_Utils/src/str.o
                0x0000000000012e3e                str::beginsWith(char const*) const
 .text._ZNK3str20beginsWithIgnoreCaseEPKc
                0x0000000000012e6c       0x2e obj//var/www/html/SJSU-DEV-Linux/firmware/lib/L3_Utils/src/str.o
                0x0000000000012e6c                str::beginsWithIgnoreCase(char const*) const
 .text._ZNK3str29beginsWithWholeWordIgnoreCaseEPKcc
                0x0000000000012e9a       0x38 obj//var/www/html/SJSU-DEV-Linux/firmware/lib/L3_Utils/src/str.o
                0x0000000000012e9a                str::beginsWithWholeWordIgnoreCase(char const*, char) const
 .text._ZN3str10eraseFirstEi
                0x0000000000012ed2       0x28 obj//var/www/html/SJSU-DEV-Linux/firmware/lib/L3_Utils/src/str.o
                0x0000000000012ed2                str::eraseFirst(int)
 .text._ZN3str9eraseLastEi
                0x0000000000012efa       0x1e obj//var/www/html/SJSU-DEV-Linux/firmware/lib/L3_Utils/src/str.o
                0x0000000000012efa                str::eraseLast(int)
 .text._ZN3str10eraseAfterEii
                0x0000000000012f18       0x38 obj//var/www/html/SJSU-DEV-Linux/firmware/lib/L3_Utils/src/str.o
                0x0000000000012f18                str::eraseAfter(int, int)
 .text._ZN3str5eraseEPKc
                0x0000000000012f50       0x28 obj//var/www/html/SJSU-DEV-Linux/firmware/lib/L3_Utils/src/str.o
                0x0000000000012f50                str::erase(char const*)
 .text._ZN3str15eraseFirstWordsEic
                0x0000000000012f78       0x2a obj//var/www/html/SJSU-DEV-Linux/firmware/lib/L3_Utils/src/str.o
                0x0000000000012f78                str::eraseFirstWords(int, char)
 .text._ZN3str9trimStartEPKc
                0x0000000000012fa2       0x40 obj//var/www/html/SJSU-DEV-Linux/firmware/lib/L3_Utils/src/str.o
                0x0000000000012fa2                str::trimStart(char const*)
 .text._ZN3str7trimEndEPKc
                0x0000000000012fe2       0x3a obj//var/www/html/SJSU-DEV-Linux/firmware/lib/L3_Utils/src/str.o
                0x0000000000012fe2                str::trimEnd(char const*)
 .text._ZNK3streqEPKc
                0x000000000001301c        0x4 obj//var/www/html/SJSU-DEV-Linux/firmware/lib/L3_Utils/src/str.o
                0x000000000001301c                str::operator==(char const*) const
 .text._ZNK3strclEv
                0x0000000000013020        0x4 obj//var/www/html/SJSU-DEV-Linux/firmware/lib/L3_Utils/src/str.o
                0x0000000000013020                str::operator()() const
 .text._ZNK3strcviEv
                0x0000000000013024        0x6 obj//var/www/html/SJSU-DEV-Linux/firmware/lib/L3_Utils/src/str.o
                0x0000000000013024                str::operator int() const
 .text._ZN3strixEi
                0x000000000001302a       0x14 obj//var/www/html/SJSU-DEV-Linux/firmware/lib/L3_Utils/src/str.o
                0x000000000001302a                str::operator[](int)
 .text._ZN3str13reAllocateMemEi
                0x000000000001303e       0x4c obj//var/www/html/SJSU-DEV-Linux/firmware/lib/L3_Utils/src/str.o
                0x000000000001303e                str::reAllocateMem(int)
 .text._ZN3str4initEi
                0x000000000001308a       0x10 obj//var/www/html/SJSU-DEV-Linux/firmware/lib/L3_Utils/src/str.o
                0x000000000001308a                str::init(int)
 .text._ZN3strC2Ei
                0x000000000001309a        0xc obj//var/www/html/SJSU-DEV-Linux/firmware/lib/L3_Utils/src/str.o
                0x000000000001309a                str::str(int)
                0x000000000001309a                str::str(int)
 .text._ZN3str7reserveEi
                0x00000000000130a6        0xe obj//var/www/html/SJSU-DEV-Linux/firmware/lib/L3_Utils/src/str.o
                0x00000000000130a6                str::reserve(int)
 .text._ZN3str6printfEPKcz
                0x00000000000130b4       0x42 obj//var/www/html/SJSU-DEV-Linux/firmware/lib/L3_Utils/src/str.o
                0x00000000000130b4                str::printf(char const*, ...)
 .text._ZN3str26ensureMemoryToInsertNCharsEi
                0x00000000000130f6       0x22 obj//var/www/html/SJSU-DEV-Linux/firmware/lib/L3_Utils/src/str.o
                0x00000000000130f6                str::ensureMemoryToInsertNChars(int)
 .text._ZN3str11insertAtEndEPKc
                0x0000000000013118       0x24 obj//var/www/html/SJSU-DEV-Linux/firmware/lib/L3_Utils/src/str.o
                0x0000000000013118                str::insertAtEnd(char const*)
 .text._ZN3strpLEc
                0x000000000001313c       0x1a obj//var/www/html/SJSU-DEV-Linux/firmware/lib/L3_Utils/src/str.o
                0x000000000001313c                str::operator+=(char)
 .text._ZN3str8copyFromEPKc
                0x0000000000013156       0x3c obj//var/www/html/SJSU-DEV-Linux/firmware/lib/L3_Utils/src/str.o
                0x0000000000013156                str::copyFrom(char const*)
 .text._ZN3straSEPKc
                0x0000000000013192        0x4 obj//var/www/html/SJSU-DEV-Linux/firmware/lib/L3_Utils/src/str.o
                0x0000000000013192                str::operator=(char const*)
 .text.c_list_create
                0x0000000000013196       0x14 obj//var/www/html/SJSU-DEV-Linux/firmware/lib/L3_Utils/src/c_list.o
                0x0000000000013196                c_list_create
 .text.c_list_node_count
                0x00000000000131aa        0x6 obj//var/www/html/SJSU-DEV-Linux/firmware/lib/L3_Utils/src/c_list.o
                0x00000000000131aa                c_list_node_count
 .text.c_list_insert_elm_end
                0x00000000000131b0       0x38 obj//var/www/html/SJSU-DEV-Linux/firmware/lib/L3_Utils/src/c_list.o
                0x00000000000131b0                c_list_insert_elm_end
 .text.c_list_get_elm_at
                0x00000000000131e8       0x2c obj//var/www/html/SJSU-DEV-Linux/firmware/lib/L3_Utils/src/c_list.o
                0x00000000000131e8                c_list_get_elm_at
 .text.c_list_find_elm
                0x0000000000013214       0x2c obj//var/www/html/SJSU-DEV-Linux/firmware/lib/L3_Utils/src/c_list.o
                0x0000000000013214                c_list_find_elm
 .text.c_list_for_each_elm
                0x0000000000013240       0x2a obj//var/www/html/SJSU-DEV-Linux/firmware/lib/L3_Utils/src/c_list.o
                0x0000000000013240                c_list_for_each_elm
 .text.for_each_recur_alarm_callback
                0x000000000001326a       0x24 obj//var/www/html/SJSU-DEV-Linux/firmware/lib/L3_Utils/src/rtc_alarm.o
 .text.for_each_alarm_callback
                0x000000000001328e       0x5a obj//var/www/html/SJSU-DEV-Linux/firmware/lib/L3_Utils/src/rtc_alarm.o
 .text.RTC_IRQHandler
                0x00000000000132e8       0xac obj//var/www/html/SJSU-DEV-Linux/firmware/lib/L3_Utils/src/rtc_alarm.o
                0x00000000000132e8                RTC_IRQHandler
 .text.__malloc_lock
                0x0000000000013394        0x4 obj//var/www/html/SJSU-DEV-Linux/firmware/lib/newlib/malloc_lock.o
                0x0000000000013394                __malloc_lock
 .text.__malloc_unlock
                0x0000000000013398        0x4 obj//var/www/html/SJSU-DEV-Linux/firmware/lib/newlib/malloc_lock.o
                0x0000000000013398                __malloc_unlock
 .text._sbrk    0x000000000001339c       0x6c obj//var/www/html/SJSU-DEV-Linux/firmware/lib/newlib/memory.o
                0x000000000001339c                _sbrk
 .text._Znwj    0x0000000000013408        0x4 obj//var/www/html/SJSU-DEV-Linux/firmware/lib/newlib/memory.o
                0x0000000000013408                operator new(unsigned int)
 .text._Znaj    0x000000000001340c        0x4 obj//var/www/html/SJSU-DEV-Linux/firmware/lib/newlib/memory.o
                0x000000000001340c                operator new[](unsigned int)
 .text._ZdlPv   0x0000000000013410        0x4 obj//var/www/html/SJSU-DEV-Linux/firmware/lib/newlib/memory.o
                0x0000000000013410                operator delete(void*)
 .text._ZdaPv   0x0000000000013414        0x4 obj//var/www/html/SJSU-DEV-Linux/firmware/lib/newlib/memory.o
                0x0000000000013414                operator delete[](void*)
 .text.sys_get_mem_info
                0x0000000000013418       0xb4 obj//var/www/html/SJSU-DEV-Linux/firmware/lib/newlib/memory.o
                0x0000000000013418                sys_get_mem_info
 .text._gettimeofday
                0x00000000000134cc       0x7a obj//var/www/html/SJSU-DEV-Linux/firmware/lib/newlib/newlib_time.o
                0x00000000000134cc                _gettimeofday
 .text.remap_fatfs_errors
                0x0000000000013546       0x56 obj//var/www/html/SJSU-DEV-Linux/firmware/lib/newlib/newlib_syscalls.o
 .text.findslot
                0x000000000001359c       0x4c obj//var/www/html/SJSU-DEV-Linux/firmware/lib/newlib/newlib_syscalls.o
 .text.remap_handle
                0x00000000000135e8       0x28 obj//var/www/html/SJSU-DEV-Linux/firmware/lib/newlib/newlib_syscalls.o
 .text.sys_set_outchar_func
                0x0000000000013610        0xc obj//var/www/html/SJSU-DEV-Linux/firmware/lib/newlib/newlib_syscalls.o
                0x0000000000013610                sys_set_outchar_func
 .text.sys_set_inchar_func
                0x000000000001361c        0xc obj//var/www/html/SJSU-DEV-Linux/firmware/lib/newlib/newlib_syscalls.o
                0x000000000001361c                sys_set_inchar_func
 .text._kill    0x0000000000013628       0x10 obj//var/www/html/SJSU-DEV-Linux/firmware/lib/newlib/newlib_syscalls.o
                0x0000000000013628                _kill
 .text._exit    0x0000000000013638       0x10 obj//var/www/html/SJSU-DEV-Linux/firmware/lib/newlib/newlib_syscalls.o
                0x0000000000013638                _exit
 .text._getpid  0x0000000000013648        0x4 obj//var/www/html/SJSU-DEV-Linux/firmware/lib/newlib/newlib_syscalls.o
                0x0000000000013648                _getpid
 .text._init    0x000000000001364c        0x4 obj//var/www/html/SJSU-DEV-Linux/firmware/lib/newlib/newlib_syscalls.o
                0x000000000001364c                _init
 .text.syscalls_init
                0x0000000000013650       0x34 obj//var/www/html/SJSU-DEV-Linux/firmware/lib/newlib/newlib_syscalls.o
                0x0000000000013650                syscalls_init
 .text._read    0x0000000000013684       0x9c obj//var/www/html/SJSU-DEV-Linux/firmware/lib/newlib/newlib_syscalls.o
                0x0000000000013684                _read
 .text._lseek   0x0000000000013720       0x60 obj//var/www/html/SJSU-DEV-Linux/firmware/lib/newlib/newlib_syscalls.o
                0x0000000000013720                _lseek
 .text._write   0x0000000000013780       0xa4 obj//var/www/html/SJSU-DEV-Linux/firmware/lib/newlib/newlib_syscalls.o
                0x0000000000013780                _write
 .text._open    0x0000000000013824      0x14c obj//var/www/html/SJSU-DEV-Linux/firmware/lib/newlib/newlib_syscalls.o
                0x0000000000013824                _open
 .text._close   0x0000000000013970       0x54 obj//var/www/html/SJSU-DEV-Linux/firmware/lib/newlib/newlib_syscalls.o
                0x0000000000013970                _close
 .text._fstat   0x00000000000139c4       0x10 obj//var/www/html/SJSU-DEV-Linux/firmware/lib/newlib/newlib_syscalls.o
                0x00000000000139c4                _fstat
 .text._isatty  0x00000000000139d4       0x24 obj//var/www/html/SJSU-DEV-Linux/firmware/lib/newlib/newlib_syscalls.o
                0x00000000000139d4                _isatty
 .text.nordic_transfer
                0x00000000000139f8       0xe8 obj//var/www/html/SJSU-DEV-Linux/firmware/lib/L4_IO/wireless/src/nrf24L01Plus.o
 .text.nordic_readRegister
                0x0000000000013ae0       0x20 obj//var/www/html/SJSU-DEV-Linux/firmware/lib/L4_IO/wireless/src/nrf24L01Plus.o
 .text.nordic_writeRegister
                0x0000000000013b00       0x1e obj//var/www/html/SJSU-DEV-Linux/firmware/lib/L4_IO/wireless/src/nrf24L01Plus.o
 .text.nordic_is_tx_fifo_empty
                0x0000000000013b1e        0xe obj//var/www/html/SJSU-DEV-Linux/firmware/lib/L4_IO/wireless/src/nrf24L01Plus.o
                0x0000000000013b1e                nordic_is_tx_fifo_empty
 .text.nordic_clear_all_intr_flags
                0x0000000000013b2c        0x8 obj//var/www/html/SJSU-DEV-Linux/firmware/lib/L4_IO/wireless/src/nrf24L01Plus.o
                0x0000000000013b2c                nordic_clear_all_intr_flags
 .text.nordic_queue_tx_fifo
                0x0000000000013b34        0xc obj//var/www/html/SJSU-DEV-Linux/firmware/lib/L4_IO/wireless/src/nrf24L01Plus.o
                0x0000000000013b34                nordic_queue_tx_fifo
 .text.nordic_standby1_to_tx_mode1
                0x0000000000013b40       0x16 obj//var/www/html/SJSU-DEV-Linux/firmware/lib/L4_IO/wireless/src/nrf24L01Plus.o
                0x0000000000013b40                nordic_standby1_to_tx_mode1
 *fill*         0x0000000000013b56        0x2 ff
 .text.nordic_rx_to_Stanby1
                0x0000000000013b58       0x10 obj//var/www/html/SJSU-DEV-Linux/firmware/lib/L4_IO/wireless/src/nrf24L01Plus.o
                0x0000000000013b58                nordic_rx_to_Stanby1
 .text.nordic_standby1_to_rx
                0x0000000000013b68       0x24 obj//var/www/html/SJSU-DEV-Linux/firmware/lib/L4_IO/wireless/src/nrf24L01Plus.o
                0x0000000000013b68                nordic_standby1_to_rx
 .text.nordic_clear_packet_sent_flag
                0x0000000000013b8c        0x8 obj//var/www/html/SJSU-DEV-Linux/firmware/lib/L4_IO/wireless/src/nrf24L01Plus.o
                0x0000000000013b8c                nordic_clear_packet_sent_flag
 .text.nordic_flush_tx_fifo
                0x0000000000013b94        0xc obj//var/www/html/SJSU-DEV-Linux/firmware/lib/L4_IO/wireless/src/nrf24L01Plus.o
                0x0000000000013b94                nordic_flush_tx_fifo
 .text.nordic_mode1_send_single_packet
                0x0000000000013ba0       0x4c obj//var/www/html/SJSU-DEV-Linux/firmware/lib/L4_IO/wireless/src/nrf24L01Plus.o
                0x0000000000013ba0                nordic_mode1_send_single_packet
 .text.nordic_is_packet_available
                0x0000000000013bec       0x10 obj//var/www/html/SJSU-DEV-Linux/firmware/lib/L4_IO/wireless/src/nrf24L01Plus.o
                0x0000000000013bec                nordic_is_packet_available
 .text.nordic_clear_packet_available_flag
                0x0000000000013bfc        0x8 obj//var/www/html/SJSU-DEV-Linux/firmware/lib/L4_IO/wireless/src/nrf24L01Plus.o
                0x0000000000013bfc                nordic_clear_packet_available_flag
 .text.nordic_read_rx_fifo
                0x0000000000013c04       0x14 obj//var/www/html/SJSU-DEV-Linux/firmware/lib/L4_IO/wireless/src/nrf24L01Plus.o
                0x0000000000013c04                nordic_read_rx_fifo
 .text.nordic_flush_rx_fifo
                0x0000000000013c18        0xc obj//var/www/html/SJSU-DEV-Linux/firmware/lib/L4_IO/wireless/src/nrf24L01Plus.o
                0x0000000000013c18                nordic_flush_rx_fifo
 .text.nordic_set_intr_signals
                0x0000000000013c24       0x3e obj//var/www/html/SJSU-DEV-Linux/firmware/lib/L4_IO/wireless/src/nrf24L01Plus.o
                0x0000000000013c24                nordic_set_intr_signals
 .text.nordic_set_crc
                0x0000000000013c62       0x38 obj//var/www/html/SJSU-DEV-Linux/firmware/lib/L4_IO/wireless/src/nrf24L01Plus.o
                0x0000000000013c62                nordic_set_crc
 .text.nordic_power_up
                0x0000000000013c9a       0x18 obj//var/www/html/SJSU-DEV-Linux/firmware/lib/L4_IO/wireless/src/nrf24L01Plus.o
                0x0000000000013c9a                nordic_power_up
 .text.nordic_power_down
                0x0000000000013cb2       0x16 obj//var/www/html/SJSU-DEV-Linux/firmware/lib/L4_IO/wireless/src/nrf24L01Plus.o
                0x0000000000013cb2                nordic_power_down
 .text.nordic_set_channel
                0x0000000000013cc8       0x24 obj//var/www/html/SJSU-DEV-Linux/firmware/lib/L4_IO/wireless/src/nrf24L01Plus.o
                0x0000000000013cc8                nordic_set_channel
 .text.nordic_set_air_data_rate
                0x0000000000013cec       0x2c obj//var/www/html/SJSU-DEV-Linux/firmware/lib/L4_IO/wireless/src/nrf24L01Plus.o
                0x0000000000013cec                nordic_set_air_data_rate
 .text.nordic_set_power_level
                0x0000000000013d18       0x24 obj//var/www/html/SJSU-DEV-Linux/firmware/lib/L4_IO/wireless/src/nrf24L01Plus.o
                0x0000000000013d18                nordic_set_power_level
 .text.nordic_set_auto_transmit_options
                0x0000000000013d3c       0x2c obj//var/www/html/SJSU-DEV-Linux/firmware/lib/L4_IO/wireless/src/nrf24L01Plus.o
                0x0000000000013d3c                nordic_set_auto_transmit_options
 .text.nordic_set_payload_for_pipe
                0x0000000000013d68       0x14 obj//var/www/html/SJSU-DEV-Linux/firmware/lib/L4_IO/wireless/src/nrf24L01Plus.o
                0x0000000000013d68                nordic_set_payload_for_pipe
 .text.nordic_set_addr_width
                0x0000000000013d7c       0x16 obj//var/www/html/SJSU-DEV-Linux/firmware/lib/L4_IO/wireless/src/nrf24L01Plus.o
                0x0000000000013d7c                nordic_set_addr_width
 .text.nordic_set_tx_address
                0x0000000000013d92        0xc obj//var/www/html/SJSU-DEV-Linux/firmware/lib/L4_IO/wireless/src/nrf24L01Plus.o
                0x0000000000013d92                nordic_set_tx_address
 .text.nordic_set_rx_pipe0_addr
                0x0000000000013d9e        0xc obj//var/www/html/SJSU-DEV-Linux/firmware/lib/L4_IO/wireless/src/nrf24L01Plus.o
                0x0000000000013d9e                nordic_set_rx_pipe0_addr
 *fill*         0x0000000000013daa        0x2 ff
 .text.nordic_init
                0x0000000000013dac       0xc8 obj//var/www/html/SJSU-DEV-Linux/firmware/lib/L4_IO/wireless/src/nrf24L01Plus.o
                0x0000000000013dac                nordic_init
 .text.mesh_incr_soft_timers_for_arr
                0x0000000000013e74       0x26 obj//var/www/html/SJSU-DEV-Linux/firmware/lib/L4_IO/wireless/src/mesh.o
 *fill*         0x0000000000013e9a        0x2 ff
 .text.mesh_update_soft_timers
                0x0000000000013e9c       0x4c obj//var/www/html/SJSU-DEV-Linux/firmware/lib/L4_IO/wireless/src/mesh.o
 .text.mesh_send_packet
                0x0000000000013ee8       0x3c obj//var/www/html/SJSU-DEV-Linux/firmware/lib/L4_IO/wireless/src/mesh.o
 .text.mesh_send_retry_packet
                0x0000000000013f24       0x34 obj//var/www/html/SJSU-DEV-Linux/firmware/lib/L4_IO/wireless/src/mesh.o
 .text.mesh_find_rte_tbl_entry
                0x0000000000013f58       0x24 obj//var/www/html/SJSU-DEV-Linux/firmware/lib/L4_IO/wireless/src/mesh.o
 .text.mesh_update_rte_scores
                0x0000000000013f7c       0x28 obj//var/www/html/SJSU-DEV-Linux/firmware/lib/L4_IO/wireless/src/mesh.o
 .text.mesh_get_pnd_pkt_slot
                0x0000000000013fa4       0x40 obj//var/www/html/SJSU-DEV-Linux/firmware/lib/L4_IO/wireless/src/mesh.o
 .text.mesh_pending_packets_add
                0x0000000000013fe4       0x90 obj//var/www/html/SJSU-DEV-Linux/firmware/lib/L4_IO/wireless/src/mesh.o
 .text.mesh_get_rte_to_modify
                0x0000000000014074       0x58 obj//var/www/html/SJSU-DEV-Linux/firmware/lib/L4_IO/wireless/src/mesh.o
 .text.mesh_handle_pnd_pkts_for_arr
                0x00000000000140cc      0x178 obj//var/www/html/SJSU-DEV-Linux/firmware/lib/L4_IO/wireless/src/mesh.o
 .text.mesh_set_node_address
                0x0000000000014244       0x18 obj//var/www/html/SJSU-DEV-Linux/firmware/lib/L4_IO/wireless/src/mesh.o
                0x0000000000014244                mesh_set_node_address
 .text.mesh_get_node_address
                0x000000000001425c        0xc obj//var/www/html/SJSU-DEV-Linux/firmware/lib/L4_IO/wireless/src/mesh.o
                0x000000000001425c                mesh_get_node_address
 .text.mesh_set_retry_count
                0x0000000000014268       0x10 obj//var/www/html/SJSU-DEV-Linux/firmware/lib/L4_IO/wireless/src/mesh.o
                0x0000000000014268                mesh_set_retry_count
 .text.mesh_form_pkt
                0x0000000000014278       0xf8 obj//var/www/html/SJSU-DEV-Linux/firmware/lib/L4_IO/wireless/src/mesh.o
                0x0000000000014278                mesh_form_pkt
 .text.mesh_send_formed_pkt
                0x0000000000014370       0x58 obj//var/www/html/SJSU-DEV-Linux/firmware/lib/L4_IO/wireless/src/mesh.o
                0x0000000000014370                mesh_send_formed_pkt
 .text.mesh_init
                0x00000000000143c8      0x100 obj//var/www/html/SJSU-DEV-Linux/firmware/lib/L4_IO/wireless/src/mesh.o
                0x00000000000143c8                mesh_init
 .text.mesh_send
                0x00000000000144c8       0x3e obj//var/www/html/SJSU-DEV-Linux/firmware/lib/L4_IO/wireless/src/mesh.o
                0x00000000000144c8                mesh_send
 .text.mesh_send_ack
                0x0000000000014506       0x1a obj//var/www/html/SJSU-DEV-Linux/firmware/lib/L4_IO/wireless/src/mesh.o
 .text.mesh_get_routing_entry
                0x0000000000014520       0x2c obj//var/www/html/SJSU-DEV-Linux/firmware/lib/L4_IO/wireless/src/mesh.o
                0x0000000000014520                mesh_get_routing_entry
 .text.mesh_get_num_routing_entries
                0x000000000001454c       0x1c obj//var/www/html/SJSU-DEV-Linux/firmware/lib/L4_IO/wireless/src/mesh.o
                0x000000000001454c                mesh_get_num_routing_entries
 .text.mesh_service
                0x0000000000014568      0x2d0 obj//var/www/html/SJSU-DEV-Linux/firmware/lib/L4_IO/wireless/src/mesh.o
                0x0000000000014568                mesh_service
 .text.mesh_get_pnd_pkt_count
                0x0000000000014838       0x34 obj//var/www/html/SJSU-DEV-Linux/firmware/lib/L4_IO/wireless/src/mesh.o
                0x0000000000014838                mesh_get_pnd_pkt_count
 .text.mesh_get_max_timeout_before_packet_fails
                0x000000000001486c       0x24 obj//var/www/html/SJSU-DEV-Linux/firmware/lib/L4_IO/wireless/src/mesh.o
                0x000000000001486c                mesh_get_max_timeout_before_packet_fails
 .text.mesh_get_stats
                0x0000000000014890       0x14 obj//var/www/html/SJSU-DEV-Linux/firmware/lib/L4_IO/wireless/src/mesh.o
                0x0000000000014890                mesh_get_stats
 .text.nrf_driver_init
                0x00000000000148a4       0x70 obj//var/www/html/SJSU-DEV-Linux/firmware/lib/L4_IO/wireless/src/wireless.o
 .text.nrf_driver_app_recv
                0x0000000000014914       0x50 obj//var/www/html/SJSU-DEV-Linux/firmware/lib/L4_IO/wireless/src/wireless.o
 .text.nrf_driver_send
                0x0000000000014964       0x58 obj//var/www/html/SJSU-DEV-Linux/firmware/lib/L4_IO/wireless/src/wireless.o
 .text.nrf_irq_callback
                0x00000000000149bc       0x34 obj//var/www/html/SJSU-DEV-Linux/firmware/lib/L4_IO/wireless/src/wireless.o
 .text.nrf_driver_receive
                0x00000000000149f0       0x22 obj//var/www/html/SJSU-DEV-Linux/firmware/lib/L4_IO/wireless/src/wireless.o
 .text.wireless_get_queued_pkt
                0x0000000000014a12       0x66 obj//var/www/html/SJSU-DEV-Linux/firmware/lib/L4_IO/wireless/src/wireless.o
 .text.nrf_driver_get_timer
                0x0000000000014a78       0x28 obj//var/www/html/SJSU-DEV-Linux/firmware/lib/L4_IO/wireless/src/wireless.o
 .text.wireless_init
                0x0000000000014aa0       0x4c obj//var/www/html/SJSU-DEV-Linux/firmware/lib/L4_IO/wireless/src/wireless.o
                0x0000000000014aa0                wireless_init
 .text.wireless_get_rx_pkt
                0x0000000000014aec       0x10 obj//var/www/html/SJSU-DEV-Linux/firmware/lib/L4_IO/wireless/src/wireless.o
                0x0000000000014aec                wireless_get_rx_pkt
 .text.wireless_get_ack_pkt
                0x0000000000014afc       0x10 obj//var/www/html/SJSU-DEV-Linux/firmware/lib/L4_IO/wireless/src/wireless.o
                0x0000000000014afc                wireless_get_ack_pkt
 .text.wireless_service
                0x0000000000014b0c       0x4c obj//var/www/html/SJSU-DEV-Linux/firmware/lib/L4_IO/wireless/src/wireless.o
                0x0000000000014b0c                wireless_service
 .text._ZN11i2c2_device8writeRegEhh
                0x0000000000014b58        0xc obj//var/www/html/SJSU-DEV-Linux/firmware/lib/L4_IO/src/io_source.o
                0x0000000000014b58                i2c2_device::writeReg(unsigned char, unsigned char)
 .text._ZN11i2c2_device16get16BitRegisterEh
                0x0000000000014b64       0x2a obj//var/www/html/SJSU-DEV-Linux/firmware/lib/L4_IO/src/io_source.o
                0x0000000000014b64                i2c2_device::get16BitRegister(unsigned char)
 .text._ZN19Acceleration_Sensor4initEv
                0x0000000000014b8e       0x20 obj//var/www/html/SJSU-DEV-Linux/firmware/lib/L4_IO/src/io_source.o
                0x0000000000014b8e                Acceleration_Sensor::init()
 .text._ZN19Acceleration_Sensor4getXEv
                0x0000000000014bae       0x12 obj//var/www/html/SJSU-DEV-Linux/firmware/lib/L4_IO/src/io_source.o
                0x0000000000014bae                Acceleration_Sensor::getX()
 .text._ZN19Acceleration_Sensor4getYEv
                0x0000000000014bc0       0x12 obj//var/www/html/SJSU-DEV-Linux/firmware/lib/L4_IO/src/io_source.o
                0x0000000000014bc0                Acceleration_Sensor::getY()
 .text._ZN19Acceleration_Sensor4getZEv
                0x0000000000014bd2       0x12 obj//var/www/html/SJSU-DEV-Linux/firmware/lib/L4_IO/src/io_source.o
                0x0000000000014bd2                Acceleration_Sensor::getZ()
 .text._ZN9IR_Sensor11storeIrCodeEm
                0x0000000000014be4       0x1c obj//var/www/html/SJSU-DEV-Linux/firmware/lib/L4_IO/src/io_source.o
                0x0000000000014be4                IR_Sensor::storeIrCode(unsigned long)
 .text._ZN9IR_Sensor12decodeIrCodeEv
                0x0000000000014c00       0x64 obj//var/www/html/SJSU-DEV-Linux/firmware/lib/L4_IO/src/io_source.o
                0x0000000000014c00                IR_Sensor::decodeIrCode()
 .text._ZN9IR_Sensor4initEv
                0x0000000000014c64       0x34 obj//var/www/html/SJSU-DEV-Linux/firmware/lib/L4_IO/src/io_source.o
                0x0000000000014c64                IR_Sensor::init()
 .text._ZN11LED_Display12setLeftDigitEc
                0x0000000000014c98       0x18 obj//var/www/html/SJSU-DEV-Linux/firmware/lib/L4_IO/src/io_source.o
                0x0000000000014c98                LED_Display::setLeftDigit(char)
 .text._ZN11LED_Display13setRightDigitEc
                0x0000000000014cb0       0x18 obj//var/www/html/SJSU-DEV-Linux/firmware/lib/L4_IO/src/io_source.o
                0x0000000000014cb0                LED_Display::setRightDigit(char)
 .text._ZN11LED_Display4initEv
                0x0000000000014cc8       0x38 obj//var/www/html/SJSU-DEV-Linux/firmware/lib/L4_IO/src/io_source.o
                0x0000000000014cc8                LED_Display::init()
 .text._ZN11LED_Display9setNumberEc
                0x0000000000014d00       0x3a obj//var/www/html/SJSU-DEV-Linux/firmware/lib/L4_IO/src/io_source.o
                0x0000000000014d00                LED_Display::setNumber(char)
 .text._ZN3LED4initEv
                0x0000000000014d3a        0x4 obj//var/www/html/SJSU-DEV-Linux/firmware/lib/L4_IO/src/io_source.o
                0x0000000000014d3a                LED::init()
 *fill*         0x0000000000014d3e        0x2 ff
 .text._ZN3LED6setAllEh
                0x0000000000014d40       0x50 obj//var/www/html/SJSU-DEV-Linux/firmware/lib/L4_IO/src/io_source.o
                0x0000000000014d40                LED::setAll(unsigned char)
 .text._ZN12Light_Sensor4initEv
                0x0000000000014d90        0x4 obj//var/www/html/SJSU-DEV-Linux/firmware/lib/L4_IO/src/io_source.o
                0x0000000000014d90                Light_Sensor::init()
 .text._ZN12Light_Sensor11getRawValueEv
                0x0000000000014d94        0x6 obj//var/www/html/SJSU-DEV-Linux/firmware/lib/L4_IO/src/io_source.o
                0x0000000000014d94                Light_Sensor::getRawValue()
 .text._ZN8Switches4initEv
                0x0000000000014d9a        0x4 obj//var/www/html/SJSU-DEV-Linux/firmware/lib/L4_IO/src/io_source.o
                0x0000000000014d9a                Switches::init()
 *fill*         0x0000000000014d9e        0x2 ff
 .text._ZN8Switches15getSwitchValuesEv
                0x0000000000014da0       0x18 obj//var/www/html/SJSU-DEV-Linux/firmware/lib/L4_IO/src/io_source.o
                0x0000000000014da0                Switches::getSwitchValues()
 .text._ZN8I2C_Temp4initEv
                0x0000000000014db8       0x22 obj//var/www/html/SJSU-DEV-Linux/firmware/lib/L4_IO/src/io_source.o
                0x0000000000014db8                I2C_Temp::init()
 .text._ZN8I2C_Temp10getCelsiusEv
                0x0000000000014dda       0x30 obj//var/www/html/SJSU-DEV-Linux/firmware/lib/L4_IO/src/io_source.o
                0x0000000000014dda                I2C_Temp::getCelsius()
 *fill*         0x0000000000014e0a        0x2 ff
 .text._ZN8I2C_Temp12getFarenheitEv
                0x0000000000014e0c       0x24 obj//var/www/html/SJSU-DEV-Linux/firmware/lib/L4_IO/src/io_source.o
                0x0000000000014e0c                I2C_Temp::getFarenheit()
 .text._ZN7Storage4copyEPKcS1_PjS2_S2_
                0x0000000000014e30       0xf0 obj//var/www/html/SJSU-DEV-Linux/firmware/lib/L4_IO/src/storage.o
                0x0000000000014e30                Storage::copy(char const*, char const*, unsigned int*, unsigned int*, unsigned int*)
 .text._ZN7Storage4readEPKcPvjj
                0x0000000000014f20       0x44 obj//var/www/html/SJSU-DEV-Linux/firmware/lib/L4_IO/src/storage.o
                0x0000000000014f20                Storage::read(char const*, void*, unsigned int, unsigned int)
 .text._ZN7Storage5writeEPKcPvjj
                0x0000000000014f64       0x44 obj//var/www/html/SJSU-DEV-Linux/firmware/lib/L4_IO/src/storage.o
                0x0000000000014f64                Storage::write(char const*, void*, unsigned int, unsigned int)
 .text._ZN7Storage6appendEPKcPKvjj
                0x0000000000014fa8       0x48 obj//var/www/html/SJSU-DEV-Linux/firmware/lib/L4_IO/src/storage.o
                0x0000000000014fa8                Storage::append(char const*, void const*, unsigned int, unsigned int)
 .text.sys_get_uptime_ms
                0x0000000000014ff0       0x12 obj//var/www/html/SJSU-DEV-Linux/firmware/lib/L4_IO/fat/disk/sd.o
 *fill*         0x0000000000015002        0x2 ff
 .text.ssp1_set_max_clock
                0x0000000000015004       0x30 obj//var/www/html/SJSU-DEV-Linux/firmware/lib/L4_IO/fat/disk/sd.o
 .text.ssp1_exchange_byte
                0x0000000000015034       0x14 obj//var/www/html/SJSU-DEV-Linux/firmware/lib/L4_IO/fat/disk/sd.o
 .text.wait_ready
                0x0000000000015048       0x2e obj//var/www/html/SJSU-DEV-Linux/firmware/lib/L4_IO/fat/disk/sd.o
                0x0000000000015048                wait_ready
 *fill*         0x0000000000015076        0x2 ff
 .text.power_off
                0x0000000000015078       0x24 obj//var/www/html/SJSU-DEV-Linux/firmware/lib/L4_IO/fat/disk/sd.o
                0x0000000000015078                power_off
 .text.rcvr_datablock
                0x000000000001509c       0x8c obj//var/www/html/SJSU-DEV-Linux/firmware/lib/L4_IO/fat/disk/sd.o
                0x000000000001509c                rcvr_datablock
 .text.xmit_datablock
                0x0000000000015128       0x4c obj//var/www/html/SJSU-DEV-Linux/firmware/lib/L4_IO/fat/disk/sd.o
                0x0000000000015128                xmit_datablock
 .text.send_cmd
                0x0000000000015174       0x8c obj//var/www/html/SJSU-DEV-Linux/firmware/lib/L4_IO/fat/disk/sd.o
                0x0000000000015174                send_cmd
 .text.sd_update_card_status
                0x0000000000015200       0x24 obj//var/www/html/SJSU-DEV-Linux/firmware/lib/L4_IO/fat/disk/sd.o
                0x0000000000015200                sd_update_card_status
 .text.sd_initialize
                0x0000000000015224      0x16c obj//var/www/html/SJSU-DEV-Linux/firmware/lib/L4_IO/fat/disk/sd.o
                0x0000000000015224                sd_initialize
 .text.sd_status
                0x0000000000015390       0x10 obj//var/www/html/SJSU-DEV-Linux/firmware/lib/L4_IO/fat/disk/sd.o
                0x0000000000015390                sd_status
 .text.sd_read  0x00000000000153a0       0x98 obj//var/www/html/SJSU-DEV-Linux/firmware/lib/L4_IO/fat/disk/sd.o
                0x00000000000153a0                sd_read
 .text.sd_write
                0x0000000000015438       0xb4 obj//var/www/html/SJSU-DEV-Linux/firmware/lib/L4_IO/fat/disk/sd.o
                0x0000000000015438                sd_write
 .text.sd_ioctl
                0x00000000000154ec      0x21c obj//var/www/html/SJSU-DEV-Linux/firmware/lib/L4_IO/fat/disk/sd.o
                0x00000000000154ec                sd_ioctl
 .text._ZL24flash_get_mem_size_bytesv
                0x0000000000015708       0x20 obj//var/www/html/SJSU-DEV-Linux/firmware/lib/L4_IO/fat/disk/spi_flash.o
 .text._ZL37flash_perform_page_io_of_fatfs_sectorPFvPhmmES_m
                0x0000000000015728       0x74 obj//var/www/html/SJSU-DEV-Linux/firmware/lib/L4_IO/fat/disk/spi_flash.o
 .text.ssp1_exchange_data
                0x000000000001579c       0xac obj//var/www/html/SJSU-DEV-Linux/firmware/lib/L4_IO/fat/disk/spi_flash.o
 .text._ZL18flash_send_op_addr14flash_opcode_tm
                0x0000000000015848       0x26 obj//var/www/html/SJSU-DEV-Linux/firmware/lib/L4_IO/fat/disk/spi_flash.o
 *fill*         0x000000000001586e        0x2 ff
 .text._ZL15flash_read_pagePhmm
                0x0000000000015870       0x44 obj//var/www/html/SJSU-DEV-Linux/firmware/lib/L4_IO/fat/disk/spi_flash.o
 .text._ZL20flash_wait_for_readyv
                0x00000000000158b4       0x40 obj//var/www/html/SJSU-DEV-Linux/firmware/lib/L4_IO/fat/disk/spi_flash.o
 .text.flash_initialize
                0x00000000000158f4       0x98 obj//var/www/html/SJSU-DEV-Linux/firmware/lib/L4_IO/fat/disk/spi_flash.o
                0x00000000000158f4                flash_initialize
 .text.flash_read_sectors
                0x000000000001598c       0x50 obj//var/www/html/SJSU-DEV-Linux/firmware/lib/L4_IO/fat/disk/spi_flash.o
                0x000000000001598c                flash_read_sectors
 .text.flash_write_sectors
                0x00000000000159dc       0x4c obj//var/www/html/SJSU-DEV-Linux/firmware/lib/L4_IO/fat/disk/spi_flash.o
                0x00000000000159dc                flash_write_sectors
 .text.flash_ioctl
                0x0000000000015a28       0x36 obj//var/www/html/SJSU-DEV-Linux/firmware/lib/L4_IO/fat/disk/spi_flash.o
                0x0000000000015a28                flash_ioctl
 *fill*         0x0000000000015a5e        0x2 ff
 .text.flash_write_permanent_id
                0x0000000000015a60       0x44 obj//var/www/html/SJSU-DEV-Linux/firmware/lib/L4_IO/fat/disk/spi_flash.o
                0x0000000000015a60                flash_write_permanent_id
 .text.flash_read_permanent_id
                0x0000000000015aa4       0x28 obj//var/www/html/SJSU-DEV-Linux/firmware/lib/L4_IO/fat/disk/spi_flash.o
                0x0000000000015aa4                flash_read_permanent_id
 .text.flash_get_page_count
                0x0000000000015acc       0x20 obj//var/www/html/SJSU-DEV-Linux/firmware/lib/L4_IO/fat/disk/spi_flash.o
                0x0000000000015acc                flash_get_page_count
 .text.flash_get_page_size
                0x0000000000015aec        0xc obj//var/www/html/SJSU-DEV-Linux/firmware/lib/L4_IO/fat/disk/spi_flash.o
                0x0000000000015aec                flash_get_page_size
 .text.flash_supports_metadata
                0x0000000000015af8       0x10 obj//var/www/html/SJSU-DEV-Linux/firmware/lib/L4_IO/fat/disk/spi_flash.o
                0x0000000000015af8                flash_supports_metadata
 .text._ZL16flash_write_pagePhmm
                0x0000000000015b08       0x8c obj//var/www/html/SJSU-DEV-Linux/firmware/lib/L4_IO/fat/disk/spi_flash.o
 .text.flash_get_page_write_count
                0x0000000000015b94       0x54 obj//var/www/html/SJSU-DEV-Linux/firmware/lib/L4_IO/fat/disk/spi_flash.o
                0x0000000000015b94                flash_get_page_write_count
 .text.flash_chip_erase
                0x0000000000015be8       0x2c obj//var/www/html/SJSU-DEV-Linux/firmware/lib/L4_IO/fat/disk/spi_flash.o
                0x0000000000015be8                flash_chip_erase
 .text.disk_initialize
                0x0000000000015c14       0x26 obj//var/www/html/SJSU-DEV-Linux/firmware/lib/L4_IO/fat/disk/diskio.o
                0x0000000000015c14                disk_initialize
 .text.disk_status
                0x0000000000015c3a       0x10 obj//var/www/html/SJSU-DEV-Linux/firmware/lib/L4_IO/fat/disk/diskio.o
                0x0000000000015c3a                disk_status
 .text.disk_read
                0x0000000000015c4a       0x38 obj//var/www/html/SJSU-DEV-Linux/firmware/lib/L4_IO/fat/disk/diskio.o
                0x0000000000015c4a                disk_read
 .text.disk_write
                0x0000000000015c82       0x38 obj//var/www/html/SJSU-DEV-Linux/firmware/lib/L4_IO/fat/disk/diskio.o
                0x0000000000015c82                disk_write
 .text.disk_ioctl
                0x0000000000015cba       0x32 obj//var/www/html/SJSU-DEV-Linux/firmware/lib/L4_IO/fat/disk/diskio.o
                0x0000000000015cba                disk_ioctl
 .text.ff_convert
                0x0000000000015cec       0x3c obj//var/www/html/SJSU-DEV-Linux/firmware/lib/L4_IO/fat/option/ccsbcs.o
                0x0000000000015cec                ff_convert
 .text.ff_wtoupper
                0x0000000000015d28       0x24 obj//var/www/html/SJSU-DEV-Linux/firmware/lib/L4_IO/fat/option/ccsbcs.o
                0x0000000000015d28                ff_wtoupper
 .text.ff_cre_syncobj
                0x0000000000015d4c       0x14 obj//var/www/html/SJSU-DEV-Linux/firmware/lib/L4_IO/fat/option/reentrant.o
                0x0000000000015d4c                ff_cre_syncobj
 .text.ff_del_syncobj
                0x0000000000015d60        0x4 obj//var/www/html/SJSU-DEV-Linux/firmware/lib/L4_IO/fat/option/reentrant.o
                0x0000000000015d60                ff_del_syncobj
 .text.ff_req_grant
                0x0000000000015d64       0x26 obj//var/www/html/SJSU-DEV-Linux/firmware/lib/L4_IO/fat/option/reentrant.o
                0x0000000000015d64                ff_req_grant
 .text.ff_rel_grant
                0x0000000000015d8a       0x1e obj//var/www/html/SJSU-DEV-Linux/firmware/lib/L4_IO/fat/option/reentrant.o
                0x0000000000015d8a                ff_rel_grant
 .text.get_fattime
                0x0000000000015da8       0x52 obj//var/www/html/SJSU-DEV-Linux/firmware/lib/L4_IO/fat/fatfs_time.o
                0x0000000000015da8                get_fattime
 .text.mem_cpy  0x0000000000015dfa       0x38 obj//var/www/html/SJSU-DEV-Linux/firmware/lib/L4_IO/fat/ff.o
 .text.mem_set  0x0000000000015e32        0xe obj//var/www/html/SJSU-DEV-Linux/firmware/lib/L4_IO/fat/ff.o
 .text.sum_sfn  0x0000000000015e40       0x1e obj//var/www/html/SJSU-DEV-Linux/firmware/lib/L4_IO/fat/ff.o
 .text.get_ldnumber
                0x0000000000015e5e       0x3a obj//var/www/html/SJSU-DEV-Linux/firmware/lib/L4_IO/fat/ff.o
 .text.get_fileinfo
                0x0000000000015e98       0xc4 obj//var/www/html/SJSU-DEV-Linux/firmware/lib/L4_IO/fat/ff.o
 .text.sync_window.part.1
                0x0000000000015f5c       0x46 obj//var/www/html/SJSU-DEV-Linux/firmware/lib/L4_IO/fat/ff.o
 .text.sync_window
                0x0000000000015fa2        0xc obj//var/www/html/SJSU-DEV-Linux/firmware/lib/L4_IO/fat/ff.o
 *fill*         0x0000000000015fae        0x2 ff
 .text.sync_fs  0x0000000000015fb0       0x74 obj//var/www/html/SJSU-DEV-Linux/firmware/lib/L4_IO/fat/ff.o
 .text.move_window
                0x0000000000016024       0x34 obj//var/www/html/SJSU-DEV-Linux/firmware/lib/L4_IO/fat/ff.o
 .text.check_fs
                0x0000000000016058       0x4c obj//var/www/html/SJSU-DEV-Linux/firmware/lib/L4_IO/fat/ff.o
 .text.find_volume
                0x00000000000160a4      0x21c obj//var/www/html/SJSU-DEV-Linux/firmware/lib/L4_IO/fat/ff.o
 .text.validate
                0x00000000000162c0       0x3a obj//var/www/html/SJSU-DEV-Linux/firmware/lib/L4_IO/fat/ff.o
 .text.unlock_fs
                0x00000000000162fa       0x1a obj//var/www/html/SJSU-DEV-Linux/firmware/lib/L4_IO/fat/ff.o
 .text.clust2sect
                0x0000000000016314       0x16 obj//var/www/html/SJSU-DEV-Linux/firmware/lib/L4_IO/fat/ff.o
                0x0000000000016314                clust2sect
 .text.get_fat  0x000000000001632a       0xa6 obj//var/www/html/SJSU-DEV-Linux/firmware/lib/L4_IO/fat/ff.o
                0x000000000001632a                get_fat
 .text.dir_sdi  0x00000000000163d0       0x80 obj//var/www/html/SJSU-DEV-Linux/firmware/lib/L4_IO/fat/ff.o
 .text.put_fat  0x0000000000016450       0xd2 obj//var/www/html/SJSU-DEV-Linux/firmware/lib/L4_IO/fat/ff.o
                0x0000000000016450                put_fat
 .text.create_chain
                0x0000000000016522       0xa0 obj//var/www/html/SJSU-DEV-Linux/firmware/lib/L4_IO/fat/ff.o
 .text.dir_next
                0x00000000000165c2       0xec obj//var/www/html/SJSU-DEV-Linux/firmware/lib/L4_IO/fat/ff.o
 *fill*         0x00000000000166ae        0x2 ff
 .text.dir_find.part.9
                0x00000000000166b0      0x120 obj//var/www/html/SJSU-DEV-Linux/firmware/lib/L4_IO/fat/ff.o
 .text.follow_path
                0x00000000000167d0      0x270 obj//var/www/html/SJSU-DEV-Linux/firmware/lib/L4_IO/fat/ff.o
 .text.dir_register
                0x0000000000016a40      0x238 obj//var/www/html/SJSU-DEV-Linux/firmware/lib/L4_IO/fat/ff.o
 .text.dir_remove
                0x0000000000016c78       0x5a obj//var/www/html/SJSU-DEV-Linux/firmware/lib/L4_IO/fat/ff.o
 *fill*         0x0000000000016cd2        0x2 ff
 .text.dir_read.constprop.11
                0x0000000000016cd4       0xe8 obj//var/www/html/SJSU-DEV-Linux/firmware/lib/L4_IO/fat/ff.o
 .text.remove_chain
                0x0000000000016dbc       0x58 obj//var/www/html/SJSU-DEV-Linux/firmware/lib/L4_IO/fat/ff.o
 .text.f_mount  0x0000000000016e14       0x7c obj//var/www/html/SJSU-DEV-Linux/firmware/lib/L4_IO/fat/ff.o
                0x0000000000016e14                f_mount
 .text.f_open   0x0000000000016e90      0x12e obj//var/www/html/SJSU-DEV-Linux/firmware/lib/L4_IO/fat/ff.o
                0x0000000000016e90                f_open
 .text.f_read   0x0000000000016fbe      0x170 obj//var/www/html/SJSU-DEV-Linux/firmware/lib/L4_IO/fat/ff.o
                0x0000000000016fbe                f_read
 .text.f_write  0x000000000001712e      0x1ac obj//var/www/html/SJSU-DEV-Linux/firmware/lib/L4_IO/fat/ff.o
                0x000000000001712e                f_write
 .text.f_sync   0x00000000000172da       0x8a obj//var/www/html/SJSU-DEV-Linux/firmware/lib/L4_IO/fat/ff.o
                0x00000000000172da                f_sync
 .text.f_close  0x0000000000017364       0x24 obj//var/www/html/SJSU-DEV-Linux/firmware/lib/L4_IO/fat/ff.o
                0x0000000000017364                f_close
 .text.f_lseek  0x0000000000017388      0x14e obj//var/www/html/SJSU-DEV-Linux/firmware/lib/L4_IO/fat/ff.o
                0x0000000000017388                f_lseek
 .text.f_opendir
                0x00000000000174d6       0x86 obj//var/www/html/SJSU-DEV-Linux/firmware/lib/L4_IO/fat/ff.o
                0x00000000000174d6                f_opendir
 .text.f_readdir
                0x000000000001755c       0x5e obj//var/www/html/SJSU-DEV-Linux/firmware/lib/L4_IO/fat/ff.o
                0x000000000001755c                f_readdir
 .text.f_getfree
                0x00000000000175ba       0xc8 obj//var/www/html/SJSU-DEV-Linux/firmware/lib/L4_IO/fat/ff.o
                0x00000000000175ba                f_getfree
 .text.f_unlink
                0x0000000000017682       0xbe obj//var/www/html/SJSU-DEV-Linux/firmware/lib/L4_IO/fat/ff.o
                0x0000000000017682                f_unlink
 .text.f_mkdir  0x0000000000017740      0x152 obj//var/www/html/SJSU-DEV-Linux/firmware/lib/L4_IO/fat/ff.o
                0x0000000000017740                f_mkdir
 .text.f_rename
                0x0000000000017892      0x11e obj//var/www/html/SJSU-DEV-Linux/firmware/lib/L4_IO/fat/ff.o
                0x0000000000017892                f_rename
 .text.f_mkfs   0x00000000000179b0      0x4f4 obj//var/www/html/SJSU-DEV-Linux/firmware/lib/L4_IO/fat/ff.o
                0x00000000000179b0                f_mkfs
 .text.vApplicationIdleHook
                0x0000000000017ea4        0x4 obj//var/www/html/SJSU-DEV-Linux/firmware/lib/L1_FreeRTOS/hooks/hooks.o
                0x0000000000017ea4                vApplicationIdleHook
 .text.vApplicationStackOverflowHook
                0x0000000000017ea8       0x38 obj//var/www/html/SJSU-DEV-Linux/firmware/lib/L1_FreeRTOS/hooks/hooks.o
                0x0000000000017ea8                vApplicationStackOverflowHook
 .text.vApplicationMallocFailedHook
                0x0000000000017ee0       0x24 obj//var/www/html/SJSU-DEV-Linux/firmware/lib/L1_FreeRTOS/hooks/hooks.o
                0x0000000000017ee0                vApplicationMallocFailedHook
 .text.vListInitialise
                0x0000000000017f04       0x16 obj//var/www/html/SJSU-DEV-Linux/firmware/lib/L1_FreeRTOS/src/list.o
                0x0000000000017f04                vListInitialise
 .text.vListInitialiseItem
                0x0000000000017f1a        0x6 obj//var/www/html/SJSU-DEV-Linux/firmware/lib/L1_FreeRTOS/src/list.o
                0x0000000000017f1a                vListInitialiseItem
 .text.vListInsertEnd
                0x0000000000017f20       0x18 obj//var/www/html/SJSU-DEV-Linux/firmware/lib/L1_FreeRTOS/src/list.o
                0x0000000000017f20                vListInsertEnd
 .text.vListInsert
                0x0000000000017f38       0x2e obj//var/www/html/SJSU-DEV-Linux/firmware/lib/L1_FreeRTOS/src/list.o
                0x0000000000017f38                vListInsert
 .text.uxListRemove
                0x0000000000017f66       0x20 obj//var/www/html/SJSU-DEV-Linux/firmware/lib/L1_FreeRTOS/src/list.o
                0x0000000000017f66                uxListRemove
 .text.prvResetRunTimeStatsInList
                0x0000000000017f86       0x2e obj//var/www/html/SJSU-DEV-Linux/firmware/lib/L1_FreeRTOS/src/tasks.o
 .text.prvIdleTask
                0x0000000000017fb4       0x28 obj//var/www/html/SJSU-DEV-Linux/firmware/lib/L1_FreeRTOS/src/tasks.o
 .text.prvResetNextTaskUnblockTime
                0x0000000000017fdc       0x24 obj//var/www/html/SJSU-DEV-Linux/firmware/lib/L1_FreeRTOS/src/tasks.o
 .text.prvAddCurrentTaskToDelayedList
                0x0000000000018000       0x8c obj//var/www/html/SJSU-DEV-Linux/firmware/lib/L1_FreeRTOS/src/tasks.o
 .text.xTaskCreate
                0x000000000001808c      0x1a4 obj//var/www/html/SJSU-DEV-Linux/firmware/lib/L1_FreeRTOS/src/tasks.o
                0x000000000001808c                xTaskCreate
 .text.eTaskGetState
                0x0000000000018230       0x54 obj//var/www/html/SJSU-DEV-Linux/firmware/lib/L1_FreeRTOS/src/tasks.o
                0x0000000000018230                eTaskGetState
 .text.vTaskStartScheduler
                0x0000000000018284       0x64 obj//var/www/html/SJSU-DEV-Linux/firmware/lib/L1_FreeRTOS/src/tasks.o
                0x0000000000018284                vTaskStartScheduler
 .text.vTaskEndScheduler
                0x00000000000182e8       0x20 obj//var/www/html/SJSU-DEV-Linux/firmware/lib/L1_FreeRTOS/src/tasks.o
                0x00000000000182e8                vTaskEndScheduler
 .text.vTaskSuspendAll
                0x0000000000018308       0x10 obj//var/www/html/SJSU-DEV-Linux/firmware/lib/L1_FreeRTOS/src/tasks.o
                0x0000000000018308                vTaskSuspendAll
 .text.xTaskGetTickCount
                0x0000000000018318        0xc obj//var/www/html/SJSU-DEV-Linux/firmware/lib/L1_FreeRTOS/src/tasks.o
                0x0000000000018318                xTaskGetTickCount
 .text.xTaskGetTickCountFromISR
                0x0000000000018324        0xc obj//var/www/html/SJSU-DEV-Linux/firmware/lib/L1_FreeRTOS/src/tasks.o
                0x0000000000018324                xTaskGetTickCountFromISR
 .text.uxTaskGetNumberOfTasks
                0x0000000000018330        0xc obj//var/www/html/SJSU-DEV-Linux/firmware/lib/L1_FreeRTOS/src/tasks.o
                0x0000000000018330                uxTaskGetNumberOfTasks
 .text.xTaskIncrementTick
                0x000000000001833c      0x10c obj//var/www/html/SJSU-DEV-Linux/firmware/lib/L1_FreeRTOS/src/tasks.o
                0x000000000001833c                xTaskIncrementTick
 .text.xTaskResumeAll
                0x0000000000018448       0xd8 obj//var/www/html/SJSU-DEV-Linux/firmware/lib/L1_FreeRTOS/src/tasks.o
                0x0000000000018448                xTaskResumeAll
 .text.vTaskDelayUntil
                0x0000000000018520       0x58 obj//var/www/html/SJSU-DEV-Linux/firmware/lib/L1_FreeRTOS/src/tasks.o
                0x0000000000018520                vTaskDelayUntil
 .text.vTaskDelay
                0x0000000000018578       0x30 obj//var/www/html/SJSU-DEV-Linux/firmware/lib/L1_FreeRTOS/src/tasks.o
                0x0000000000018578                vTaskDelay
 .text.vTaskSwitchContext
                0x00000000000185a8       0xb8 obj//var/www/html/SJSU-DEV-Linux/firmware/lib/L1_FreeRTOS/src/tasks.o
                0x00000000000185a8                vTaskSwitchContext
 .text.vTaskSuspend
                0x0000000000018660       0xb0 obj//var/www/html/SJSU-DEV-Linux/firmware/lib/L1_FreeRTOS/src/tasks.o
                0x0000000000018660                vTaskSuspend
 .text.vTaskPlaceOnEventList
                0x0000000000018710       0x20 obj//var/www/html/SJSU-DEV-Linux/firmware/lib/L1_FreeRTOS/src/tasks.o
                0x0000000000018710                vTaskPlaceOnEventList
 .text.xTaskRemoveFromEventList
                0x0000000000018730       0x70 obj//var/www/html/SJSU-DEV-Linux/firmware/lib/L1_FreeRTOS/src/tasks.o
                0x0000000000018730                xTaskRemoveFromEventList
 .text.vTaskSetTimeOutState
                0x00000000000187a0       0x18 obj//var/www/html/SJSU-DEV-Linux/firmware/lib/L1_FreeRTOS/src/tasks.o
                0x00000000000187a0                vTaskSetTimeOutState
 .text.xTaskCheckForTimeOut
                0x00000000000187b8       0x4c obj//var/www/html/SJSU-DEV-Linux/firmware/lib/L1_FreeRTOS/src/tasks.o
                0x00000000000187b8                xTaskCheckForTimeOut
 .text.vTaskMissedYield
                0x0000000000018804        0xc obj//var/www/html/SJSU-DEV-Linux/firmware/lib/L1_FreeRTOS/src/tasks.o
                0x0000000000018804                vTaskMissedYield
 .text.vTaskGetInfo
                0x0000000000018810       0x80 obj//var/www/html/SJSU-DEV-Linux/firmware/lib/L1_FreeRTOS/src/tasks.o
                0x0000000000018810                vTaskGetInfo
 .text.prvListTasksWithinSingleList
                0x0000000000018890       0x5c obj//var/www/html/SJSU-DEV-Linux/firmware/lib/L1_FreeRTOS/src/tasks.o
 .text.uxTaskGetSystemState
                0x00000000000188ec       0x98 obj//var/www/html/SJSU-DEV-Linux/firmware/lib/L1_FreeRTOS/src/tasks.o
                0x00000000000188ec                uxTaskGetSystemState
 .text.uxTaskGetStackHighWaterMark
                0x0000000000018984       0x20 obj//var/www/html/SJSU-DEV-Linux/firmware/lib/L1_FreeRTOS/src/tasks.o