   1              		.syntax unified
   2              		.cpu cortex-m3
   3              		.fpu softvfp
   4              		.eabi_attribute 20, 1
   5              		.eabi_attribute 21, 1
   6              		.eabi_attribute 23, 3
   7              		.eabi_attribute 24, 1
   8              		.eabi_attribute 25, 1
   9              		.eabi_attribute 26, 1
  10              		.eabi_attribute 30, 4
  11              		.eabi_attribute 34, 1
  12              		.eabi_attribute 18, 4
  13              		.thumb
  14              		.file	"utilities.c"
  15              		.text
  16              		.align	1
  17              		.global	delay_us
  18              		.thumb
  19              		.thumb_func
  21              	delay_us:
  22              		@ args = 0, pretend = 0, frame = 0
  23              		@ frame_needed = 0, uses_anonymous_args = 0
  24              		@ link register save eliminated.
  25 0000 4FF04023 		mov	r3, #1073758208
  26 0004 9A68     		ldr	r2, [r3, #8]
  27 0006 0A21     		movs	r1, #10
  28 0008 B0FBF1F0 		udiv	r0, r0, r1
  29 000c 8018     		adds	r0, r0, r2
  30 000e 9A68     		ldr	r2, [r3, #8]
  31 0010 9042     		cmp	r0, r2
  32 0012 02D2     		bcs	.L2
  33              	.L5:
  34 0014 9A68     		ldr	r2, [r3, #8]
  35 0016 8242     		cmp	r2, r0
  36 0018 FCD8     		bhi	.L5
  37              	.L2:
  38 001a 4FF04023 		mov	r3, #1073758208
  39              	.L4:
  40 001e 9A68     		ldr	r2, [r3, #8]
  41 0020 8242     		cmp	r2, r0
  42 0022 FCD3     		bcc	.L4
  43 0024 7047     		bx	lr
  45              		.align	1
  46              		.global	is_freertos_running
  47              		.thumb
  48              		.thumb_func
  50              	is_freertos_running:
  51              		@ args = 0, pretend = 0, frame = 0
  52              		@ frame_needed = 0, uses_anonymous_args = 0
  53 0026 08B5     		push	{r3, lr}
  54 0028 FFF7FEFF 		bl	xTaskGetSchedulerState
  55 002c A0F10103 		sub	r3, r0, #1
  56 0030 5842     		rsbs	r0, r3, #0
  57 0032 40EB0300 		adc	r0, r0, r3
  58 0036 08BD     		pop	{r3, pc}
  60              		.align	1
  61              		.global	delay_ms
  62              		.thumb
  63              		.thumb_func
  65              	delay_ms:
  66              		@ args = 0, pretend = 0, frame = 0
  67              		@ frame_needed = 0, uses_anonymous_args = 0
  68 0038 10B5     		push	{r4, lr}
  69 003a 0446     		mov	r4, r0
  70 003c FFF7FEFF 		bl	is_freertos_running
  71 0040 20B1     		cbz	r0, .L10
  72 0042 2046     		mov	r0, r4
  73 0044 BDE81040 		pop	{r4, lr}
  74 0048 FFF7FEBF 		b	vTaskDelay
  75              	.L10:
  76 004c 4FF47A70 		mov	r0, #1000
  77 0050 6043     		muls	r0, r4, r0
  78 0052 BDE81040 		pop	{r4, lr}
  79 0056 FEE7     		b	delay_us
  81              		.align	1
  82              		.global	log_boot_info
  83              		.thumb
  84              		.thumb_func
  86              	log_boot_info:
  87              		@ args = 0, pretend = 0, frame = 208
  88              		@ frame_needed = 0, uses_anonymous_args = 0
  89 0058 10B5     		push	{r4, lr}
  90 005a B8B0     		sub	sp, sp, #224
  91 005c 0B22     		movs	r2, #11
  92 005e 2649     		ldr	r1, .L17
  93 0060 0446     		mov	r4, r0
  94 0062 34A8     		add	r0, sp, #208
  95 0064 FFF7FEFF 		bl	memcpy
  96 0068 0021     		movs	r1, #0
  97 006a 8022     		movs	r2, #128
  98 006c 04A8     		add	r0, sp, #16
  99 006e FFF7FEFF 		bl	memset
 100 0072 0021     		movs	r1, #0
 101 0074 1822     		movs	r2, #24
 102 0076 2EA8     		add	r0, sp, #184
 103 0078 FFF7FEFF 		bl	memset
 104 007c 2EA8     		add	r0, sp, #184
 105 007e FFF7FEFF 		bl	rtc_get_date_time_str
 106 0082 FFF7FEFF 		bl	sys_get_boot_type
 107 0086 0428     		cmp	r0, #4
 108 0088 0CD1     		bne	.L12
 109 008a 1C4B     		ldr	r3, .L17+4
 110 008c 04A8     		add	r0, sp, #16
 111 008e D96C     		ldr	r1, [r3, #76]
 112 0090 1A6D     		ldr	r2, [r3, #80]
 113 0092 5B6D     		ldr	r3, [r3, #84]
 114 0094 8DE80E00 		stmia	sp, {r1, r2, r3}
 115 0098 1949     		ldr	r1, .L17+8
 116 009a 2EAA     		add	r2, sp, #184
 117 009c 2346     		mov	r3, r4
 118 009e FFF7FEFF 		bl	sprintf
 119 00a2 05E0     		b	.L13
 120              	.L12:
 121 00a4 04A8     		add	r0, sp, #16
 122 00a6 1749     		ldr	r1, .L17+12
 123 00a8 2EAA     		add	r2, sp, #184
 124 00aa 2346     		mov	r3, r4
 125 00ac FFF7FEFF 		bl	sprintf
 126              	.L13:
 127 00b0 0023     		movs	r3, #0
 128 00b2 24A8     		add	r0, sp, #144
 129 00b4 34A9     		add	r1, sp, #208
 130 00b6 1222     		movs	r2, #18
 131 00b8 3793     		str	r3, [sp, #220]
 132 00ba FFF7FEFF 		bl	f_open
 133 00be 80B9     		cbnz	r0, .L14
 134 00c0 24A8     		add	r0, sp, #144
 135 00c2 2799     		ldr	r1, [sp, #156]
 136 00c4 FFF7FEFF 		bl	f_lseek
 137 00c8 40B9     		cbnz	r0, .L15
 138 00ca 04A8     		add	r0, sp, #16
 139 00cc FFF7FEFF 		bl	strlen
 140 00d0 04A9     		add	r1, sp, #16
 141 00d2 0246     		mov	r2, r0
 142 00d4 37AB     		add	r3, sp, #220
 143 00d6 24A8     		add	r0, sp, #144
 144 00d8 FFF7FEFF 		bl	f_write
 145              	.L15:
 146 00dc 24A8     		add	r0, sp, #144
 147 00de FFF7FEFF 		bl	f_close
 148              	.L14:
 149 00e2 04A8     		add	r0, sp, #16
 150 00e4 FFF7FEFF 		bl	strlen
 151 00e8 379B     		ldr	r3, [sp, #220]
 152 00ea 9842     		cmp	r0, r3
 153 00ec 02D0     		beq	.L11
 154 00ee 0648     		ldr	r0, .L17+16
 155 00f0 FFF7FEFF 		bl	puts
 156              	.L11:
 157 00f4 38B0     		add	sp, sp, #224
 158 00f6 10BD     		pop	{r4, pc}
 159              	.L18:
 160              		.align	2
 161              	.L17:
 162 00f8 64000000 		.word	.LC0
 163 00fc 00400240 		.word	1073889280
 164 0100 00000000 		.word	.LC1
 165 0104 36000000 		.word	.LC2
 166 0108 4C000000 		.word	.LC3
 168              		.section	.rodata.str1.1,"aMS",%progbits,1
 169              	.LC1:
 170 0000 25732C20 		.ascii	"%s, BAD BOOT (%s): PC: 0x%08X LR: 0x%08X PSR: 0x%08"
 170      42414420 
 170      424F4F54 
 170      20282573 
 170      293A2050 
 171 0033 580A00   		.ascii	"X\012\000"
 172              	.LC2:
 173 0036 25732C20 		.ascii	"%s, NORMAL BOOT (%s)\012\000"
 173      4E4F524D 
 173      414C2042 
 173      4F4F5420 
 173      28257329 
 174              	.LC3:
 175 004c 4572726F 		.ascii	"Error writing boot info\000"
 175      72207772 
 175      6974696E 
 175      6720626F 
 175      6F742069 
 176              	.LC0:
 177 0064 303A626F 		.ascii	"0:boot.csv\000"
 177      6F742E63 
 177      737600
 178              		.ident	"GCC: (GNU Tools for ARM Embedded Processors) 4.6.2 20120613 (release) [ARM/embedded-4_6-br
DEFINED SYMBOLS
                            *ABS*:00000000 utilities.c
     /tmp/ccOkpBXe.s:16     .text:00000000 $t
     /tmp/ccOkpBXe.s:21     .text:00000000 delay_us
     /tmp/ccOkpBXe.s:50     .text:00000026 is_freertos_running
     /tmp/ccOkpBXe.s:65     .text:00000038 delay_ms
     /tmp/ccOkpBXe.s:86     .text:00000058 log_boot_info
     /tmp/ccOkpBXe.s:162    .text:000000f8 $d

UNDEFINED SYMBOLS
xTaskGetSchedulerState
vTaskDelay
memcpy
memset
rtc_get_date_time_str
sys_get_boot_type
sprintf
f_open
f_lseek
strlen
f_write
f_close
puts
