   1              		.syntax unified
   2              		.cpu cortex-m3
   3              		.fpu softvfp
   4              		.eabi_attribute 20, 1
   5              		.eabi_attribute 21, 1
   6              		.eabi_attribute 23, 3
   7              		.eabi_attribute 24, 1
   8              		.eabi_attribute 25, 1
   9              		.eabi_attribute 26, 1
  10              		.eabi_attribute 30, 4
  11              		.eabi_attribute 34, 1
  12              		.eabi_attribute 18, 4
  13              		.thumb
  14              		.syntax unified
  15              		.file	"reentrant.c"
  16              		.text
  17              		.align	1
  18              		.global	ff_cre_syncobj
  19              		.thumb
  20              		.thumb_func
  22              	ff_cre_syncobj:
  23              		@ args = 0, pretend = 0, frame = 0
  24              		@ frame_needed = 0, uses_anonymous_args = 0
  25 0000 10B5     		push	{r4, lr}
  26 0002 0120     		movs	r0, #1
  27 0004 0C46     		mov	r4, r1
  28 0006 FFF7FEFF 		bl	xQueueCreateMutex
  29 000a 2060     		str	r0, [r4]
  30 000c 0030     		adds	r0, r0, #0
  31 000e 18BF     		it	ne
  32 0010 0120     		movne	r0, #1
  33 0012 10BD     		pop	{r4, pc}
  35              		.align	1
  36              		.global	ff_del_syncobj
  37              		.thumb
  38              		.thumb_func
  40              	ff_del_syncobj:
  41              		@ args = 0, pretend = 0, frame = 0
  42              		@ frame_needed = 0, uses_anonymous_args = 0
  43              		@ link register save eliminated.
  44 0014 0120     		movs	r0, #1
  45 0016 7047     		bx	lr
  47              		.align	1
  48              		.global	ff_req_grant
  49              		.thumb
  50              		.thumb_func
  52              	ff_req_grant:
  53              		@ args = 0, pretend = 0, frame = 0
  54              		@ frame_needed = 0, uses_anonymous_args = 0
  55 0018 10B5     		push	{r4, lr}
  56 001a 0446     		mov	r4, r0
  57 001c FFF7FEFF 		bl	xTaskGetSchedulerState
  58 0020 0128     		cmp	r0, #1
  59 0022 0AD1     		bne	.L5
  60 0024 0023     		movs	r3, #0
  61 0026 1946     		mov	r1, r3
  62 0028 40F6B832 		movw	r2, #3000
  63 002c 2046     		mov	r0, r4
  64 002e FFF7FEFF 		bl	xQueueGenericReceive
  65 0032 431E     		subs	r3, r0, #1
  66 0034 5842     		rsbs	r0, r3, #0
  67 0036 5841     		adcs	r0, r0, r3
  68 0038 10BD     		pop	{r4, pc}
  69              	.L5:
  70 003a 0120     		movs	r0, #1
  71 003c 10BD     		pop	{r4, pc}
  73              		.align	1
  74              		.global	ff_rel_grant
  75              		.thumb
  76              		.thumb_func
  78              	ff_rel_grant:
  79              		@ args = 0, pretend = 0, frame = 0
  80              		@ frame_needed = 0, uses_anonymous_args = 0
  81 003e 10B5     		push	{r4, lr}
  82 0040 0446     		mov	r4, r0
  83 0042 FFF7FEFF 		bl	xTaskGetSchedulerState
  84 0046 0128     		cmp	r0, #1
  85 0048 07D1     		bne	.L7
  86 004a 0023     		movs	r3, #0
  87 004c 2046     		mov	r0, r4
  88 004e BDE81040 		pop	{r4, lr}
  89 0052 1A46     		mov	r2, r3
  90 0054 1946     		mov	r1, r3
  91 0056 FFF7FEBF 		b	xQueueGenericSend
  92              	.L7:
  93 005a 10BD     		pop	{r4, pc}
  95              		.ident	"GCC: (GNU Tools for ARM Embedded Processors) 5.4.1 20160609 (release) [ARM/embedded-5-bran
DEFINED SYMBOLS
                            *ABS*:00000000 reentrant.c
     /tmp/cc1EHu0e.s:17     .text:00000000 $t
     /tmp/cc1EHu0e.s:22     .text:00000000 ff_cre_syncobj
     /tmp/cc1EHu0e.s:40     .text:00000014 ff_del_syncobj
     /tmp/cc1EHu0e.s:52     .text:00000018 ff_req_grant
     /tmp/cc1EHu0e.s:78     .text:0000003e ff_rel_grant

UNDEFINED SYMBOLS
xQueueCreateMutex
xTaskGetSchedulerState
xQueueGenericReceive
xQueueGenericSend
