Archive member included to satisfy reference by file (symbol)

/home/khalil/lbin/Programs/gcc-arm-none-eabi-5_4-2016q2/bin/../lib/gcc/arm-none-eabi/5.4.1/../../../../arm-none-eabi/lib/armv7-m/libstdc++_nano.a(si_class_type_info.o)
                              obj/lib/L2_Drivers/base/uart_dev.o (vtable for __cxxabiv1::__si_class_type_info)
/home/khalil/lbin/Programs/gcc-arm-none-eabi-5_4-2016q2/bin/../lib/gcc/arm-none-eabi/5.4.1/../../../../arm-none-eabi/lib/armv7-m/libstdc++_nano.a(vmi_class_type_info.o)
                              obj/lib/L2_Drivers/src/uart0.o (vtable for __cxxabiv1::__vmi_class_type_info)
/home/khalil/lbin/Programs/gcc-arm-none-eabi-5_4-2016q2/bin/../lib/gcc/arm-none-eabi/5.4.1/../../../../arm-none-eabi/lib/armv7-m/libstdc++_nano.a(tinfo.o)
                              /home/khalil/lbin/Programs/gcc-arm-none-eabi-5_4-2016q2/bin/../lib/gcc/arm-none-eabi/5.4.1/../../../../arm-none-eabi/lib/armv7-m/libstdc++_nano.a(si_class_type_info.o) (std::type_info::__is_function_p() const)
/home/khalil/lbin/Programs/gcc-arm-none-eabi-5_4-2016q2/bin/../lib/gcc/arm-none-eabi/5.4.1/../../../../arm-none-eabi/lib/armv7-m/libstdc++_nano.a(class_type_info.o)
                              /home/khalil/lbin/Programs/gcc-arm-none-eabi-5_4-2016q2/bin/../lib/gcc/arm-none-eabi/5.4.1/../../../../arm-none-eabi/lib/armv7-m/libstdc++_nano.a(si_class_type_info.o) (__cxxabiv1::__class_type_info::__do_upcast(__cxxabiv1::__class_type_info const*, void**) const)
/home/khalil/lbin/Programs/gcc-arm-none-eabi-5_4-2016q2/bin/../lib/gcc/arm-none-eabi/5.4.1/../../../../arm-none-eabi/lib/armv7-m/libstdc++_nano.a(guard.o)
                              obj/CanBus/L5_Application/source/cmd_handlers/handlers.o (__cxa_guard_acquire)
/home/khalil/lbin/Programs/gcc-arm-none-eabi-5_4-2016q2/bin/../lib/gcc/arm-none-eabi/5.4.1/../../../../arm-none-eabi/lib/armv7-m/libstdc++_nano.a(pure.o)
                              obj/lib/L2_Drivers/base/char_dev.o (__cxa_pure_virtual)
/home/khalil/lbin/Programs/gcc-arm-none-eabi-5_4-2016q2/bin/../lib/gcc/arm-none-eabi/5.4.1/../../../../arm-none-eabi/lib/armv7-m/libstdc++_nano.a(eh_terminate.o)
                              /home/khalil/lbin/Programs/gcc-arm-none-eabi-5_4-2016q2/bin/../lib/gcc/arm-none-eabi/5.4.1/../../../../arm-none-eabi/lib/armv7-m/libstdc++_nano.a(pure.o) (std::terminate())
/home/khalil/lbin/Programs/gcc-arm-none-eabi-5_4-2016q2/bin/../lib/gcc/arm-none-eabi/5.4.1/../../../../arm-none-eabi/lib/armv7-m/libstdc++_nano.a(eh_term_handler.o)
                              /home/khalil/lbin/Programs/gcc-arm-none-eabi-5_4-2016q2/bin/../lib/gcc/arm-none-eabi/5.4.1/../../../../arm-none-eabi/lib/armv7-m/libstdc++_nano.a(eh_terminate.o) (__cxxabiv1::__terminate_handler)
/home/khalil/lbin/Programs/gcc-arm-none-eabi-5_4-2016q2/bin/../lib/gcc/arm-none-eabi/5.4.1/../../../../arm-none-eabi/lib/armv7-m/libstdc++_nano.a(eh_unex_handler.o)
                              /home/khalil/lbin/Programs/gcc-arm-none-eabi-5_4-2016q2/bin/../lib/gcc/arm-none-eabi/5.4.1/../../../../arm-none-eabi/lib/armv7-m/libstdc++_nano.a(eh_terminate.o) (__cxxabiv1::__unexpected_handler)
/home/khalil/lbin/Programs/gcc-arm-none-eabi-5_4-2016q2/bin/../lib/gcc/arm-none-eabi/5.4.1/armv7-m/libgcc.a(_ashldi3.o)
                              obj/lib/L0_LowLevel/source/lpc_peripherals.o (__aeabi_llsl)
/home/khalil/lbin/Programs/gcc-arm-none-eabi-5_4-2016q2/bin/../lib/gcc/arm-none-eabi/5.4.1/armv7-m/libgcc.a(_arm_addsubdf3.o)
                              obj/lib/L2_Drivers/base/uart_dev.o (__aeabi_dadd)
/home/khalil/lbin/Programs/gcc-arm-none-eabi-5_4-2016q2/bin/../lib/gcc/arm-none-eabi/5.4.1/armv7-m/libgcc.a(_arm_fixunsdfsi.o)
                              obj/lib/L2_Drivers/base/uart_dev.o (__aeabi_d2uiz)
/home/khalil/lbin/Programs/gcc-arm-none-eabi-5_4-2016q2/bin/../lib/gcc/arm-none-eabi/5.4.1/armv7-m/libgcc.a(_arm_truncdfsf2.o)
                              obj/lib/L3_Utils/src/str.o (__aeabi_d2f)
/home/khalil/lbin/Programs/gcc-arm-none-eabi-5_4-2016q2/bin/../lib/gcc/arm-none-eabi/5.4.1/armv7-m/libgcc.a(_arm_addsubsf3.o)
                              obj/lib/L3_Utils/src/str.o (__aeabi_fsub)
/home/khalil/lbin/Programs/gcc-arm-none-eabi-5_4-2016q2/bin/../lib/gcc/arm-none-eabi/5.4.1/armv7-m/libgcc.a(_arm_muldivsf3.o)
                              obj/lib/L2_Drivers/src/lpc_pwm.o (__aeabi_fmul)
/home/khalil/lbin/Programs/gcc-arm-none-eabi-5_4-2016q2/bin/../lib/gcc/arm-none-eabi/5.4.1/armv7-m/libgcc.a(_arm_cmpsf2.o)
                              obj/lib/L3_Utils/src/str.o (__aeabi_fcmplt)
/home/khalil/lbin/Programs/gcc-arm-none-eabi-5_4-2016q2/bin/../lib/gcc/arm-none-eabi/5.4.1/armv7-m/libgcc.a(_arm_fixsfsi.o)
                              obj/CanBus/L5_Application/source/cmd_handlers/handlers.o (__aeabi_f2iz)
/home/khalil/lbin/Programs/gcc-arm-none-eabi-5_4-2016q2/bin/../lib/gcc/arm-none-eabi/5.4.1/armv7-m/libgcc.a(_arm_fixunssfsi.o)
                              obj/lib/L2_Drivers/src/lpc_pwm.o (__aeabi_f2uiz)
[...]
Memory Configuration

Name             Origin             Length             Attributes
FLASH            0x00010000         0x00070000         xr
SRAM             0x10000000         0x00008000         xrw
SRAM_AHB         0x2007c000         0x00008000         xrw
*default*        0x00000000         0xffffffff

Linker script and memory map

LOAD obj/lib/L2_Drivers/base/char_dev.o
LOAD obj/lib/L2_Drivers/base/uart_dev.o
LOAD obj/lib/L2_Drivers/base/i2c_base.o
LOAD obj/lib/L2_Drivers/src/i2c2.o
LOAD obj/lib/L2_Drivers/src/uart0.o
LOAD obj/lib/L2_Drivers/src/rtc.o
LOAD obj/lib/L2_Drivers/src/lpc_rit.o
LOAD obj/lib/L2_Drivers/src/lpc_timers.o
LOAD obj/lib/L2_Drivers/src/lpc_pwm.o
LOAD obj/lib/L2_Drivers/src/uart2.o
LOAD obj/lib/L2_Drivers/src/can.o
LOAD obj/lib/L2_Drivers/src/spi_dma.o
LOAD obj/lib/L2_Drivers/src/eint.o
LOAD obj/lib/L2_Drivers/src/adc.o
LOAD obj/lib/L2_Drivers/src/uart3.o
LOAD obj/lib/L2_Drivers/src/nrf_stream.o
LOAD obj/lib/L2_Drivers/src/spi_sem.o
LOAD obj/lib/newlib/newlib_time.o
LOAD obj/lib/newlib/newlib_syscalls.o
LOAD obj/lib/newlib/memory.o
LOAD obj/lib/newlib/malloc_lock.o
LOAD obj/lib/L4_IO/wireless/src/wireless.o
LOAD obj/lib/L4_IO/wireless/src/nrf24L01Plus.o
LOAD obj/lib/L4_IO/wireless/src/mesh.o
LOAD obj/lib/L4_IO/fat/fatfs_time.o
LOAD obj/lib/L4_IO/fat/ff.o
LOAD obj/lib/L4_IO/fat/option/reentrant.o
LOAD obj/lib/L4_IO/fat/option/ccsbcs.o
LOAD obj/lib/L4_IO/fat/disk/spi_flash.o
LOAD obj/lib/L4_IO/fat/disk/sd.o
LOAD obj/lib/L4_IO/fat/disk/diskio.o
LOAD obj/lib/L4_IO/src/gpio.o
LOAD obj/lib/L4_IO/src/storage.o
LOAD obj/lib/L4_IO/src/io_source.o
LOAD obj/lib/L3_Utils/tlm/src/c_tlm_stream.o
LOAD obj/lib/L3_Utils/tlm/src/c_tlm_binary.o
LOAD obj/lib/L3_Utils/tlm/src/c_tlm_var.o
LOAD obj/lib/L3_Utils/tlm/src/c_tlm_comp.o
LOAD obj/lib/L3_Utils/src/utilities.o
LOAD obj/lib/L3_Utils/src/str.o
LOAD obj/lib/L3_Utils/src/freertos_timer.o
LOAD obj/lib/L3_Utils/src/scheduler_task.o
LOAD obj/lib/L3_Utils/src/c_list.o
LOAD obj/lib/L3_Utils/src/command_handler.o
LOAD obj/lib/L3_Utils/src/rtc_alarm.o
LOAD obj/lib/L3_Utils/src/printf_lib.o
LOAD obj/lib/L3_Utils/src/file_logger.o
LOAD obj/lib/L1_FreeRTOS/trace/trcKernelPort.o
LOAD obj/lib/L1_FreeRTOS/trace/trcBase.o
LOAD obj/lib/L1_FreeRTOS/trace/run_time_counter.o
LOAD obj/lib/L1_FreeRTOS/trace/trcKernel.o
LOAD obj/lib/L1_FreeRTOS/trace/trcUser.o
LOAD obj/lib/L1_FreeRTOS/trace/trcHardwarePort.o
LOAD obj/lib/L1_FreeRTOS/portable/run_time_stats.o
LOAD obj/lib/L1_FreeRTOS/portable/no_mpu/port.o
LOAD obj/lib/L1_FreeRTOS/MemMang/freertos_mem_man.o
LOAD obj/lib/L1_FreeRTOS/hooks/hooks.o
LOAD obj/lib/L1_FreeRTOS/src/tasks.o
LOAD obj/lib/L1_FreeRTOS/src/timers.o
LOAD obj/lib/L1_FreeRTOS/src/croutine.o
LOAD obj/lib/L1_FreeRTOS/src/list.o
LOAD obj/lib/L1_FreeRTOS/src/event_groups.o
LOAD obj/lib/L1_FreeRTOS/src/queue.o
LOAD obj/lib/L0_LowLevel/source/core_cm3.o
LOAD obj/lib/L0_LowLevel/source/startup.o
LOAD obj/lib/L0_LowLevel/source/sys_clock.o
LOAD obj/lib/L0_LowLevel/source/low_level_init.o
LOAD obj/lib/L0_LowLevel/source/lpc_sys.o
LOAD obj/lib/L0_LowLevel/source/uart0_min.o
LOAD obj/lib/L0_LowLevel/source/lpc_peripherals.o
LOAD obj/CanBus/L5_Application/source/terminal.o
LOAD obj/CanBus/L5_Application/source/cmd_handlers/wireless_handlers.o
LOAD obj/CanBus/L5_Application/source/cmd_handlers/handlers.o
LOAD obj/CanBus/L5_Application/source/cmd_handlers/prog_handlers.o
LOAD obj/CanBus/L5_Application/source/high_level_init.o
LOAD obj/CanBus/L5_Application/source/remote.o
LOAD obj/CanBus/L5_Application/periodic_scheduler/prd_dispatcher.o
LOAD obj/CanBus/L5_Application/periodic_scheduler/period_callbacks.o
LOAD obj/CanBus/L5_Application/main.o
LOAD obj/CanBus/L5_Application/tasks/examples.o
LOAD obj/CanBus/L5_Application/examples/rn_xv_task.o
LOAD obj/CanBus/L5_Application/examples/examples.o
LOAD /home/khalil/lbin/Programs/gcc-arm-none-eabi-5_4-2016q2/bin/../lib/gcc/arm-none-eabi/5.4.1/../../../../arm-none-eabi/lib/armv7-m/libstdc++_nano.a
LOAD /home/khalil/lbin/Programs/gcc-arm-none-eabi-5_4-2016q2/bin/../lib/gcc/arm-none-eabi/5.4.1/../../../../arm-none-eabi/lib/armv7-m/libm.a
START GROUP
LOAD /home/khalil/lbin/Programs/gcc-arm-none-eabi-5_4-2016q2/bin/../lib/gcc/arm-none-eabi/5.4.1/armv7-m/libgcc.a
LOAD /home/khalil/lbin/Programs/gcc-arm-none-eabi-5_4-2016q2/bin/../lib/gcc/arm-none-eabi/5.4.1/../../../../arm-none-eabi/lib/armv7-m/libc_nano.a
END GROUP
START GROUP
LOAD /home/khalil/lbin/Programs/gcc-arm-none-eabi-5_4-2016q2/bin/../lib/gcc/arm-none-eabi/5.4.1/armv7-m/libgcc.a
LOAD /home/khalil/lbin/Programs/gcc-arm-none-eabi-5_4-2016q2/bin/../lib/gcc/arm-none-eabi/5.4.1/../../../../arm-none-eabi/lib/armv7-m/libc_nano.a
END GROUP

.text           0x00010000    0x16130
 FILL mask 0xff
 *(.isr_vector)
 .isr_vector    0x00010000       0xcc obj/lib/L0_LowLevel/source/startup.o
                0x00010000                g_pfnVectors
                0x000100cc                . = ALIGN (0x4)
                0x000100cc                __section_table_start = .
                0x000100cc                __data_section_table = .
                0x000100cc        0x4 LONG 0x26138 LOADADDR (.data)
                0x000100d0        0x4 LONG 0x2007c000 ADDR (.data)
                0x000100d4        0x4 LONG 0x1c8 SIZEOF (.data)
                0x000100d8                __data_section_table_end = .
                0x000100d8                __bss_section_table = .
                0x000100d8        0x4 LONG 0x2007c1c8 ADDR (.bss)
                0x000100dc        0x4 LONG 0x4bc SIZEOF (.bss)
                0x000100e0                __bss_section_table_end = .
                0x000100e0                __section_table_end = .
 *(.after_vectors*)
 .after_vectors
                0x000100e0      0x124 obj/lib/L0_LowLevel/source/startup.o
                0x000100e0                isr_hard_fault
                0x000100fa                isr_nmi
                0x00010108                isr_mem_fault
                0x00010118                isr_bus_fault
                0x00010128                isr_usage_fault
                0x00010138                isr_debug_mon
                0x00010148                TIMER2_IRQHandler
                0x00010148                I2C0_IRQHandler
                0x00010148                PWM1_IRQHandler
                0x00010148                I2C1_IRQHandler
                0x00010148                EINT2_IRQHandler
                0x00010148                UART1_IRQHandler
                0x00010148                TIMER3_IRQHandler
                0x00010148                PLL0_IRQHandler
                0x00010148                PLL1_IRQHandler
                0x00010148                SSP0_IRQHandler
                0x00010148                CANAct_IRQHandler
                0x00010148                I2S_IRQHandler
                0x00010148                TIMER0_IRQHandler
                0x00010148                SPI_IRQHandler
                0x00010148                EINT1_IRQHandler
                0x00010148                isr_default_handler
                0x00010148                SSP1_IRQHandler
                0x00010148                USB_IRQHandler
                0x00010148                BOD_IRQHandler
                0x00010148                WDT_IRQHandler
                0x00010148                QEI_IRQHandler
                0x00010148                EINT0_IRQHandler
                0x00010148                DMA_IRQHandler
                0x00010148                MCPWM_IRQHandler
                0x00010148                ENET_IRQHandler
                0x00010148                USBAct_IRQHandler
                0x00010158                isr_sys_tick
                0x0001016a                data_init(unsigned int, unsigned int, unsigned int)
                0x00010180                bss_init(unsigned int, unsigned int)
                0x00010194                isr_reset
 *(.text*)
 .text._ZN7CharDev5flushEv
                0x00010204        0x4 obj/lib/L2_Drivers/base/char_dev.o
                0x00010204                CharDev::flush()
 .text._ZN7CharDev3putEPKcj
                0x00010208       0x28 obj/lib/L2_Drivers/base/char_dev.o
                0x00010208                CharDev::put(char const*, unsigned int)
 .text._ZN7CharDev7putlineEPKcj
                0x00010230       0x1c obj/lib/L2_Drivers/base/char_dev.o
                0x00010230                CharDev::putline(char const*, unsigned int)
 .text._ZN7CharDev4getsEPcij
                0x0001024c       0x50 obj/lib/L2_Drivers/base/char_dev.o
                0x0001024c                CharDev::gets(char*, int, unsigned int)
 .text._ZN7CharDev6printfEPKcz
                0x0001029c       0x78 obj/lib/L2_Drivers/base/char_dev.o
                0x0001029c                CharDev::printf(char const*, ...)
 .text._ZN7CharDevC2Ev
                0x00010314       0x20 obj/lib/L2_Drivers/base/char_dev.o
                0x00010314                CharDev::CharDev()
                0x00010314                CharDev::CharDev()
 .text._ZN7CharDevD2Ev
                0x00010334       0x18 obj/lib/L2_Drivers/base/char_dev.o
                0x00010334                CharDev::~CharDev()
                0x00010334                CharDev::~CharDev()
 .text._ZN7UartDevD2Ev
                0x0001034c       0x14 obj/lib/L2_Drivers/base/uart_dev.o
                0x0001034c                UartDev::~UartDev()
                0x0001034c                UartDev::~UartDev()
 .text._ZN7UartDevD0Ev
                0x00010360       0x12 obj/lib/L2_Drivers/base/uart_dev.o
                0x00010360                UartDev::~UartDev()
 .text._ZN7UartDev5flushEv
                0x00010372       0x20 obj/lib/L2_Drivers/base/uart_dev.o
                0x00010372                UartDev::flush()
 .text._ZN7UartDev7putCharEcj
                0x00010392       0x5a obj/lib/L2_Drivers/base/uart_dev.o
                0x00010392                UartDev::putChar(char, unsigned int)
 .text._ZN7UartDev7getCharEPcj
                0x000103ec       0x6e obj/lib/L2_Drivers/base/uart_dev.o
                0x000103ec                UartDev::getChar(char*, unsigned int)
 *fill*         0x0001045a        0x2 ff
 .text._ZN7UartDev11setBaudRateEj
                0x0001045c       0x3c obj/lib/L2_Drivers/base/uart_dev.o
                0x0001045c                UartDev::setBaudRate(unsigned int)
 .text._ZN7UartDev15handleInterruptEv
                0x00010498       0xc0 obj/lib/L2_Drivers/base/uart_dev.o
                0x00010498                UartDev::handleInterrupt()
 .text._ZN7UartDevC2EPj
                0x00010558       0x28 obj/lib/L2_Drivers/base/uart_dev.o
                0x00010558                UartDev::UartDev(unsigned int*)
                0x00010558                UartDev::UartDev(unsigned int*)
 .text._ZN7UartDev4initEjjii
                0x00010580       0xb0 obj/lib/L2_Drivers/base/uart_dev.o
                0x00010580                UartDev::init(unsigned int, unsigned int, int, int)
 .text._ZN8I2C_Base8transferEhhPhm
                0x00010630       0xdc obj/lib/L2_Drivers/base/i2c_base.o
                0x00010630                I2C_Base::transfer(unsigned char, unsigned char, unsigned char*, unsigned long)
 .text._ZN8I2C_Base13readRegistersEhhPhm
                0x0001070c        0x8 obj/lib/L2_Drivers/base/i2c_base.o
                0x0001070c                I2C_Base::readRegisters(unsigned char, unsigned char, unsigned char*, unsigned long)
 .text._ZN8I2C_Base7readRegEhh
                0x00010714       0x1a obj/lib/L2_Drivers/base/i2c_base.o
                0x00010714                I2C_Base::readReg(unsigned char, unsigned char)
 .text._ZN8I2C_Base14writeRegistersEhhPhm
                0x0001072e        0x8 obj/lib/L2_Drivers/base/i2c_base.o
                0x0001072e                I2C_Base::writeRegisters(unsigned char, unsigned char, unsigned char*, unsigned long)
 .text._ZN8I2C_Base8writeRegEhhh
                0x00010736       0x16 obj/lib/L2_Drivers/base/i2c_base.o
                0x00010736                I2C_Base::writeReg(unsigned char, unsigned char, unsigned char)
 .text._ZN8I2C_Base19checkDeviceResponseEh
                0x0001074c       0x16 obj/lib/L2_Drivers/base/i2c_base.o
                0x0001074c                I2C_Base::checkDeviceResponse(unsigned char)
 *fill*         0x00010762        0x2 ff
 .text._ZN8I2C_BaseC2EP15LPC_I2C_TypeDef
                0x00010764       0x50 obj/lib/L2_Drivers/base/i2c_base.o
                0x00010764                I2C_Base::I2C_Base(LPC_I2C_TypeDef*)
                0x00010764                I2C_Base::I2C_Base(LPC_I2C_TypeDef*)
 .text._ZN8I2C_Base4initEmm
                0x000107b4       0x90 obj/lib/L2_Drivers/base/i2c_base.o
                0x000107b4                I2C_Base::init(unsigned long, unsigned long)
 .text._ZN8I2C_Base15i2cStateMachineEv
                0x00010844      0x122 obj/lib/L2_Drivers/base/i2c_base.o
                0x00010844                I2C_Base::i2cStateMachine()
 *fill*         0x00010966        0x2 ff
 .text._ZN8I2C_Base15handleInterruptEv
                0x00010968       0x34 obj/lib/L2_Drivers/base/i2c_base.o
                0x00010968                I2C_Base::handleInterrupt()
 .text._ZN4I2C24initEj
                0x0001099c       0x68 obj/lib/L2_Drivers/src/i2c2.o
                0x0001099c                I2C2::init(unsigned int)
 .text._ZN4I2C2C2Ev
                0x00010a04       0x14 obj/lib/L2_Drivers/src/i2c2.o
                0x00010a04                I2C2::I2C2()
                0x00010a04                I2C2::I2C2()
 .text.I2C2_IRQHandler
                0x00010a18       0x24 obj/lib/L2_Drivers/src/i2c2.o
                0x00010a18                I2C2_IRQHandler
 .text._ZN5Uart0D2Ev
                0x00010a3c       0x14 obj/lib/L2_Drivers/src/uart0.o
                0x00010a3c                Uart0::~Uart0()
                0x00010a3c                Uart0::~Uart0()
 .text._ZN5Uart0D0Ev
                0x00010a50       0x12 obj/lib/L2_Drivers/src/uart0.o
                0x00010a50                Uart0::~Uart0()
 *fill*         0x00010a62        0x2 ff
 .text._ZN5Uart04initEjii
                0x00010a64       0x40 obj/lib/L2_Drivers/src/uart0.o
                0x00010a64                Uart0::init(unsigned int, int, int)
 .text._ZN5Uart0C2Ev
                0x00010aa4       0x1c obj/lib/L2_Drivers/src/uart0.o
                0x00010aa4                Uart0::Uart0()
                0x00010aa4                Uart0::Uart0()
 .text.UART0_IRQHandler
                0x00010ac0       0x24 obj/lib/L2_Drivers/src/uart0.o
                0x00010ac0                UART0_IRQHandler
 .text.rtc_gettime
                0x00010ae4       0x50 obj/lib/L2_Drivers/src/rtc.o
                0x00010ae4                rtc_gettime
 .text.rtc_settime
                0x00010b34       0x68 obj/lib/L2_Drivers/src/rtc.o
                0x00010b34                rtc_settime
 .text.rtc_init
                0x00010b9c       0xd0 obj/lib/L2_Drivers/src/rtc.o
                0x00010b9c                rtc_init
 .text.rtc_get_date_time_str
                0x00010c6c       0x14 obj/lib/L2_Drivers/src/rtc.o
                0x00010c6c                rtc_get_date_time_str
 .text.RIT_IRQHandler
                0x00010c80       0x1c obj/lib/L2_Drivers/src/lpc_rit.o
                0x00010c80                RIT_IRQHandler
 .text.lpc_timer_get_struct
                0x00010c9c       0x20 obj/lib/L2_Drivers/src/lpc_timers.o
 .text.lpc_timer_enable
                0x00010cbc       0x50 obj/lib/L2_Drivers/src/lpc_timers.o
                0x00010cbc                lpc_timer_enable
 .text._ZN5Uart2D2Ev
                0x00010d0c       0x14 obj/lib/L2_Drivers/src/uart2.o
                0x00010d0c                Uart2::~Uart2()
                0x00010d0c                Uart2::~Uart2()
 .text._ZN5Uart2D0Ev
                0x00010d20       0x12 obj/lib/L2_Drivers/src/uart2.o
                0x00010d20                Uart2::~Uart2()
 *fill*         0x00010d32        0x2 ff
 .text._ZN5Uart2C2Ev
                0x00010d34       0x1c obj/lib/L2_Drivers/src/uart2.o
                0x00010d34                Uart2::Uart2()
                0x00010d34                Uart2::Uart2()
 .text.UART2_IRQHandler
                0x00010d50       0x24 obj/lib/L2_Drivers/src/uart2.o
                0x00010d50                UART2_IRQHandler
 .text.CAN_tx_now
                0x00010d74       0x32 obj/lib/L2_Drivers/src/can.o
 *fill*         0x00010da6        0x2 ff
 .text.CAN_handle_isr
                0x00010da8       0xa0 obj/lib/L2_Drivers/src/can.o
 .text.CAN_IRQHandler
                0x00010e48       0x28 obj/lib/L2_Drivers/src/can.o
                0x00010e48                CAN_IRQHandler
 .text.CAN_init
                0x00010e70      0x190 obj/lib/L2_Drivers/src/can.o
                0x00010e70                CAN_init
 .text.CAN_is_bus_off
                0x00011000       0x1c obj/lib/L2_Drivers/src/can.o
                0x00011000                CAN_is_bus_off
 .text.CAN_tx   0x0001101c       0xa4 obj/lib/L2_Drivers/src/can.o
                0x0001101c                CAN_tx
 .text.CAN_reset_bus
                0x000110c0       0x18 obj/lib/L2_Drivers/src/can.o
                0x000110c0                CAN_reset_bus
 .text.ssp1_dma_init
                0x000110d8       0x1c obj/lib/L2_Drivers/src/spi_dma.o
                0x000110d8                ssp1_dma_init
 .text.ssp1_dma_transfer_block
                0x000110f4       0xc4 obj/lib/L2_Drivers/src/spi_dma.o
                0x000110f4                ssp1_dma_transfer_block
 .text.handle_eint_list
                0x000111b8       0x2c obj/lib/L2_Drivers/src/eint.o
 .text.eint3_enable.isra.0
                0x000111e4       0x38 obj/lib/L2_Drivers/src/eint.o
 .text.EINT3_IRQHandler
                0x0001121c       0x80 obj/lib/L2_Drivers/src/eint.o
                0x0001121c                EINT3_IRQHandler
 .text.eint3_enable_port0
                0x0001129c       0x30 obj/lib/L2_Drivers/src/eint.o
                0x0001129c                eint3_enable_port0
 .text.adc0_start_conversion
                0x000112cc       0x24 obj/lib/L2_Drivers/src/adc.o
 .text.ADC_IRQHandler
                0x000112f0       0x48 obj/lib/L2_Drivers/src/adc.o
                0x000112f0                ADC_IRQHandler
 .text.adc0_init
                0x00011338       0x74 obj/lib/L2_Drivers/src/adc.o
                0x00011338                adc0_init
 .text.adc0_get_reading
                0x000113ac       0x78 obj/lib/L2_Drivers/src/adc.o
                0x000113ac                adc0_get_reading
 .text._ZN5Uart3D2Ev
                0x00011424       0x14 obj/lib/L2_Drivers/src/uart3.o
                0x00011424                Uart3::~Uart3()
                0x00011424                Uart3::~Uart3()
 .text._ZN5Uart3D0Ev
                0x00011438       0x12 obj/lib/L2_Drivers/src/uart3.o
                0x00011438                Uart3::~Uart3()
 *fill*         0x0001144a        0x2 ff
 .text._ZN5Uart3C2Ev
                0x0001144c       0x1c obj/lib/L2_Drivers/src/uart3.o
                0x0001144c                Uart3::Uart3()
                0x0001144c                Uart3::Uart3()
 .text.UART3_IRQHandler
                0x00011468       0x24 obj/lib/L2_Drivers/src/uart3.o
                0x00011468                UART3_IRQHandler
 .text._ZN12NordicStream5flushEv
                0x0001148c       0x5c obj/lib/L2_Drivers/src/nrf_stream.o
                0x0001148c                NordicStream::flush()
 .text._ZN12NordicStreamD2Ev
                0x000114e8       0x14 obj/lib/L2_Drivers/src/nrf_stream.o
                0x000114e8                NordicStream::~NordicStream()
                0x000114e8                NordicStream::~NordicStream()
 .text._ZN12NordicStreamD0Ev
                0x000114fc       0x12 obj/lib/L2_Drivers/src/nrf_stream.o
                0x000114fc                NordicStream::~NordicStream()
 .text._ZN12NordicStream7getCharEPcj
                0x0001150e       0x44 obj/lib/L2_Drivers/src/nrf_stream.o
                0x0001150e                NordicStream::getChar(char*, unsigned int)
 .text._ZN12NordicStream7putCharEcj
                0x00011552       0x22 obj/lib/L2_Drivers/src/nrf_stream.o
                0x00011552                NordicStream::putChar(char, unsigned int)
 .text._ZN12NordicStreamC2Ev
                0x00011574       0x40 obj/lib/L2_Drivers/src/nrf_stream.o
                0x00011574                NordicStream::NordicStream()
                0x00011574                NordicStream::NordicStream()
 .text.spi1_lock
                0x000115b4       0x30 obj/lib/L2_Drivers/src/spi_sem.o
                0x000115b4                spi1_lock
 .text.spi1_unlock
                0x000115e4       0x24 obj/lib/L2_Drivers/src/spi_sem.o
                0x000115e4                spi1_unlock
 .text._gettimeofday
                0x00011608       0x7a obj/lib/newlib/newlib_time.o
                0x00011608                _gettimeofday
 *fill*         0x00011682        0x2 ff
 .text.sys_set_outchar_func
                0x00011684        0xc obj/lib/newlib/newlib_syscalls.o
                0x00011684                sys_set_outchar_func
 .text.sys_set_inchar_func
                0x00011690        0xc obj/lib/newlib/newlib_syscalls.o
                0x00011690                sys_set_inchar_func
 .text._kill    0x0001169c       0x10 obj/lib/newlib/newlib_syscalls.o
                0x0001169c                _kill
 .text._exit    0x000116ac       0x10 obj/lib/newlib/newlib_syscalls.o
                0x000116ac                _exit
 .text._getpid  0x000116bc        0x4 obj/lib/newlib/newlib_syscalls.o
                0x000116bc                _getpid
 .text._init    0x000116c0        0x4 obj/lib/newlib/newlib_syscalls.o
                0x000116c0                _init
 .text._write   0x000116c4       0x28 obj/lib/newlib/newlib_syscalls.o
                0x000116c4                _write
 .text._read    0x000116ec       0x2c obj/lib/newlib/newlib_syscalls.o
                0x000116ec                _read
 .text.syscalls_init
                0x00011718        0x2 obj/lib/newlib/newlib_syscalls.o
                0x00011718                syscalls_init
 .text._fstat   0x0001171a        0x4 obj/lib/newlib/newlib_syscalls.o
                0x0001171a                _fstat
 *fill*         0x0001171e        0x2 ff
 .text._isatty  0x00011720       0x24 obj/lib/newlib/newlib_syscalls.o
                0x00011720                _isatty
 .text._lseek   0x00011744        0x4 obj/lib/newlib/newlib_syscalls.o
                0x00011744                _lseek
 .text._close   0x00011748        0x4 obj/lib/newlib/newlib_syscalls.o
                0x00011748                _close
 .text._sbrk    0x0001174c       0x74 obj/lib/newlib/memory.o
                0x0001174c                _sbrk
 .text._Znwj    0x000117c0        0x4 obj/lib/newlib/memory.o
                0x000117c0                operator new(unsigned int)
 .text._ZdlPv   0x000117c4        0x4 obj/lib/newlib/memory.o
                0x000117c4                operator delete(void*)
 .text._ZdaPv   0x000117c8        0x4 obj/lib/newlib/memory.o
                0x000117c8                operator delete[](void*)
 .text.sys_get_mem_info
                0x000117cc       0xb8 obj/lib/newlib/memory.o
                0x000117cc                sys_get_mem_info
 .text.startup._GLOBAL__sub_I__sbrk
                0x00011884       0x20 obj/lib/newlib/memory.o
 .text.__malloc_lock
                0x000118a4        0x4 obj/lib/newlib/malloc_lock.o
                0x000118a4                __malloc_lock
 .text.__malloc_unlock
                0x000118a8        0x4 obj/lib/newlib/malloc_lock.o
                0x000118a8                __malloc_unlock
 .text.nrf_driver_init
                0x000118ac       0x70 obj/lib/L4_IO/wireless/src/wireless.o
 .text.nrf_driver_app_recv
                0x0001191c       0x50 obj/lib/L4_IO/wireless/src/wireless.o
 .text.nrf_driver_send
                0x0001196c       0x58 obj/lib/L4_IO/wireless/src/wireless.o
 .text.nrf_irq_callback
                0x000119c4       0x34 obj/lib/L4_IO/wireless/src/wireless.o
 .text.nrf_driver_receive
                0x000119f8       0x22 obj/lib/L4_IO/wireless/src/wireless.o
 .text.wireless_get_queued_pkt
                0x00011a1a       0x64 obj/lib/L4_IO/wireless/src/wireless.o
 .text.nrf_driver_get_timer
                0x00011a7e       0x28 obj/lib/L4_IO/wireless/src/wireless.o
 *fill*         0x00011aa6        0x2 ff
 .text.wireless_init
                0x00011aa8       0x4c obj/lib/L4_IO/wireless/src/wireless.o
                0x00011aa8                wireless_init
 .text.wireless_get_rx_pkt
                0x00011af4       0x10 obj/lib/L4_IO/wireless/src/wireless.o
                0x00011af4                wireless_get_rx_pkt
 .text.wireless_get_ack_pkt
                0x00011b04       0x10 obj/lib/L4_IO/wireless/src/wireless.o
                0x00011b04                wireless_get_ack_pkt
 .text.wireless_service
                0x00011b14       0x4c obj/lib/L4_IO/wireless/src/wireless.o
                0x00011b14                wireless_service
 .text.nordic_transfer
                0x00011b60      0x104 obj/lib/L4_IO/wireless/src/nrf24L01Plus.o
 .text.nordic_readRegister
                0x00011c64       0x20 obj/lib/L4_IO/wireless/src/nrf24L01Plus.o
 .text.nordic_writeRegister
                0x00011c84       0x1e obj/lib/L4_IO/wireless/src/nrf24L01Plus.o
 .text.nordic_is_tx_fifo_empty
                0x00011ca2        0xe obj/lib/L4_IO/wireless/src/nrf24L01Plus.o
                0x00011ca2                nordic_is_tx_fifo_empty
 .text.nordic_clear_all_intr_flags
                0x00011cb0        0x8 obj/lib/L4_IO/wireless/src/nrf24L01Plus.o
                0x00011cb0                nordic_clear_all_intr_flags
 .text.nordic_queue_tx_fifo
                0x00011cb8        0xc obj/lib/L4_IO/wireless/src/nrf24L01Plus.o
                0x00011cb8                nordic_queue_tx_fifo
 .text.nordic_standby1_to_tx_mode1
                0x00011cc4       0x16 obj/lib/L4_IO/wireless/src/nrf24L01Plus.o
                0x00011cc4                nordic_standby1_to_tx_mode1
 *fill*         0x00011cda        0x2 ff
 .text.nordic_rx_to_Stanby1
                0x00011cdc       0x10 obj/lib/L4_IO/wireless/src/nrf24L01Plus.o
                0x00011cdc                nordic_rx_to_Stanby1
 .text.nordic_standby1_to_rx
                0x00011cec       0x24 obj/lib/L4_IO/wireless/src/nrf24L01Plus.o
                0x00011cec                nordic_standby1_to_rx
 .text.nordic_clear_packet_sent_flag
                0x00011d10        0x8 obj/lib/L4_IO/wireless/src/nrf24L01Plus.o
                0x00011d10                nordic_clear_packet_sent_flag
 .text.nordic_flush_tx_fifo
                0x00011d18        0xc obj/lib/L4_IO/wireless/src/nrf24L01Plus.o
                0x00011d18                nordic_flush_tx_fifo
 .text.nordic_mode1_send_single_packet
                0x00011d24       0x4c obj/lib/L4_IO/wireless/src/nrf24L01Plus.o
                0x00011d24                nordic_mode1_send_single_packet
 .text.nordic_is_packet_available
                0x00011d70       0x12 obj/lib/L4_IO/wireless/src/nrf24L01Plus.o
                0x00011d70                nordic_is_packet_available
 .text.nordic_clear_packet_available_flag
                0x00011d82        0x8 obj/lib/L4_IO/wireless/src/nrf24L01Plus.o
                0x00011d82                nordic_clear_packet_available_flag
 .text.nordic_read_rx_fifo
                0x00011d8a       0x14 obj/lib/L4_IO/wireless/src/nrf24L01Plus.o
                0x00011d8a                nordic_read_rx_fifo
 .text.nordic_flush_rx_fifo
                0x00011d9e        0xc obj/lib/L4_IO/wireless/src/nrf24L01Plus.o
                0x00011d9e                nordic_flush_rx_fifo
 .text.nordic_set_intr_signals
                0x00011daa       0x3e obj/lib/L4_IO/wireless/src/nrf24L01Plus.o
                0x00011daa                nordic_set_intr_signals
 .text.nordic_set_crc
                0x00011de8       0x38 obj/lib/L4_IO/wireless/src/nrf24L01Plus.o
                0x00011de8                nordic_set_crc
 .text.nordic_power_up
                0x00011e20       0x18 obj/lib/L4_IO/wireless/src/nrf24L01Plus.o
                0x00011e20                nordic_power_up
 .text.nordic_power_down
                0x00011e38       0x16 obj/lib/L4_IO/wireless/src/nrf24L01Plus.o
                0x00011e38                nordic_power_down
 .text.nordic_set_channel
                0x00011e4e       0x24 obj/lib/L4_IO/wireless/src/nrf24L01Plus.o
                0x00011e4e                nordic_set_channel
 .text.nordic_set_air_data_rate
                0x00011e72       0x2c obj/lib/L4_IO/wireless/src/nrf24L01Plus.o
                0x00011e72                nordic_set_air_data_rate
 .text.nordic_set_power_level
                0x00011e9e       0x24 obj/lib/L4_IO/wireless/src/nrf24L01Plus.o
                0x00011e9e                nordic_set_power_level
 .text.nordic_set_auto_transmit_options
                0x00011ec2       0x32 obj/lib/L4_IO/wireless/src/nrf24L01Plus.o
                0x00011ec2                nordic_set_auto_transmit_options
 .text.nordic_set_payload_for_pipe
                0x00011ef4       0x14 obj/lib/L4_IO/wireless/src/nrf24L01Plus.o
                0x00011ef4                nordic_set_payload_for_pipe
 .text.nordic_set_addr_width
                0x00011f08       0x16 obj/lib/L4_IO/wireless/src/nrf24L01Plus.o
                0x00011f08                nordic_set_addr_width
 .text.nordic_set_tx_address
                0x00011f1e        0xc obj/lib/L4_IO/wireless/src/nrf24L01Plus.o
                0x00011f1e                nordic_set_tx_address
 .text.nordic_set_rx_pipe0_addr
                0x00011f2a        0xc obj/lib/L4_IO/wireless/src/nrf24L01Plus.o
                0x00011f2a                nordic_set_rx_pipe0_addr
 *fill*         0x00011f36        0x2 ff
 .text.nordic_init
                0x00011f38       0xc8 obj/lib/L4_IO/wireless/src/nrf24L01Plus.o
                0x00011f38                nordic_init
 .text.mesh_incr_soft_timers_for_arr
                0x00012000       0x26 obj/lib/L4_IO/wireless/src/mesh.o
 *fill*         0x00012026        0x2 ff
 .text.mesh_update_soft_timers
                0x00012028       0x4c obj/lib/L4_IO/wireless/src/mesh.o
 .text.mesh_send_packet
                0x00012074       0x3c obj/lib/L4_IO/wireless/src/mesh.o
 .text.mesh_send_retry_packet
                0x000120b0       0x34 obj/lib/L4_IO/wireless/src/mesh.o
 .text.mesh_find_rte_tbl_entry
                0x000120e4       0x24 obj/lib/L4_IO/wireless/src/mesh.o
 .text.mesh_update_rte_scores
                0x00012108       0x28 obj/lib/L4_IO/wireless/src/mesh.o
 .text.mesh_get_pnd_pkt_slot
                0x00012130       0x42 obj/lib/L4_IO/wireless/src/mesh.o
 *fill*         0x00012172        0x2 ff
 .text.mesh_pending_packets_add
                0x00012174       0x90 obj/lib/L4_IO/wireless/src/mesh.o
 .text.mesh_get_rte_to_modify
                0x00012204       0x58 obj/lib/L4_IO/wireless/src/mesh.o
 .text.mesh_handle_pnd_pkts_for_arr
                0x0001225c      0x184 obj/lib/L4_IO/wireless/src/mesh.o
 .text.mesh_set_node_address
                0x000123e0       0x18 obj/lib/L4_IO/wireless/src/mesh.o
                0x000123e0                mesh_set_node_address
 .text.mesh_get_node_address
                0x000123f8        0xc obj/lib/L4_IO/wireless/src/mesh.o
                0x000123f8                mesh_get_node_address
 .text.mesh_set_retry_count
                0x00012404       0x10 obj/lib/L4_IO/wireless/src/mesh.o
                0x00012404                mesh_set_retry_count
 .text.mesh_form_pkt
                0x00012414      0x100 obj/lib/L4_IO/wireless/src/mesh.o
                0x00012414                mesh_form_pkt
 .text.mesh_send_formed_pkt
                0x00012514       0x50 obj/lib/L4_IO/wireless/src/mesh.o
                0x00012514                mesh_send_formed_pkt
 .text.mesh_init
                0x00012564      0x104 obj/lib/L4_IO/wireless/src/mesh.o
                0x00012564                mesh_init
 .text.mesh_send
                0x00012668       0x3c obj/lib/L4_IO/wireless/src/mesh.o
                0x00012668                mesh_send
 .text.mesh_send_ack
                0x000126a4       0x1a obj/lib/L4_IO/wireless/src/mesh.o
 *fill*         0x000126be        0x2 ff
 .text.mesh_get_routing_entry
                0x000126c0       0x2c obj/lib/L4_IO/wireless/src/mesh.o
                0x000126c0                mesh_get_routing_entry
 .text.mesh_get_num_routing_entries
                0x000126ec       0x1c obj/lib/L4_IO/wireless/src/mesh.o
                0x000126ec                mesh_get_num_routing_entries
 .text.mesh_service
                0x00012708      0x2c4 obj/lib/L4_IO/wireless/src/mesh.o
                0x00012708                mesh_service
 .text.mesh_get_pnd_pkt_count
                0x000129cc       0x34 obj/lib/L4_IO/wireless/src/mesh.o
                0x000129cc                mesh_get_pnd_pkt_count
 .text.mesh_get_max_timeout_before_packet_fails
                0x00012a00       0x24 obj/lib/L4_IO/wireless/src/mesh.o
                0x00012a00                mesh_get_max_timeout_before_packet_fails
 .text.mesh_get_stats
                0x00012a24       0x14 obj/lib/L4_IO/wireless/src/mesh.o
                0x00012a24                mesh_get_stats
 .text.get_fattime
                0x00012a38       0x52 obj/lib/L4_IO/fat/fatfs_time.o
                0x00012a38                get_fattime
 .text.mem_cpy  0x00012a8a       0x38 obj/lib/L4_IO/fat/ff.o
 .text.mem_set  0x00012ac2        0xe obj/lib/L4_IO/fat/ff.o
 .text.sum_sfn  0x00012ad0       0x1e obj/lib/L4_IO/fat/ff.o
 .text.get_ldnumber
                0x00012aee       0x3c obj/lib/L4_IO/fat/ff.o
 .text.get_fileinfo
                0x00012b2a       0xc4 obj/lib/L4_IO/fat/ff.o
 .text.sync_window.part.1
                0x00012bee       0x46 obj/lib/L4_IO/fat/ff.o
 .text.sync_window
                0x00012c34        0xc obj/lib/L4_IO/fat/ff.o
 .text.sync_fs  0x00012c40       0x74 obj/lib/L4_IO/fat/ff.o
 .text.move_window
                0x00012cb4       0x34 obj/lib/L4_IO/fat/ff.o
 .text.check_fs
                0x00012ce8       0x4c obj/lib/L4_IO/fat/ff.o
 .text.find_volume
                0x00012d34      0x23c obj/lib/L4_IO/fat/ff.o
 .text.validate
                0x00012f70       0x3a obj/lib/L4_IO/fat/ff.o
 .text.unlock_fs
                0x00012faa       0x1a obj/lib/L4_IO/fat/ff.o
 .text.clust2sect
                0x00012fc4       0x16 obj/lib/L4_IO/fat/ff.o
                0x00012fc4                clust2sect
 .text.get_fat  0x00012fda       0xa6 obj/lib/L4_IO/fat/ff.o
                0x00012fda                get_fat
 .text.dir_sdi  0x00013080       0x7e obj/lib/L4_IO/fat/ff.o
 .text.put_fat  0x000130fe       0xd0 obj/lib/L4_IO/fat/ff.o
                0x000130fe                put_fat
 .text.create_chain
                0x000131ce       0xa2 obj/lib/L4_IO/fat/ff.o
 .text.dir_next
                0x00013270       0xee obj/lib/L4_IO/fat/ff.o
 *fill*         0x0001335e        0x2 ff
 .text.dir_find.part.9
                0x00013360      0x124 obj/lib/L4_IO/fat/ff.o
 .text.follow_path
                0x00013484      0x268 obj/lib/L4_IO/fat/ff.o
 .text.dir_register
                0x000136ec      0x224 obj/lib/L4_IO/fat/ff.o
 .text.dir_remove
                0x00013910       0x5a obj/lib/L4_IO/fat/ff.o
 *fill*         0x0001396a        0x2 ff
 .text.dir_read.constprop.11
                0x0001396c       0xe8 obj/lib/L4_IO/fat/ff.o
 .text.remove_chain
                0x00013a54       0x58 obj/lib/L4_IO/fat/ff.o
 .text.f_mount  0x00013aac       0x7c obj/lib/L4_IO/fat/ff.o
                0x00013aac                f_mount
 .text.f_open   0x00013b28      0x134 obj/lib/L4_IO/fat/ff.o
                0x00013b28                f_open
 .text.f_read   0x00013c5c      0x170 obj/lib/L4_IO/fat/ff.o
                0x00013c5c                f_read
 .text.f_write  0x00013dcc      0x1a2 obj/lib/L4_IO/fat/ff.o
                0x00013dcc                f_write
 .text.f_sync   0x00013f6e       0x8c obj/lib/L4_IO/fat/ff.o
                0x00013f6e                f_sync
 .text.f_close  0x00013ffa       0x24 obj/lib/L4_IO/fat/ff.o
                0x00013ffa                f_close
 .text.f_lseek  0x0001401e      0x14e obj/lib/L4_IO/fat/ff.o
                0x0001401e                f_lseek
 .text.f_opendir
                0x0001416c       0x88 obj/lib/L4_IO/fat/ff.o
                0x0001416c                f_opendir
 .text.f_readdir
                0x000141f4       0x5e obj/lib/L4_IO/fat/ff.o
                0x000141f4                f_readdir
 .text.f_getfree
                0x00014252       0xca obj/lib/L4_IO/fat/ff.o
                0x00014252                f_getfree
 .text.f_unlink
                0x0001431c       0xba obj/lib/L4_IO/fat/ff.o
                0x0001431c                f_unlink
 .text.f_mkdir  0x000143d6      0x152 obj/lib/L4_IO/fat/ff.o
                0x000143d6                f_mkdir
 .text.f_rename
                0x00014528      0x120 obj/lib/L4_IO/fat/ff.o
                0x00014528                f_rename
 .text.f_mkfs   0x00014648      0x4ec obj/lib/L4_IO/fat/ff.o
                0x00014648                f_mkfs
 .text.ff_cre_syncobj
                0x00014b34       0x14 obj/lib/L4_IO/fat/option/reentrant.o
                0x00014b34                ff_cre_syncobj
 .text.ff_del_syncobj
                0x00014b48        0x4 obj/lib/L4_IO/fat/option/reentrant.o
                0x00014b48                ff_del_syncobj
 .text.ff_req_grant
                0x00014b4c       0x26 obj/lib/L4_IO/fat/option/reentrant.o
                0x00014b4c                ff_req_grant
 .text.ff_rel_grant
                0x00014b72       0x1e obj/lib/L4_IO/fat/option/reentrant.o
                0x00014b72                ff_rel_grant
 .text.ff_convert
                0x00014b90       0x3c obj/lib/L4_IO/fat/option/ccsbcs.o
                0x00014b90                ff_convert
 .text.ff_wtoupper
                0x00014bcc       0x24 obj/lib/L4_IO/fat/option/ccsbcs.o
                0x00014bcc                ff_wtoupper
 .text._ZL24flash_get_mem_size_bytesv
                0x00014bf0       0x20 obj/lib/L4_IO/fat/disk/spi_flash.o
 .text._ZL37flash_perform_page_io_of_fatfs_sectorPFvPhmmES_m
                0x00014c10       0x74 obj/lib/L4_IO/fat/disk/spi_flash.o
 .text.ssp1_exchange_data
                0x00014c84       0xc4 obj/lib/L4_IO/fat/disk/spi_flash.o
 .text._ZL18flash_send_op_addr14flash_opcode_tm
                0x00014d48       0x26 obj/lib/L4_IO/fat/disk/spi_flash.o
 *fill*         0x00014d6e        0x2 ff
 .text._ZL15flash_read_pagePhmm
                0x00014d70       0x44 obj/lib/L4_IO/fat/disk/spi_flash.o
 .text._ZL20flash_wait_for_readyv
                0x00014db4       0x44 obj/lib/L4_IO/fat/disk/spi_flash.o
 .text.flash_initialize
                0x00014df8       0x98 obj/lib/L4_IO/fat/disk/spi_flash.o
                0x00014df8                flash_initialize
 .text.flash_read_sectors
                0x00014e90       0x44 obj/lib/L4_IO/fat/disk/spi_flash.o
                0x00014e90                flash_read_sectors
 .text.flash_write_sectors
                0x00014ed4       0x40 obj/lib/L4_IO/fat/disk/spi_flash.o
                0x00014ed4                flash_write_sectors
 .text.flash_ioctl
                0x00014f14       0x36 obj/lib/L4_IO/fat/disk/spi_flash.o
                0x00014f14                flash_ioctl
 *fill*         0x00014f4a        0x2 ff
 .text.flash_write_permanent_id
                0x00014f4c       0x44 obj/lib/L4_IO/fat/disk/spi_flash.o
                0x00014f4c                flash_write_permanent_id
 .text.flash_read_permanent_id
                0x00014f90       0x28 obj/lib/L4_IO/fat/disk/spi_flash.o
                0x00014f90                flash_read_permanent_id
 .text.flash_get_page_count
                0x00014fb8       0x20 obj/lib/L4_IO/fat/disk/spi_flash.o
                0x00014fb8                flash_get_page_count
 .text.flash_get_page_size
                0x00014fd8        0xc obj/lib/L4_IO/fat/disk/spi_flash.o
                0x00014fd8                flash_get_page_size
 .text.flash_supports_metadata
                0x00014fe4       0x10 obj/lib/L4_IO/fat/disk/spi_flash.o
                0x00014fe4                flash_supports_metadata
 .text._ZL16flash_write_pagePhmm
                0x00014ff4       0x8c obj/lib/L4_IO/fat/disk/spi_flash.o
 .text.flash_get_page_write_count
                0x00015080       0x54 obj/lib/L4_IO/fat/disk/spi_flash.o
                0x00015080                flash_get_page_write_count
 .text.flash_chip_erase
                0x000150d4       0x2c obj/lib/L4_IO/fat/disk/spi_flash.o
                0x000150d4                flash_chip_erase
 .text.sys_get_uptime_ms
                0x00015100       0x12 obj/lib/L4_IO/fat/disk/sd.o
 *fill*         0x00015112        0x2 ff
 .text.ssp1_set_max_clock
                0x00015114       0x30 obj/lib/L4_IO/fat/disk/sd.o
 .text.ssp1_exchange_byte
                0x00015144       0x18 obj/lib/L4_IO/fat/disk/sd.o
 .text.wait_ready
                0x0001515c       0x2e obj/lib/L4_IO/fat/disk/sd.o
                0x0001515c                wait_ready
 *fill*         0x0001518a        0x2 ff
 .text.power_off
                0x0001518c       0x24 obj/lib/L4_IO/fat/disk/sd.o
                0x0001518c                power_off
 .text.rcvr_datablock
                0x000151b0       0x8c obj/lib/L4_IO/fat/disk/sd.o
                0x000151b0                rcvr_datablock
 .text.xmit_datablock
                0x0001523c       0x4c obj/lib/L4_IO/fat/disk/sd.o
                0x0001523c                xmit_datablock
 .text.send_cmd
                0x00015288       0x90 obj/lib/L4_IO/fat/disk/sd.o
                0x00015288                send_cmd
 .text.sd_update_card_status
                0x00015318       0x24 obj/lib/L4_IO/fat/disk/sd.o
                0x00015318                sd_update_card_status
 .text.sd_initialize
                0x0001533c      0x170 obj/lib/L4_IO/fat/disk/sd.o
                0x0001533c                sd_initialize
 .text.sd_status
                0x000154ac       0x10 obj/lib/L4_IO/fat/disk/sd.o
                0x000154ac                sd_status
 .text.sd_read  0x000154bc       0x98 obj/lib/L4_IO/fat/disk/sd.o
                0x000154bc                sd_read
 .text.sd_write
                0x00015554       0xb4 obj/lib/L4_IO/fat/disk/sd.o
                0x00015554                sd_write
 .text.sd_ioctl
                0x00015608      0x234 obj/lib/L4_IO/fat/disk/sd.o
                0x00015608                sd_ioctl
 .text.disk_initialize
                0x0001583c       0x26 obj/lib/L4_IO/fat/disk/diskio.o
                0x0001583c                disk_initialize
 .text.disk_status
                0x00015862       0x10 obj/lib/L4_IO/fat/disk/diskio.o
                0x00015862                disk_status
 .text.disk_read
                0x00015872       0x38 obj/lib/L4_IO/fat/disk/diskio.o
                0x00015872                disk_read
 .text.disk_write
                0x000158aa       0x38 obj/lib/L4_IO/fat/disk/diskio.o
                0x000158aa                disk_write
 .text.disk_ioctl
                0x000158e2       0x32 obj/lib/L4_IO/fat/disk/diskio.o
                0x000158e2                disk_ioctl
 .text._ZN7Storage4copyEPKcS1_PjS2_S2_
                0x00015914       0xf4 obj/lib/L4_IO/src/storage.o
                0x00015914                Storage::copy(char const*, char const*, unsigned int*, unsigned int*, unsigned int*)
 .text._ZN7Storage4readEPKcPvjj
                0x00015a08       0x44 obj/lib/L4_IO/src/storage.o
                0x00015a08                Storage::read(char const*, void*, unsigned int, unsigned int)
 .text._ZN7Storage5writeEPKcPvjj
                0x00015a4c       0x44 obj/lib/L4_IO/src/storage.o
                0x00015a4c                Storage::write(char const*, void*, unsigned int, unsigned int)
 .text._ZN7Storage6appendEPKcPKvjj
                0x00015a90       0x48 obj/lib/L4_IO/src/storage.o
                0x00015a90                Storage::append(char const*, void const*, unsigned int, unsigned int)
 .text._ZN11i2c2_device8writeRegEhh
                0x00015ad8        0xc obj/lib/L4_IO/src/io_source.o
                0x00015ad8                i2c2_device::writeReg(unsigned char, unsigned char)
 .text._ZN11i2c2_device16get16BitRegisterEh
                0x00015ae4       0x2a obj/lib/L4_IO/src/io_source.o
                0x00015ae4                i2c2_device::get16BitRegister(unsigned char)
 .text._ZN19Acceleration_Sensor4initEv
                0x00015b0e       0x20 obj/lib/L4_IO/src/io_source.o
                0x00015b0e                Acceleration_Sensor::init()
 *fill*         0x00015b2e        0x2 ff
 .text._ZN9IR_Sensor11storeIrCodeEm
                0x00015b30       0x1c obj/lib/L4_IO/src/io_source.o
                0x00015b30                IR_Sensor::storeIrCode(unsigned long)
 .text._ZN9IR_Sensor12decodeIrCodeEv
                0x00015b4c       0x64 obj/lib/L4_IO/src/io_source.o
                0x00015b4c                IR_Sensor::decodeIrCode()
 .text._ZN9IR_Sensor4initEv
                0x00015bb0       0x34 obj/lib/L4_IO/src/io_source.o
                0x00015bb0                IR_Sensor::init()
 .text._ZN11LED_Display12setLeftDigitEc
                0x00015be4       0x18 obj/lib/L4_IO/src/io_source.o
                0x00015be4                LED_Display::setLeftDigit(char)
 .text._ZN11LED_Display13setRightDigitEc
                0x00015bfc       0x18 obj/lib/L4_IO/src/io_source.o
                0x00015bfc                LED_Display::setRightDigit(char)
 .text._ZN11LED_Display4initEv
                0x00015c14       0x38 obj/lib/L4_IO/src/io_source.o
                0x00015c14                LED_Display::init()
 .text._ZN11LED_Display9setNumberEc
                0x00015c4c       0x3a obj/lib/L4_IO/src/io_source.o
                0x00015c4c                LED_Display::setNumber(char)
 .text._ZN3LED4initEv
                0x00015c86        0x4 obj/lib/L4_IO/src/io_source.o
                0x00015c86                LED::init()
 *fill*         0x00015c8a        0x2 ff
 .text._ZN3LED6setAllEh
                0x00015c8c       0x5c obj/lib/L4_IO/src/io_source.o
                0x00015c8c                LED::setAll(unsigned char)
 .text._ZN12Light_Sensor4initEv
                0x00015ce8        0x4 obj/lib/L4_IO/src/io_source.o
                0x00015ce8                Light_Sensor::init()
 .text._ZN12Light_Sensor11getRawValueEv
                0x00015cec        0x6 obj/lib/L4_IO/src/io_source.o
                0x00015cec                Light_Sensor::getRawValue()
 .text._ZN8Switches4initEv
                0x00015cf2        0x4 obj/lib/L4_IO/src/io_source.o
                0x00015cf2                Switches::init()
 *fill*         0x00015cf6        0x2 ff
 .text._ZN8Switches15getSwitchValuesEv
                0x00015cf8       0x18 obj/lib/L4_IO/src/io_source.o
                0x00015cf8                Switches::getSwitchValues()
 .text._ZN8Switches9getSwitchEi
                0x00015d10       0x18 obj/lib/L4_IO/src/io_source.o
                0x00015d10                Switches::getSwitch(int)
 .text._ZN8I2C_Temp4initEv
                0x00015d28       0x22 obj/lib/L4_IO/src/io_source.o
                0x00015d28                I2C_Temp::init()
 .text._ZN8I2C_Temp10getCelsiusEv
                0x00015d4a       0x30 obj/lib/L4_IO/src/io_source.o
                0x00015d4a                I2C_Temp::getCelsius()
 *fill*         0x00015d7a        0x2 ff
 .text._ZN8I2C_Temp12getFarenheitEv
                0x00015d7c       0x24 obj/lib/L4_IO/src/io_source.o
                0x00015d7c                I2C_Temp::getFarenheit()
 .text.delay_us
                0x00015da0       0x1c obj/lib/L3_Utils/src/utilities.o
                0x00015da0                delay_us
 .text.is_freertos_running
                0x00015dbc        0xe obj/lib/L3_Utils/src/utilities.o
                0x00015dbc                is_freertos_running
 .text.delay_ms
                0x00015dca       0x22 obj/lib/L3_Utils/src/utilities.o
                0x00015dca                delay_ms
 .text._ZN3strC2EPci
                0x00015dec       0x2a obj/lib/L3_Utils/src/str.o
                0x00015dec                str::str(char*, int)
                0x00015dec                str::str(char*, int)
 .text._ZN3strD2Ev
                0x00015e16       0x24 obj/lib/L3_Utils/src/str.o
                0x00015e16                str::~str()
                0x00015e16                str::~str()
 .text._ZNK3str6getLenEv
                0x00015e3a        0x6 obj/lib/L3_Utils/src/str.o
                0x00015e3a                str::getLen() const
 .text._ZNK3str11getCapacityEv
                0x00015e40        0x4 obj/lib/L3_Utils/src/str.o
                0x00015e40                str::getCapacity() const
 .text._ZN3str5clearEv
                0x00015e44        0x8 obj/lib/L3_Utils/src/str.o
                0x00015e44                str::clear()
 .text._ZN3str5scanfEPKcz
                0x00015e4c       0x1c obj/lib/L3_Utils/src/str.o
                0x00015e4c                str::scanf(char const*, ...)
 .text._ZN3str8tokenizeEPKciz
                0x00015e68       0x4c obj/lib/L3_Utils/src/str.o
                0x00015e68                str::tokenize(char const*, int, ...)
 .text._ZNK3str9compareToEPKc
                0x00015eb4       0x14 obj/lib/L3_Utils/src/str.o
                0x00015eb4                str::compareTo(char const*) const
 .text._ZNK3str19compareToIgnoreCaseEPKc
                0x00015ec8       0x10 obj/lib/L3_Utils/src/str.o
                0x00015ec8                str::compareToIgnoreCase(char const*) const
 .text._ZNK3str22firstIndexOfIgnoreCaseEPKc
                0x00015ed8       0x80 obj/lib/L3_Utils/src/str.o
                0x00015ed8                str::firstIndexOfIgnoreCase(char const*) const
 .text._ZNK3str18containsIgnoreCaseEPKc
                0x00015f58        0xe obj/lib/L3_Utils/src/str.o
                0x00015f58                str::containsIgnoreCase(char const*) const
 .text._ZNK3str12firstIndexOfEPKc
                0x00015f66       0x16 obj/lib/L3_Utils/src/str.o
                0x00015f66                str::firstIndexOf(char const*) const
 .text._ZNK3str10beginsWithEPKc
                0x00015f7c       0x2e obj/lib/L3_Utils/src/str.o
                0x00015f7c                str::beginsWith(char const*) const
 .text._ZNK3str20beginsWithIgnoreCaseEPKc
                0x00015faa       0x2e obj/lib/L3_Utils/src/str.o
                0x00015faa                str::beginsWithIgnoreCase(char const*) const
 .text._ZNK3str29beginsWithWholeWordIgnoreCaseEPKcc
                0x00015fd8       0x38 obj/lib/L3_Utils/src/str.o
                0x00015fd8                str::beginsWithWholeWordIgnoreCase(char const*, char) const
 .text._ZN3str10eraseFirstEi
                0x00016010       0x28 obj/lib/L3_Utils/src/str.o
                0x00016010                str::eraseFirst(int)
 .text._ZN3str9eraseLastEi
                0x00016038       0x20 obj/lib/L3_Utils/src/str.o
                0x00016038                str::eraseLast(int)
 .text._ZN3str10eraseAfterEii
                0x00016058       0x38 obj/lib/L3_Utils/src/str.o
                0x00016058                str::eraseAfter(int, int)
 .text._ZN3str5eraseEPKc
                0x00016090       0x28 obj/lib/L3_Utils/src/str.o
                0x00016090                str::erase(char const*)
 .text._ZN3str15eraseFirstWordsEic
                0x000160b8       0x2a obj/lib/L3_Utils/src/str.o
                0x000160b8                str::eraseFirstWords(int, char)
 .text._ZN3str9trimStartEPKc
                0x000160e2       0x40 obj/lib/L3_Utils/src/str.o
                0x000160e2                str::trimStart(char const*)
 .text._ZN3str7trimEndEPKc
                0x00016122       0x3a obj/lib/L3_Utils/src/str.o
                0x00016122                str::trimEnd(char const*)
 .text._ZNK3streqEPKc
                0x0001615c        0x4 obj/lib/L3_Utils/src/str.o
                0x0001615c                str::operator==(char const*) const
 .text._ZNK3strclEv
                0x00016160        0x4 obj/lib/L3_Utils/src/str.o
                0x00016160                str::operator()() const
 .text._ZNK3strcviEv
                0x00016164        0x6 obj/lib/L3_Utils/src/str.o
                0x00016164                str::operator int() const
 .text._ZN3strixEi
                0x0001616a       0x14 obj/lib/L3_Utils/src/str.o
                0x0001616a                str::operator[](int)
 .text._ZN3str13reAllocateMemEi
                0x0001617e       0x4c obj/lib/L3_Utils/src/str.o
                0x0001617e                str::reAllocateMem(int)
 .text._ZN3str4initEi
                0x000161ca       0x10 obj/lib/L3_Utils/src/str.o
                0x000161ca                str::init(int)
 .text._ZN3strC2Ei
                0x000161da        0xc obj/lib/L3_Utils/src/str.o
                0x000161da                str::str(int)
                0x000161da                str::str(int)
 .text._ZN3str7reserveEi
                0x000161e6        0xe obj/lib/L3_Utils/src/str.o
                0x000161e6                str::reserve(int)
 .text._ZN3str6printfEPKcz
                0x000161f4       0x42 obj/lib/L3_Utils/src/str.o
                0x000161f4                str::printf(char const*, ...)
 .text._ZN3str26ensureMemoryToInsertNCharsEi
                0x00016236       0x22 obj/lib/L3_Utils/src/str.o
                0x00016236                str::ensureMemoryToInsertNChars(int)
 .text._ZN3str11insertAtEndEPKc
                0x00016258       0x22 obj/lib/L3_Utils/src/str.o
                0x00016258                str::insertAtEnd(char const*)
 .text._ZN3strpLEc
                0x0001627a       0x1a obj/lib/L3_Utils/src/str.o
                0x0001627a                str::operator+=(char)
 .text._ZN3str8copyFromEPKc
                0x00016294       0x3c obj/lib/L3_Utils/src/str.o
                0x00016294                str::copyFrom(char const*)
 .text._ZN3straSEPKc
                0x000162d0        0x4 obj/lib/L3_Utils/src/str.o
                0x000162d0                str::operator=(char const*)
 .text._ZN14scheduler_task4initEv
                0x000162d4        0x4 obj/lib/L3_Utils/src/scheduler_task.o
                0x000162d4                scheduler_task::init()
 .text._ZN14scheduler_task6regTlmEv
                0x000162d8        0x4 obj/lib/L3_Utils/src/scheduler_task.o
                0x000162d8                scheduler_task::regTlm()
 .text._ZN14scheduler_task9taskEntryEv
                0x000162dc        0x4 obj/lib/L3_Utils/src/scheduler_task.o
                0x000162dc                scheduler_task::taskEntry()
 .text.__sputc_r
                0x000162e0       0x2c obj/lib/L3_Utils/src/scheduler_task.o
 .text._ZL9dbg_printPKcS0_
                0x0001630c       0x34 obj/lib/L3_Utils/src/scheduler_task.o
 .text._ZL9printlinePKcS0_
                0x00016340       0x38 obj/lib/L3_Utils/src/scheduler_task.o
 .text._Z24scheduler_c_task_privatePv
                0x00016378      0x120 obj/lib/L3_Utils/src/scheduler_task.o
                0x00016378                scheduler_c_task_private(void*)
 .text._Z18scheduler_init_allb
                0x00016498       0xec obj/lib/L3_Utils/src/scheduler_task.o
                0x00016498                scheduler_init_all(bool)
 .text._Z18scheduler_add_taskP14scheduler_task
                0x00016584       0x1c obj/lib/L3_Utils/src/scheduler_task.o
                0x00016584                scheduler_add_task(scheduler_task*)
 .text._Z15scheduler_startbb
                0x000165a0       0x40 obj/lib/L3_Utils/src/scheduler_task.o
                0x000165a0                scheduler_start(bool, bool)
 .text._ZN14scheduler_taskC2EPKcmhPv
                0x000165e0       0x34 obj/lib/L3_Utils/src/scheduler_task.o
                0x000165e0                scheduler_task::scheduler_task(char const*, unsigned long, unsigned char, void*)
                0x000165e0                scheduler_task::scheduler_task(char const*, unsigned long, unsigned char, void*)
 .text._ZN14scheduler_task15getSharedObjectEh
                0x00016614       0x18 obj/lib/L3_Utils/src/scheduler_task.o
                0x00016614                scheduler_task::getSharedObject(unsigned char)
 .text.c_list_for_each_elm
                0x0001662c       0x2a obj/lib/L3_Utils/src/c_list.o
                0x0001662c                c_list_for_each_elm
 *fill*         0x00016656        0x2 ff
 .text._ZN16CommandProcessor10addHandlerEPFbR3strR7CharDevPvEPKcS8_S4_
                0x00016658       0x7c obj/lib/L3_Utils/src/command_handler.o
                0x00016658                CommandProcessor::addHandler(bool (*)(str&, CharDev&, void*), char const*, char const*, void*)
 .text._ZN16CommandProcessor24getRegisteredCommandListER7CharDev
                0x000166d4       0x98 obj/lib/L3_Utils/src/command_handler.o
                0x000166d4                CommandProcessor::getRegisteredCommandList(CharDev&)
 .text._ZN16CommandProcessor11getHelpTextER3strR7CharDev
                0x0001676c       0x70 obj/lib/L3_Utils/src/command_handler.o
                0x0001676c                CommandProcessor::getHelpText(str&, CharDev&)
 .text._ZN16CommandProcessor15prepareCmdParamER3strPKc
                0x000167dc       0x3c obj/lib/L3_Utils/src/command_handler.o
                0x000167dc                CommandProcessor::prepareCmdParam(str&, char const*)
 .text._ZN16CommandProcessor13handleCommandER3strR7CharDev
                0x00016818      0x14c obj/lib/L3_Utils/src/command_handler.o
                0x00016818                CommandProcessor::handleCommand(str&, CharDev&)
 .text.for_each_recur_alarm_callback
                0x00016964       0x24 obj/lib/L3_Utils/src/rtc_alarm.o
 .text.for_each_alarm_callback
                0x00016988       0x5a obj/lib/L3_Utils/src/rtc_alarm.o
 *fill*         0x000169e2        0x2 ff
 .text.RTC_IRQHandler
                0x000169e4       0xac obj/lib/L3_Utils/src/rtc_alarm.o
                0x000169e4                RTC_IRQHandler
 .text.u0_dbg_put
                0x00016a90       0x1e obj/lib/L3_Utils/src/printf_lib.o
                0x00016a90                u0_dbg_put
 .text.u0_dbg_printf
                0x00016aae       0x3c obj/lib/L3_Utils/src/printf_lib.o
                0x00016aae                u0_dbg_printf
 *fill*         0x00016aea        0x2 ff
 .text.logger_get_buffer_ptr
                0x00016aec       0x44 obj/lib/L3_Utils/src/file_logger.o
 .text.logger_write_to_file
                0x00016b30       0xb4 obj/lib/L3_Utils/src/file_logger.o
 .text.logger_task
                0x00016be4       0xd0 obj/lib/L3_Utils/src/file_logger.o
 .text.logger_write_log_message
                0x00016cb4       0x48 obj/lib/L3_Utils/src/file_logger.o
 .text.logger_send_flush_request
                0x00016cfc       0x34 obj/lib/L3_Utils/src/file_logger.o
                0x00016cfc                logger_send_flush_request
 .text.logger_get_logged_call_count
                0x00016d30       0x14 obj/lib/L3_Utils/src/file_logger.o
                0x00016d30                logger_get_logged_call_count
 .text.logger_get_blocked_call_count
                0x00016d44        0xc obj/lib/L3_Utils/src/file_logger.o
                0x00016d44                logger_get_blocked_call_count
 .text.logger_get_highest_file_write_time_ms
                0x00016d50        0xc obj/lib/L3_Utils/src/file_logger.o
                0x00016d50                logger_get_highest_file_write_time_ms
 .text.logger_get_num_buffers_watermark
                0x00016d5c        0xc obj/lib/L3_Utils/src/file_logger.o
                0x00016d5c                logger_get_num_buffers_watermark
 .text.logger_init
                0x00016d68       0xd4 obj/lib/L3_Utils/src/file_logger.o
                0x00016d68                logger_init
 .text.logger_set_printf
                0x00016e3c       0x1c obj/lib/L3_Utils/src/file_logger.o
                0x00016e3c                logger_set_printf
 .text.logger_log
                0x00016e58      0x134 obj/lib/L3_Utils/src/file_logger.o
                0x00016e58                logger_log
 .text.logger_log_raw
                0x00016f8c       0x40 obj/lib/L3_Utils/src/file_logger.o
                0x00016f8c                logger_log_raw
 .text.rts_not_full_trace_init
                0x00016fcc       0x14 obj/lib/L1_FreeRTOS/portable/run_time_stats.o
                0x00016fcc                rts_not_full_trace_init
 .text.rts_not_full_trace_get
                0x00016fe0       0x14 obj/lib/L1_FreeRTOS/portable/run_time_stats.o
                0x00016fe0                rts_not_full_trace_get
 .text.prvTaskExitError
                0x00016ff4       0x12 obj/lib/L1_FreeRTOS/portable/no_mpu/port.o
 *fill*         0x00017006        0x2 ff
 .text.prvPortStartFirstTask
                0x00017008       0x20 obj/lib/L1_FreeRTOS/portable/no_mpu/port.o
 .text.pxPortInitialiseStack
                0x00017028       0x24 obj/lib/L1_FreeRTOS/portable/no_mpu/port.o
                0x00017028                pxPortInitialiseStack
 *fill*         0x0001704c        0x4 ff
 .text.vPortSVCHandler
                0x00017050       0x24 obj/lib/L1_FreeRTOS/portable/no_mpu/port.o
                0x00017050                vPortSVCHandler
 .text.vPortEndScheduler
                0x00017074        0x2 obj/lib/L1_FreeRTOS/portable/no_mpu/port.o
                0x00017074                vPortEndScheduler
 *fill*         0x00017076        0x2 ff
 .text.vPortEnterCritical
                0x00017078       0x20 obj/lib/L1_FreeRTOS/portable/no_mpu/port.o
                0x00017078                vPortEnterCritical
 .text.vPortExitCritical
                0x00017098       0x14 obj/lib/L1_FreeRTOS/portable/no_mpu/port.o
                0x00017098                vPortExitCritical
 *fill*         0x000170ac        0x4 ff
 .text.xPortPendSVHandler
                0x000170b0       0x44 obj/lib/L1_FreeRTOS/portable/no_mpu/port.o
                0x000170b0                xPortPendSVHandler
 .text.xPortSysTickHandler
                0x000170f4       0x2c obj/lib/L1_FreeRTOS/portable/no_mpu/port.o
                0x000170f4                xPortSysTickHandler
 .text.vPortSetupTimerInterrupt
                0x00017120       0x14 obj/lib/L1_FreeRTOS/portable/no_mpu/port.o
                0x00017120                vPortSetupTimerInterrupt
 .text.xPortStartScheduler
                0x00017134       0x30 obj/lib/L1_FreeRTOS/portable/no_mpu/port.o
                0x00017134                xPortStartScheduler
 .text.pvPortMalloc
                0x00017164       0x1e obj/lib/L1_FreeRTOS/MemMang/freertos_mem_man.o
                0x00017164                pvPortMalloc
 .text.vPortFree
                0x00017182       0x1a obj/lib/L1_FreeRTOS/MemMang/freertos_mem_man.o
                0x00017182                vPortFree
 .text.vApplicationIdleHook
                0x0001719c        0x4 obj/lib/L1_FreeRTOS/hooks/hooks.o
                0x0001719c                vApplicationIdleHook
 .text.vApplicationStackOverflowHook
                0x000171a0       0x38 obj/lib/L1_FreeRTOS/hooks/hooks.o
                0x000171a0                vApplicationStackOverflowHook
 .text.vApplicationMallocFailedHook
                0x000171d8       0x24 obj/lib/L1_FreeRTOS/hooks/hooks.o
                0x000171d8                vApplicationMallocFailedHook
 .text.prvIdleTask
                0x000171fc       0x28 obj/lib/L1_FreeRTOS/src/tasks.o
 .text.prvResetNextTaskUnblockTime
                0x00017224       0x24 obj/lib/L1_FreeRTOS/src/tasks.o
 .text.prvAddCurrentTaskToDelayedList
                0x00017248       0x90 obj/lib/L1_FreeRTOS/src/tasks.o
 .text.xTaskCreate
                0x000172d8      0x1a4 obj/lib/L1_FreeRTOS/src/tasks.o
                0x000172d8                xTaskCreate
 .text.vTaskStartScheduler
                0x0001747c       0x64 obj/lib/L1_FreeRTOS/src/tasks.o
                0x0001747c                vTaskStartScheduler
 .text.vTaskEndScheduler
                0x000174e0       0x20 obj/lib/L1_FreeRTOS/src/tasks.o
                0x000174e0                vTaskEndScheduler
 .text.vTaskSuspendAll
                0x00017500       0x10 obj/lib/L1_FreeRTOS/src/tasks.o
                0x00017500                vTaskSuspendAll
 .text.xTaskGetTickCount
                0x00017510        0xc obj/lib/L1_FreeRTOS/src/tasks.o
                0x00017510                xTaskGetTickCount
 .text.xTaskGetTickCountFromISR
                0x0001751c        0xc obj/lib/L1_FreeRTOS/src/tasks.o
                0x0001751c                xTaskGetTickCountFromISR
 .text.xTaskIncrementTick
                0x00017528      0x118 obj/lib/L1_FreeRTOS/src/tasks.o
                0x00017528                xTaskIncrementTick
 .text.xTaskResumeAll
                0x00017640       0xdc obj/lib/L1_FreeRTOS/src/tasks.o
                0x00017640                xTaskResumeAll
 .text.vTaskDelayUntil
                0x0001771c       0x58 obj/lib/L1_FreeRTOS/src/tasks.o
                0x0001771c                vTaskDelayUntil
 .text.vTaskDelay
                0x00017774       0x30 obj/lib/L1_FreeRTOS/src/tasks.o
                0x00017774                vTaskDelay
 .text.vTaskSwitchContext
                0x000177a4       0xb8 obj/lib/L1_FreeRTOS/src/tasks.o
                0x000177a4                vTaskSwitchContext
 .text.vTaskSuspend
                0x0001785c       0xb4 obj/lib/L1_FreeRTOS/src/tasks.o
                0x0001785c                vTaskSuspend
 .text.vTaskPlaceOnEventList
                0x00017910       0x20 obj/lib/L1_FreeRTOS/src/tasks.o
                0x00017910                vTaskPlaceOnEventList
 .text.xTaskRemoveFromEventList
                0x00017930       0x70 obj/lib/L1_FreeRTOS/src/tasks.o
                0x00017930                xTaskRemoveFromEventList
 .text.vTaskSetTimeOutState
                0x000179a0       0x18 obj/lib/L1_FreeRTOS/src/tasks.o
                0x000179a0                vTaskSetTimeOutState
 .text.xTaskCheckForTimeOut
                0x000179b8       0x4c obj/lib/L1_FreeRTOS/src/tasks.o
                0x000179b8                xTaskCheckForTimeOut
 .text.vTaskMissedYield
                0x00017a04        0xc obj/lib/L1_FreeRTOS/src/tasks.o
                0x00017a04                vTaskMissedYield
 .text.uxTaskGetStackHighWaterMark
                0x00017a10       0x20 obj/lib/L1_FreeRTOS/src/tasks.o
                0x00017a10                uxTaskGetStackHighWaterMark
 .text.xTaskGetSchedulerState
                0x00017a30       0x20 obj/lib/L1_FreeRTOS/src/tasks.o
                0x00017a30                xTaskGetSchedulerState
 .text.vTaskPriorityInherit
                0x00017a50       0x94 obj/lib/L1_FreeRTOS/src/tasks.o
                0x00017a50                vTaskPriorityInherit
 .text.xTaskPriorityDisinherit
                0x00017ae4       0x70 obj/lib/L1_FreeRTOS/src/tasks.o
                0x00017ae4                xTaskPriorityDisinherit
 .text.pvTaskIncrementMutexHeldCount
                0x00017b54       0x18 obj/lib/L1_FreeRTOS/src/tasks.o
                0x00017b54                pvTaskIncrementMutexHeldCount
 .text.vRunTimeStatIsrEntry
                0x00017b6c       0x28 obj/lib/L1_FreeRTOS/src/tasks.o
                0x00017b6c                vRunTimeStatIsrEntry
 .text.vRunTimeStatIsrExit
                0x00017b94       0x10 obj/lib/L1_FreeRTOS/src/tasks.o
                0x00017b94                vRunTimeStatIsrExit
 .text.vListInitialise
                0x00017ba4       0x16 obj/lib/L1_FreeRTOS/src/list.o
                0x00017ba4                vListInitialise
 .text.vListInitialiseItem
                0x00017bba        0x6 obj/lib/L1_FreeRTOS/src/list.o
                0x00017bba                vListInitialiseItem
 .text.vListInsertEnd
                0x00017bc0       0x18 obj/lib/L1_FreeRTOS/src/list.o
                0x00017bc0                vListInsertEnd
 .text.vListInsert
                0x00017bd8       0x30 obj/lib/L1_FreeRTOS/src/list.o
                0x00017bd8                vListInsert
 .text.uxListRemove
                0x00017c08       0x20 obj/lib/L1_FreeRTOS/src/list.o
                0x00017c08                uxListRemove
 .text.prvCopyDataToQueue
                0x00017c28       0x70 obj/lib/L1_FreeRTOS/src/queue.o
 .text.prvNotifyQueueSetContainer
                0x00017c98       0x4a obj/lib/L1_FreeRTOS/src/queue.o
 .text.prvCopyDataFromQueue
                0x00017ce2       0x28 obj/lib/L1_FreeRTOS/src/queue.o
 .text.prvUnlockQueue
                0x00017d0a       0x7c obj/lib/L1_FreeRTOS/src/queue.o
 *fill*         0x00017d86        0x2 ff
 .text.xQueueGenericReset
                0x00017d88       0x6c obj/lib/L1_FreeRTOS/src/queue.o
                0x00017d88                xQueueGenericReset
 .text.xQueueGenericCreate
                0x00017df4       0x32 obj/lib/L1_FreeRTOS/src/queue.o
                0x00017df4                xQueueGenericCreate
 .text.xQueueCreateCountingSemaphore
                0x00017e26       0x12 obj/lib/L1_FreeRTOS/src/queue.o
                0x00017e26                xQueueCreateCountingSemaphore
 .text.xQueueGenericSend
                0x00017e38      0x108 obj/lib/L1_FreeRTOS/src/queue.o
                0x00017e38                xQueueGenericSend
 .text.xQueueCreateMutex
                0x00017f40       0x24 obj/lib/L1_FreeRTOS/src/queue.o
                0x00017f40                xQueueCreateMutex
 .text.xQueueGenericSendFromISR
                0x00017f64       0x7c obj/lib/L1_FreeRTOS/src/queue.o
                0x00017f64                xQueueGenericSendFromISR
 .text.xQueueGiveFromISR
                0x00017fe0       0x62 obj/lib/L1_FreeRTOS/src/queue.o
                0x00017fe0                xQueueGiveFromISR
 *fill*         0x00018042        0x2 ff
 .text.xQueueGenericReceive
                0x00018044      0x134 obj/lib/L1_FreeRTOS/src/queue.o
                0x00018044                xQueueGenericReceive
 .text.xQueueReceiveFromISR
                0x00018178       0x64 obj/lib/L1_FreeRTOS/src/queue.o
                0x00018178                xQueueReceiveFromISR
 .text.uxQueueMessagesWaiting
                0x000181dc       0x12 obj/lib/L1_FreeRTOS/src/queue.o
                0x000181dc                uxQueueMessagesWaiting
 .text.uxQueueMessagesWaitingFromISR
                0x000181ee        0x4 obj/lib/L1_FreeRTOS/src/queue.o
                0x000181ee                uxQueueMessagesWaitingFromISR
 .text.xQueueSelectFromSet
                0x000181f2       0x18 obj/lib/L1_FreeRTOS/src/queue.o
                0x000181f2                xQueueSelectFromSet
 .text.__set_PSP
                0x0001820a        0x6 obj/lib/L0_LowLevel/source/core_cm3.o
                0x0001820a                __set_PSP
 .text.__set_MSP
                0x00018210        0x6 obj/lib/L0_LowLevel/source/core_cm3.o
                0x00018210                __set_MSP
 .text.__set_BASEPRI
                0x00018216        0x6 obj/lib/L0_LowLevel/source/core_cm3.o
                0x00018216                __set_BASEPRI
 .text.isr_forwarder_routine
                0x0001821c       0x3c obj/lib/L0_LowLevel/source/startup.o
 .text.isr_hard_fault_handler
                0x00018258       0x58 obj/lib/L0_LowLevel/source/startup.o
                0x00018258                isr_hard_fault_handler
 .text._ZL19sys_clock_pll0_feedv
                0x000182b0       0x14 obj/lib/L0_LowLevel/source/sys_clock.o
 .text._ZL23sys_clock_configure_plljjPiS_S_.constprop.0
                0x000182c4       0x78 obj/lib/L0_LowLevel/source/sys_clock.o
 .text._Z19sys_clock_configurev
                0x0001833c       0xb4 obj/lib/L0_LowLevel/source/sys_clock.o
                0x0001833c                sys_clock_configure()
 .text.sys_get_cpu_clock
                0x000183f0       0xa4 obj/lib/L0_LowLevel/source/sys_clock.o
                0x000183f0                sys_get_cpu_clock
 .text.sys_get_boot_type
                0x00018494        0xc obj/lib/L0_LowLevel/source/low_level_init.o
                0x00018494                sys_get_boot_type
 .text.sys_get_boot_time
                0x000184a0       0x14 obj/lib/L0_LowLevel/source/low_level_init.o
                0x000184a0                sys_get_boot_time
 .text._Z14low_level_initv
                0x000184b4      0x238 obj/lib/L0_LowLevel/source/low_level_init.o
                0x000184b4                low_level_init()
 .text.lpc_sys_setup_system_timer
                0x000186ec       0x54 obj/lib/L0_LowLevel/source/lpc_sys.o
                0x000186ec                lpc_sys_setup_system_timer
 .text.sys_get_uptime_us
                0x00018740       0x2c obj/lib/L0_LowLevel/source/lpc_sys.o
                0x00018740                sys_get_uptime_us
 .text.sys_get_mem_info_str
                0x0001876c       0x38 obj/lib/L0_LowLevel/source/lpc_sys.o
                0x0001876c                sys_get_mem_info_str
 .text._ZN17SingletonTemplateI9IR_SensorE11getInstanceEv
                0x000187a4       0x18 obj/lib/L0_LowLevel/source/lpc_sys.o
                0x000187a4                SingletonTemplate<IR_Sensor>::getInstance()
 .text.TIMER1_IRQHandler
                0x000187bc       0xbc obj/lib/L0_LowLevel/source/lpc_sys.o
                0x000187bc                TIMER1_IRQHandler
 .text.uart0_init
                0x00018878       0x60 obj/lib/L0_LowLevel/source/uart0_min.o
                0x00018878                uart0_init
 .text.uart0_getchar
                0x000188d8       0x18 obj/lib/L0_LowLevel/source/uart0_min.o
                0x000188d8                uart0_getchar
 .text.uart0_putchar
                0x000188f0       0x18 obj/lib/L0_LowLevel/source/uart0_min.o
                0x000188f0                uart0_putchar
 .text.uart0_puts
                0x00018908       0x1a obj/lib/L0_LowLevel/source/uart0_min.o
                0x00018908                uart0_puts
 *fill*         0x00018922        0x2 ff
 .text.lpc_pconp
                0x00018924       0x30 obj/lib/L0_LowLevel/source/lpc_peripherals.o
                0x00018924                lpc_pconp
 .text.lpc_pclk
                0x00018954       0x48 obj/lib/L0_LowLevel/source/lpc_peripherals.o
                0x00018954                lpc_pclk
 .text._ZN12terminalTask6regTlmEv
                0x0001899c        0x4 obj/CanBus/L5_Application/source/terminal.o
                0x0001899c                terminalTask::regTlm()
 .text._ZN12terminalTaskD2Ev
                0x000189a0       0x48 obj/CanBus/L5_Application/source/terminal.o
                0x000189a0                terminalTask::~terminalTask()
                0x000189a0                terminalTask::~terminalTask()
 .text._ZN12terminalTaskD0Ev
                0x000189e8       0x12 obj/CanBus/L5_Application/source/terminal.o
                0x000189e8                terminalTask::~terminalTask()
 .text._ZN6VECTORIN12terminalTask9cmdChan_tEE14changeCapacityEj.part.4
                0x000189fa       0x40 obj/CanBus/L5_Application/source/terminal.o
 *fill*         0x00018a3a        0x2 ff
 .text._ZN12terminalTaskC2Eh
                0x00018a3c       0xb0 obj/CanBus/L5_Application/source/terminal.o
                0x00018a3c                terminalTask::terminalTask(unsigned char)
                0x00018a3c                terminalTask::terminalTask(unsigned char)
 .text._ZN12terminalTask22handleEchoAndBackspaceEPNS_9cmdChan_tEc
                0x00018aec       0x74 obj/CanBus/L5_Application/source/terminal.o
                0x00018aec                terminalTask::handleEchoAndBackspace(terminalTask::cmdChan_t*, char)
 .text._ZN12terminalTask17addCommandChannelEP7CharDevb
                0x00018b60       0x40 obj/CanBus/L5_Application/source/terminal.o
                0x00018b60                terminalTask::addCommandChannel(CharDev*, bool)
 .text._ZN12terminalTask10getCommandEv
                0x00018ba0      0x124 obj/CanBus/L5_Application/source/terminal.o
                0x00018ba0                terminalTask::getCommand()
 .text._ZN12terminalTask3runEPv
                0x00018cc4       0x98 obj/CanBus/L5_Application/source/terminal.o
                0x00018cc4                terminalTask::run(void*)
 .text._ZN17SingletonTemplateI5Uart0E11getInstanceEv
                0x00018d5c       0x20 obj/CanBus/L5_Application/source/terminal.o
                0x00018d5c                SingletonTemplate<Uart0>::getInstance()
 .text._ZN5Uart017putcharIntrDrivenEc
                0x00018d7c       0x18 obj/CanBus/L5_Application/source/terminal.o
                0x00018d7c                Uart0::putcharIntrDriven(char)
 .text._ZN5Uart017getcharIntrDrivenEc
                0x00018d94       0x22 obj/CanBus/L5_Application/source/terminal.o
                0x00018d94                Uart0::getcharIntrDriven(char)
 *fill*         0x00018db6        0x2 ff
 .text._ZN12terminalTask9taskEntryEv
                0x00018db8      0x2b0 obj/CanBus/L5_Application/source/terminal.o
                0x00018db8                terminalTask::taskEntry()
 .text._ZL13wsAddrHandlerR3strR7CharDevPv
                0x00019068       0x34 obj/CanBus/L5_Application/source/cmd_handlers/wireless_handlers.o
 .text._ZL25wirelessHandlerPrintStatsR7CharDevP12mesh_stats_th.constprop.4
                0x0001909c       0x3c obj/CanBus/L5_Application/source/cmd_handlers/wireless_handlers.o
 .text._ZL11wsTxHandlerR3strR7CharDevPv
                0x000190d8      0x114 obj/CanBus/L5_Application/source/cmd_handlers/wireless_handlers.o
 .text._ZL14wsStatsHandlerR3strR7CharDevPv
                0x000191ec       0x1e obj/CanBus/L5_Application/source/cmd_handlers/wireless_handlers.o
 *fill*         0x0001920a        0x2 ff
 .text._ZL11wsRxHandlerR3strR7CharDevPv
                0x0001920c       0x80 obj/CanBus/L5_Application/source/cmd_handlers/wireless_handlers.o
 .text._Z12wsRteHandlerR3strR7CharDevPv
                0x0001928c       0x74 obj/CanBus/L5_Application/source/cmd_handlers/wireless_handlers.o
                0x0001928c                wsRteHandler(str&, CharDev&, void*)
 .text._Z15wirelessHandlerR3strR7CharDevPv
                0x00019300      0x160 obj/CanBus/L5_Application/source/cmd_handlers/wireless_handlers.o
                0x00019300                wirelessHandler(str&, CharDev&, void*)
 .text._ZN17SingletonTemplateI12NordicStreamE11getInstanceEv
                0x00019460       0x20 obj/CanBus/L5_Application/source/cmd_handlers/wireless_handlers.o
                0x00019460                SingletonTemplate<NordicStream>::getInstance()
 .text._ZL15wsFileTxHandlerR3strR7CharDevPv
                0x00019480      0x22c obj/CanBus/L5_Application/source/cmd_handlers/wireless_handlers.o
 .text._ZL15wsStreamHandlerR3strR7CharDevPv
                0x000196ac      0x120 obj/CanBus/L5_Application/source/cmd_handlers/wireless_handlers.o
 .text._ZN7Storage13getFlashDriveEv
                0x000197cc       0x48 obj/CanBus/L5_Application/source/cmd_handlers/handlers.o
                0x000197cc                Storage::getFlashDrive()
 .text._ZN7Storage10getSDDriveEv
                0x00019814       0x48 obj/CanBus/L5_Application/source/cmd_handlers/handlers.o
                0x00019814                Storage::getSDDrive()
 .text._Z11UARTHandlerR3strR7CharDevPv
                0x0001985c       0x90 obj/CanBus/L5_Application/source/cmd_handlers/handlers.o
                0x0001985c                UARTHandler(str&, CharDev&, void*)
 .text._Z15taskListHandlerR3strR7CharDevPv
                0x000198ec       0x14 obj/CanBus/L5_Application/source/cmd_handlers/handlers.o
                0x000198ec                taskListHandler(str&, CharDev&, void*)
 .text._Z14memInfoHandlerR3strR7CharDevPv
                0x00019900       0x22 obj/CanBus/L5_Application/source/cmd_handlers/handlers.o
                0x00019900                memInfoHandler(str&, CharDev&, void*)
 *fill*         0x00019922        0x2 ff
 .text._Z11timeHandlerR3strR7CharDevPv
                0x00019924       0xc4 obj/CanBus/L5_Application/source/cmd_handlers/handlers.o
                0x00019924                timeHandler(str&, CharDev&, void*)
 .text._Z10logHandlerR3strR7CharDevPv
                0x000199e8      0x194 obj/CanBus/L5_Application/source/cmd_handlers/handlers.o
                0x000199e8                logHandler(str&, CharDev&, void*)
 .text._Z9cpHandlerR3strR7CharDevPv
                0x00019b7c       0x80 obj/CanBus/L5_Application/source/cmd_handlers/handlers.o
                0x00019b7c                cpHandler(str&, CharDev&, void*)
 .text._Z10catHandlerR3strR7CharDevPv
                0x00019bfc      0x104 obj/CanBus/L5_Application/source/cmd_handlers/handlers.o
                0x00019bfc                catHandler(str&, CharDev&, void*)
 .text._Z9lsHandlerR3strR7CharDevPv
                0x00019d00      0x178 obj/CanBus/L5_Application/source/cmd_handlers/handlers.o
                0x00019d00                lsHandler(str&, CharDev&, void*)
 .text._Z12mkdirHandlerR3strR7CharDevPv
                0x00019e78       0x3c obj/CanBus/L5_Application/source/cmd_handlers/handlers.o
                0x00019e78                mkdirHandler(str&, CharDev&, void*)
 .text._Z9rmHandlerR3strR7CharDevPv
                0x00019eb4       0x3c obj/CanBus/L5_Application/source/cmd_handlers/handlers.o
                0x00019eb4                rmHandler(str&, CharDev&, void*)
 .text._Z9mvHandlerR3strR7CharDevPv
                0x00019ef0       0x5c obj/CanBus/L5_Application/source/cmd_handlers/handlers.o
                0x00019ef0                mvHandler(str&, CharDev&, void*)
 .text._Z14newFileHandlerR3strR7CharDevPv
                0x00019f4c       0xb0 obj/CanBus/L5_Application/source/cmd_handlers/handlers.o
                0x00019f4c                newFileHandler(str&, CharDev&, void*)
 .text._Z10dcpHandlerR3strR7CharDevPv
                0x00019ffc      0x140 obj/CanBus/L5_Application/source/cmd_handlers/handlers.o
                0x00019ffc                dcpHandler(str&, CharDev&, void*)
 .text._Z14storageHandlerR3strR7CharDevPv
                0x0001a13c       0xc0 obj/CanBus/L5_Application/source/cmd_handlers/handlers.o
                0x0001a13c                storageHandler(str&, CharDev&, void*)
 .text._Z13rebootHandlerR3strR7CharDevPv
                0x0001a1fc       0x30 obj/CanBus/L5_Application/source/cmd_handlers/handlers.o
                0x0001a1fc                rebootHandler(str&, CharDev&, void*)
 .text._Z14learnIrHandlerR3strR7CharDevPv
                0x0001a22c       0x38 obj/CanBus/L5_Application/source/cmd_handlers/handlers.o
                0x0001a22c                learnIrHandler(str&, CharDev&, void*)
 .text._ZN17SingletonTemplateI4I2C2E11getInstanceEv
                0x0001a264       0x20 obj/CanBus/L5_Application/source/cmd_handlers/handlers.o
                0x0001a264                SingletonTemplate<I2C2>::getInstance()
 .text._Z12i2cIoHandlerR3strR7CharDevPv
                0x0001a284      0x198 obj/CanBus/L5_Application/source/cmd_handlers/handlers.o
                0x0001a284                i2cIoHandler(str&, CharDev&, void*)
 .text._ZN17SingletonTemplateI17TemperatureSensorE11getInstanceEv
                0x0001a41c       0x28 obj/CanBus/L5_Application/source/cmd_handlers/handlers.o
                0x0001a41c                SingletonTemplate<TemperatureSensor>::getInstance()
 .text._Z26onDemandTemperatureHandlerR3strR7CharDevPv
                0x0001a444       0x30 obj/CanBus/L5_Application/source/cmd_handlers/handlers.o
                0x0001a444                onDemandTemperatureHandler(str&, CharDev&, void*)
 .text._Z13healthHandlerR3strR7CharDevPv
                0x0001a474      0x178 obj/CanBus/L5_Application/source/cmd_handlers/handlers.o
                0x0001a474                healthHandler(str&, CharDev&, void*)
 .text._Z16flashProgHandlerR3strR7CharDevPv
                0x0001a5ec       0xb4 obj/CanBus/L5_Application/source/cmd_handlers/prog_handlers.o
                0x0001a5ec                flashProgHandler(str&, CharDev&, void*)
 .text._Z14getFileHandlerR3strR7CharDevPv
                0x0001a6a0      0x134 obj/CanBus/L5_Application/source/cmd_handlers/prog_handlers.o
                0x0001a6a0                getFileHandler(str&, CharDev&, void*)
 .text._ZL13hl_print_linev
                0x0001a7d4        0xc obj/CanBus/L5_Application/source/high_level_init.o
 .text.ssp_set_max_clock
                0x0001a7e0       0x2c obj/CanBus/L5_Application/source/high_level_init.o
 .text._ZL16hl_mount_storageR16FileSystemObjectPKc
                0x0001a80c       0x94 obj/CanBus/L5_Application/source/high_level_init.o
 .text._ZN17SingletonTemplateI11LED_DisplayE11getInstanceEv
                0x0001a8a0       0x24 obj/CanBus/L5_Application/source/high_level_init.o
                0x0001a8a0                SingletonTemplate<LED_Display>::getInstance()
 .text._ZN17SingletonTemplateI3LEDE11getInstanceEv
                0x0001a8c4       0x1c obj/CanBus/L5_Application/source/high_level_init.o
                0x0001a8c4                SingletonTemplate<LED>::getInstance()
 .text._ZN17SingletonTemplateI12Light_SensorE11getInstanceEv
                0x0001a8e0       0x18 obj/CanBus/L5_Application/source/high_level_init.o
                0x0001a8e0                SingletonTemplate<Light_Sensor>::getInstance()
 .text._ZN17SingletonTemplateI8SwitchesE11getInstanceEv
                0x0001a8f8       0x18 obj/CanBus/L5_Application/source/high_level_init.o
                0x0001a8f8                SingletonTemplate<Switches>::getInstance()
 .text._Z15high_level_initv
                0x0001a910      0x548 obj/CanBus/L5_Application/source/high_level_init.o
                0x0001a910                high_level_init()
 .text._ZN21periodicSchedulerTaskD2Ev
                0x0001ae58        0x2 obj/CanBus/L5_Application/periodic_scheduler/prd_dispatcher.o
                0x0001ae58                periodicSchedulerTask::~periodicSchedulerTask()
                0x0001ae58                periodicSchedulerTask::~periodicSchedulerTask()
 *fill*         0x0001ae5a        0x2 ff
 .text._Z15period_task_1HzPv
                0x0001ae5c       0x20 obj/CanBus/L5_Application/periodic_scheduler/prd_dispatcher.o
                0x0001ae5c                period_task_1Hz(void*)
 .text._Z16period_task_10HzPv
                0x0001ae7c       0x20 obj/CanBus/L5_Application/periodic_scheduler/prd_dispatcher.o
                0x0001ae7c                period_task_10Hz(void*)
 .text._Z17period_task_100HzPv
                0x0001ae9c       0x20 obj/CanBus/L5_Application/periodic_scheduler/prd_dispatcher.o
                0x0001ae9c                period_task_100Hz(void*)
 .text._Z18period_task_1000HzPv
                0x0001aebc       0x20 obj/CanBus/L5_Application/periodic_scheduler/prd_dispatcher.o
                0x0001aebc                period_task_1000Hz(void*)
 .text._ZN21periodicSchedulerTask4initEv
                0x0001aedc        0x4 obj/CanBus/L5_Application/periodic_scheduler/prd_dispatcher.o
                0x0001aedc                periodicSchedulerTask::init()
 .text._ZN21periodicSchedulerTask6regTlmEv
                0x0001aee0        0x4 obj/CanBus/L5_Application/periodic_scheduler/prd_dispatcher.o
                0x0001aee0                periodicSchedulerTask::regTlm()
 .text._ZN21periodicSchedulerTaskD0Ev
                0x0001aee4        0xc obj/CanBus/L5_Application/periodic_scheduler/prd_dispatcher.o
                0x0001aee4                periodicSchedulerTask::~periodicSchedulerTask()
 .text._ZN21periodicSchedulerTaskC2Ev
                0x0001aef0       0xdc obj/CanBus/L5_Application/periodic_scheduler/prd_dispatcher.o
                0x0001aef0                periodicSchedulerTask::periodicSchedulerTask()
                0x0001aef0                periodicSchedulerTask::periodicSchedulerTask()
 .text._ZN21periodicSchedulerTask23handlePeriodicSemaphoreEhh
                0x0001afcc       0x88 obj/CanBus/L5_Application/periodic_scheduler/prd_dispatcher.o
                0x0001afcc                periodicSchedulerTask::handlePeriodicSemaphore(unsigned char, unsigned char)
 .text._ZN21periodicSchedulerTask3runEPv
                0x0001b054       0x34 obj/CanBus/L5_Application/periodic_scheduler/prd_dispatcher.o
                0x0001b054                periodicSchedulerTask::run(void*)
 .text._Z19can_BusOffCallback2m
                0x0001b088       0x3c obj/CanBus/L5_Application/periodic_scheduler/period_callbacks.o
                0x0001b088                can_BusOffCallback2(unsigned long)
 .text.period_init
                0x0001b0c4       0x48 obj/CanBus/L5_Application/periodic_scheduler/period_callbacks.o
                0x0001b0c4                period_init
 .text.period_reg_tlm
                0x0001b10c        0x4 obj/CanBus/L5_Application/periodic_scheduler/period_callbacks.o
                0x0001b10c                period_reg_tlm
 .text.period_1Hz
                0x0001b110       0x28 obj/CanBus/L5_Application/periodic_scheduler/period_callbacks.o
                0x0001b110                period_1Hz
 .text.period_10Hz
                0x0001b138        0x2 obj/CanBus/L5_Application/periodic_scheduler/period_callbacks.o
                0x0001b138                period_10Hz
 *fill*         0x0001b13a        0x2 ff
 .text.period_100Hz
                0x0001b13c       0xa4 obj/CanBus/L5_Application/periodic_scheduler/period_callbacks.o
                0x0001b13c                period_100Hz
 .text.period_1000Hz
                0x0001b1e0        0x2 obj/CanBus/L5_Application/periodic_scheduler/period_callbacks.o
                0x0001b1e0                period_1000Hz
 .text._ZN12wirelessTaskD2Ev
                0x0001b1e2        0x2 obj/CanBus/L5_Application/main.o
                0x0001b1e2                wirelessTask::~wirelessTask()
                0x0001b1e2                wirelessTask::~wirelessTask()
 .text._ZN12wirelessTask3runEPv
                0x0001b1e4        0xa obj/CanBus/L5_Application/main.o
                0x0001b1e4                wirelessTask::run(void*)
 .text._ZN12wirelessTaskD0Ev
                0x0001b1ee        0xc obj/CanBus/L5_Application/main.o
                0x0001b1ee                wirelessTask::~wirelessTask()
 *fill*         0x0001b1fa        0x2 ff
 .text.startup.main
                0x0001b1fc       0x64 obj/CanBus/L5_Application/main.o
                0x0001b1fc                main
 .text._ZN10__cxxabiv120__si_class_type_infoD2Ev
                0x0001b260       0x14 /home/khalil/lbin/Programs/gcc-arm-none-eabi-5_4-2016q2/bin/../lib/gcc/arm-none-eabi/5.4.1/../../../../arm-none-eabi/lib/armv7-m/libstdc++_nano.a(si_class_type_info.o)
                0x0001b260                __cxxabiv1::__si_class_type_info::~__si_class_type_info()
                0x0001b260                __cxxabiv1::__si_class_type_info::~__si_class_type_info()
 .text._ZN10__cxxabiv120__si_class_type_infoD0Ev
                0x0001b274       0x12 /home/khalil/lbin/Programs/gcc-arm-none-eabi-5_4-2016q2/bin/../lib/gcc/arm-none-eabi/5.4.1/../../../../arm-none-eabi/lib/armv7-m/libstdc++_nano.a(si_class_type_info.o)
                0x0001b274                __cxxabiv1::__si_class_type_info::~__si_class_type_info()
 .text._ZNK10__cxxabiv120__si_class_type_info12__do_dyncastEiNS_17__class_type_info10__sub_kindEPKS1_PKvS4_S6_RNS1_16__dyncast_resultE
                0x0001b286       0x7c /home/khalil/lbin/Programs/gcc-arm-none-eabi-5_4-2016q2/bin/../lib/gcc/arm-none-eabi/5.4.1/../../../../arm-none-eabi/lib/armv7-m/libstdc++_nano.a(si_class_type_info.o)
                0x0001b286                __cxxabiv1::__si_class_type_info::__do_dyncast(int, __cxxabiv1::__class_type_info::__sub_kind, __cxxabiv1::__class_type_info const*, void const*, __cxxabiv1::__class_type_info const*, void const*, __cxxabiv1::__class_type_info::__dyncast_result&) const
 .text._ZNK10__cxxabiv120__si_class_type_info20__do_find_public_srcEiPKvPKNS_17__class_type_infoES2_
                0x0001b302       0x38 /home/khalil/lbin/Programs/gcc-arm-none-eabi-5_4-2016q2/bin/../lib/gcc/arm-none-eabi/5.4.1/../../../../arm-none-eabi/lib/armv7-m/libstdc++_nano.a(si_class_type_info.o)
                0x0001b302                __cxxabiv1::__si_class_type_info::__do_find_public_src(int, void const*, __cxxabiv1::__class_type_info const*, void const*) const
 .text._ZNK10__cxxabiv120__si_class_type_info11__do_upcastEPKNS_17__class_type_infoEPKvRNS1_15__upcast_resultE
                0x0001b33a       0x2a /home/khalil/lbin/Programs/gcc-arm-none-eabi-5_4-2016q2/bin/../lib/gcc/arm-none-eabi/5.4.1/../../../../arm-none-eabi/lib/armv7-m/libstdc++_nano.a(si_class_type_info.o)
                0x0001b33a                __cxxabiv1::__si_class_type_info::__do_upcast(__cxxabiv1::__class_type_info const*, void const*, __cxxabiv1::__class_type_info::__upcast_result&) const
 .text._ZN10__cxxabiv121__vmi_class_type_infoD2Ev
                0x0001b364       0x14 /home/khalil/lbin/Programs/gcc-arm-none-eabi-5_4-2016q2/bin/../lib/gcc/arm-none-eabi/5.4.1/../../../../arm-none-eabi/lib/armv7-m/libstdc++_nano.a(vmi_class_type_info.o)
                0x0001b364                __cxxabiv1::__vmi_class_type_info::~__vmi_class_type_info()
                0x0001b364                __cxxabiv1::__vmi_class_type_info::~__vmi_class_type_info()
 .text._ZN10__cxxabiv121__vmi_class_type_infoD0Ev
                0x0001b378       0x12 /home/khalil/lbin/Programs/gcc-arm-none-eabi-5_4-2016q2/bin/../lib/gcc/arm-none-eabi/5.4.1/../../../../arm-none-eabi/lib/armv7-m/libstdc++_nano.a(vmi_class_type_info.o)
                0x0001b378                __cxxabiv1::__vmi_class_type_info::~__vmi_class_type_info()
 .text._ZNK10__cxxabiv121__vmi_class_type_info20__do_find_public_srcEiPKvPKNS_17__class_type_infoES2_
                0x0001b38a       0x74 /home/khalil/lbin/Programs/gcc-arm-none-eabi-5_4-2016q2/bin/../lib/gcc/arm-none-eabi/5.4.1/../../../../arm-none-eabi/lib/armv7-m/libstdc++_nano.a(vmi_class_type_info.o)
                0x0001b38a                __cxxabiv1::__vmi_class_type_info::__do_find_public_src(int, void const*, __cxxabiv1::__class_type_info const*, void const*) const
 .text._ZNK10__cxxabiv117__class_type_info17__find_public_srcEiPKvPKS0_S2_
                0x0001b3fe       0x2a /home/khalil/lbin/Programs/gcc-arm-none-eabi-5_4-2016q2/bin/../lib/gcc/arm-none-eabi/5.4.1/../../../../arm-none-eabi/lib/armv7-m/libstdc++_nano.a(vmi_class_type_info.o)