   1              		.syntax unified
   2              		.cpu cortex-m3
   3              		.fpu softvfp
   4              		.eabi_attribute 20, 1
   5              		.eabi_attribute 21, 1
   6              		.eabi_attribute 23, 3
   7              		.eabi_attribute 24, 1
   8              		.eabi_attribute 25, 1
   9              		.eabi_attribute 26, 1
  10              		.eabi_attribute 30, 4
  11              		.eabi_attribute 34, 1
  12              		.eabi_attribute 18, 4
  13              		.thumb
  14              		.syntax unified
  15              		.file	"port.c"
  16              		.text
  17              		.align	1
  18              		.thumb
  19              		.thumb_func
  21              	prvPortStartFirstTask:
  22              		@ Naked Function: prologue and epilogue provided by programmer.
  23              		@ args = 0, pretend = 0, frame = 0
  24              		@ frame_needed = 0, uses_anonymous_args = 0
  25              		.syntax unified
  26              	@ 224 "../L1_FreeRTOS/portable/port.c" 1
  27 0000 5148     		 ldr r0, =0xE000ED08 	
  28 0002 0068     	 ldr r0, [r0] 			
  29 0004 0068     	 ldr r0, [r0] 			
  30 0006 80F30888 	 msr msp, r0			
  31 000a 62B6     	 cpsie i				
  32 000c 00DF     	 svc 0					
  33 000e 00BF     	 nop					
  34              	
  35              	@ 0 "" 2
  36              		.thumb
  37              		.syntax unified
  39              		.align	1
  40              		.global	pxPortInitialiseStack
  41              		.thumb
  42              		.thumb_func
  44              	pxPortInitialiseStack:
  45              		@ args = 0, pretend = 0, frame = 0
  46              		@ frame_needed = 0, uses_anonymous_args = 0
  47              		@ link register save eliminated.
  48 0010 4FF08073 		mov	r3, #16777216
  49 0014 00E90A00 		stmdb	r0, {r1, r3}
  50 0018 0023     		movs	r3, #0
  51 001a 40F80C3C 		str	r3, [r0, #-12]
  52 001e 40F8202C 		str	r2, [r0, #-32]
  53 0022 4038     		subs	r0, r0, #64
  54 0024 7047     		bx	lr
  56              		.align	1
  57              		.global	vPortSVCHandler
  58              		.thumb
  59              		.thumb_func
  61              	vPortSVCHandler:
  62              		@ Naked Function: prologue and epilogue provided by programmer.
  63              		@ args = 0, pretend = 0, frame = 0
  64              		@ frame_needed = 0, uses_anonymous_args = 0
  65              		.syntax unified
  66              	@ 205 "../L1_FreeRTOS/portable/port.c" 1
  67 0026 074B     			ldr	r3, pxCurrentTCBConst2		
  68 0028 1968     		ldr r1, [r3]					
  69 002a 0868     		ldr r0, [r1]					
  70 002c B0E8F00F 		ldmia r0!, {r4-r11}				
  71 0030 80F30988 		msr psp, r0						
  72 0034 4FF00000 		mov r0, #0 						
  73 0038 80F31188 		msr	basepri, r0					
  74 003c 4EF00D0E 		orr r14, #0xd					
  75 0040 7047     		bx r14							
  76              										
  77 0042 00BF     		.align 2						
  78 0044 00000000 	pxCurrentTCBConst2: .word pxCurrentTCB				
  79              	
  80              	@ 0 "" 2
  81              		.thumb
  82              		.syntax unified
  84              		.align	1
  85              		.global	vPortEndScheduler
  86              		.thumb
  87              		.thumb_func
  89              	vPortEndScheduler:
  90              		@ args = 0, pretend = 0, frame = 0
  91              		@ frame_needed = 0, uses_anonymous_args = 0
  92              		@ link register save eliminated.
  93 0048 7047     		bx	lr
  95              		.align	1
  96              		.global	vPortYield
  97              		.thumb
  98              		.thumb_func
 100              	vPortYield:
 101              		@ args = 0, pretend = 0, frame = 0
 102              		@ frame_needed = 0, uses_anonymous_args = 0
 103              		@ link register save eliminated.
 104 004a 044B     		ldr	r3, .L6
 105 004c 4FF08052 		mov	r2, #268435456
 106 0050 1A60     		str	r2, [r3]
 107              		.syntax unified
 108              	@ 322 "../L1_FreeRTOS/portable/port.c" 1
 109 0052 BFF34F8F 		dsb
 110              	@ 0 "" 2
 111              	@ 323 "../L1_FreeRTOS/portable/port.c" 1
 112 0056 BFF36F8F 		isb
 113              	@ 0 "" 2
 114              		.thumb
 115              		.syntax unified
 116 005a 7047     		bx	lr
 117              	.L7:
 118              		.align	2
 119              	.L6:
 120 005c 04ED00E0 		.word	-536810236
 122              		.align	1
 123              		.global	ulPortSetInterruptMask
 124              		.thumb
 125              		.thumb_func
 127              	ulPortSetInterruptMask:
 128              		@ Naked Function: prologue and epilogue provided by programmer.
 129              		@ args = 0, pretend = 0, frame = 0
 130              		@ frame_needed = 0, uses_anonymous_args = 0
 131              		.syntax unified
 132              	@ 348 "../L1_FreeRTOS/portable/port.c" 1
 133 0060 EFF31180 			mrs r0, basepri											
 134 0064 4FF02801 		mov r1, #40												
 135 0068 81F31188 		msr basepri, r1											
 136 006c 7047     		bx lr													
 137              	
 138              	@ 0 "" 2
 139              		.thumb
 140              		.syntax unified
 141 006e 0020     		movs	r0, #0
 143              		.align	1
 144              		.global	vPortEnterCritical
 145              		.thumb
 146              		.thumb_func
 148              	vPortEnterCritical:
 149              		@ args = 0, pretend = 0, frame = 0
 150              		@ frame_needed = 0, uses_anonymous_args = 0
 151 0070 08B5     		push	{r3, lr}
 152 0072 FFF7FEFF 		bl	ulPortSetInterruptMask
 153 0076 044A     		ldr	r2, .L10
 154 0078 1368     		ldr	r3, [r2]
 155 007a 0133     		adds	r3, r3, #1
 156 007c 1360     		str	r3, [r2]
 157              		.syntax unified
 158              	@ 331 "../L1_FreeRTOS/portable/port.c" 1
 159 007e BFF34F8F 		dsb
 160              	@ 0 "" 2
 161              	@ 332 "../L1_FreeRTOS/portable/port.c" 1
 162 0082 BFF36F8F 		isb
 163              	@ 0 "" 2
 164              		.thumb
 165              		.syntax unified
 166 0086 08BD     		pop	{r3, pc}
 167              	.L11:
 168              		.align	2
 169              	.L10:
 170 0088 00000000 		.word	.LANCHOR0
 172              		.align	1
 173              		.global	vPortClearInterruptMask
 174              		.thumb
 175              		.thumb_func
 177              	vPortClearInterruptMask:
 178              		@ Naked Function: prologue and epilogue provided by programmer.
 179              		@ args = 0, pretend = 0, frame = 0
 180              		@ frame_needed = 0, uses_anonymous_args = 0
 181              		.syntax unified
 182              	@ 365 "../L1_FreeRTOS/portable/port.c" 1
 183 008c 80F31188 			msr basepri, r0										
 184 0090 7047     		bx lr												
 185              	
 186              	@ 0 "" 2
 187              		.thumb
 188              		.syntax unified
 190              		.align	1
 191              		.global	vPortExitCritical
 192              		.thumb
 193              		.thumb_func
 195              	vPortExitCritical:
 196              		@ args = 0, pretend = 0, frame = 0
 197              		@ frame_needed = 0, uses_anonymous_args = 0
 198              		@ link register save eliminated.
 199 0092 044B     		ldr	r3, .L16
 200 0094 1868     		ldr	r0, [r3]
 201 0096 0138     		subs	r0, r0, #1
 202 0098 1860     		str	r0, [r3]
 203 009a 08B9     		cbnz	r0, .L13
 204 009c FFF7FEBF 		b	vPortClearInterruptMask
 205              	.L13:
 206 00a0 7047     		bx	lr
 207              	.L17:
 208 00a2 00BF     		.align	2
 209              	.L16:
 210 00a4 00000000 		.word	.LANCHOR0
 212              		.align	1
 213              		.global	xPortPendSVHandler
 214              		.thumb
 215              		.thumb_func
 217              	xPortPendSVHandler:
 218              		@ Naked Function: prologue and epilogue provided by programmer.
 219              		@ args = 0, pretend = 0, frame = 0
 220              		@ frame_needed = 0, uses_anonymous_args = 0
 221              		.syntax unified
 222              	@ 381 "../L1_FreeRTOS/portable/port.c" 1
 223 00a8 EFF30980 			mrs r0, psp							
 224              											
 225 00ac 0C4B     		ldr	r3, pxCurrentTCBConst			
 226 00ae 1A68     		ldr	r2, [r3]						
 227              											
 228 00b0 20E9F00F 		stmdb r0!, {r4-r11}					
 229 00b4 1060     		str r0, [r2]						
 230              											
 231 00b6 2DE90840 		stmdb sp!, {r3, r14}				
 232 00ba 4FF02800 		mov r0, #40							
 233 00be 80F31188 		msr basepri, r0						
 234 00c2 FFF7FEFF 		bl vTaskSwitchContext				
 235 00c6 4FF00000 		mov r0, #0							
 236 00ca 80F31188 		msr basepri, r0						
 237 00ce BDE80840 		ldmia sp!, {r3, r14}				
 238              											
 239 00d2 1968     		ldr r1, [r3]						
 240 00d4 0868     		ldr r0, [r1]						
 241 00d6 B0E8F00F 		ldmia r0!, {r4-r11}					
 242 00da 80F30988 		msr psp, r0							
 243 00de 7047     		bx r14								
 244              											
 245              		.align 2							
 246 00e0 00000000 	pxCurrentTCBConst: .word pxCurrentTCB	
 247              	
 248              	@ 0 "" 2
 249              		.thumb
 250              		.syntax unified
 252              		.align	1
 253              		.global	xPortSysTickHandler
 254              		.thumb
 255              		.thumb_func
 257              	xPortSysTickHandler:
 258              		@ args = 0, pretend = 0, frame = 0
 259              		@ frame_needed = 0, uses_anonymous_args = 0
 260 00e4 08B5     		push	{r3, lr}
 261 00e6 FFF7FEFF 		bl	ulPortSetInterruptMask
 262 00ea FFF7FEFF 		bl	xTaskIncrementTick
 263 00ee 18B1     		cbz	r0, .L20
 264 00f0 044B     		ldr	r3, .L24
 265 00f2 4FF08052 		mov	r2, #268435456
 266 00f6 1A60     		str	r2, [r3]
 267              	.L20:
 268 00f8 0020     		movs	r0, #0
 269 00fa BDE80840 		pop	{r3, lr}
 270 00fe FFF7FEBF 		b	vPortClearInterruptMask
 271              	.L25:
 272 0102 00BF     		.align	2
 273              	.L24:
 274 0104 04ED00E0 		.word	-536810236
 276              		.align	1
 277              		.weak	vPortSetupTimerInterrupt
 278              		.thumb
 279              		.thumb_func
 281              	vPortSetupTimerInterrupt:
 282              		@ args = 0, pretend = 0, frame = 0
 283              		@ frame_needed = 0, uses_anonymous_args = 0
 284              		@ link register save eliminated.
 285 0108 4BF67F32 		movw	r2, #47999
 286 010c 024B     		ldr	r3, .L27
 287 010e 1A60     		str	r2, [r3]
 288 0110 0722     		movs	r2, #7
 289 0112 43F8042C 		str	r2, [r3, #-4]
 290 0116 7047     		bx	lr
 291              	.L28:
 292              		.align	2
 293              	.L27:
 294 0118 14E000E0 		.word	-536813548
 296              		.align	1
 297              		.global	xPortStartScheduler
 298              		.thumb
 299              		.thumb_func
 301              	xPortStartScheduler:
 302              		@ args = 0, pretend = 0, frame = 0
 303              		@ frame_needed = 0, uses_anonymous_args = 0
 304 011c 08B5     		push	{r3, lr}
 305 011e 084B     		ldr	r3, .L30
 306 0120 1A68     		ldr	r2, [r3]
 307 0122 42F47802 		orr	r2, r2, #16252928
 308 0126 1A60     		str	r2, [r3]
 309 0128 1A68     		ldr	r2, [r3]
 310 012a 42F07842 		orr	r2, r2, #-134217728
 311 012e 1A60     		str	r2, [r3]
 312 0130 FFF7FEFF 		bl	vPortSetupTimerInterrupt
 313 0134 034B     		ldr	r3, .L30+4
 314 0136 0020     		movs	r0, #0
 315 0138 1860     		str	r0, [r3]
 316 013a FFF761FF 		bl	prvPortStartFirstTask
 317 013e 08BD     		pop	{r3, pc}
 318              	.L31:
 319              		.align	2
 320              	.L30:
 321 0140 20ED00E0 		.word	-536810208
 322 0144 00000000 		.word	.LANCHOR0
 324              		.data
 325              		.align	2
 326              		.set	.LANCHOR0,. + 0
 329              	uxCriticalNesting:
 330 0000 AAAAAAAA 		.word	-1431655766
 331              		.ident	"GCC: (GNU Tools for ARM Embedded Processors) 5.4.1 20160609 (release) [ARM/embedded-5-bran
DEFINED SYMBOLS
                            *ABS*:00000000 port.c
     /tmp/ccbXdc1d.s:17     .text:00000000 $t
     /tmp/ccbXdc1d.s:21     .text:00000000 prvPortStartFirstTask
     /tmp/ccbXdc1d.s:44     .text:00000010 pxPortInitialiseStack
     /tmp/ccbXdc1d.s:61     .text:00000026 vPortSVCHandler
     /tmp/ccbXdc1d.s:78     .text:00000044 pxCurrentTCBConst2
     /tmp/ccbXdc1d.s:78     .text:00000044 $d
     /tmp/ccbXdc1d.s:84     .text:00000048 $t
     /tmp/ccbXdc1d.s:89     .text:00000048 vPortEndScheduler
     /tmp/ccbXdc1d.s:100    .text:0000004a vPortYield
     /tmp/ccbXdc1d.s:120    .text:0000005c $d
     /tmp/ccbXdc1d.s:122    .text:00000060 $t
     /tmp/ccbXdc1d.s:127    .text:00000060 ulPortSetInterruptMask
     /tmp/ccbXdc1d.s:148    .text:00000070 vPortEnterCritical
     /tmp/ccbXdc1d.s:170    .text:00000088 $d
     /tmp/ccbXdc1d.s:172    .text:0000008c $t
     /tmp/ccbXdc1d.s:177    .text:0000008c vPortClearInterruptMask
     /tmp/ccbXdc1d.s:195    .text:00000092 vPortExitCritical
     /tmp/ccbXdc1d.s:210    .text:000000a4 $d
     /tmp/ccbXdc1d.s:212    .text:000000a8 $t
     /tmp/ccbXdc1d.s:217    .text:000000a8 xPortPendSVHandler
     /tmp/ccbXdc1d.s:246    .text:000000e0 pxCurrentTCBConst
     /tmp/ccbXdc1d.s:246    .text:000000e0 $d
     /tmp/ccbXdc1d.s:252    .text:000000e4 $t
     /tmp/ccbXdc1d.s:257    .text:000000e4 xPortSysTickHandler
     /tmp/ccbXdc1d.s:274    .text:00000104 $d
     /tmp/ccbXdc1d.s:276    .text:00000108 $t
     /tmp/ccbXdc1d.s:281    .text:00000108 vPortSetupTimerInterrupt
     /tmp/ccbXdc1d.s:294    .text:00000118 $d
     /tmp/ccbXdc1d.s:296    .text:0000011c $t
     /tmp/ccbXdc1d.s:301    .text:0000011c xPortStartScheduler
     /tmp/ccbXdc1d.s:321    .text:00000140 $d
     /tmp/ccbXdc1d.s:325    .data:00000000 $d
     /tmp/ccbXdc1d.s:329    .data:00000000 uxCriticalNesting
     /tmp/ccbXdc1d.s:331    .text:00000148 $d

UNDEFINED SYMBOLS
pxCurrentTCB
vTaskSwitchContext
xTaskIncrementTick
