Archive member included to satisfy reference by file (symbol)

/home/khalil/lbin/Programs/gcc-arm-none-eabi-5_4-2016q2/bin/../lib/gcc/arm-none-eabi/5.4.1/../../../../arm-none-eabi/lib/armv7-m/libstdc++_nano.a(si_class_type_info.o)
                              ./L2_Drivers/base/uart_dev.o (vtable for __cxxabiv1::__si_class_type_info)
/home/khalil/lbin/Programs/gcc-arm-none-eabi-5_4-2016q2/bin/../lib/gcc/arm-none-eabi/5.4.1/../../../../arm-none-eabi/lib/armv7-m/libstdc++_nano.a(vmi_class_type_info.o)
                              ./L2_Drivers/src/uart0.o (vtable for __cxxabiv1::__vmi_class_type_info)
/home/khalil/lbin/Programs/gcc-arm-none-eabi-5_4-2016q2/bin/../lib/gcc/arm-none-eabi/5.4.1/../../../../arm-none-eabi/lib/armv7-m/libstdc++_nano.a(tinfo.o)
                              /home/khalil/lbin/Programs/gcc-arm-none-eabi-5_4-2016q2/bin/../lib/gcc/arm-none-eabi/5.4.1/../../../../arm-none-eabi/lib/armv7-m/libstdc++_nano.a(si_class_type_info.o) (std::type_info::__is_function_p() const)
/home/khalil/lbin/Programs/gcc-arm-none-eabi-5_4-2016q2/bin/../lib/gcc/arm-none-eabi/5.4.1/../../../../arm-none-eabi/lib/armv7-m/libstdc++_nano.a(class_type_info.o)
                              /home/khalil/lbin/Programs/gcc-arm-none-eabi-5_4-2016q2/bin/../lib/gcc/arm-none-eabi/5.4.1/../../../../arm-none-eabi/lib/armv7-m/libstdc++_nano.a(si_class_type_info.o) (__cxxabiv1::__class_type_info::__do_upcast(__cxxabiv1::__class_type_info const*, void**) const)
/home/khalil/lbin/Programs/gcc-arm-none-eabi-5_4-2016q2/bin/../lib/gcc/arm-none-eabi/5.4.1/../../../../arm-none-eabi/lib/armv7-m/libstdc++_nano.a(guard.o)
                              ./L5_Application/source/cmd_handlers/handlers.o (__cxa_guard_acquire)
/home/khalil/lbin/Programs/gcc-arm-none-eabi-5_4-2016q2/bin/../lib/gcc/arm-none-eabi/5.4.1/../../../../arm-none-eabi/lib/armv7-m/libstdc++_nano.a(pure.o)
                              ./L2_Drivers/base/char_dev.o (__cxa_pure_virtual)
/home/khalil/lbin/Programs/gcc-arm-none-eabi-5_4-2016q2/bin/../lib/gcc/arm-none-eabi/5.4.1/../../../../arm-none-eabi/lib/armv7-m/libstdc++_nano.a(eh_terminate.o)
                              /home/khalil/lbin/Programs/gcc-arm-none-eabi-5_4-2016q2/bin/../lib/gcc/arm-none-eabi/5.4.1/../../../../arm-none-eabi/lib/armv7-m/libstdc++_nano.a(pure.o) (std::terminate())
/home/khalil/lbin/Programs/gcc-arm-none-eabi-5_4-2016q2/bin/../lib/gcc/arm-none-eabi/5.4.1/../../../../arm-none-eabi/lib/armv7-m/libstdc++_nano.a(eh_term_handler.o)
                              /home/khalil/lbin/Programs/gcc-arm-none-eabi-5_4-2016q2/bin/../lib/gcc/arm-none-eabi/5.4.1/../../../../arm-none-eabi/lib/armv7-m/libstdc++_nano.a(eh_terminate.o) (__cxxabiv1::__terminate_handler)
/home/khalil/lbin/Programs/gcc-arm-none-eabi-5_4-2016q2/bin/../lib/gcc/arm-none-eabi/5.4.1/../../../../arm-none-eabi/lib/armv7-m/libstdc++_nano.a(eh_unex_handler.o)
                              /home/khalil/lbin/Programs/gcc-arm-none-eabi-5_4-2016q2/bin/../lib/gcc/arm-none-eabi/5.4.1/../../../../arm-none-eabi/lib/armv7-m/libstdc++_nano.a(eh_terminate.o) (__cxxabiv1::__unexpected_handler)
/home/khalil/lbin/Programs/gcc-arm-none-eabi-5_4-2016q2/bin/../lib/gcc/arm-none-eabi/5.4.1/armv7-m/libgcc.a(_ashldi3.o)
                              ./L0_LowLevel/source/lpc_peripherals.o (__aeabi_llsl)
/home/khalil/lbin/Programs/gcc-arm-none-eabi-5_4-2016q2/bin/../lib/gcc/arm-none-eabi/5.4.1/armv7-m/libgcc.a(_arm_addsubdf3.o)
                              ./L2_Drivers/base/uart_dev.o (__aeabi_dadd)
/home/khalil/lbin/Programs/gcc-arm-none-eabi-5_4-2016q2/bin/../lib/gcc/arm-none-eabi/5.4.1/armv7-m/libgcc.a(_arm_fixunsdfsi.o)
                              ./L2_Drivers/base/uart_dev.o (__aeabi_d2uiz)
/home/khalil/lbin/Programs/gcc-arm-none-eabi-5_4-2016q2/bin/../lib/gcc/arm-none-eabi/5.4.1/armv7-m/libgcc.a(_arm_truncdfsf2.o)
                              ./L3_Utils/src/str.o (__aeabi_d2f)
/home/khalil/lbin/Programs/gcc-arm-none-eabi-5_4-2016q2/bin/../lib/gcc/arm-none-eabi/5.4.1/armv7-m/libgcc.a(_arm_addsubsf3.o)
                              ./L5_Application/source/cmd_handlers/handlers.o (__aeabi_fsub)
/home/khalil/lbin/Programs/gcc-arm-none-eabi-5_4-2016q2/bin/../lib/gcc/arm-none-eabi/5.4.1/armv7-m/libgcc.a(_arm_muldivsf3.o)
                              ./L2_Drivers/src/lpc_pwm.o (__aeabi_fmul)
/home/khalil/lbin/Programs/gcc-arm-none-eabi-5_4-2016q2/bin/../lib/gcc/arm-none-eabi/5.4.1/armv7-m/libgcc.a(_arm_cmpsf2.o)
                              ./L3_Utils/src/str.o (__aeabi_fcmplt)
/home/khalil/lbin/Programs/gcc-arm-none-eabi-5_4-2016q2/bin/../lib/gcc/arm-none-eabi/5.4.1/armv7-m/libgcc.a(_arm_fixsfsi.o)
                              ./L5_Application/source/cmd_handlers/handlers.o (__aeabi_f2iz)
/home/khalil/lbin/Programs/gcc-arm-none-eabi-5_4-2016q2/bin/../lib/gcc/arm-none-eabi/5.4.1/armv7-m/libgcc.a(_arm_fixunssfsi.o)
                              ./L2_Drivers/src/lpc_pwm.o (__aeabi_f2uiz)
[...]
Memory Configuration

Name             Origin             Length             Attributes
FLASH            0x00010000         0x00070000         xr
SRAM             0x10000000         0x00008000         xrw
SRAM_AHB         0x2007c000         0x00008000         xrw
*default*        0x00000000         0xffffffff

Linker script and memory map

LOAD ./L2_Drivers/base/char_dev.o
LOAD ./L2_Drivers/base/uart_dev.o
LOAD ./L2_Drivers/base/i2c_base.o
LOAD ./L2_Drivers/src/i2c2.o
LOAD ./L2_Drivers/src/uart0.o
LOAD ./L2_Drivers/src/rtc.o
LOAD ./L2_Drivers/src/lpc_rit.o
LOAD ./L2_Drivers/src/lpc_timers.o
LOAD ./L2_Drivers/src/lpc_pwm.o
LOAD ./L2_Drivers/src/uart2.o
LOAD ./L2_Drivers/src/can.o
LOAD ./L2_Drivers/src/spi_dma.o
LOAD ./L2_Drivers/src/eint.o
LOAD ./L2_Drivers/src/adc.o
LOAD ./L2_Drivers/src/uart3.o
LOAD ./L2_Drivers/src/nrf_stream.o
LOAD ./L2_Drivers/src/spi_sem.o
LOAD ./newlib/newlib_time.o
LOAD ./newlib/newlib_syscalls.o
LOAD ./newlib/memory.o
LOAD ./newlib/malloc_lock.o
LOAD ./L4_IO/wireless/src/wireless.o
LOAD ./L4_IO/wireless/src/nrf24L01Plus.o
LOAD ./L4_IO/wireless/src/mesh.o
LOAD ./L4_IO/fat/fatfs_time.o
LOAD ./L4_IO/fat/ff.o
LOAD ./L4_IO/fat/option/reentrant.o
LOAD ./L4_IO/fat/option/ccsbcs.o
LOAD ./L4_IO/fat/disk/spi_flash.o
LOAD ./L4_IO/fat/disk/sd.o
LOAD ./L4_IO/fat/disk/diskio.o
LOAD ./L4_IO/src/gpio.o
LOAD ./L4_IO/src/storage.o
LOAD ./L4_IO/src/io_source.o
LOAD ./L5_Application/source/terminal.o
LOAD ./L5_Application/source/cmd_handlers/wireless_handlers.o
LOAD ./L5_Application/source/cmd_handlers/handlers.o
LOAD ./L5_Application/source/cmd_handlers/prog_handlers.o
LOAD ./L5_Application/source/high_level_init.o
LOAD ./L5_Application/source/remote.o
LOAD ./L5_Application/periodic_scheduler/prd_dispatcher.o
LOAD ./L5_Application/periodic_scheduler/period_callbacks.o
LOAD ./L5_Application/main.o
LOAD ./L5_Application/tasks/examples.o
LOAD ./L5_Application/examples/rn_xv_task.o
LOAD ./L5_Application/examples/examples.o
LOAD ./L3_Utils/tlm/src/c_tlm_stream.o
LOAD ./L3_Utils/tlm/src/c_tlm_binary.o
LOAD ./L3_Utils/tlm/src/c_tlm_var.o
LOAD ./L3_Utils/tlm/src/c_tlm_comp.o
LOAD ./L3_Utils/src/utilities.o
LOAD ./L3_Utils/src/str.o
LOAD ./L3_Utils/src/freertos_timer.o
LOAD ./L3_Utils/src/scheduler_task.o
LOAD ./L3_Utils/src/c_list.o
LOAD ./L3_Utils/src/command_handler.o
LOAD ./L3_Utils/src/rtc_alarm.o
LOAD ./L3_Utils/src/printf_lib.o
LOAD ./L3_Utils/src/file_logger.o
LOAD ./L1_FreeRTOS/portable/run_time_stats.o
LOAD ./L1_FreeRTOS/portable/no_mpu/port.o
LOAD ./L1_FreeRTOS/hooks/hooks.o
LOAD ./L1_FreeRTOS/src/tasks.o
LOAD ./L1_FreeRTOS/src/timers.o
LOAD ./L1_FreeRTOS/src/croutine.o
LOAD ./L1_FreeRTOS/src/list.o
LOAD ./L1_FreeRTOS/src/event_groups.o
LOAD ./L1_FreeRTOS/src/queue.o
LOAD ./L0_LowLevel/source/core_cm3.o
LOAD ./L0_LowLevel/source/startup.o
LOAD ./L0_LowLevel/source/sys_clock.o
LOAD ./L0_LowLevel/source/low_level_init.o
LOAD ./L0_LowLevel/source/lpc_sys.o
LOAD ./L0_LowLevel/source/uart0_min.o
LOAD ./L0_LowLevel/source/lpc_peripherals.o
LOAD /home/khalil/lbin/Programs/gcc-arm-none-eabi-5_4-2016q2/bin/../lib/gcc/arm-none-eabi/5.4.1/../../../../arm-none-eabi/lib/armv7-m/libstdc++_nano.a
LOAD /home/khalil/lbin/Programs/gcc-arm-none-eabi-5_4-2016q2/bin/../lib/gcc/arm-none-eabi/5.4.1/../../../../arm-none-eabi/lib/armv7-m/libm.a
START GROUP
LOAD /home/khalil/lbin/Programs/gcc-arm-none-eabi-5_4-2016q2/bin/../lib/gcc/arm-none-eabi/5.4.1/armv7-m/libgcc.a
LOAD /home/khalil/lbin/Programs/gcc-arm-none-eabi-5_4-2016q2/bin/../lib/gcc/arm-none-eabi/5.4.1/../../../../arm-none-eabi/lib/armv7-m/libc_nano.a
END GROUP
START GROUP
LOAD /home/khalil/lbin/Programs/gcc-arm-none-eabi-5_4-2016q2/bin/../lib/gcc/arm-none-eabi/5.4.1/armv7-m/libgcc.a
LOAD /home/khalil/lbin/Programs/gcc-arm-none-eabi-5_4-2016q2/bin/../lib/gcc/arm-none-eabi/5.4.1/../../../../arm-none-eabi/lib/armv7-m/libc_nano.a
END GROUP

.text           0x00010000    0x16058
 FILL mask 0xff
 *(.isr_vector)
 .isr_vector    0x00010000       0xcc ./L0_LowLevel/source/startup.o
                0x00010000                g_pfnVectors
                0x000100cc                . = ALIGN (0x4)
                0x000100cc                __section_table_start = .
                0x000100cc                __data_section_table = .
                0x000100cc        0x4 LONG 0x26060 LOADADDR (.data)
                0x000100d0        0x4 LONG 0x2007c000 ADDR (.data)
                0x000100d4        0x4 LONG 0x1c8 SIZEOF (.data)
                0x000100d8                __data_section_table_end = .
                0x000100d8                __bss_section_table = .
                0x000100d8        0x4 LONG 0x2007c1c8 ADDR (.bss)
                0x000100dc        0x4 LONG 0x50c SIZEOF (.bss)
                0x000100e0                __bss_section_table_end = .
                0x000100e0                __section_table_end = .
 *(.after_vectors*)
 .after_vectors
                0x000100e0      0x124 ./L0_LowLevel/source/startup.o
                0x000100e0                isr_hard_fault
                0x000100fa                isr_nmi
                0x00010108                isr_mem_fault
                0x00010118                isr_bus_fault
                0x00010128                isr_usage_fault
                0x00010138                isr_debug_mon
                0x00010148                TIMER2_IRQHandler
                0x00010148                I2C0_IRQHandler
                0x00010148                PWM1_IRQHandler
                0x00010148                I2C1_IRQHandler
                0x00010148                EINT2_IRQHandler
                0x00010148                UART1_IRQHandler
                0x00010148                TIMER3_IRQHandler
                0x00010148                PLL0_IRQHandler
                0x00010148                PLL1_IRQHandler
                0x00010148                SSP0_IRQHandler
                0x00010148                CANAct_IRQHandler
                0x00010148                I2S_IRQHandler
                0x00010148                TIMER0_IRQHandler
                0x00010148                SPI_IRQHandler
                0x00010148                EINT1_IRQHandler
                0x00010148                isr_default_handler
                0x00010148                SSP1_IRQHandler
                0x00010148                USB_IRQHandler
                0x00010148                BOD_IRQHandler
                0x00010148                WDT_IRQHandler
                0x00010148                QEI_IRQHandler
                0x00010148                EINT0_IRQHandler
                0x00010148                DMA_IRQHandler
                0x00010148                MCPWM_IRQHandler
                0x00010148                ENET_IRQHandler
                0x00010148                USBAct_IRQHandler
                0x00010158                isr_sys_tick
                0x0001016a                data_init(unsigned int, unsigned int, unsigned int)
                0x00010180                bss_init(unsigned int, unsigned int)
                0x00010194                isr_reset
 *(.text*)
 .text._ZN7CharDev5flushEv
                0x00010204        0x4 ./L2_Drivers/base/char_dev.o
                0x00010204                CharDev::flush()
 .text._ZN7CharDev3putEPKcj
                0x00010208       0x28 ./L2_Drivers/base/char_dev.o
                0x00010208                CharDev::put(char const*, unsigned int)
 .text._ZN7CharDev7putlineEPKcj
                0x00010230       0x1c ./L2_Drivers/base/char_dev.o
                0x00010230                CharDev::putline(char const*, unsigned int)
 .text._ZN7CharDev4getsEPcij
                0x0001024c       0x50 ./L2_Drivers/base/char_dev.o
                0x0001024c                CharDev::gets(char*, int, unsigned int)
 .text._ZN7CharDev6printfEPKcz
                0x0001029c       0x78 ./L2_Drivers/base/char_dev.o
                0x0001029c                CharDev::printf(char const*, ...)
 .text._ZN7CharDevC2Ev
                0x00010314       0x20 ./L2_Drivers/base/char_dev.o
                0x00010314                CharDev::CharDev()
                0x00010314                CharDev::CharDev()
 .text._ZN7CharDevD2Ev
                0x00010334       0x18 ./L2_Drivers/base/char_dev.o
                0x00010334                CharDev::~CharDev()
                0x00010334                CharDev::~CharDev()
 .text._ZN7UartDevD2Ev
                0x0001034c       0x14 ./L2_Drivers/base/uart_dev.o
                0x0001034c                UartDev::~UartDev()
                0x0001034c                UartDev::~UartDev()
 .text._ZN7UartDevD0Ev
                0x00010360       0x12 ./L2_Drivers/base/uart_dev.o
                0x00010360                UartDev::~UartDev()
 .text._ZN7UartDev5flushEv
                0x00010372       0x20 ./L2_Drivers/base/uart_dev.o
                0x00010372                UartDev::flush()
 .text._ZN7UartDev7putCharEcj
                0x00010392       0x5a ./L2_Drivers/base/uart_dev.o
                0x00010392                UartDev::putChar(char, unsigned int)
 .text._ZN7UartDev7getCharEPcj
                0x000103ec       0x6e ./L2_Drivers/base/uart_dev.o
                0x000103ec                UartDev::getChar(char*, unsigned int)
 *fill*         0x0001045a        0x2 ff
 .text._ZN7UartDev11setBaudRateEj
                0x0001045c       0x3c ./L2_Drivers/base/uart_dev.o
                0x0001045c                UartDev::setBaudRate(unsigned int)
 .text._ZN7UartDev15handleInterruptEv
                0x00010498       0xb8 ./L2_Drivers/base/uart_dev.o
                0x00010498                UartDev::handleInterrupt()
 .text._ZN7UartDevC2EPj
                0x00010550       0x28 ./L2_Drivers/base/uart_dev.o
                0x00010550                UartDev::UartDev(unsigned int*)
                0x00010550                UartDev::UartDev(unsigned int*)
 .text._ZN7UartDev4initEjjii
                0x00010578       0xb0 ./L2_Drivers/base/uart_dev.o
                0x00010578                UartDev::init(unsigned int, unsigned int, int, int)
 .text._ZN8I2C_Base8transferEhhPhm
                0x00010628       0xdc ./L2_Drivers/base/i2c_base.o
                0x00010628                I2C_Base::transfer(unsigned char, unsigned char, unsigned char*, unsigned long)
 .text._ZN8I2C_Base13readRegistersEhhPhm
                0x00010704        0x8 ./L2_Drivers/base/i2c_base.o
                0x00010704                I2C_Base::readRegisters(unsigned char, unsigned char, unsigned char*, unsigned long)
 .text._ZN8I2C_Base7readRegEhh
                0x0001070c       0x1a ./L2_Drivers/base/i2c_base.o
                0x0001070c                I2C_Base::readReg(unsigned char, unsigned char)
 .text._ZN8I2C_Base14writeRegistersEhhPhm
                0x00010726        0x8 ./L2_Drivers/base/i2c_base.o
                0x00010726                I2C_Base::writeRegisters(unsigned char, unsigned char, unsigned char*, unsigned long)
 .text._ZN8I2C_Base8writeRegEhhh
                0x0001072e       0x16 ./L2_Drivers/base/i2c_base.o
                0x0001072e                I2C_Base::writeReg(unsigned char, unsigned char, unsigned char)
 .text._ZN8I2C_Base19checkDeviceResponseEh
                0x00010744       0x16 ./L2_Drivers/base/i2c_base.o
                0x00010744                I2C_Base::checkDeviceResponse(unsigned char)
 *fill*         0x0001075a        0x2 ff
 .text._ZN8I2C_BaseC2EP15LPC_I2C_TypeDef
                0x0001075c       0x5c ./L2_Drivers/base/i2c_base.o
                0x0001075c                I2C_Base::I2C_Base(LPC_I2C_TypeDef*)
                0x0001075c                I2C_Base::I2C_Base(LPC_I2C_TypeDef*)
 .text._ZN8I2C_Base4initEmm
                0x000107b8       0x90 ./L2_Drivers/base/i2c_base.o
                0x000107b8                I2C_Base::init(unsigned long, unsigned long)
 .text._ZN8I2C_Base15i2cStateMachineEv
                0x00010848      0x122 ./L2_Drivers/base/i2c_base.o
                0x00010848                I2C_Base::i2cStateMachine()
 *fill*         0x0001096a        0x2 ff
 .text._ZN8I2C_Base15handleInterruptEv
                0x0001096c       0x30 ./L2_Drivers/base/i2c_base.o
                0x0001096c                I2C_Base::handleInterrupt()
 .text._ZN4I2C24initEj
                0x0001099c       0x68 ./L2_Drivers/src/i2c2.o
                0x0001099c                I2C2::init(unsigned int)
 .text._ZN4I2C2C2Ev
                0x00010a04       0x14 ./L2_Drivers/src/i2c2.o
                0x00010a04                I2C2::I2C2()
                0x00010a04                I2C2::I2C2()
 .text.I2C2_IRQHandler
                0x00010a18       0x24 ./L2_Drivers/src/i2c2.o
                0x00010a18                I2C2_IRQHandler
 .text._ZN5Uart0D2Ev
                0x00010a3c       0x14 ./L2_Drivers/src/uart0.o
                0x00010a3c                Uart0::~Uart0()
                0x00010a3c                Uart0::~Uart0()
 .text._ZN5Uart0D0Ev
                0x00010a50       0x12 ./L2_Drivers/src/uart0.o
                0x00010a50                Uart0::~Uart0()
 *fill*         0x00010a62        0x2 ff
 .text._ZN5Uart04initEjii
                0x00010a64       0x40 ./L2_Drivers/src/uart0.o
                0x00010a64                Uart0::init(unsigned int, int, int)
 .text._ZN5Uart0C2Ev
                0x00010aa4       0x1c ./L2_Drivers/src/uart0.o
                0x00010aa4                Uart0::Uart0()
                0x00010aa4                Uart0::Uart0()
 .text.UART0_IRQHandler
                0x00010ac0       0x24 ./L2_Drivers/src/uart0.o
                0x00010ac0                UART0_IRQHandler
 .text.rtc_gettime
                0x00010ae4       0x50 ./L2_Drivers/src/rtc.o
                0x00010ae4                rtc_gettime
 .text.rtc_settime
                0x00010b34       0x68 ./L2_Drivers/src/rtc.o
                0x00010b34                rtc_settime
 .text.rtc_init
                0x00010b9c       0xd0 ./L2_Drivers/src/rtc.o
                0x00010b9c                rtc_init
 .text.rtc_get_date_time_str
                0x00010c6c       0x14 ./L2_Drivers/src/rtc.o
                0x00010c6c                rtc_get_date_time_str
 .text.RIT_IRQHandler
                0x00010c80       0x1c ./L2_Drivers/src/lpc_rit.o
                0x00010c80                RIT_IRQHandler
 .text.lpc_timer_get_struct
                0x00010c9c       0x20 ./L2_Drivers/src/lpc_timers.o
 .text.lpc_timer_enable
                0x00010cbc       0x50 ./L2_Drivers/src/lpc_timers.o
                0x00010cbc                lpc_timer_enable
 .text._ZN5Uart2D2Ev
                0x00010d0c       0x14 ./L2_Drivers/src/uart2.o
                0x00010d0c                Uart2::~Uart2()
                0x00010d0c                Uart2::~Uart2()
 .text._ZN5Uart2D0Ev
                0x00010d20       0x12 ./L2_Drivers/src/uart2.o
                0x00010d20                Uart2::~Uart2()
 *fill*         0x00010d32        0x2 ff
 .text._ZN5Uart2C2Ev
                0x00010d34       0x1c ./L2_Drivers/src/uart2.o
                0x00010d34                Uart2::Uart2()
                0x00010d34                Uart2::Uart2()
 .text.UART2_IRQHandler
                0x00010d50       0x24 ./L2_Drivers/src/uart2.o
                0x00010d50                UART2_IRQHandler
 .text.CAN_tx_now
                0x00010d74       0x32 ./L2_Drivers/src/can.o
 *fill*         0x00010da6        0x2 ff
 .text.CAN_handle_isr
                0x00010da8       0xa0 ./L2_Drivers/src/can.o
 .text.CAN_IRQHandler
                0x00010e48       0x28 ./L2_Drivers/src/can.o
                0x00010e48                CAN_IRQHandler
 .text.ssp1_dma_init
                0x00010e70       0x1c ./L2_Drivers/src/spi_dma.o
                0x00010e70                ssp1_dma_init
 .text.ssp1_dma_transfer_block
                0x00010e8c       0xc4 ./L2_Drivers/src/spi_dma.o
                0x00010e8c                ssp1_dma_transfer_block
 .text.handle_eint_list
                0x00010f50       0x2c ./L2_Drivers/src/eint.o
 .text.eint3_enable.isra.0
                0x00010f7c       0x38 ./L2_Drivers/src/eint.o
 .text.EINT3_IRQHandler
                0x00010fb4       0x80 ./L2_Drivers/src/eint.o
                0x00010fb4                EINT3_IRQHandler
 .text.eint3_enable_port0
                0x00011034       0x30 ./L2_Drivers/src/eint.o
                0x00011034                eint3_enable_port0
 .text.adc0_start_conversion
                0x00011064       0x24 ./L2_Drivers/src/adc.o
 .text.ADC_IRQHandler
                0x00011088       0x40 ./L2_Drivers/src/adc.o
                0x00011088                ADC_IRQHandler
 .text.adc0_init
                0x000110c8       0x74 ./L2_Drivers/src/adc.o
                0x000110c8                adc0_init
 .text.adc0_get_reading
                0x0001113c       0x78 ./L2_Drivers/src/adc.o
                0x0001113c                adc0_get_reading
 .text._ZN5Uart3D2Ev
                0x000111b4       0x14 ./L2_Drivers/src/uart3.o
                0x000111b4                Uart3::~Uart3()
                0x000111b4                Uart3::~Uart3()
 .text._ZN5Uart3D0Ev
                0x000111c8       0x12 ./L2_Drivers/src/uart3.o
                0x000111c8                Uart3::~Uart3()
 *fill*         0x000111da        0x2 ff
 .text._ZN5Uart3C2Ev
                0x000111dc       0x1c ./L2_Drivers/src/uart3.o
                0x000111dc                Uart3::Uart3()
                0x000111dc                Uart3::Uart3()
 .text.UART3_IRQHandler
                0x000111f8       0x24 ./L2_Drivers/src/uart3.o
                0x000111f8                UART3_IRQHandler
 .text._ZN12NordicStream5flushEv
                0x0001121c       0x5c ./L2_Drivers/src/nrf_stream.o
                0x0001121c                NordicStream::flush()
 .text._ZN12NordicStreamD2Ev
                0x00011278       0x14 ./L2_Drivers/src/nrf_stream.o
                0x00011278                NordicStream::~NordicStream()
                0x00011278                NordicStream::~NordicStream()
 .text._ZN12NordicStreamD0Ev
                0x0001128c       0x12 ./L2_Drivers/src/nrf_stream.o
                0x0001128c                NordicStream::~NordicStream()
 .text._ZN12NordicStream7getCharEPcj
                0x0001129e       0x44 ./L2_Drivers/src/nrf_stream.o
                0x0001129e                NordicStream::getChar(char*, unsigned int)
 .text._ZN12NordicStream7putCharEcj
                0x000112e2       0x22 ./L2_Drivers/src/nrf_stream.o
                0x000112e2                NordicStream::putChar(char, unsigned int)
 .text._ZN12NordicStreamC2Ev
                0x00011304       0x40 ./L2_Drivers/src/nrf_stream.o
                0x00011304                NordicStream::NordicStream()
                0x00011304                NordicStream::NordicStream()
 .text.spi1_lock
                0x00011344       0x30 ./L2_Drivers/src/spi_sem.o
                0x00011344                spi1_lock
 .text.spi1_unlock
                0x00011374       0x24 ./L2_Drivers/src/spi_sem.o
                0x00011374                spi1_unlock
 .text._gettimeofday
                0x00011398       0x7a ./newlib/newlib_time.o
                0x00011398                _gettimeofday
 *fill*         0x00011412        0x2 ff
 .text.sys_set_outchar_func
                0x00011414        0xc ./newlib/newlib_syscalls.o
                0x00011414                sys_set_outchar_func
 .text.sys_set_inchar_func
                0x00011420        0xc ./newlib/newlib_syscalls.o
                0x00011420                sys_set_inchar_func
 .text._kill    0x0001142c       0x10 ./newlib/newlib_syscalls.o
                0x0001142c                _kill
 .text._exit    0x0001143c       0x10 ./newlib/newlib_syscalls.o
                0x0001143c                _exit
 .text._getpid  0x0001144c        0x4 ./newlib/newlib_syscalls.o
                0x0001144c                _getpid
 .text._init    0x00011450        0x4 ./newlib/newlib_syscalls.o
                0x00011450                _init
 .text._write   0x00011454       0x28 ./newlib/newlib_syscalls.o
                0x00011454                _write
 .text._read    0x0001147c       0x2c ./newlib/newlib_syscalls.o
                0x0001147c                _read
 .text.syscalls_init
                0x000114a8        0x2 ./newlib/newlib_syscalls.o
                0x000114a8                syscalls_init
 .text._fstat   0x000114aa        0x4 ./newlib/newlib_syscalls.o
                0x000114aa                _fstat
 *fill*         0x000114ae        0x2 ff
 .text._isatty  0x000114b0       0x24 ./newlib/newlib_syscalls.o
                0x000114b0                _isatty
 .text._lseek   0x000114d4        0x4 ./newlib/newlib_syscalls.o
                0x000114d4                _lseek
 .text._close   0x000114d8        0x4 ./newlib/newlib_syscalls.o
                0x000114d8                _close
 .text._sbrk    0x000114dc       0x74 ./newlib/memory.o
                0x000114dc                _sbrk
 .text._Znwj    0x00011550        0x4 ./newlib/memory.o
                0x00011550                operator new(unsigned int)
 .text._ZdlPv   0x00011554        0x4 ./newlib/memory.o
                0x00011554                operator delete(void*)
 .text._ZdaPv   0x00011558        0x4 ./newlib/memory.o
                0x00011558                operator delete[](void*)
 .text.sys_get_mem_info
                0x0001155c       0xb8 ./newlib/memory.o
                0x0001155c                sys_get_mem_info
 .text.startup._GLOBAL__sub_I__sbrk
                0x00011614       0x20 ./newlib/memory.o
 .text.__malloc_lock
                0x00011634        0x4 ./newlib/malloc_lock.o
                0x00011634                __malloc_lock
 .text.__malloc_unlock
                0x00011638        0x4 ./newlib/malloc_lock.o
                0x00011638                __malloc_unlock
 .text.nrf_irq_callback
                0x0001163c       0x30 ./L4_IO/wireless/src/wireless.o
 .text.nrf_driver_init
                0x0001166c       0x70 ./L4_IO/wireless/src/wireless.o
 .text.nrf_driver_app_recv
                0x000116dc       0x50 ./L4_IO/wireless/src/wireless.o
 .text.nrf_driver_send
                0x0001172c       0x5c ./L4_IO/wireless/src/wireless.o
 .text.nrf_driver_receive
                0x00011788       0x22 ./L4_IO/wireless/src/wireless.o
 .text.wireless_get_queued_pkt
                0x000117aa       0x64 ./L4_IO/wireless/src/wireless.o
 .text.nrf_driver_get_timer
                0x0001180e       0x28 ./L4_IO/wireless/src/wireless.o
 *fill*         0x00011836        0x2 ff
 .text.wireless_init
                0x00011838       0x4c ./L4_IO/wireless/src/wireless.o
                0x00011838                wireless_init
 .text.wireless_get_rx_pkt
                0x00011884       0x10 ./L4_IO/wireless/src/wireless.o
                0x00011884                wireless_get_rx_pkt
 .text.wireless_get_ack_pkt
                0x00011894       0x10 ./L4_IO/wireless/src/wireless.o
                0x00011894                wireless_get_ack_pkt
 .text.wireless_service
                0x000118a4       0x4c ./L4_IO/wireless/src/wireless.o
                0x000118a4                wireless_service
 .text.nordic_transfer
                0x000118f0      0x104 ./L4_IO/wireless/src/nrf24L01Plus.o
 .text.nordic_readRegister
                0x000119f4       0x20 ./L4_IO/wireless/src/nrf24L01Plus.o
 .text.nordic_writeRegister
                0x00011a14       0x1e ./L4_IO/wireless/src/nrf24L01Plus.o
 .text.nordic_is_tx_fifo_empty
                0x00011a32        0xe ./L4_IO/wireless/src/nrf24L01Plus.o
                0x00011a32                nordic_is_tx_fifo_empty
 .text.nordic_clear_all_intr_flags
                0x00011a40        0x8 ./L4_IO/wireless/src/nrf24L01Plus.o
                0x00011a40                nordic_clear_all_intr_flags
 .text.nordic_queue_tx_fifo
                0x00011a48        0xc ./L4_IO/wireless/src/nrf24L01Plus.o
                0x00011a48                nordic_queue_tx_fifo
 .text.nordic_standby1_to_tx_mode1
                0x00011a54       0x16 ./L4_IO/wireless/src/nrf24L01Plus.o
                0x00011a54                nordic_standby1_to_tx_mode1
 *fill*         0x00011a6a        0x2 ff
 .text.nordic_rx_to_Stanby1
                0x00011a6c       0x10 ./L4_IO/wireless/src/nrf24L01Plus.o
                0x00011a6c                nordic_rx_to_Stanby1
 .text.nordic_standby1_to_rx
                0x00011a7c       0x24 ./L4_IO/wireless/src/nrf24L01Plus.o
                0x00011a7c                nordic_standby1_to_rx
 .text.nordic_clear_packet_sent_flag
                0x00011aa0        0x8 ./L4_IO/wireless/src/nrf24L01Plus.o
                0x00011aa0                nordic_clear_packet_sent_flag
 .text.nordic_flush_tx_fifo
                0x00011aa8        0xc ./L4_IO/wireless/src/nrf24L01Plus.o
                0x00011aa8                nordic_flush_tx_fifo
 .text.nordic_mode1_send_single_packet
                0x00011ab4       0x4c ./L4_IO/wireless/src/nrf24L01Plus.o
                0x00011ab4                nordic_mode1_send_single_packet
 .text.nordic_is_packet_available
                0x00011b00       0x12 ./L4_IO/wireless/src/nrf24L01Plus.o
                0x00011b00                nordic_is_packet_available
 .text.nordic_clear_packet_available_flag
                0x00011b12        0x8 ./L4_IO/wireless/src/nrf24L01Plus.o
                0x00011b12                nordic_clear_packet_available_flag
 .text.nordic_read_rx_fifo
                0x00011b1a       0x14 ./L4_IO/wireless/src/nrf24L01Plus.o
                0x00011b1a                nordic_read_rx_fifo
 .text.nordic_flush_rx_fifo
                0x00011b2e        0xc ./L4_IO/wireless/src/nrf24L01Plus.o
                0x00011b2e                nordic_flush_rx_fifo
 .text.nordic_set_intr_signals
                0x00011b3a       0x3e ./L4_IO/wireless/src/nrf24L01Plus.o
                0x00011b3a                nordic_set_intr_signals
 .text.nordic_set_crc
                0x00011b78       0x38 ./L4_IO/wireless/src/nrf24L01Plus.o
                0x00011b78                nordic_set_crc
 .text.nordic_power_up
                0x00011bb0       0x18 ./L4_IO/wireless/src/nrf24L01Plus.o
                0x00011bb0                nordic_power_up
 .text.nordic_power_down
                0x00011bc8       0x16 ./L4_IO/wireless/src/nrf24L01Plus.o
                0x00011bc8                nordic_power_down
 .text.nordic_set_channel
                0x00011bde       0x24 ./L4_IO/wireless/src/nrf24L01Plus.o
                0x00011bde                nordic_set_channel
 .text.nordic_set_air_data_rate
                0x00011c02       0x2c ./L4_IO/wireless/src/nrf24L01Plus.o
                0x00011c02                nordic_set_air_data_rate
 .text.nordic_set_power_level
                0x00011c2e       0x24 ./L4_IO/wireless/src/nrf24L01Plus.o
                0x00011c2e                nordic_set_power_level
 .text.nordic_set_auto_transmit_options
                0x00011c52       0x32 ./L4_IO/wireless/src/nrf24L01Plus.o
                0x00011c52                nordic_set_auto_transmit_options
 .text.nordic_set_payload_for_pipe
                0x00011c84       0x14 ./L4_IO/wireless/src/nrf24L01Plus.o
                0x00011c84                nordic_set_payload_for_pipe
 .text.nordic_set_addr_width
                0x00011c98       0x16 ./L4_IO/wireless/src/nrf24L01Plus.o
                0x00011c98                nordic_set_addr_width
 .text.nordic_set_tx_address
                0x00011cae        0xc ./L4_IO/wireless/src/nrf24L01Plus.o
                0x00011cae                nordic_set_tx_address
 .text.nordic_set_rx_pipe0_addr
                0x00011cba        0xc ./L4_IO/wireless/src/nrf24L01Plus.o
                0x00011cba                nordic_set_rx_pipe0_addr
 *fill*         0x00011cc6        0x2 ff
 .text.nordic_init
                0x00011cc8       0xc8 ./L4_IO/wireless/src/nrf24L01Plus.o
                0x00011cc8                nordic_init
 .text.mesh_incr_soft_timers_for_arr
                0x00011d90       0x26 ./L4_IO/wireless/src/mesh.o
 *fill*         0x00011db6        0x2 ff
 .text.mesh_update_soft_timers
                0x00011db8       0x4c ./L4_IO/wireless/src/mesh.o
 .text.mesh_send_packet
                0x00011e04       0x3c ./L4_IO/wireless/src/mesh.o
 .text.mesh_send_retry_packet
                0x00011e40       0x34 ./L4_IO/wireless/src/mesh.o
 .text.mesh_find_rte_tbl_entry
                0x00011e74       0x24 ./L4_IO/wireless/src/mesh.o
 .text.mesh_update_rte_scores
                0x00011e98       0x28 ./L4_IO/wireless/src/mesh.o
 .text.mesh_get_pnd_pkt_slot
                0x00011ec0       0x42 ./L4_IO/wireless/src/mesh.o
 *fill*         0x00011f02        0x2 ff
 .text.mesh_pending_packets_add
                0x00011f04       0x90 ./L4_IO/wireless/src/mesh.o
 .text.mesh_get_rte_to_modify
                0x00011f94       0x58 ./L4_IO/wireless/src/mesh.o
 .text.mesh_handle_pnd_pkts_for_arr
                0x00011fec      0x184 ./L4_IO/wireless/src/mesh.o
 .text.mesh_set_node_address
                0x00012170       0x18 ./L4_IO/wireless/src/mesh.o
                0x00012170                mesh_set_node_address
 .text.mesh_get_node_address
                0x00012188        0xc ./L4_IO/wireless/src/mesh.o
                0x00012188                mesh_get_node_address
 .text.mesh_set_retry_count
                0x00012194       0x10 ./L4_IO/wireless/src/mesh.o
                0x00012194                mesh_set_retry_count
 .text.mesh_form_pkt
                0x000121a4      0x100 ./L4_IO/wireless/src/mesh.o
                0x000121a4                mesh_form_pkt
 .text.mesh_send_formed_pkt
                0x000122a4       0x50 ./L4_IO/wireless/src/mesh.o
                0x000122a4                mesh_send_formed_pkt
 .text.mesh_init
                0x000122f4      0x104 ./L4_IO/wireless/src/mesh.o
                0x000122f4                mesh_init
 .text.mesh_send
                0x000123f8       0x3c ./L4_IO/wireless/src/mesh.o
                0x000123f8                mesh_send
 .text.mesh_send_ack
                0x00012434       0x1a ./L4_IO/wireless/src/mesh.o
 *fill*         0x0001244e        0x2 ff
 .text.mesh_get_routing_entry
                0x00012450       0x2c ./L4_IO/wireless/src/mesh.o
                0x00012450                mesh_get_routing_entry
 .text.mesh_get_num_routing_entries
                0x0001247c       0x1c ./L4_IO/wireless/src/mesh.o
                0x0001247c                mesh_get_num_routing_entries
 .text.mesh_service
                0x00012498      0x2c4 ./L4_IO/wireless/src/mesh.o
                0x00012498                mesh_service
 .text.mesh_get_pnd_pkt_count
                0x0001275c       0x34 ./L4_IO/wireless/src/mesh.o
                0x0001275c                mesh_get_pnd_pkt_count
 .text.mesh_get_max_timeout_before_packet_fails
                0x00012790       0x24 ./L4_IO/wireless/src/mesh.o
                0x00012790                mesh_get_max_timeout_before_packet_fails
 .text.mesh_get_stats
                0x000127b4       0x14 ./L4_IO/wireless/src/mesh.o
                0x000127b4                mesh_get_stats
 .text.get_fattime
                0x000127c8       0x52 ./L4_IO/fat/fatfs_time.o
                0x000127c8                get_fattime
 .text.mem_cpy  0x0001281a       0x38 ./L4_IO/fat/ff.o
 .text.mem_set  0x00012852        0xe ./L4_IO/fat/ff.o
 .text.sum_sfn  0x00012860       0x1e ./L4_IO/fat/ff.o
 .text.get_ldnumber
                0x0001287e       0x3c ./L4_IO/fat/ff.o
 .text.get_fileinfo
                0x000128ba       0xc4 ./L4_IO/fat/ff.o
 .text.sync_window.part.1
                0x0001297e       0x46 ./L4_IO/fat/ff.o
 .text.sync_window
                0x000129c4        0xc ./L4_IO/fat/ff.o
 .text.sync_fs  0x000129d0       0x74 ./L4_IO/fat/ff.o
 .text.move_window
                0x00012a44       0x34 ./L4_IO/fat/ff.o
 .text.check_fs
                0x00012a78       0x4c ./L4_IO/fat/ff.o
 .text.find_volume
                0x00012ac4      0x23c ./L4_IO/fat/ff.o
 .text.validate
                0x00012d00       0x3a ./L4_IO/fat/ff.o
 .text.unlock_fs
                0x00012d3a       0x1a ./L4_IO/fat/ff.o
 .text.clust2sect
                0x00012d54       0x16 ./L4_IO/fat/ff.o
                0x00012d54                clust2sect
 .text.get_fat  0x00012d6a       0xa6 ./L4_IO/fat/ff.o
                0x00012d6a                get_fat
 .text.dir_sdi  0x00012e10       0x7e ./L4_IO/fat/ff.o
 .text.put_fat  0x00012e8e       0xd0 ./L4_IO/fat/ff.o
                0x00012e8e                put_fat
 .text.create_chain
                0x00012f5e       0xa2 ./L4_IO/fat/ff.o
 .text.dir_next
                0x00013000       0xee ./L4_IO/fat/ff.o
 *fill*         0x000130ee        0x2 ff
 .text.dir_find.part.9
                0x000130f0      0x124 ./L4_IO/fat/ff.o
 .text.follow_path
                0x00013214      0x268 ./L4_IO/fat/ff.o
 .text.dir_register
                0x0001347c      0x224 ./L4_IO/fat/ff.o
 .text.dir_remove
                0x000136a0       0x5a ./L4_IO/fat/ff.o
 *fill*         0x000136fa        0x2 ff
 .text.dir_read.constprop.11
                0x000136fc       0xe8 ./L4_IO/fat/ff.o
 .text.remove_chain
                0x000137e4       0x58 ./L4_IO/fat/ff.o
 .text.f_mount  0x0001383c       0x7c ./L4_IO/fat/ff.o
                0x0001383c                f_mount
 .text.f_open   0x000138b8      0x134 ./L4_IO/fat/ff.o
                0x000138b8                f_open
 .text.f_read   0x000139ec      0x170 ./L4_IO/fat/ff.o
                0x000139ec                f_read
 .text.f_write  0x00013b5c      0x1a2 ./L4_IO/fat/ff.o
                0x00013b5c                f_write
 .text.f_sync   0x00013cfe       0x8c ./L4_IO/fat/ff.o
                0x00013cfe                f_sync
 .text.f_close  0x00013d8a       0x24 ./L4_IO/fat/ff.o
                0x00013d8a                f_close
 .text.f_lseek  0x00013dae      0x14e ./L4_IO/fat/ff.o
                0x00013dae                f_lseek
 .text.f_opendir
                0x00013efc       0x88 ./L4_IO/fat/ff.o
                0x00013efc                f_opendir
 .text.f_readdir
                0x00013f84       0x5e ./L4_IO/fat/ff.o
                0x00013f84                f_readdir
 .text.f_getfree
                0x00013fe2       0xca ./L4_IO/fat/ff.o
                0x00013fe2                f_getfree
 .text.f_unlink
                0x000140ac       0xba ./L4_IO/fat/ff.o
                0x000140ac                f_unlink
 .text.f_mkdir  0x00014166      0x152 ./L4_IO/fat/ff.o
                0x00014166                f_mkdir
 .text.f_rename
                0x000142b8      0x120 ./L4_IO/fat/ff.o
                0x000142b8                f_rename
 .text.f_mkfs   0x000143d8      0x4ec ./L4_IO/fat/ff.o
                0x000143d8                f_mkfs
 .text.ff_cre_syncobj
                0x000148c4       0x14 ./L4_IO/fat/option/reentrant.o
                0x000148c4                ff_cre_syncobj
 .text.ff_del_syncobj
                0x000148d8        0x4 ./L4_IO/fat/option/reentrant.o
                0x000148d8                ff_del_syncobj
 .text.ff_req_grant
                0x000148dc       0x26 ./L4_IO/fat/option/reentrant.o
                0x000148dc                ff_req_grant
 .text.ff_rel_grant
                0x00014902       0x1e ./L4_IO/fat/option/reentrant.o
                0x00014902                ff_rel_grant
 .text.ff_convert
                0x00014920       0x3c ./L4_IO/fat/option/ccsbcs.o
                0x00014920                ff_convert
 .text.ff_wtoupper
                0x0001495c       0x24 ./L4_IO/fat/option/ccsbcs.o
                0x0001495c                ff_wtoupper
 .text._ZL24flash_get_mem_size_bytesv
                0x00014980       0x20 ./L4_IO/fat/disk/spi_flash.o
 .text._ZL37flash_perform_page_io_of_fatfs_sectorPFvPhmmES_m
                0x000149a0       0x74 ./L4_IO/fat/disk/spi_flash.o
 .text.ssp1_exchange_data
                0x00014a14       0xc4 ./L4_IO/fat/disk/spi_flash.o
 .text._ZL18flash_send_op_addr14flash_opcode_tm
                0x00014ad8       0x26 ./L4_IO/fat/disk/spi_flash.o
 *fill*         0x00014afe        0x2 ff
 .text._ZL15flash_read_pagePhmm
                0x00014b00       0x44 ./L4_IO/fat/disk/spi_flash.o
 .text._ZL20flash_wait_for_readyv
                0x00014b44       0x44 ./L4_IO/fat/disk/spi_flash.o
 .text.flash_initialize
                0x00014b88       0x98 ./L4_IO/fat/disk/spi_flash.o
                0x00014b88                flash_initialize
 .text.flash_read_sectors
                0x00014c20       0x44 ./L4_IO/fat/disk/spi_flash.o
                0x00014c20                flash_read_sectors
 .text.flash_write_sectors
                0x00014c64       0x40 ./L4_IO/fat/disk/spi_flash.o
                0x00014c64                flash_write_sectors
 .text.flash_ioctl
                0x00014ca4       0x36 ./L4_IO/fat/disk/spi_flash.o
                0x00014ca4                flash_ioctl
 *fill*         0x00014cda        0x2 ff
 .text.flash_write_permanent_id
                0x00014cdc       0x44 ./L4_IO/fat/disk/spi_flash.o
                0x00014cdc                flash_write_permanent_id
 .text.flash_read_permanent_id
                0x00014d20       0x28 ./L4_IO/fat/disk/spi_flash.o
                0x00014d20                flash_read_permanent_id
 .text.flash_get_page_count
                0x00014d48       0x20 ./L4_IO/fat/disk/spi_flash.o
                0x00014d48                flash_get_page_count
 .text.flash_get_page_size
                0x00014d68        0xc ./L4_IO/fat/disk/spi_flash.o
                0x00014d68                flash_get_page_size
 .text.flash_supports_metadata
                0x00014d74       0x10 ./L4_IO/fat/disk/spi_flash.o
                0x00014d74                flash_supports_metadata
 .text._ZL16flash_write_pagePhmm
                0x00014d84       0x8c ./L4_IO/fat/disk/spi_flash.o
 .text.flash_get_page_write_count
                0x00014e10       0x54 ./L4_IO/fat/disk/spi_flash.o
                0x00014e10                flash_get_page_write_count
 .text.flash_chip_erase
                0x00014e64       0x2c ./L4_IO/fat/disk/spi_flash.o
                0x00014e64                flash_chip_erase
 .text.sys_get_uptime_ms
                0x00014e90       0x12 ./L4_IO/fat/disk/sd.o
 *fill*         0x00014ea2        0x2 ff
 .text.ssp1_set_max_clock
                0x00014ea4       0x30 ./L4_IO/fat/disk/sd.o
 .text.ssp1_exchange_byte
                0x00014ed4       0x18 ./L4_IO/fat/disk/sd.o
 .text.wait_ready
                0x00014eec       0x2e ./L4_IO/fat/disk/sd.o
                0x00014eec                wait_ready
 *fill*         0x00014f1a        0x2 ff
 .text.power_off
                0x00014f1c       0x24 ./L4_IO/fat/disk/sd.o
                0x00014f1c                power_off
 .text.rcvr_datablock
                0x00014f40       0x8c ./L4_IO/fat/disk/sd.o
                0x00014f40                rcvr_datablock
 .text.xmit_datablock
                0x00014fcc       0x4c ./L4_IO/fat/disk/sd.o
                0x00014fcc                xmit_datablock
 .text.send_cmd
                0x00015018       0x90 ./L4_IO/fat/disk/sd.o
                0x00015018                send_cmd
 .text.sd_update_card_status
                0x000150a8       0x24 ./L4_IO/fat/disk/sd.o
                0x000150a8                sd_update_card_status
 .text.sd_initialize
                0x000150cc      0x170 ./L4_IO/fat/disk/sd.o
                0x000150cc                sd_initialize
 .text.sd_status
                0x0001523c       0x10 ./L4_IO/fat/disk/sd.o
                0x0001523c                sd_status
 .text.sd_read  0x0001524c       0x98 ./L4_IO/fat/disk/sd.o
                0x0001524c                sd_read
 .text.sd_write
                0x000152e4       0xb4 ./L4_IO/fat/disk/sd.o
                0x000152e4                sd_write
 .text.sd_ioctl
                0x00015398      0x234 ./L4_IO/fat/disk/sd.o
                0x00015398                sd_ioctl
 .text.disk_initialize
                0x000155cc       0x26 ./L4_IO/fat/disk/diskio.o
                0x000155cc                disk_initialize
 .text.disk_status
                0x000155f2       0x10 ./L4_IO/fat/disk/diskio.o
                0x000155f2                disk_status
 .text.disk_read
                0x00015602       0x38 ./L4_IO/fat/disk/diskio.o
                0x00015602                disk_read
 .text.disk_write
                0x0001563a       0x38 ./L4_IO/fat/disk/diskio.o
                0x0001563a                disk_write
 .text.disk_ioctl
                0x00015672       0x32 ./L4_IO/fat/disk/diskio.o
                0x00015672                disk_ioctl
 .text._ZN7Storage4copyEPKcS1_PjS2_S2_
                0x000156a4       0xf4 ./L4_IO/src/storage.o
                0x000156a4                Storage::copy(char const*, char const*, unsigned int*, unsigned int*, unsigned int*)
 .text._ZN7Storage4readEPKcPvjj
                0x00015798       0x44 ./L4_IO/src/storage.o
                0x00015798                Storage::read(char const*, void*, unsigned int, unsigned int)
 .text._ZN7Storage5writeEPKcPvjj
                0x000157dc       0x44 ./L4_IO/src/storage.o
                0x000157dc                Storage::write(char const*, void*, unsigned int, unsigned int)
 .text._ZN7Storage6appendEPKcPKvjj
                0x00015820       0x48 ./L4_IO/src/storage.o
                0x00015820                Storage::append(char const*, void const*, unsigned int, unsigned int)
 .text._ZN11i2c2_device8writeRegEhh
                0x00015868        0xc ./L4_IO/src/io_source.o
                0x00015868                i2c2_device::writeReg(unsigned char, unsigned char)
 .text._ZN11i2c2_device16get16BitRegisterEh
                0x00015874       0x2a ./L4_IO/src/io_source.o
                0x00015874                i2c2_device::get16BitRegister(unsigned char)
 .text._ZN19Acceleration_Sensor4initEv
                0x0001589e       0x20 ./L4_IO/src/io_source.o
                0x0001589e                Acceleration_Sensor::init()
 *fill*         0x000158be        0x2 ff
 .text._ZN9IR_Sensor11storeIrCodeEm
                0x000158c0       0x1c ./L4_IO/src/io_source.o
                0x000158c0                IR_Sensor::storeIrCode(unsigned long)
 .text._ZN9IR_Sensor12decodeIrCodeEv
                0x000158dc       0x64 ./L4_IO/src/io_source.o
                0x000158dc                IR_Sensor::decodeIrCode()
 .text._ZN9IR_Sensor4initEv
                0x00015940       0x34 ./L4_IO/src/io_source.o
                0x00015940                IR_Sensor::init()
 .text._ZN11LED_Display12setLeftDigitEc
                0x00015974       0x18 ./L4_IO/src/io_source.o
                0x00015974                LED_Display::setLeftDigit(char)
 .text._ZN11LED_Display13setRightDigitEc
                0x0001598c       0x18 ./L4_IO/src/io_source.o
                0x0001598c                LED_Display::setRightDigit(char)
 .text._ZN11LED_Display4initEv
                0x000159a4       0x38 ./L4_IO/src/io_source.o
                0x000159a4                LED_Display::init()
 .text._ZN11LED_Display9setNumberEc
                0x000159dc       0x3a ./L4_IO/src/io_source.o
                0x000159dc                LED_Display::setNumber(char)
 .text._ZN3LED4initEv
                0x00015a16        0x4 ./L4_IO/src/io_source.o
                0x00015a16                LED::init()
 *fill*         0x00015a1a        0x2 ff
 .text._ZN3LED6setAllEh
                0x00015a1c       0x5c ./L4_IO/src/io_source.o
                0x00015a1c                LED::setAll(unsigned char)
 .text._ZN12Light_Sensor4initEv
                0x00015a78        0x4 ./L4_IO/src/io_source.o
                0x00015a78                Light_Sensor::init()
 .text._ZN12Light_Sensor11getRawValueEv
                0x00015a7c        0x6 ./L4_IO/src/io_source.o
                0x00015a7c                Light_Sensor::getRawValue()
 .text._ZN12Light_Sensor15getPercentValueEv
                0x00015a82       0x12 ./L4_IO/src/io_source.o
                0x00015a82                Light_Sensor::getPercentValue()
 .text._ZN8Switches4initEv
                0x00015a94        0x4 ./L4_IO/src/io_source.o
                0x00015a94                Switches::init()
 .text._ZN8Switches15getSwitchValuesEv
                0x00015a98       0x18 ./L4_IO/src/io_source.o
                0x00015a98                Switches::getSwitchValues()
 .text._ZN8I2C_Temp4initEv
                0x00015ab0       0x22 ./L4_IO/src/io_source.o
                0x00015ab0                I2C_Temp::init()
 .text._ZN8I2C_Temp10getCelsiusEv
                0x00015ad2       0x30 ./L4_IO/src/io_source.o
                0x00015ad2                I2C_Temp::getCelsius()
 *fill*         0x00015b02        0x2 ff
 .text._ZN8I2C_Temp12getFarenheitEv
                0x00015b04       0x24 ./L4_IO/src/io_source.o
                0x00015b04                I2C_Temp::getFarenheit()
 .text._ZN14scheduler_task4initEv
                0x00015b28        0x4 ./L5_Application/source/terminal.o
                0x00015b28                scheduler_task::init()
 .text._ZN14scheduler_task6regTlmEv
                0x00015b2c        0x4 ./L5_Application/source/terminal.o
                0x00015b2c                scheduler_task::regTlm()
 .text._ZN14scheduler_task9taskEntryEv
                0x00015b30        0x4 ./L5_Application/source/terminal.o
                0x00015b30                scheduler_task::taskEntry()
 .text._ZN12terminalTask6regTlmEv
                0x00015b34        0x4 ./L5_Application/source/terminal.o
                0x00015b34                terminalTask::regTlm()
 .text._ZN12terminalTaskD2Ev
                0x00015b38       0x48 ./L5_Application/source/terminal.o
                0x00015b38                terminalTask::~terminalTask()
                0x00015b38                terminalTask::~terminalTask()
 .text._ZN12terminalTaskD0Ev
                0x00015b80       0x12 ./L5_Application/source/terminal.o
                0x00015b80                terminalTask::~terminalTask()
 .text._ZN6VECTORIN12terminalTask9cmdChan_tEE14changeCapacityEj.part.4
                0x00015b92       0x40 ./L5_Application/source/terminal.o
 *fill*         0x00015bd2        0x2 ff
 .text._ZN12terminalTaskC2Eh
                0x00015bd4       0xb0 ./L5_Application/source/terminal.o
                0x00015bd4                terminalTask::terminalTask(unsigned char)
                0x00015bd4                terminalTask::terminalTask(unsigned char)
 .text._ZN12terminalTask22handleEchoAndBackspaceEPNS_9cmdChan_tEc
                0x00015c84       0x74 ./L5_Application/source/terminal.o
                0x00015c84                terminalTask::handleEchoAndBackspace(terminalTask::cmdChan_t*, char)
 .text._ZN12terminalTask17addCommandChannelEP7CharDevb
                0x00015cf8       0x40 ./L5_Application/source/terminal.o
                0x00015cf8                terminalTask::addCommandChannel(CharDev*, bool)
 .text._ZN12terminalTask10getCommandEv
                0x00015d38      0x124 ./L5_Application/source/terminal.o
                0x00015d38                terminalTask::getCommand()
 .text._ZN12terminalTask3runEPv
                0x00015e5c       0x98 ./L5_Application/source/terminal.o
                0x00015e5c                terminalTask::run(void*)
 .text._ZN17SingletonTemplateI5Uart0E11getInstanceEv
                0x00015ef4       0x20 ./L5_Application/source/terminal.o
                0x00015ef4                SingletonTemplate<Uart0>::getInstance()
 .text._ZN5Uart017putcharIntrDrivenEc
                0x00015f14       0x18 ./L5_Application/source/terminal.o
                0x00015f14                Uart0::putcharIntrDriven(char)
 .text._ZN5Uart017getcharIntrDrivenEc
                0x00015f2c       0x22 ./L5_Application/source/terminal.o
                0x00015f2c                Uart0::getcharIntrDriven(char)
 *fill*         0x00015f4e        0x2 ff
 .text._ZN12terminalTask9taskEntryEv
                0x00015f50      0x2b0 ./L5_Application/source/terminal.o
                0x00015f50                terminalTask::taskEntry()
 .text._ZL13wsAddrHandlerR3strR7CharDevPv
                0x00016200       0x34 ./L5_Application/source/cmd_handlers/wireless_handlers.o
 .text._ZL25wirelessHandlerPrintStatsR7CharDevP12mesh_stats_th.constprop.4
                0x00016234       0x3c ./L5_Application/source/cmd_handlers/wireless_handlers.o
 .text._ZL11wsTxHandlerR3strR7CharDevPv
                0x00016270      0x114 ./L5_Application/source/cmd_handlers/wireless_handlers.o
 .text._ZL14wsStatsHandlerR3strR7CharDevPv
                0x00016384       0x1e ./L5_Application/source/cmd_handlers/wireless_handlers.o
 *fill*         0x000163a2        0x2 ff
 .text._ZL11wsRxHandlerR3strR7CharDevPv
                0x000163a4       0x80 ./L5_Application/source/cmd_handlers/wireless_handlers.o
 .text._Z12wsRteHandlerR3strR7CharDevPv
                0x00016424       0x74 ./L5_Application/source/cmd_handlers/wireless_handlers.o
                0x00016424                wsRteHandler(str&, CharDev&, void*)
 .text._Z15wirelessHandlerR3strR7CharDevPv
                0x00016498      0x160 ./L5_Application/source/cmd_handlers/wireless_handlers.o
                0x00016498                wirelessHandler(str&, CharDev&, void*)
 .text._ZN17SingletonTemplateI12NordicStreamE11getInstanceEv
                0x000165f8       0x20 ./L5_Application/source/cmd_handlers/wireless_handlers.o
                0x000165f8                SingletonTemplate<NordicStream>::getInstance()
 .text._ZL15wsFileTxHandlerR3strR7CharDevPv
                0x00016618      0x22c ./L5_Application/source/cmd_handlers/wireless_handlers.o
 .text._ZL15wsStreamHandlerR3strR7CharDevPv
                0x00016844      0x120 ./L5_Application/source/cmd_handlers/wireless_handlers.o
 .text._ZN7Storage13getFlashDriveEv
                0x00016964       0x48 ./L5_Application/source/cmd_handlers/handlers.o
                0x00016964                Storage::getFlashDrive()
 .text._ZN7Storage10getSDDriveEv
                0x000169ac       0x48 ./L5_Application/source/cmd_handlers/handlers.o
                0x000169ac                Storage::getSDDrive()
 .text._Z11UARTHandlerR3strR7CharDevPv
                0x000169f4       0x90 ./L5_Application/source/cmd_handlers/handlers.o
                0x000169f4                UARTHandler(str&, CharDev&, void*)
 .text._Z15taskListHandlerR3strR7CharDevPv
                0x00016a84       0xe8 ./L5_Application/source/cmd_handlers/handlers.o
                0x00016a84                taskListHandler(str&, CharDev&, void*)
 .text._Z14memInfoHandlerR3strR7CharDevPv
                0x00016b6c       0x22 ./L5_Application/source/cmd_handlers/handlers.o
                0x00016b6c                memInfoHandler(str&, CharDev&, void*)
 *fill*         0x00016b8e        0x2 ff
 .text._Z11timeHandlerR3strR7CharDevPv
                0x00016b90       0xc4 ./L5_Application/source/cmd_handlers/handlers.o
                0x00016b90                timeHandler(str&, CharDev&, void*)
 .text._Z10logHandlerR3strR7CharDevPv
                0x00016c54      0x194 ./L5_Application/source/cmd_handlers/handlers.o
                0x00016c54                logHandler(str&, CharDev&, void*)
 .text._Z9cpHandlerR3strR7CharDevPv
                0x00016de8       0x80 ./L5_Application/source/cmd_handlers/handlers.o
                0x00016de8                cpHandler(str&, CharDev&, void*)
 .text._Z10catHandlerR3strR7CharDevPv
                0x00016e68      0x104 ./L5_Application/source/cmd_handlers/handlers.o
                0x00016e68                catHandler(str&, CharDev&, void*)
 .text._Z9lsHandlerR3strR7CharDevPv
                0x00016f6c      0x178 ./L5_Application/source/cmd_handlers/handlers.o
                0x00016f6c                lsHandler(str&, CharDev&, void*)
 .text._Z12mkdirHandlerR3strR7CharDevPv
                0x000170e4       0x3c ./L5_Application/source/cmd_handlers/handlers.o
                0x000170e4                mkdirHandler(str&, CharDev&, void*)
 .text._Z9rmHandlerR3strR7CharDevPv
                0x00017120       0x3c ./L5_Application/source/cmd_handlers/handlers.o
                0x00017120                rmHandler(str&, CharDev&, void*)
 .text._Z9mvHandlerR3strR7CharDevPv
                0x0001715c       0x5c ./L5_Application/source/cmd_handlers/handlers.o
                0x0001715c                mvHandler(str&, CharDev&, void*)
 .text._Z14newFileHandlerR3strR7CharDevPv
                0x000171b8       0xb0 ./L5_Application/source/cmd_handlers/handlers.o
                0x000171b8                newFileHandler(str&, CharDev&, void*)
 .text._Z10dcpHandlerR3strR7CharDevPv
                0x00017268      0x140 ./L5_Application/source/cmd_handlers/handlers.o
                0x00017268                dcpHandler(str&, CharDev&, void*)
 .text._Z14storageHandlerR3strR7CharDevPv
                0x000173a8       0xc0 ./L5_Application/source/cmd_handlers/handlers.o
                0x000173a8                storageHandler(str&, CharDev&, void*)
 .text._Z13rebootHandlerR3strR7CharDevPv
                0x00017468       0x30 ./L5_Application/source/cmd_handlers/handlers.o
                0x00017468                rebootHandler(str&, CharDev&, void*)
 .text._Z14learnIrHandlerR3strR7CharDevPv
                0x00017498       0x38 ./L5_Application/source/cmd_handlers/handlers.o
                0x00017498                learnIrHandler(str&, CharDev&, void*)
 .text._ZN17SingletonTemplateI4I2C2E11getInstanceEv
                0x000174d0       0x20 ./L5_Application/source/cmd_handlers/handlers.o
                0x000174d0                SingletonTemplate<I2C2>::getInstance()
 .text._Z12i2cIoHandlerR3strR7CharDevPv
                0x000174f0      0x198 ./L5_Application/source/cmd_handlers/handlers.o
                0x000174f0                i2cIoHandler(str&, CharDev&, void*)
 .text._ZN17SingletonTemplateI17TemperatureSensorE11getInstanceEv
                0x00017688       0x28 ./L5_Application/source/cmd_handlers/handlers.o
                0x00017688                SingletonTemplate<TemperatureSensor>::getInstance()
 .text._Z26onDemandTemperatureHandlerR3strR7CharDevPv
                0x000176b0       0x30 ./L5_Application/source/cmd_handlers/handlers.o
                0x000176b0                onDemandTemperatureHandler(str&, CharDev&, void*)
 .text._Z13healthHandlerR3strR7CharDevPv
                0x000176e0      0x178 ./L5_Application/source/cmd_handlers/handlers.o
                0x000176e0                healthHandler(str&, CharDev&, void*)
 .text._Z16flashProgHandlerR3strR7CharDevPv
                0x00017858       0xa8 ./L5_Application/source/cmd_handlers/prog_handlers.o
                0x00017858                flashProgHandler(str&, CharDev&, void*)
 .text._Z14getFileHandlerR3strR7CharDevPv
                0x00017900      0x134 ./L5_Application/source/cmd_handlers/prog_handlers.o
                0x00017900                getFileHandler(str&, CharDev&, void*)
 .text._ZL13hl_print_linev
                0x00017a34        0xc ./L5_Application/source/high_level_init.o
 .text.ssp_set_max_clock
                0x00017a40       0x2c ./L5_Application/source/high_level_init.o
 .text._ZL16hl_mount_storageR16FileSystemObjectPKc
                0x00017a6c       0x94 ./L5_Application/source/high_level_init.o
 .text._ZN17SingletonTemplateI11LED_DisplayE11getInstanceEv
                0x00017b00       0x24 ./L5_Application/source/high_level_init.o
                0x00017b00                SingletonTemplate<LED_Display>::getInstance()
 .text._ZN17SingletonTemplateI3LEDE11getInstanceEv
                0x00017b24       0x1c ./L5_Application/source/high_level_init.o
                0x00017b24                SingletonTemplate<LED>::getInstance()
 .text._ZN17SingletonTemplateI12Light_SensorE11getInstanceEv
                0x00017b40       0x18 ./L5_Application/source/high_level_init.o
                0x00017b40                SingletonTemplate<Light_Sensor>::getInstance()
 .text._ZN17SingletonTemplateI8SwitchesE11getInstanceEv
                0x00017b58       0x18 ./L5_Application/source/high_level_init.o
                0x00017b58                SingletonTemplate<Switches>::getInstance()
 .text._Z15high_level_initv
                0x00017b70      0x548 ./L5_Application/source/high_level_init.o
                0x00017b70                high_level_init()
 .text._ZN17SingletonTemplateI9IR_SensorE11getInstanceEv
                0x000180b8       0x18 ./L5_Application/source/remote.o
                0x000180b8                SingletonTemplate<IR_Sensor>::getInstance()
 .text._ZN21periodicSchedulerTaskD2Ev
                0x000180d0        0x2 ./L5_Application/periodic_scheduler/prd_dispatcher.o
                0x000180d0                periodicSchedulerTask::~periodicSchedulerTask()
                0x000180d0                periodicSchedulerTask::~periodicSchedulerTask()
 *fill*         0x000180d2        0x2 ff
 .text._Z15period_task_1HzPv
                0x000180d4       0x20 ./L5_Application/periodic_scheduler/prd_dispatcher.o
                0x000180d4                period_task_1Hz(void*)
 .text._Z16period_task_10HzPv
                0x000180f4       0x20 ./L5_Application/periodic_scheduler/prd_dispatcher.o
                0x000180f4                period_task_10Hz(void*)
 .text._Z17period_task_100HzPv
                0x00018114       0x20 ./L5_Application/periodic_scheduler/prd_dispatcher.o
                0x00018114                period_task_100Hz(void*)
 .text._Z18period_task_1000HzPv
                0x00018134       0x20 ./L5_Application/periodic_scheduler/prd_dispatcher.o
                0x00018134                period_task_1000Hz(void*)
 .text._ZN21periodicSchedulerTask4initEv
                0x00018154        0x4 ./L5_Application/periodic_scheduler/prd_dispatcher.o
                0x00018154                periodicSchedulerTask::init()
 .text._ZN21periodicSchedulerTask6regTlmEv
                0x00018158        0x4 ./L5_Application/periodic_scheduler/prd_dispatcher.o
                0x00018158                periodicSchedulerTask::regTlm()
 .text._ZN21periodicSchedulerTaskD0Ev
                0x0001815c        0xc ./L5_Application/periodic_scheduler/prd_dispatcher.o
                0x0001815c                periodicSchedulerTask::~periodicSchedulerTask()
 .text._ZN21periodicSchedulerTaskC2Ev
                0x00018168       0xec ./L5_Application/periodic_scheduler/prd_dispatcher.o
                0x00018168                periodicSchedulerTask::periodicSchedulerTask()
                0x00018168                periodicSchedulerTask::periodicSchedulerTask()
 .text._ZN21periodicSchedulerTask23handlePeriodicSemaphoreEhh
                0x00018254       0x88 ./L5_Application/periodic_scheduler/prd_dispatcher.o
                0x00018254                periodicSchedulerTask::handlePeriodicSemaphore(unsigned char, unsigned char)
 .text._ZN21periodicSchedulerTask3runEPv
                0x000182dc       0x34 ./L5_Application/periodic_scheduler/prd_dispatcher.o
                0x000182dc                periodicSchedulerTask::run(void*)
 .text.period_reg_tlm
                0x00018310        0x4 ./L5_Application/periodic_scheduler/period_callbacks.o
                0x00018310                period_reg_tlm
 .text.period_1Hz
                0x00018314       0x40 ./L5_Application/periodic_scheduler/period_callbacks.o
                0x00018314                period_1Hz
 .text.period_100Hz
                0x00018354        0x2 ./L5_Application/periodic_scheduler/period_callbacks.o
                0x00018354                period_100Hz
 .text.period_1000Hz
                0x00018356        0x2 ./L5_Application/periodic_scheduler/period_callbacks.o
                0x00018356                period_1000Hz
 .text.period_init
                0x00018358       0x1c ./L5_Application/periodic_scheduler/period_callbacks.o
                0x00018358                period_init
 .text.period_10Hz
                0x00018374       0x38 ./L5_Application/periodic_scheduler/period_callbacks.o
                0x00018374                period_10Hz
 .text._ZN12wirelessTaskD2Ev
                0x000183ac        0x2 ./L5_Application/main.o
                0x000183ac                wirelessTask::~wirelessTask()
                0x000183ac                wirelessTask::~wirelessTask()
 .text._ZN12wirelessTask3runEPv
                0x000183ae        0xa ./L5_Application/main.o
                0x000183ae                wirelessTask::run(void*)
 .text._ZN12wirelessTaskD0Ev
                0x000183b8        0xc ./L5_Application/main.o
                0x000183b8                wirelessTask::~wirelessTask()
 .text.startup.main
                0x000183c4       0x64 ./L5_Application/main.o
                0x000183c4                main
 .text.delay_us
                0x00018428       0x1c ./L3_Utils/src/utilities.o
                0x00018428                delay_us
 .text.is_freertos_running
                0x00018444        0xe ./L3_Utils/src/utilities.o
                0x00018444                is_freertos_running
 .text.delay_ms
                0x00018452       0x22 ./L3_Utils/src/utilities.o
                0x00018452                delay_ms
 .text._ZN3strC2EPci
                0x00018474       0x2a ./L3_Utils/src/str.o
                0x00018474                str::str(char*, int)
                0x00018474                str::str(char*, int)
 .text._ZN3strD2Ev
                0x0001849e       0x24 ./L3_Utils/src/str.o
                0x0001849e                str::~str()
                0x0001849e                str::~str()
 .text._ZNK3str6getLenEv
                0x000184c2        0x6 ./L3_Utils/src/str.o
                0x000184c2                str::getLen() const
 .text._ZNK3str11getCapacityEv
                0x000184c8        0x4 ./L3_Utils/src/str.o
                0x000184c8                str::getCapacity() const
 .text._ZN3str5clearEv
                0x000184cc        0x8 ./L3_Utils/src/str.o
                0x000184cc                str::clear()
 .text._ZN3str5scanfEPKcz
                0x000184d4       0x1c ./L3_Utils/src/str.o
                0x000184d4                str::scanf(char const*, ...)
 .text._ZN3str8tokenizeEPKciz
                0x000184f0       0x4c ./L3_Utils/src/str.o
                0x000184f0                str::tokenize(char const*, int, ...)
 .text._ZNK3str9compareToEPKc
                0x0001853c       0x14 ./L3_Utils/src/str.o
                0x0001853c                str::compareTo(char const*) const
 .text._ZNK3str19compareToIgnoreCaseEPKc
                0x00018550       0x10 ./L3_Utils/src/str.o
                0x00018550                str::compareToIgnoreCase(char const*) const
 .text._ZNK3str22firstIndexOfIgnoreCaseEPKc
                0x00018560       0x80 ./L3_Utils/src/str.o
                0x00018560                str::firstIndexOfIgnoreCase(char const*) const
 .text._ZNK3str18containsIgnoreCaseEPKc
                0x000185e0        0xe ./L3_Utils/src/str.o
                0x000185e0                str::containsIgnoreCase(char const*) const
 .text._ZNK3str12firstIndexOfEPKc
                0x000185ee       0x16 ./L3_Utils/src/str.o
                0x000185ee                str::firstIndexOf(char const*) const
 .text._ZNK3str10beginsWithEPKc
                0x00018604       0x2e ./L3_Utils/src/str.o
                0x00018604                str::beginsWith(char const*) const
 .text._ZNK3str20beginsWithIgnoreCaseEPKc
                0x00018632       0x2e ./L3_Utils/src/str.o
                0x00018632                str::beginsWithIgnoreCase(char const*) const
 .text._ZNK3str29beginsWithWholeWordIgnoreCaseEPKcc
                0x00018660       0x38 ./L3_Utils/src/str.o
                0x00018660                str::beginsWithWholeWordIgnoreCase(char const*, char) const
 .text._ZN3str10eraseFirstEi
                0x00018698       0x28 ./L3_Utils/src/str.o
                0x00018698                str::eraseFirst(int)
 .text._ZN3str9eraseLastEi
                0x000186c0       0x20 ./L3_Utils/src/str.o
                0x000186c0                str::eraseLast(int)
 .text._ZN3str10eraseAfterEii
                0x000186e0       0x38 ./L3_Utils/src/str.o
                0x000186e0                str::eraseAfter(int, int)
 .text._ZN3str5eraseEPKc
                0x00018718       0x28 ./L3_Utils/src/str.o
                0x00018718                str::erase(char const*)
 .text._ZN3str15eraseFirstWordsEic
                0x00018740       0x2a ./L3_Utils/src/str.o
                0x00018740                str::eraseFirstWords(int, char)
 .text._ZN3str9trimStartEPKc
                0x0001876a       0x40 ./L3_Utils/src/str.o
                0x0001876a                str::trimStart(char const*)
 .text._ZN3str7trimEndEPKc
                0x000187aa       0x3a ./L3_Utils/src/str.o
                0x000187aa                str::trimEnd(char const*)
 .text._ZNK3streqEPKc
                0x000187e4        0x4 ./L3_Utils/src/str.o
                0x000187e4                str::operator==(char const*) const
 .text._ZNK3strclEv
                0x000187e8        0x4 ./L3_Utils/src/str.o
                0x000187e8                str::operator()() const
 .text._ZNK3strcviEv
                0x000187ec        0x6 ./L3_Utils/src/str.o
                0x000187ec                str::operator int() const
 .text._ZN3strixEi
                0x000187f2       0x14 ./L3_Utils/src/str.o
                0x000187f2                str::operator[](int)
 .text._ZN3str13reAllocateMemEi
                0x00018806       0x4c ./L3_Utils/src/str.o
                0x00018806                str::reAllocateMem(int)
 .text._ZN3str4initEi
                0x00018852       0x10 ./L3_Utils/src/str.o
                0x00018852                str::init(int)
 .text._ZN3strC2Ei
                0x00018862        0xc ./L3_Utils/src/str.o
                0x00018862                str::str(int)
                0x00018862                str::str(int)
 .text._ZN3str7reserveEi
                0x0001886e        0xe ./L3_Utils/src/str.o
                0x0001886e                str::reserve(int)
 .text._ZN3str6printfEPKcz
                0x0001887c       0x42 ./L3_Utils/src/str.o
                0x0001887c                str::printf(char const*, ...)
 .text._ZN3str26ensureMemoryToInsertNCharsEi
                0x000188be       0x22 ./L3_Utils/src/str.o
                0x000188be                str::ensureMemoryToInsertNChars(int)
 .text._ZN3str11insertAtEndEPKc
                0x000188e0       0x22 ./L3_Utils/src/str.o
                0x000188e0                str::insertAtEnd(char const*)
 .text._ZN3strpLEc
                0x00018902       0x1a ./L3_Utils/src/str.o
                0x00018902                str::operator+=(char)
 .text._ZN3str8copyFromEPKc
                0x0001891c       0x3c ./L3_Utils/src/str.o
                0x0001891c                str::copyFrom(char const*)
 .text._ZN3straSEPKc
                0x00018958        0x4 ./L3_Utils/src/str.o
                0x00018958                str::operator=(char const*)
 .text.__sputc_r
                0x0001895c       0x2c ./L3_Utils/src/scheduler_task.o
 .text._ZL9dbg_printPKcS0_
                0x00018988       0x34 ./L3_Utils/src/scheduler_task.o
 .text._ZL9printlinePKcS0_
                0x000189bc       0x38 ./L3_Utils/src/scheduler_task.o
 .text._Z24scheduler_c_task_privatePv
                0x000189f4      0x120 ./L3_Utils/src/scheduler_task.o
                0x000189f4                scheduler_c_task_private(void*)
 .text._Z18scheduler_init_allb
                0x00018b14       0xf8 ./L3_Utils/src/scheduler_task.o
                0x00018b14                scheduler_init_all(bool)
 .text._Z18scheduler_add_taskP14scheduler_task
                0x00018c0c       0x1c ./L3_Utils/src/scheduler_task.o
                0x00018c0c                scheduler_add_task(scheduler_task*)
 .text._Z15scheduler_startbb
                0x00018c28       0x44 ./L3_Utils/src/scheduler_task.o
                0x00018c28                scheduler_start(bool, bool)
 .text._ZN14scheduler_taskC2EPKcmhPv
                0x00018c6c       0x34 ./L3_Utils/src/scheduler_task.o
                0x00018c6c                scheduler_task::scheduler_task(char const*, unsigned long, unsigned char, void*)
                0x00018c6c                scheduler_task::scheduler_task(char const*, unsigned long, unsigned char, void*)
 .text._ZN14scheduler_task15getSharedObjectEh
                0x00018ca0       0x18 ./L3_Utils/src/scheduler_task.o
                0x00018ca0                scheduler_task::getSharedObject(unsigned char)
 .text.c_list_for_each_elm
                0x00018cb8       0x2a ./L3_Utils/src/c_list.o
                0x00018cb8                c_list_for_each_elm
 *fill*         0x00018ce2        0x2 ff
 .text._ZN16CommandProcessor10addHandlerEPFbR3strR7CharDevPvEPKcS8_S4_
                0x00018ce4       0x7c ./L3_Utils/src/command_handler.o
                0x00018ce4                CommandProcessor::addHandler(bool (*)(str&, CharDev&, void*), char const*, char const*, void*)
 .text._ZN16CommandProcessor24getRegisteredCommandListER7CharDev
                0x00018d60       0x98 ./L3_Utils/src/command_handler.o
                0x00018d60                CommandProcessor::getRegisteredCommandList(CharDev&)
 .text._ZN16CommandProcessor11getHelpTextER3strR7CharDev
                0x00018df8       0x70 ./L3_Utils/src/command_handler.o
                0x00018df8                CommandProcessor::getHelpText(str&, CharDev&)
 .text._ZN16CommandProcessor15prepareCmdParamER3strPKc
                0x00018e68       0x3c ./L3_Utils/src/command_handler.o
                0x00018e68                CommandProcessor::prepareCmdParam(str&, char const*)
 .text._ZN16CommandProcessor13handleCommandER3strR7CharDev
                0x00018ea4      0x14c ./L3_Utils/src/command_handler.o
                0x00018ea4                CommandProcessor::handleCommand(str&, CharDev&)
 .text.for_each_recur_alarm_callback
                0x00018ff0       0x26 ./L3_Utils/src/rtc_alarm.o
 .text.for_each_alarm_callback
                0x00019016       0x5c ./L3_Utils/src/rtc_alarm.o
 *fill*         0x00019072        0x2 ff
 .text.RTC_IRQHandler
                0x00019074       0xa4 ./L3_Utils/src/rtc_alarm.o
                0x00019074                RTC_IRQHandler
 .text.u0_dbg_put
                0x00019118       0x1e ./L3_Utils/src/printf_lib.o
                0x00019118                u0_dbg_put
 .text.u0_dbg_printf
                0x00019136       0x3c ./L3_Utils/src/printf_lib.o
                0x00019136                u0_dbg_printf
 *fill*         0x00019172        0x2 ff
 .text.logger_get_buffer_ptr
                0x00019174       0x44 ./L3_Utils/src/file_logger.o
 .text.logger_write_to_file
                0x000191b8       0xb4 ./L3_Utils/src/file_logger.o
 .text.logger_task
                0x0001926c       0xd0 ./L3_Utils/src/file_logger.o
 .text.logger_write_log_message
                0x0001933c       0x48 ./L3_Utils/src/file_logger.o
 .text.logger_send_flush_request
                0x00019384       0x34 ./L3_Utils/src/file_logger.o
                0x00019384                logger_send_flush_request
 .text.logger_get_logged_call_count
                0x000193b8       0x14 ./L3_Utils/src/file_logger.o
                0x000193b8                logger_get_logged_call_count
 .text.logger_get_blocked_call_count
                0x000193cc        0xc ./L3_Utils/src/file_logger.o
                0x000193cc                logger_get_blocked_call_count
 .text.logger_get_highest_file_write_time_ms
                0x000193d8        0xc ./L3_Utils/src/file_logger.o
                0x000193d8                logger_get_highest_file_write_time_ms
 .text.logger_get_num_buffers_watermark
                0x000193e4        0xc ./L3_Utils/src/file_logger.o
                0x000193e4                logger_get_num_buffers_watermark
 .text.logger_init
                0x000193f0       0xd8 ./L3_Utils/src/file_logger.o
                0x000193f0                logger_init
 .text.logger_set_printf
                0x000194c8       0x1c ./L3_Utils/src/file_logger.o
                0x000194c8                logger_set_printf
 .text.logger_log
                0x000194e4      0x134 ./L3_Utils/src/file_logger.o
                0x000194e4                logger_log
 .text.logger_log_raw
                0x00019618       0x40 ./L3_Utils/src/file_logger.o
                0x00019618                logger_log_raw
 .text.vConfigureTimerForRunTimeStats
                0x00019658       0x14 ./L1_FreeRTOS/portable/run_time_stats.o
                0x00019658                vConfigureTimerForRunTimeStats
 .text.uxGetTimerForRunTimeStats
                0x0001966c       0x14 ./L1_FreeRTOS/portable/run_time_stats.o
                0x0001966c                uxGetTimerForRunTimeStats
 .text.resetRunTimeCounter
                0x00019680       0x14 ./L1_FreeRTOS/portable/run_time_stats.o
                0x00019680                resetRunTimeCounter
 .text.prvPortStartFirstTask
                0x00019694       0x20 ./L1_FreeRTOS/portable/no_mpu/port.o
 .text.pxPortInitialiseStack
                0x000196b4       0x1c ./L1_FreeRTOS/portable/no_mpu/port.o
                0x000196b4                pxPortInitialiseStack
 .text.vPortSVCHandler
                0x000196d0       0x24 ./L1_FreeRTOS/portable/no_mpu/port.o
                0x000196d0                vPortSVCHandler
 .text.vPortEndScheduler
                0x000196f4        0x2 ./L1_FreeRTOS/portable/no_mpu/port.o
                0x000196f4                vPortEndScheduler
 *fill*         0x000196f6        0x2 ff
 .text.vPortYield
                0x000196f8       0x18 ./L1_FreeRTOS/portable/no_mpu/port.o
                0x000196f8                vPortYield
 .text.ulPortSetInterruptMask
                0x00019710       0x10 ./L1_FreeRTOS/portable/no_mpu/port.o
                0x00019710                ulPortSetInterruptMask
 .text.prvTaskExitError
                0x00019720        0x8 ./L1_FreeRTOS/portable/no_mpu/port.o
 .text.vPortEnterCritical
                0x00019728       0x1c ./L1_FreeRTOS/portable/no_mpu/port.o
                0x00019728                vPortEnterCritical
 .text.vPortClearInterruptMask
                0x00019744        0x6 ./L1_FreeRTOS/portable/no_mpu/port.o
                0x00019744                vPortClearInterruptMask
 *fill*         0x0001974a        0x2 ff
 .text.vPortExitCritical
                0x0001974c       0x14 ./L1_FreeRTOS/portable/no_mpu/port.o
                0x0001974c                vPortExitCritical
 .text.xPortPendSVHandler
                0x00019760       0x44 ./L1_FreeRTOS/portable/no_mpu/port.o
                0x00019760                xPortPendSVHandler
 .text.xPortSysTickHandler
                0x000197a4       0x24 ./L1_FreeRTOS/portable/no_mpu/port.o
                0x000197a4                xPortSysTickHandler
 .text.vPortSetupTimerInterrupt
                0x000197c8       0x14 ./L1_FreeRTOS/portable/no_mpu/port.o
                0x000197c8                vPortSetupTimerInterrupt
 .text.xPortStartScheduler
                0x000197dc       0x30 ./L1_FreeRTOS/portable/no_mpu/port.o
                0x000197dc                xPortStartScheduler
 .text.vApplicationIdleHook
                0x0001980c        0x4 ./L1_FreeRTOS/hooks/hooks.o
                0x0001980c                vApplicationIdleHook
 .text.vApplicationStackOverflowHook
                0x00019810       0x38 ./L1_FreeRTOS/hooks/hooks.o
                0x00019810                vApplicationStackOverflowHook
 .text.vApplicationMallocFailedHook
                0x00019848       0x24 ./L1_FreeRTOS/hooks/hooks.o
                0x00019848                vApplicationMallocFailedHook
 .text.prvResetRunTimeStatsInList
                0x0001986c       0x32 ./L1_FreeRTOS/src/tasks.o
 *fill*         0x0001989e        0x2 ff
 .text.prvIdleTask
                0x000198a0       0x18 ./L1_FreeRTOS/src/tasks.o
 .text.prvResetNextTaskUnblockTime
                0x000198b8       0x24 ./L1_FreeRTOS/src/tasks.o
 .text.prvAddCurrentTaskToDelayedList
                0x000198dc       0x50 ./L1_FreeRTOS/src/tasks.o
 .text.prvListTaskWithinSingleList
                0x0001992c       0xa0 ./L1_FreeRTOS/src/tasks.o
 .text.xTaskGenericCreate
                0x000199cc      0x1a0 ./L1_FreeRTOS/src/tasks.o
                0x000199cc                xTaskGenericCreate
 .text.vTaskStartScheduler
                0x00019b6c       0x54 ./L1_FreeRTOS/src/tasks.o
                0x00019b6c                vTaskStartScheduler
 .text.vTaskEndScheduler
                0x00019bc0       0x18 ./L1_FreeRTOS/src/tasks.o
                0x00019bc0                vTaskEndScheduler
 .text.vTaskSuspendAll
                0x00019bd8       0x10 ./L1_FreeRTOS/src/tasks.o
                0x00019bd8                vTaskSuspendAll
 .text.xTaskGetTickCount
                0x00019be8       0x18 ./L1_FreeRTOS/src/tasks.o
                0x00019be8                xTaskGetTickCount
 .text.xTaskGetTickCountFromISR
                0x00019c00       0x18 ./L1_FreeRTOS/src/tasks.o
                0x00019c00                xTaskGetTickCountFromISR
 .text.uxTaskGetNumberOfTasks
                0x00019c18        0xc ./L1_FreeRTOS/src/tasks.o
                0x00019c18                uxTaskGetNumberOfTasks
 .text.xTaskIncrementTick
                0x00019c24      0x118 ./L1_FreeRTOS/src/tasks.o
                0x00019c24                xTaskIncrementTick
 .text.xTaskResumeAll
                0x00019d3c       0xc8 ./L1_FreeRTOS/src/tasks.o
                0x00019d3c                xTaskResumeAll
 .text.vTaskDelayUntil
                0x00019e04       0x70 ./L1_FreeRTOS/src/tasks.o
                0x00019e04                vTaskDelayUntil
 .text.vTaskDelay
                0x00019e74       0x50 ./L1_FreeRTOS/src/tasks.o
                0x00019e74                vTaskDelay
 .text.uxTaskGetSystemState
                0x00019ec4       0x90 ./L1_FreeRTOS/src/tasks.o
                0x00019ec4                uxTaskGetSystemState
 .text.vTaskSwitchContext
                0x00019f54       0xc0 ./L1_FreeRTOS/src/tasks.o
                0x00019f54                vTaskSwitchContext
 .text.vTaskSuspend
                0x0001a014       0xa4 ./L1_FreeRTOS/src/tasks.o
                0x0001a014                vTaskSuspend
 .text.vTaskPlaceOnEventList
                0x0001a0b8       0x5c ./L1_FreeRTOS/src/tasks.o
                0x0001a0b8                vTaskPlaceOnEventList
 .text.xTaskRemoveFromEventList
                0x0001a114       0x70 ./L1_FreeRTOS/src/tasks.o
                0x0001a114                xTaskRemoveFromEventList
 .text.vTaskSetTimeOutState
                0x0001a184       0x18 ./L1_FreeRTOS/src/tasks.o
                0x0001a184                vTaskSetTimeOutState
 .text.xTaskCheckForTimeOut
                0x0001a19c       0x4c ./L1_FreeRTOS/src/tasks.o
                0x0001a19c                xTaskCheckForTimeOut
 .text.vTaskMissedYield
                0x0001a1e8        0xc ./L1_FreeRTOS/src/tasks.o
                0x0001a1e8                vTaskMissedYield
 .text.uxTaskGetStackHighWaterMark
                0x0001a1f4       0x20 ./L1_FreeRTOS/src/tasks.o
                0x0001a1f4                uxTaskGetStackHighWaterMark
 .text.xTaskGetSchedulerState
                0x0001a214       0x20 ./L1_FreeRTOS/src/tasks.o
                0x0001a214                xTaskGetSchedulerState
 .text.vTaskPriorityInherit
                0x0001a234       0x94 ./L1_FreeRTOS/src/tasks.o
                0x0001a234                vTaskPriorityInherit
 .text.xTaskPriorityDisinherit
                0x0001a2c8       0x70 ./L1_FreeRTOS/src/tasks.o
                0x0001a2c8                xTaskPriorityDisinherit
 .text.pvTaskIncrementMutexHeldCount
                0x0001a338       0x18 ./L1_FreeRTOS/src/tasks.o
                0x0001a338                pvTaskIncrementMutexHeldCount
 .text.vTaskResetRunTimeStats
                0x0001a350       0x70 ./L1_FreeRTOS/src/tasks.o
                0x0001a350                vTaskResetRunTimeStats
 .text.vRunTimeStatIsrEntry
                0x0001a3c0       0x28 ./L1_FreeRTOS/src/tasks.o
                0x0001a3c0                vRunTimeStatIsrEntry
 .text.vRunTimeStatIsrExit
                0x0001a3e8       0x10 ./L1_FreeRTOS/src/tasks.o
                0x0001a3e8                vRunTimeStatIsrExit
 .text.vListInitialise
                0x0001a3f8       0x16 ./L1_FreeRTOS/src/list.o
                0x0001a3f8                vListInitialise
 .text.vListInitialiseItem
                0x0001a40e        0x6 ./L1_FreeRTOS/src/list.o
                0x0001a40e                vListInitialiseItem
 .text.vListInsertEnd
                0x0001a414       0x18 ./L1_FreeRTOS/src/list.o
                0x0001a414                vListInsertEnd
 .text.vListInsert
                0x0001a42c       0x30 ./L1_FreeRTOS/src/list.o
                0x0001a42c                vListInsert
 .text.uxListRemove
                0x0001a45c       0x20 ./L1_FreeRTOS/src/list.o
                0x0001a45c                uxListRemove
 .text.prvCopyDataToQueue
                0x0001a47c       0x6a ./L1_FreeRTOS/src/queue.o
 .text.prvNotifyQueueSetContainer
                0x0001a4e6       0x36 ./L1_FreeRTOS/src/queue.o
 .text.prvCopyDataFromQueue
                0x0001a51c       0x28 ./L1_FreeRTOS/src/queue.o
 .text.prvUnlockQueue
                0x0001a544       0x7c ./L1_FreeRTOS/src/queue.o
 .text.pvPortMalloc
                0x0001a5c0       0x1e ./L1_FreeRTOS/src/queue.o
                0x0001a5c0                pvPortMalloc
 .text.vPortFree
                0x0001a5de       0x1a ./L1_FreeRTOS/src/queue.o
                0x0001a5de                vPortFree
 .text.xQueueGenericReset
                0x0001a5f8       0x5a ./L1_FreeRTOS/src/queue.o
                0x0001a5f8                xQueueGenericReset
 .text.xQueueGenericCreate
                0x0001a652       0x50 ./L1_FreeRTOS/src/queue.o
                0x0001a652                xQueueGenericCreate
 .text.xQueueCreateCountingSemaphore
                0x0001a6a2       0x12 ./L1_FreeRTOS/src/queue.o
                0x0001a6a2                xQueueCreateCountingSemaphore
 .text.xQueueGenericSend
                0x0001a6b4       0xec ./L1_FreeRTOS/src/queue.o
                0x0001a6b4                xQueueGenericSend
 .text.xQueueCreateMutex
                0x0001a7a0       0x4c ./L1_FreeRTOS/src/queue.o
                0x0001a7a0                xQueueCreateMutex
 .text.xQueueGenericSendFromISR
                0x0001a7ec       0x76 ./L1_FreeRTOS/src/queue.o
                0x0001a7ec                xQueueGenericSendFromISR
 .text.xQueueGenericReceive
                0x0001a862      0x104 ./L1_FreeRTOS/src/queue.o
                0x0001a862                xQueueGenericReceive
 .text.xQueueReceiveFromISR
                0x0001a966       0x52 ./L1_FreeRTOS/src/queue.o
                0x0001a966                xQueueReceiveFromISR
 .text.uxQueueMessagesWaiting
                0x0001a9b8       0x12 ./L1_FreeRTOS/src/queue.o
                0x0001a9b8                uxQueueMessagesWaiting
 .text.uxQueueMessagesWaitingFromISR
                0x0001a9ca        0x4 ./L1_FreeRTOS/src/queue.o
                0x0001a9ca                uxQueueMessagesWaitingFromISR
 .text.xQueueSelectFromSet
                0x0001a9ce       0x18 ./L1_FreeRTOS/src/queue.o
                0x0001a9ce                xQueueSelectFromSet
 .text.__set_PSP
                0x0001a9e6        0x6 ./L0_LowLevel/source/core_cm3.o
                0x0001a9e6                __set_PSP
 .text.__set_MSP
                0x0001a9ec        0x6 ./L0_LowLevel/source/core_cm3.o
                0x0001a9ec                __set_MSP
 .text.__set_BASEPRI
                0x0001a9f2        0x6 ./L0_LowLevel/source/core_cm3.o
                0x0001a9f2                __set_BASEPRI
 .text.isr_forwarder_routine
                0x0001a9f8       0x3c ./L0_LowLevel/source/startup.o
 .text.isr_hard_fault_handler
                0x0001aa34       0x58 ./L0_LowLevel/source/startup.o
                0x0001aa34                isr_hard_fault_handler
 .text._ZL19sys_clock_pll0_feedv
                0x0001aa8c       0x14 ./L0_LowLevel/source/sys_clock.o
 .text._ZL23sys_clock_configure_plljjPiS_S_.constprop.0
                0x0001aaa0       0x78 ./L0_LowLevel/source/sys_clock.o
 .text._Z19sys_clock_configurev
                0x0001ab18       0xb4 ./L0_LowLevel/source/sys_clock.o
                0x0001ab18                sys_clock_configure()
 .text.sys_get_cpu_clock
                0x0001abcc       0xa4 ./L0_LowLevel/source/sys_clock.o
                0x0001abcc                sys_get_cpu_clock
 .text.sys_get_boot_type
                0x0001ac70        0xc ./L0_LowLevel/source/low_level_init.o
                0x0001ac70                sys_get_boot_type
 .text.sys_get_boot_time
                0x0001ac7c       0x14 ./L0_LowLevel/source/low_level_init.o
                0x0001ac7c                sys_get_boot_time
 .text._Z14low_level_initv
                0x0001ac90      0x238 ./L0_LowLevel/source/low_level_init.o
                0x0001ac90                low_level_init()
 .text.lpc_sys_setup_system_timer
                0x0001aec8       0x54 ./L0_LowLevel/source/lpc_sys.o
                0x0001aec8                lpc_sys_setup_system_timer
 .text.sys_get_uptime_us
                0x0001af1c       0x2c ./L0_LowLevel/source/lpc_sys.o
                0x0001af1c                sys_get_uptime_us
 .text.sys_get_mem_info_str
                0x0001af48       0x38 ./L0_LowLevel/source/lpc_sys.o
                0x0001af48                sys_get_mem_info_str
 .text.TIMER1_IRQHandler
                0x0001af80       0xbc ./L0_LowLevel/source/lpc_sys.o
                0x0001af80                TIMER1_IRQHandler
 .text.uart0_init
                0x0001b03c       0x60 ./L0_LowLevel/source/uart0_min.o
                0x0001b03c                uart0_init
 .text.uart0_getchar
                0x0001b09c       0x18 ./L0_LowLevel/source/uart0_min.o
                0x0001b09c                uart0_getchar
 .text.uart0_putchar
                0x0001b0b4       0x18 ./L0_LowLevel/source/uart0_min.o
                0x0001b0b4                uart0_putchar
 .text.uart0_puts
                0x0001b0cc       0x1a ./L0_LowLevel/source/uart0_min.o
                0x0001b0cc                uart0_puts
 *fill*         0x0001b0e6        0x2 ff
 .text.lpc_pconp
                0x0001b0e8       0x30 ./L0_LowLevel/source/lpc_peripherals.o
                0x0001b0e8                lpc_pconp
 .text.lpc_pclk
                0x0001b118       0x48 ./L0_LowLevel/source/lpc_peripherals.o
                0x0001b118                lpc_pclk
 .text._ZN10__cxxabiv120__si_class_type_infoD2Ev
                0x0001b160       0x14 /home/khalil/lbin/Programs/gcc-arm-none-eabi-5_4-2016q2/bin/../lib/gcc/arm-none-eabi/5.4.1/../../../../arm-none-eabi/lib/armv7-m/libstdc++_nano.a(si_class_type_info.o)
                0x0001b160                __cxxabiv1::__si_class_type_info::~__si_class_type_info()
                0x0001b160                __cxxabiv1::__si_class_type_info::~__si_class_type_info()
 .text._ZN10__cxxabiv120__si_class_type_infoD0Ev
                0x0001b174       0x12 /home/khalil/lbin/Programs/gcc-arm-none-eabi-5_4-2016q2/bin/../lib/gcc/arm-none-eabi/5.4.1/../../../../arm-none-eabi/lib/armv7-m/libstdc++_nano.a(si_class_type_info.o)
                0x0001b174                __cxxabiv1::__si_class_type_info::~__si_class_type_info()
 .text._ZNK10__cxxabiv120__si_class_type_info12__do_dyncastEiNS_17__class_type_info10__sub_kindEPKS1_PKvS4_S6_RNS1_16__dyncast_resultE
                0x0001b186       0x7c /home/khalil/lbin/Programs/gcc-arm-none-eabi-5_4-2016q2/bin/../lib/gcc/arm-none-eabi/5.4.1/../../../../arm-none-eabi/lib/armv7-m/libstdc++_nano.a(si_class_type_info.o)
                0x0001b186                __cxxabiv1::__si_class_type_info::__do_dyncast(int, __cxxabiv1::__class_type_info::__sub_kind, __cxxabiv1::__class_type_info const*, void const*, __cxxabiv1::__class_type_info const*, void const*, __cxxabiv1::__class_type_info::__dyncast_result&) const
 .text._ZNK10__cxxabiv120__si_class_type_info20__do_find_public_srcEiPKvPKNS_17__class_type_infoES2_
                0x0001b202       0x38 /home/khalil/lbin/Programs/gcc-arm-none-eabi-5_4-2016q2/bin/../lib/gcc/arm-none-eabi/5.4.1/../../../../arm-none-eabi/lib/armv7-m/libstdc++_nano.a(si_class_type_info.o)
                0x0001b202                __cxxabiv1::__si_class_type_info::__do_find_public_src(int, void const*, __cxxabiv1::__class_type_info const*, void const*) const
 .text._ZNK10__cxxabiv120__si_class_type_info11__do_upcastEPKNS_17__class_type_infoEPKvRNS1_15__upcast_resultE
                0x0001b23a       0x2a /home/khalil/lbin/Programs/gcc-arm-none-eabi-5_4-2016q2/bin/../lib/gcc/arm-none-eabi/5.4.1/../../../../arm-none-eabi/lib/armv7-m/libstdc++_nano.a(si_class_type_info.o)
                0x0001b23a                __cxxabiv1::__si_class_type_info::__do_upcast(__cxxabiv1::__class_type_info const*, void const*, __cxxabiv1::__class_type_info::__upcast_result&) const
 .text._ZN10__cxxabiv121__vmi_class_type_infoD2Ev
                0x0001b264       0x14 /home/khalil/lbin/Programs/gcc-arm-none-eabi-5_4-2016q2/bin/../lib/gcc/arm-none-eabi/5.4.1/../../../../arm-none-eabi/lib/armv7-m/libstdc++_nano.a(vmi_class_type_info.o)
                0x0001b264                __cxxabiv1::__vmi_class_type_info::~__vmi_class_type_info()
                0x0001b264                __cxxabiv1::__vmi_class_type_info::~__vmi_class_type_info()
 .text._ZN10__cxxabiv121__vmi_class_type_infoD0Ev
                0x0001b278       0x12 /home/khalil/lbin/Programs/gcc-arm-none-eabi-5_4-2016q2/bin/../lib/gcc/arm-none-eabi/5.4.1/../../../../arm-none-eabi/lib/armv7-m/libstdc++_nano.a(vmi_class_type_info.o)
                0x0001b278                __cxxabiv1::__vmi_class_type_info::~__vmi_class_type_info()
 .text._ZNK10__cxxabiv121__vmi_class_type_info20__do_find_public_srcEiPKvPKNS_17__class_type_infoES2_
                0x0001b28a       0x74 /home/khalil/lbin/Programs/gcc-arm-none-eabi-5_4-2016q2/bin/../lib/gcc/arm-none-eabi/5.4.1/../../../../arm-none-eabi/lib/armv7-m/libstdc++_nano.a(vmi_class_type_info.o)
                0x0001b28a                __cxxabiv1::__vmi_class_type_info::__do_find_public_src(int, void const*, __cxxabiv1::__class_type_info const*, void const*) const
 .text._ZNK10__cxxabiv117__class_type_info17__find_public_srcEiPKvPKS0_S2_
                0x0001b2fe       0x2a /home/khalil/lbin/Programs/gcc-arm-none-eabi-5_4-2016q2/bin/../lib/gcc/arm-none-eabi/5.4.1/../../../../arm-none-eabi/lib/armv7-m/libstdc++_nano.a(vmi_class_type_info.o)
                0x0001b2fe                __cxxabiv1::__class_type_info::__find_public_src(int, void const*, __cxxabiv1::__class_type_info const*, void const*) const
 .text._ZNK10__cxxabiv121__vmi_class_type_info12__do_dyncastEiNS_17__class_type_info10__sub_kindEPKS1_PKvS4_S6_RNS1_16__dyncast_resultE
                0x0001b328      0x28e /home/khalil/lbin/Programs/gcc-arm-none-eabi-5_4-2016q2/bin/../lib/gcc/arm-none-eabi/5.4.1/../../../../arm-none-eabi/lib/armv7-m/libstdc++_nano.a(vmi_class_type_info.o)
                0x0001b328                __cxxabiv1::__vmi_class_type_info::__do_dyncast(int, __cxxabiv1::__class_type_info::__sub_kind, __cxxabiv1::__class_type_info const*, void const*, __cxxabiv1::__class_type_info const*, void const*, __cxxabiv1::__class_type_info::__dyncast_result&) const
 .text._ZNK10__cxxabiv121__vmi_class_type_info11__do_upcastEPKNS_17__class_type_infoEPKvRNS1_15__upcast_resultE
                0x0001b5b6      0x12c /home/khalil/lbin/Programs/gcc-arm-none-eabi-5_4-2016q2/bin/../lib/gcc/arm-none-eabi/5.4.1/../../../../arm-none-eabi/lib/armv7-m/libstdc++_nano.a(vmi_class_type_info.o)
                0x0001b5b6                __cxxabiv1::__vmi_class_type_info::__do_upcast(__cxxabiv1::__class_type_info const*, void const*, __cxxabiv1::__class_type_info::__upcast_result&) const
 .text._ZNSt9type_infoD2Ev
                0x0001b6e2        0x2 /home/khalil/lbin/Programs/gcc-arm-none-eabi-5_4-2016q2/bin/../lib/gcc/arm-none-eabi/5.4.1/../../../../arm-none-eabi/lib/armv7-m/libstdc++_nano.a(tinfo.o)
                0x0001b6e2                std::type_info::~type_info()
                0x0001b6e2                std::type_info::~type_info()
 .text._ZNKSt9type_info15__is_function_pEv
                0x0001b6e4        0x4 /home/khalil/lbin/Programs/gcc-arm-none-eabi-5_4-2016q2/bin/../lib/gcc/arm-none-eabi/5.4.1/../../../../arm-none-eabi/lib/armv7-m/libstdc++_nano.a(tinfo.o)
                0x0001b6e4                std::type_info::__is_function_p() const
                0x0001b6e4                std::type_info::__is_pointer_p() const
 .text._ZNKSt9type_infoeqERKS_
                0x0001b6e8       0x2c /home/khalil/lbin/Programs/gcc-arm-none-eabi-5_4-2016q2/bin/../lib/gcc/arm-none-eabi/5.4.1/../../../../arm-none-eabi/lib/armv7-m/libstdc++_nano.a(tinfo.o)
                0x0001b6e8                std::type_info::operator==(std::type_info const&) const
 .text._ZNK10__cxxabiv117__class_type_info11__do_upcastEPKS0_PPv
                0x0001b714       0x34 /home/khalil/lbin/Programs/gcc-arm-none-eabi-5_4-2016q2/bin/../lib/gcc/arm-none-eabi/5.4.1/../../../../arm-none-eabi/lib/armv7-m/libstdc++_nano.a(class_type_info.o)
                0x0001b714                __cxxabiv1::__class_type_info::__do_upcast(__cxxabiv1::__class_type_info const*, void**) const
 .text._ZNK10__cxxabiv117__class_type_info20__do_find_public_srcEiPKvPKS0_S2_
                0x0001b748        0xc /home/khalil/lbin/Programs/gcc-arm-none-eabi-5_4-2016q2/bin/../lib/gcc/arm-none-eabi/5.4.1/../../../../arm-none-eabi/lib/armv7-m/libstdc++_nano.a(class_type_info.o)
                0x0001b748                __cxxabiv1::__class_type_info::__do_find_public_src(int, void const*, __cxxabiv1::__class_type_info const*, void const*) const
 .text._ZN10__cxxabiv117__class_type_infoD2Ev
                0x0001b754       0x14 /home/khalil/lbin/Programs/gcc-arm-none-eabi-5_4-2016q2/bin/../lib/gcc/arm-none-eabi/5.4.1/../../../../arm-none-eabi/lib/armv7-m/libstdc++_nano.a(class_type_info.o)
                0x0001b754                __cxxabiv1::__class_type_info::~__class_type_info()
                0x0001b754                __cxxabiv1::__class_type_info::~__class_type_info()
 .text._ZN10__cxxabiv117__class_type_infoD0Ev