   1              		.syntax unified
   2              		.cpu cortex-m3
   3              		.fpu softvfp
   4              		.eabi_attribute 20, 1
   5              		.eabi_attribute 21, 1
   6              		.eabi_attribute 23, 3
   7              		.eabi_attribute 24, 1
   8              		.eabi_attribute 25, 1
   9              		.eabi_attribute 26, 1
  10              		.eabi_attribute 30, 4
  11              		.eabi_attribute 34, 1
  12              		.eabi_attribute 18, 4
  13              		.thumb
  14              		.syntax unified
  15              		.file	"fatfs_time.c"
  16              		.text
  17              		.align	1
  18              		.global	get_fattime
  19              		.thumb
  20              		.thumb_func
  22              	get_fattime:
  23              		@ args = 0, pretend = 0, frame = 16
  24              		@ frame_needed = 0, uses_anonymous_args = 0
  25 0000 1FB5     		push	{r0, r1, r2, r3, r4, lr}
  26 0002 01A8     		add	r0, sp, #4
  27 0004 FFF7FEFF 		bl	rtc_gettime
  28 0008 9DF80830 		ldrb	r3, [sp, #8]	@ zero_extendqisi2
  29 000c 9DF80920 		ldrb	r2, [sp, #9]	@ zero_extendqisi2
  30 0010 03F01F03 		and	r3, r3, #31
  31 0014 02F00F02 		and	r2, r2, #15
  32 0018 1B04     		lsls	r3, r3, #16
  33 001a 43EA4251 		orr	r1, r3, r2, lsl #21
  34 001e 9DF80630 		ldrb	r3, [sp, #6]	@ zero_extendqisi2
  35 0022 9DF80400 		ldrb	r0, [sp, #4]	@ zero_extendqisi2
  36 0026 03F01F03 		and	r3, r3, #31
  37 002a 41EAC322 		orr	r2, r1, r3, lsl #11
  38 002e 9DF80530 		ldrb	r3, [sp, #5]	@ zero_extendqisi2
  39 0032 C0F34400 		ubfx	r0, r0, #1, #5
  40 0036 03F03F03 		and	r3, r3, #63
  41 003a 42EA4313 		orr	r3, r2, r3, lsl #5
  42 003e BDF80A20 		ldrh	r2, [sp, #10]
  43 0042 1843     		orrs	r0, r0, r3
  44 0044 5206     		lsls	r2, r2, #25
  45 0046 02F10842 		add	r2, r2, #-2013265920
  46 004a 1043     		orrs	r0, r0, r2
  47 004c 05B0     		add	sp, sp, #20
  48              		@ sp needed
  49 004e 5DF804FB 		ldr	pc, [sp], #4
  51              		.ident	"GCC: (GNU Tools for ARM Embedded Processors) 5.4.1 20160609 (release) [ARM/embedded-5-bran
DEFINED SYMBOLS
                            *ABS*:00000000 fatfs_time.c
     /tmp/ccjS7w3B.s:17     .text:00000000 $t
     /tmp/ccjS7w3B.s:22     .text:00000000 get_fattime

UNDEFINED SYMBOLS
rtc_gettime
