   1              		.syntax unified
   2              		.cpu cortex-m3
   3              		.fpu softvfp
   4              		.eabi_attribute 20, 1
   5              		.eabi_attribute 21, 1
   6              		.eabi_attribute 23, 3
   7              		.eabi_attribute 24, 1
   8              		.eabi_attribute 25, 1
   9              		.eabi_attribute 26, 1
  10              		.eabi_attribute 30, 4
  11              		.eabi_attribute 34, 1
  12              		.eabi_attribute 18, 4
  13              		.thumb
  14              		.syntax unified
  15              		.file	"spi_sem.c"
  16              		.text
  17              		.align	1
  18              		.global	spi1_lock_access
  19              		.thumb
  20              		.thumb_func
  22              	spi1_lock_access:
  23              		@ args = 0, pretend = 0, frame = 0
  24              		@ frame_needed = 0, uses_anonymous_args = 0
  25 0000 10B5     		push	{r4, lr}
  26 0002 084C     		ldr	r4, .L4
  27 0004 2368     		ldr	r3, [r4]
  28 0006 1BB9     		cbnz	r3, .L2
  29 0008 0120     		movs	r0, #1
  30 000a FFF7FEFF 		bl	xQueueCreateMutex
  31 000e 2060     		str	r0, [r4]
  32              	.L2:
  33 0010 0023     		movs	r3, #0
  34 0012 2068     		ldr	r0, [r4]
  35 0014 4FF0FF32 		mov	r2, #-1
  36 0018 1946     		mov	r1, r3
  37 001a BDE81040 		pop	{r4, lr}
  38 001e FFF7FEBF 		b	xQueueGenericReceive
  39              	.L5:
  40 0022 00BF     		.align	2
  41              	.L4:
  42 0024 00000000 		.word	.LANCHOR0
  44              		.align	1
  45              		.global	spi1_release_access
  46              		.thumb
  47              		.thumb_func
  49              	spi1_release_access:
  50              		@ args = 0, pretend = 0, frame = 0
  51              		@ frame_needed = 0, uses_anonymous_args = 0
  52              		@ link register save eliminated.
  53 0028 0348     		ldr	r0, .L7
  54 002a 0023     		movs	r3, #0
  55 002c 1A46     		mov	r2, r3
  56 002e 1946     		mov	r1, r3
  57 0030 0068     		ldr	r0, [r0]
  58 0032 FFF7FEBF 		b	xQueueGenericSend
  59              	.L8:
  60 0036 00BF     		.align	2
  61              	.L7:
  62 0038 00000000 		.word	.LANCHOR0
  64              		.align	1
  65              		.global	spi0_lock_access
  66              		.thumb
  67              		.thumb_func
  69              	spi0_lock_access:
  70              		@ args = 0, pretend = 0, frame = 0
  71              		@ frame_needed = 0, uses_anonymous_args = 0
  72 003c 10B5     		push	{r4, lr}
  73 003e 084C     		ldr	r4, .L11
  74 0040 6368     		ldr	r3, [r4, #4]
  75 0042 1BB9     		cbnz	r3, .L10
  76 0044 0120     		movs	r0, #1
  77 0046 FFF7FEFF 		bl	xQueueCreateMutex
  78 004a 6060     		str	r0, [r4, #4]
  79              	.L10:
  80 004c 0023     		movs	r3, #0
  81 004e 6068     		ldr	r0, [r4, #4]
  82 0050 4FF0FF32 		mov	r2, #-1
  83 0054 1946     		mov	r1, r3
  84 0056 BDE81040 		pop	{r4, lr}
  85 005a FFF7FEBF 		b	xQueueGenericReceive
  86              	.L12:
  87 005e 00BF     		.align	2
  88              	.L11:
  89 0060 00000000 		.word	.LANCHOR0
  91              		.align	1
  92              		.global	spi0_release_access
  93              		.thumb
  94              		.thumb_func
  96              	spi0_release_access:
  97              		@ args = 0, pretend = 0, frame = 0
  98              		@ frame_needed = 0, uses_anonymous_args = 0
  99              		@ link register save eliminated.
 100 0064 0348     		ldr	r0, .L14
 101 0066 0023     		movs	r3, #0
 102 0068 1A46     		mov	r2, r3
 103 006a 1946     		mov	r1, r3
 104 006c 4068     		ldr	r0, [r0, #4]
 105 006e FFF7FEBF 		b	xQueueGenericSend
 106              	.L15:
 107 0072 00BF     		.align	2
 108              	.L14:
 109 0074 00000000 		.word	.LANCHOR0
 111              		.bss
 112              		.align	2
 113              		.set	.LANCHOR0,. + 0
 116              	mSpi0Lock:
 117 0000 00000000 		.space	4
 120              	mSpi1Lock:
 121 0004 00000000 		.space	4
 122              		.ident	"GCC: (GNU Tools for ARM Embedded Processors) 5.4.1 20160609 (release) [ARM/embedded-5-bran
DEFINED SYMBOLS
                            *ABS*:00000000 spi_sem.c
     /tmp/ccBjrI1b.s:17     .text:00000000 $t
     /tmp/ccBjrI1b.s:22     .text:00000000 spi1_lock_access
     /tmp/ccBjrI1b.s:42     .text:00000024 $d
     /tmp/ccBjrI1b.s:44     .text:00000028 $t
     /tmp/ccBjrI1b.s:49     .text:00000028 spi1_release_access
     /tmp/ccBjrI1b.s:62     .text:00000038 $d
     /tmp/ccBjrI1b.s:64     .text:0000003c $t
     /tmp/ccBjrI1b.s:69     .text:0000003c spi0_lock_access
     /tmp/ccBjrI1b.s:89     .text:00000060 $d
     /tmp/ccBjrI1b.s:91     .text:00000064 $t
     /tmp/ccBjrI1b.s:96     .text:00000064 spi0_release_access
     /tmp/ccBjrI1b.s:109    .text:00000074 $d
     /tmp/ccBjrI1b.s:112    .bss:00000000 $d
     /tmp/ccBjrI1b.s:116    .bss:00000000 mSpi0Lock
     /tmp/ccBjrI1b.s:120    .bss:00000004 mSpi1Lock

UNDEFINED SYMBOLS
xQueueCreateMutex
xQueueGenericReceive
xQueueGenericSend
