Archive member included because of file (symbol)

/usr/bin/../lib/gcc/arm-none-eabi/4.8.3/../../../../arm-none-eabi/lib/armv7-m/libstdc++.a(pure.o)
                              ./L5_Application/source/remote.o (__cxa_pure_virtual)
/usr/bin/../lib/gcc/arm-none-eabi/4.8.3/../../../../arm-none-eabi/lib/armv7-m/libstdc++.a(eh_terminate.o)
                              /usr/bin/../lib/gcc/arm-none-eabi/4.8.3/../../../../arm-none-eabi/lib/armv7-m/libstdc++.a(pure.o) (std::terminate())
/usr/bin/../lib/gcc/arm-none-eabi/4.8.3/../../../../arm-none-eabi/lib/armv7-m/libstdc++.a(eh_call.o)
                              /usr/bin/../lib/gcc/arm-none-eabi/4.8.3/../../../../arm-none-eabi/lib/armv7-m/libstdc++.a(eh_terminate.o) (__cxa_call_unexpected)
/usr/bin/../lib/gcc/arm-none-eabi/4.8.3/../../../../arm-none-eabi/lib/armv7-m/libstdc++.a(eh_catch.o)
                              /usr/bin/../lib/gcc/arm-none-eabi/4.8.3/../../../../arm-none-eabi/lib/armv7-m/libstdc++.a(eh_terminate.o) (__cxa_begin_catch)
/usr/bin/../lib/gcc/arm-none-eabi/4.8.3/../../../../arm-none-eabi/lib/armv7-m/libstdc++.a(eh_term_handler.o)
                              /usr/bin/../lib/gcc/arm-none-eabi/4.8.3/../../../../arm-none-eabi/lib/armv7-m/libstdc++.a(eh_terminate.o) (__cxxabiv1::__terminate_handler)
/usr/bin/../lib/gcc/arm-none-eabi/4.8.3/../../../../arm-none-eabi/lib/armv7-m/libstdc++.a(eh_arm.o)
                              /usr/bin/../lib/gcc/arm-none-eabi/4.8.3/../../../../arm-none-eabi/lib/armv7-m/libstdc++.a(eh_terminate.o) (__cxa_end_cleanup)
/usr/bin/../lib/gcc/arm-none-eabi/4.8.3/../../../../arm-none-eabi/lib/armv7-m/libstdc++.a(guard.o)
                              ./L5_Application/source/handlers.o (__cxa_guard_acquire)
/usr/bin/../lib/gcc/arm-none-eabi/4.8.3/../../../../arm-none-eabi/lib/armv7-m/libstdc++.a(eh_alloc.o)
                              /usr/bin/../lib/gcc/arm-none-eabi/4.8.3/../../../../arm-none-eabi/lib/armv7-m/libstdc++.a(eh_call.o) (__cxa_allocate_exception)
/usr/bin/../lib/gcc/arm-none-eabi/4.8.3/../../../../arm-none-eabi/lib/armv7-m/libstdc++.a(guard_error.o)
                              /usr/bin/../lib/gcc/arm-none-eabi/4.8.3/../../../../arm-none-eabi/lib/armv7-m/libstdc++.a(guard.o) (__gnu_cxx::recursive_init_error::~recursive_init_error())
/usr/bin/../lib/gcc/arm-none-eabi/4.8.3/../../../../arm-none-eabi/lib/armv7-m/libstdc++.a(eh_exception.o)
                              /usr/bin/../lib/gcc/arm-none-eabi/4.8.3/../../../../arm-none-eabi/lib/armv7-m/libstdc++.a(guard_error.o) (std::exception::~exception())
/usr/bin/../lib/gcc/arm-none-eabi/4.8.3/../../../../arm-none-eabi/lib/armv7-m/libstdc++.a(si_class_type_info.o)
                              /usr/bin/../lib/gcc/arm-none-eabi/4.8.3/../../../../arm-none-eabi/lib/armv7-m/libstdc++.a(guard_error.o) (vtable for __cxxabiv1::__si_class_type_info)
/usr/bin/../lib/gcc/arm-none-eabi/4.8.3/../../../../arm-none-eabi/lib/armv7-m/libstdc++.a(eh_unex_handler.o)
                              /usr/bin/../lib/gcc/arm-none-eabi/4.8.3/../../../../arm-none-eabi/lib/armv7-m/libstdc++.a(eh_terminate.o) (__cxxabiv1::__unexpected_handler)
/usr/bin/../lib/gcc/arm-none-eabi/4.8.3/../../../../arm-none-eabi/lib/armv7-m/libstdc++.a(eh_throw.o)
                              /usr/bin/../lib/gcc/arm-none-eabi/4.8.3/../../../../arm-none-eabi/lib/armv7-m/libstdc++.a(eh_call.o) (__cxa_throw)
/usr/bin/../lib/gcc/arm-none-eabi/4.8.3/../../../../arm-none-eabi/lib/armv7-m/libstdc++.a(eh_globals.o)
                              /usr/bin/../lib/gcc/arm-none-eabi/4.8.3/../../../../arm-none-eabi/lib/armv7-m/libstdc++.a(eh_call.o) (__cxa_get_globals_fast)
/usr/bin/../lib/gcc/arm-none-eabi/4.8.3/../../../../arm-none-eabi/lib/armv7-m/libstdc++.a(eh_personality.o)
                              /usr/bin/../lib/gcc/arm-none-eabi/4.8.3/../../../../arm-none-eabi/lib/armv7-m/libstdc++.a(eh_terminate.o) (__gxx_personality_v0)
/usr/bin/../lib/gcc/arm-none-eabi/4.8.3/../../../../arm-none-eabi/lib/armv7-m/libstdc++.a(tinfo.o)
                              /usr/bin/../lib/gcc/arm-none-eabi/4.8.3/../../../../arm-none-eabi/lib/armv7-m/libstdc++.a(si_class_type_info.o) (std::type_info::__is_pointer_p() const)
/usr/bin/../lib/gcc/arm-none-eabi/4.8.3/../../../../arm-none-eabi/lib/armv7-m/libstdc++.a(class_type_info.o)
                              /usr/bin/../lib/gcc/arm-none-eabi/4.8.3/../../../../arm-none-eabi/lib/armv7-m/libstdc++.a(si_class_type_info.o) (__cxxabiv1::__class_type_info::__do_upcast(__cxxabiv1::__class_type_info const*, void**) const)
/usr/bin/../lib/gcc/arm-none-eabi/4.8.3/armv7-m/libgcc.a(_ashldi3.o)
                              ./L2_Drivers/src/eint.o (__aeabi_llsl)
/usr/bin/../lib/gcc/arm-none-eabi/4.8.3/armv7-m/libgcc.a(_arm_addsubdf3.o)
                              ./L2_Drivers/src/uart_dev.o (__aeabi_dadd)
/usr/bin/../lib/gcc/arm-none-eabi/4.8.3/armv7-m/libgcc.a(_arm_fixunsdfsi.o)
                              ./L2_Drivers/src/uart_dev.o (__aeabi_d2uiz)
[...]
Memory Configuration

Name             Origin             Length             Attributes
MFlash512        0x0000000000001000 0x0000000000080000 xr
RamLoc32         0x0000000010000000 0x0000000000008000 xrw
RamAHB32         0x000000002007c000 0x0000000000008000 xrw
*default*        0x0000000000000000 0xffffffffffffffff

Linker script and memory map

LOAD ./newlib/malloc_lock.o
LOAD ./newlib/memory.o
LOAD ./newlib/newlib_time.o
LOAD ./newlib/printf_lib.o
LOAD ./newlib/syscalls.o
LOAD ./L5_Application/source/handlers.o
LOAD ./L5_Application/source/high_level_init.o
LOAD ./L5_Application/source/remote.o
LOAD ./L5_Application/source/terminal.o
LOAD ./L5_Application/source/wireless.o
LOAD ./L5_Application/examples/examples.o
LOAD ./L5_Application/examples/rn_xv_task.o
LOAD ./L5_Application/main.o
LOAD ./L4_IO/wireless/src/mesh.o
LOAD ./L4_IO/wireless/src/nrf24L01Plus.o
LOAD ./L4_IO/wireless/src/wireless.o
LOAD ./L4_IO/src/gpio.o
LOAD ./L4_IO/src/io_source.o
LOAD ./L4_IO/src/storage.o
LOAD ./L4_IO/fat/option/ccsbcs.o
LOAD ./L4_IO/fat/option/reentrant.o
LOAD ./L4_IO/fat/disk/diskio.o
LOAD ./L4_IO/fat/disk/sd.o
LOAD ./L4_IO/fat/disk/spi_flash.o
LOAD ./L4_IO/fat/fatfs_time.o
LOAD ./L4_IO/fat/ff.o
LOAD ./L4_IO/fat/spi_sem.o
LOAD ./L3_Utils/tlm/src/c_tlm_binary.o
LOAD ./L3_Utils/tlm/src/c_tlm_comp.o
LOAD ./L3_Utils/tlm/src/c_tlm_stream.o
LOAD ./L3_Utils/tlm/src/c_tlm_var.o
LOAD ./L3_Utils/src/c_list.o
LOAD ./L3_Utils/src/command_handler.o
LOAD ./L3_Utils/src/cpp_task.o
LOAD ./L3_Utils/src/file_logger.o
LOAD ./L3_Utils/src/freertos_timer.o
LOAD ./L3_Utils/src/logger.o
LOAD ./L3_Utils/src/rtc_alarm.o
LOAD ./L3_Utils/src/str.o
LOAD ./L3_Utils/src/utilities.o
LOAD ./L2_Drivers/src/can.o
LOAD ./L2_Drivers/src/eint.o
LOAD ./L2_Drivers/src/i2c2.o
LOAD ./L2_Drivers/src/i2c_base.o
LOAD ./L2_Drivers/src/lpc_pwm.o
LOAD ./L2_Drivers/src/rtc.o
LOAD ./L2_Drivers/src/spi1.o
LOAD ./L2_Drivers/src/spi_dma.o
LOAD ./L2_Drivers/src/uart0.o
LOAD ./L2_Drivers/src/uart2.o
LOAD ./L2_Drivers/src/uart3.o
LOAD ./L2_Drivers/src/uart_dev.o
LOAD ./L1_FreeRTOS/src/croutine.o
LOAD ./L1_FreeRTOS/src/list.o
LOAD ./L1_FreeRTOS/src/queue.o
LOAD ./L1_FreeRTOS/src/tasks.o
LOAD ./L1_FreeRTOS/src/timers.o
LOAD ./L1_FreeRTOS/portable/port.o
LOAD ./L1_FreeRTOS/portable/run_time_stats.o
LOAD ./L1_FreeRTOS/hooks/hooks.o
LOAD ./L1_FreeRTOS/MemMang/heap_1.o
LOAD ./L1_FreeRTOS/MemMang/heap_2.o
LOAD ./L1_FreeRTOS/MemMang/heap_3.o
LOAD ./L1_FreeRTOS/MemMang/heap_4.o
LOAD ./L0_LowLevel/source/core_cm3.o
LOAD ./L0_LowLevel/source/cr_startup_lpc175x.o
LOAD ./L0_LowLevel/source/lpc_sys.o
LOAD ./L0_LowLevel/source/sys_clock.o
LOAD ./L0_LowLevel/source/system_init.o
LOAD ./L0_LowLevel/source/uart0_min.o
LOAD /usr/bin/../lib/gcc/arm-none-eabi/4.8.3/../../../../arm-none-eabi/lib/armv7-m/libstdc++.a
LOAD /usr/bin/../lib/gcc/arm-none-eabi/4.8.3/../../../../arm-none-eabi/lib/armv7-m/libm.a
START GROUP
LOAD /usr/bin/../lib/gcc/arm-none-eabi/4.8.3/armv7-m/libgcc.a
LOAD /usr/bin/../lib/gcc/arm-none-eabi/4.8.3/../../../../arm-none-eabi/lib/armv7-m/libc.a
END GROUP
                0x0000000000080000                __top_MFlash512 = 0x80000
                0x0000000010008000                __top_RamLoc32 = 0x10008000
                0x0000000020084000                __top_RamAHB32 = 0x20084000

.text           0x0000000000001000    0x20074
 FILL mask 0xff
 *(.isr_vector)
 .isr_vector    0x0000000000001000       0xcc ./L0_LowLevel/source/cr_startup_lpc175x.o
                0x0000000000001000                g_pfnVectors
                0x00000000000010cc                . = ALIGN (0x4)
                0x00000000000010cc                __section_table_start = .
                0x00000000000010cc                __data_section_table = .
                0x00000000000010cc        0x4 LONG 0x21350 LOADADDR (.data)
                0x00000000000010d0        0x4 LONG 0x2007c000 ADDR (.data)
                0x00000000000010d4        0x4 LONG 0x92c SIZEOF (.data)
                0x00000000000010d8                __data_section_table_end = .
                0x00000000000010d8                __bss_section_table = .
                0x00000000000010d8        0x4 LONG 0x2007c930 ADDR (.bss)
                0x00000000000010dc        0x4 LONG 0xdd4 SIZEOF (.bss)
                0x00000000000010e0                __bss_section_table_end = .
                0x00000000000010e0                __section_table_end = .
 *(.after_vectors*)
 .after_vectors
                0x00000000000010e0      0x124 ./L0_LowLevel/source/cr_startup_lpc175x.o
                0x00000000000010e0                HardFault_Handler
                0x00000000000010fa                DebugMon_Handler
                0x0000000000001108                UsageFault_Handler
                0x0000000000001118                BusFault_Handler
                0x0000000000001128                MemManage_Handler
                0x0000000000001138                NMI_Handler
                0x0000000000001148                data_init(unsigned int, unsigned int, unsigned int)
                0x000000000000115a                bss_init(unsigned int, unsigned int)
                0x000000000000116a                ResetISR
                0x00000000000011c4                SVC_Handler
                0x00000000000011d4                PendSV_Handler
                0x00000000000011e4                SysTick_Handler
                0x00000000000011f4                TIMER2_IRQHandler
                0x00000000000011f4                I2C0_IRQHandler
                0x00000000000011f4                USBActivity_IRQHandler
                0x00000000000011f4                PWM1_IRQHandler
                0x00000000000011f4                I2C1_IRQHandler
                0x00000000000011f4                EINT2_IRQHandler
                0x00000000000011f4                UART1_IRQHandler
                0x00000000000011f4                CANActivity_IRQHandler
                0x00000000000011f4                TIMER3_IRQHandler
                0x00000000000011f4                IntDefaultHandler
                0x00000000000011f4                PLL0_IRQHandler
                0x00000000000011f4                PLL1_IRQHandler
                0x00000000000011f4                SSP0_IRQHandler
                0x00000000000011f4                I2S_IRQHandler
                0x00000000000011f4                TIMER0_IRQHandler
                0x00000000000011f4                SPI_IRQHandler
                0x00000000000011f4                EINT1_IRQHandler
                0x00000000000011f4                ADC_IRQHandler
                0x00000000000011f4                SSP1_IRQHandler
                0x00000000000011f4                USB_IRQHandler
                0x00000000000011f4                BOD_IRQHandler
                0x00000000000011f4                WDT_IRQHandler
                0x00000000000011f4                QEI_IRQHandler
                0x00000000000011f4                EINT0_IRQHandler
                0x00000000000011f4                DMA_IRQHandler
                0x00000000000011f4                MCPWM_IRQHandler
                0x00000000000011f4                ENET_IRQHandler
 *(.text*)
 .text          0x0000000000001204        0x8 ./newlib/malloc_lock.o
                0x0000000000001204                __malloc_lock
                0x0000000000001208                __malloc_unlock
 .text          0x000000000000120c       0xd8 ./newlib/memory.o
                0x000000000000120c                _sbrk
                0x0000000000001258                operator new(unsigned int)
                0x000000000000125c                operator new[](unsigned int)
                0x0000000000001260                operator delete(void*)
                0x0000000000001264                operator delete[](void*)
                0x0000000000001268                sys_get_mem_info
                0x00000000000012dc                __aeabi_atexit
                0x00000000000012e0                __gnu_cxx::__verbose_terminate_handler()
 .text          0x00000000000012e4      0x11a ./newlib/newlib_time.o
                0x00000000000012e4                _gettimeofday
                0x0000000000001366                _settimeofday
 .text          0x00000000000013fe       0xaa ./newlib/printf_lib.o
                0x00000000000013fe                u0_dbg_printf
                0x000000000000143e                u0_dbg_put
                0x0000000000001452                mprintf
 .text          0x00000000000014a8       0xcc ./newlib/syscalls.o
                0x00000000000014a8                sys_set_outchar_func
                0x00000000000014b4                sys_set_inchar_func
                0x00000000000014c0                _kill
                0x00000000000014d0                _exit
                0x00000000000014e0                _getpid
                0x00000000000014e4                _init
                0x00000000000014e8                _write
                0x0000000000001510                _read
                0x000000000000153c                syscalls_init
                0x000000000000153e                _fstat
                0x0000000000001542                _isatty
                0x000000000000156c                _lseek
                0x0000000000001570                _close
 .text          0x0000000000001574      0xd44 ./L5_Application/source/handlers.o
                0x00000000000015b0                taskListHandler(str&, UartDev&, void*, int)
                0x0000000000001664                memInfoHandler(str&, UartDev&, void*, int)
                0x000000000000168c                healthHandler(str&, UartDev&, void*, int)
                0x00000000000017e8                timeHandler(str&, UartDev&, void*, int)
                0x00000000000018fc                cpHandler(str&, UartDev&, void*, int)
                0x000000000000197c                catHandler(str&, UartDev&, void*, int)
                0x0000000000001a70                lsHandler(str&, UartDev&, void*, int)
                0x0000000000001c18                mkdirHandler(str&, UartDev&, void*, int)
                0x0000000000001c54                rmHandler(str&, UartDev&, void*, int)
                0x0000000000001c90                mvHandler(str&, UartDev&, void*, int)
                0x0000000000001cec                newFileHandler(str&, UartDev&, void*, int)
                0x0000000000001da0                dcpHandler(str&, UartDev&, void*, int)
                0x0000000000001edc                storageHandler(str&, UartDev&, void*, int)
                0x0000000000001fbc                learnIrHandler(str&, UartDev&, void*, int)
                0x0000000000001fe0                wirelessHandler(str&, UartDev&, void*, int)
                0x000000000000221c                rebootHandler(str&, UartDev&, void*, int)
                0x0000000000002250                logHandler(str&, UartDev&, void*, int)
 .text._ZN7Storage13getFlashDriveEv
                0x00000000000022b8       0x48 ./L5_Application/source/handlers.o
                0x00000000000022b8                Storage::getFlashDrive()
 .text._ZN7Storage10getSDDriveEv
                0x0000000000002300       0x4c ./L5_Application/source/handlers.o
                0x0000000000002300                Storage::getSDDrive()
 .text._ZN17SingletonTemplateI10FileLoggerE11getInstanceEv
                0x000000000000234c       0x20 ./L5_Application/source/handlers.o
                0x000000000000234c                SingletonTemplate<FileLogger>::getInstance()
 .text          0x000000000000236c      0x4f0 ./L5_Application/source/high_level_init.o
                0x0000000000002498                vApplicationTickHook
                0x000000000000249a                sys_get_uptime_ms
                0x00000000000024a8                high_level_init()
 .text.board_io_pins_initialize
                0x000000000000285c      0x11c ./L5_Application/source/high_level_init.o
                0x000000000000285c                board_io_pins_initialize
 .text.adc0_init
                0x0000000000002978       0x58 ./L5_Application/source/high_level_init.o
                0x0000000000002978                adc0_init
 .text._ZN17SingletonTemplateI4I2C2E11getInstanceEv
                0x00000000000029d0       0x20 ./L5_Application/source/high_level_init.o
                0x00000000000029d0                SingletonTemplate<I2C2>::getInstance()
 .text._ZN17SingletonTemplateI11LED_DisplayE11getInstanceEv
                0x00000000000029f0       0x28 ./L5_Application/source/high_level_init.o
                0x00000000000029f0                SingletonTemplate<LED_Display>::getInstance()
 .text._ZN17SingletonTemplateI3LEDE11getInstanceEv
                0x0000000000002a18       0x1c ./L5_Application/source/high_level_init.o
                0x0000000000002a18                SingletonTemplate<LED>::getInstance()
 .text._ZN17SingletonTemplateI17TemperatureSensorE11getInstanceEv
                0x0000000000002a34       0x2c ./L5_Application/source/high_level_init.o
                0x0000000000002a34                SingletonTemplate<TemperatureSensor>::getInstance()
 .text._ZN17SingletonTemplateI12Light_SensorE11getInstanceEv
                0x0000000000002a60       0x18 ./L5_Application/source/high_level_init.o
                0x0000000000002a60                SingletonTemplate<Light_Sensor>::getInstance()
 .text          0x0000000000002a78      0x244 ./L5_Application/source/remote.o
                0x0000000000002a78                remoteTask::regTlm()
                0x0000000000002a7c                remoteTask::taskEntry()
                0x0000000000002a80                remoteTask::init()
                0x0000000000002ac0                remoteTask::remoteTask(unsigned char)
                0x0000000000002ac0                remoteTask::remoteTask(unsigned char)
                0x0000000000002b00                remoteTask::handleUserEntry(int)
                0x0000000000002b02                remoteTask::getNumberFromCode(unsigned long, unsigned long&)
                0x0000000000002b1e                remoteTask::run(void*)
 .text._ZN14scheduler_taskD2Ev
                0x0000000000002cbc        0xc ./L5_Application/source/remote.o
                0x0000000000002cbc                scheduler_task::~scheduler_task()
                0x0000000000002cbc                scheduler_task::~scheduler_task()
 .text._ZN14scheduler_task4initEv
                0x0000000000002cc8        0x4 ./L5_Application/source/remote.o
                0x0000000000002cc8                scheduler_task::init()
 .text._ZN14scheduler_task6regTlmEv
                0x0000000000002ccc        0x4 ./L5_Application/source/remote.o
                0x0000000000002ccc                scheduler_task::regTlm()
 .text._ZN14scheduler_task9taskEntryEv
                0x0000000000002cd0        0x4 ./L5_Application/source/remote.o
                0x0000000000002cd0                scheduler_task::taskEntry()
 .text._ZN10remoteTaskD2Ev
                0x0000000000002cd4        0xc ./L5_Application/source/remote.o
                0x0000000000002cd4                remoteTask::~remoteTask()
                0x0000000000002cd4                remoteTask::~remoteTask()
 .text._ZN10remoteTaskD0Ev
                0x0000000000002ce0       0x14 ./L5_Application/source/remote.o
                0x0000000000002ce0                remoteTask::~remoteTask()
 .text._ZN14scheduler_taskD0Ev
                0x0000000000002cf4       0x14 ./L5_Application/source/remote.o
                0x0000000000002cf4                scheduler_task::~scheduler_task()
 .text._ZN17SingletonTemplateI9IR_SensorE11getInstanceEv
                0x0000000000002d08       0x18 ./L5_Application/source/remote.o
                0x0000000000002d08                SingletonTemplate<IR_Sensor>::getInstance()
 .text          0x0000000000002d20      0x4d0 ./L5_Application/source/terminal.o
                0x0000000000002d20                terminalTask::regTlm()
                0x0000000000002d24                terminalTask::terminalTask(unsigned char)
                0x0000000000002d24                terminalTask::terminalTask(unsigned char)
                0x0000000000002d98                terminalTask::saveDiskTlm()
                0x0000000000002d9c                terminalTask::handleEchoAndBackspace(str&, char)
                0x0000000000002ea0                terminalTask::getCommand(str&)
                0x0000000000002f0c                terminalTask::run(void*)
                0x0000000000002fa4                terminalTask::taskEntry()
 .text._ZN12terminalTaskD2Ev
                0x00000000000031f0       0x3c ./L5_Application/source/terminal.o
                0x00000000000031f0                terminalTask::~terminalTask()
                0x00000000000031f0                terminalTask::~terminalTask()
 .text._ZN12terminalTaskD0Ev
                0x000000000000322c       0x12 ./L5_Application/source/terminal.o
                0x000000000000322c                terminalTask::~terminalTask()
 *fill*         0x000000000000323e        0x2 
 .text._ZN17SingletonTemplateI5Uart0E11getInstanceEv
                0x0000000000003240       0x20 ./L5_Application/source/terminal.o
                0x0000000000003240                SingletonTemplate<Uart0>::getInstance()
 .text          0x0000000000003260       0x30 ./L5_Application/source/wireless.o
                0x0000000000003260                wirelessTask::run(void*)
                0x000000000000326a                wirelessTask::wirelessTask(unsigned char)
                0x000000000000326a                wirelessTask::wirelessTask(unsigned char)
 .text._ZN12wirelessTaskD2Ev
                0x0000000000003290        0xc ./L5_Application/source/wireless.o
                0x0000000000003290                wirelessTask::~wirelessTask()
                0x0000000000003290                wirelessTask::~wirelessTask()
 .text._ZN12wirelessTaskD0Ev
                0x000000000000329c       0x14 ./L5_Application/source/wireless.o
                0x000000000000329c                wirelessTask::~wirelessTask()
 .text          0x00000000000032b0      0x55c ./L5_Application/examples/examples.o
                0x00000000000032b0                example_nv_vars::regTlm()
                0x00000000000032b4                queue_rx::run(void*)
                0x00000000000032e8                queue_tx::run(void*)
                0x0000000000003334                example_alarm::init()
                0x0000000000003376                queue_tx::init()
                0x000000000000339c                example_nv_vars::run(void*)
                0x00000000000033b0                example_alarm::taskEntry()
                0x00000000000033cc                example_logger_qset::init()
                0x0000000000003420                example_alarm::run(void*)
                0x0000000000003480                example_task::example_task()
                0x0000000000003480                example_task::example_task()
                0x00000000000034ac                example_io_demo::example_io_demo()
                0x00000000000034ac                example_io_demo::example_io_demo()
                0x00000000000034d4                example_alarm::example_alarm()
                0x00000000000034d4                example_alarm::example_alarm()
                0x00000000000034fc                example_logger_qset::example_logger_qset()
                0x00000000000034fc                example_logger_qset::example_logger_qset()
                0x0000000000003554                example_nv_vars::example_nv_vars()
                0x0000000000003554                example_nv_vars::example_nv_vars()
                0x000000000000357c                queue_tx::queue_tx()
                0x000000000000357c                queue_tx::queue_tx()
                0x00000000000035a0                queue_rx::queue_rx()
                0x00000000000035a0                queue_rx::queue_rx()
                0x00000000000035c4                example_task::run(void*)
                0x0000000000003624                example_io_demo::run(void*)
                0x0000000000003758                example_logger_qset::run(void*)
 .text._ZN8queue_rxD2Ev
                0x000000000000380c        0xc ./L5_Application/examples/examples.o
                0x000000000000380c                queue_rx::~queue_rx()
                0x000000000000380c                queue_rx::~queue_rx()
 .text._ZN8queue_txD2Ev
                0x0000000000003818        0xc ./L5_Application/examples/examples.o
                0x0000000000003818                queue_tx::~queue_tx()
                0x0000000000003818                queue_tx::~queue_tx()
 .text._ZN15example_nv_varsD2Ev
                0x0000000000003824        0xc ./L5_Application/examples/examples.o
                0x0000000000003824                example_nv_vars::~example_nv_vars()
                0x0000000000003824                example_nv_vars::~example_nv_vars()
 .text._ZN19example_logger_qsetD2Ev
                0x0000000000003830        0xc ./L5_Application/examples/examples.o
                0x0000000000003830                example_logger_qset::~example_logger_qset()
                0x0000000000003830                example_logger_qset::~example_logger_qset()
 .text._ZN13example_alarmD2Ev
                0x000000000000383c        0xc ./L5_Application/examples/examples.o
                0x000000000000383c                example_alarm::~example_alarm()
                0x000000000000383c                example_alarm::~example_alarm()
 .text._ZN15example_io_demoD2Ev
                0x0000000000003848        0xc ./L5_Application/examples/examples.o
                0x0000000000003848                example_io_demo::~example_io_demo()
                0x0000000000003848                example_io_demo::~example_io_demo()
 .text._ZN12example_taskD2Ev
                0x0000000000003854        0xc ./L5_Application/examples/examples.o
                0x0000000000003854                example_task::~example_task()
                0x0000000000003854                example_task::~example_task()
 .text._ZN12example_taskD0Ev
                0x0000000000003860       0x14 ./L5_Application/examples/examples.o
                0x0000000000003860                example_task::~example_task()
 .text._ZN15example_io_demoD0Ev
                0x0000000000003874       0x14 ./L5_Application/examples/examples.o
                0x0000000000003874                example_io_demo::~example_io_demo()
 .text._ZN13example_alarmD0Ev
                0x0000000000003888       0x14 ./L5_Application/examples/examples.o
                0x0000000000003888                example_alarm::~example_alarm()
 .text._ZN19example_logger_qsetD0Ev
                0x000000000000389c       0x14 ./L5_Application/examples/examples.o
                0x000000000000389c                example_logger_qset::~example_logger_qset()
 .text._ZN15example_nv_varsD0Ev
                0x00000000000038b0       0x14 ./L5_Application/examples/examples.o
                0x00000000000038b0                example_nv_vars::~example_nv_vars()
 .text._ZN8queue_txD0Ev
                0x00000000000038c4       0x14 ./L5_Application/examples/examples.o
                0x00000000000038c4                queue_tx::~queue_tx()
 .text._ZN8queue_rxD0Ev
                0x00000000000038d8       0x14 ./L5_Application/examples/examples.o
                0x00000000000038d8                queue_rx::~queue_rx()
 .text._ZN15I2C_Device_BaseC2Eh
                0x00000000000038ec       0x28 ./L5_Application/examples/examples.o
                0x00000000000038ec                I2C_Device_Base::I2C_Device_Base(unsigned char)
                0x00000000000038ec                I2C_Device_Base::I2C_Device_Base(unsigned char)
 .text._ZN17SingletonTemplateI19Acceleration_SensorE11getInstanceEv
                0x0000000000003914       0x20 ./L5_Application/examples/examples.o
                0x0000000000003914                SingletonTemplate<Acceleration_Sensor>::getInstance()
 .text          0x0000000000003934      0x824 ./L5_Application/examples/rn_xv_task.o
                0x0000000000003934                wifiTask::regTlm()
                0x0000000000003938                wifiTask::init()
                0x000000000000394c                wifiTask::wifiFlush()
                0x00000000000039bc                wifiTask::wifiSendCmd(char const*, char const*)
                0x00000000000039f4                wifiTask::wifiEnterCmdMode()
                0x0000000000003a30                wifiTask::wifiConnect()
                0x0000000000003bdc                wifiTask::wifiIsConnected()
                0x0000000000003c98                wifiTask::wifiSendTestCmd()
                0x0000000000003cc0                wifiTask::wifiInitBaudRate()
                0x0000000000003e64                wifiTask::taskEntry()
                0x0000000000003ebc                wifiTask::wifiTask(UartDev&, unsigned char)
                0x0000000000003ebc                wifiTask::wifiTask(UartDev&, unsigned char)
                0x0000000000003f3c                wifiTask::wifiHandleHttpReq(web_req_type*)
                0x0000000000004110                wifiTask::run(void*)
 .text._ZN8wifiTaskD2Ev
                0x0000000000004158        0xc ./L5_Application/examples/rn_xv_task.o
                0x0000000000004158                wifiTask::~wifiTask()
                0x0000000000004158                wifiTask::~wifiTask()
 .text._ZN8wifiTaskD0Ev
                0x0000000000004164       0x14 ./L5_Application/examples/rn_xv_task.o
                0x0000000000004164                wifiTask::~wifiTask()
 .text          0x0000000000004178       0x1c ./L5_Application/main.o
                0x0000000000004178                ctoba(char*, char)
 .text.startup  0x0000000000004194       0x9c ./L5_Application/main.o
                0x0000000000004194                main
 .text          0x0000000000004230      0xac8 ./L4_IO/wireless/src/mesh.o
                0x0000000000004624                mesh_set_node_address
                0x000000000000463c                mesh_get_node_address
                0x0000000000004648                mesh_set_retry_count
                0x0000000000004658                mesh_form_pkt
                0x0000000000004748                mesh_deform_pkt
                0x0000000000004798                mesh_send_formed_pkt
                0x00000000000047fc                mesh_send
                0x0000000000004842                mesh_init
                0x0000000000004928                mesh_get_routing_entry
                0x0000000000004958                mesh_get_num_routing_entries
                0x0000000000004974                mesh_service
                0x0000000000004c74                mesh_is_route_known
                0x0000000000004c90                mesh_get_pnd_pkt_count
                0x0000000000004cc8                mesh_get_stats
                0x0000000000004cdc                mesh_get_error_mask
                0x0000000000004ce8                mesh_reset_error_mask
 .text          0x0000000000004cf8      0x560 ./L4_IO/wireless/src/nrf24L01Plus.o
                0x0000000000004d9e                nordic_is_air_free
                0x0000000000004dac                nordic_is_tx_fifo_full
                0x0000000000004db8                nordic_is_tx_fifo_empty
                0x0000000000004dc6                nordic_clear_all_intr_flags
                0x0000000000004dcc                nordic_queue_tx_fifo
                0x0000000000004dd8                nordic_standby1_to_tx_mode1
                0x0000000000004dec                nordic_standby1_to_tx_mode2
                0x0000000000004e00                nordic_rx_to_Stanby1
                0x0000000000004e10                nordic_standby1_to_rx
                0x0000000000004e34                nordic_is_packet_sent
                0x0000000000004e40                nordic_clear_packet_sent_flag
                0x0000000000004e46                nordic_is_max_retries_reached
                0x0000000000004e52                nordic_clear_max_retries_flag
                0x0000000000004e58                nordic_flush_tx_fifo
                0x0000000000004e62                nordic_mode1_send_single_packet
                0x0000000000004eac                nordic_finishTxMode2_transitionToStandby1
                0x0000000000004ed4                nordic_is_packet_available
                0x0000000000004ee8                nordic_clear_packet_available_flag
                0x0000000000004eee                nordic_read_rx_fifo
                0x0000000000004f04                nordic_flush_rx_fifo
                0x0000000000004f0e                nordic_set_intr_signals
                0x0000000000004f4a                nordic_get_intr_reg_status
                0x0000000000004f4e                nordic_set_crc
                0x0000000000004f80                nordic_power_up
                0x0000000000004f96                nordic_power_down
                0x0000000000004faa                nordic_tx_mode2_to_standby1_through_power_down
                0x0000000000004fc4                nordic_set_channel
                0x0000000000004fe6                nordic_set_continous_carrier_transmit
                0x000000000000500a                nordic_set_air_data_rate
                0x0000000000005034                nordic_set_power_level
                0x0000000000005058                nordic_set_auto_transmit_options
                0x0000000000005086                nordic_get_lost_packet_cnt
                0x00000000000050a8                nordic_get_retransmit_count
                0x00000000000050b6                nordic_set_payload_for_pipe
                0x00000000000050c8                nordic_set_addr_width
                0x00000000000050dc                nordic_set_tx_address
                0x00000000000050e8                nordic_set_rx_pipe0_addr
                0x00000000000050f4                nordic_set_rx_pipe1_addr
                0x0000000000005100                nordic_set_rx_pipe2_lsb_addr
                0x0000000000005106                nordic_set_rx_pipe3_lsb_addr
                0x000000000000510c                nordic_set_rx_pipe4_lsb_addr
                0x0000000000005112                nordic_set_rx_pipe5_lsb_addr
                0x0000000000005118                nordic_set_auto_ack_for_pipes
                0x000000000000514c                nordic_enable_pipes
                0x0000000000005180                nordic_init
 .text          0x0000000000005258      0x2c4 ./L4_IO/wireless/src/wireless.o
                0x000000000000543a                wireless_init
                0x0000000000005488                wireless_get_rx_pkt
                0x0000000000005498                wireless_get_ack_pkt
                0x00000000000054a8                wireless_flush_rx
                0x00000000000054d0                wireless_service
 .text          0x000000000000551c      0x158 ./L4_IO/src/gpio.o
                0x000000000000551c                GPIO::GPIO(LPC1758_GPIO_Type)
                0x000000000000551c                GPIO::GPIO(LPC1758_GPIO_Type)
                0x000000000000556c                GPIO::setAsInput()
                0x0000000000005580                GPIO::setAsOutput()
                0x0000000000005592                GPIO::read() const
                0x00000000000055a8                GPIO::setHigh()
                0x00000000000055b6                GPIO::setLow()
                0x00000000000055c4                GPIO::set(bool)
                0x00000000000055ca                GPIO::enablePullUp()
                0x00000000000055ec                GPIO::enablePullDown()
                0x000000000000560c                GPIO::disablePullUpPullDown()
                0x0000000000005644                GPIO::enableOpenDrainMode(bool)
 .text          0x0000000000005674      0x3bc ./L4_IO/src/io_source.o
                0x0000000000005674                Acceleration_Sensor::init()
                0x0000000000005696                Acceleration_Sensor::getX()
                0x00000000000056a8                Acceleration_Sensor::getY()
                0x00000000000056ba                Acceleration_Sensor::getZ()
                0x00000000000056cc                TIMER1_IRQHandler
                0x000000000000576c                IR_Sensor::init()
                0x00000000000057e8                IR_Sensor::isIRCodeReceived()
                0x00000000000057fc                IR_Sensor::getLastIRCode()
                0x0000000000005810                LED_Display::setLeftDigit(char)
                0x0000000000005828                LED_Display::setRightDigit(char)
                0x0000000000005840                LED_Display::setNumber(char)
                0x0000000000005878                LED_Display::clear()
                0x000000000000588c                LED_Display::init()
                0x00000000000058c8                LED::init()
                0x00000000000058cc                LED::setAll(char)
                0x0000000000005910                LED::off(int)
                0x0000000000005922                LED::on(int)
                0x0000000000005934                LED::getValues() const
                0x0000000000005938                Light_Sensor::init()
                0x000000000000593c                Light_Sensor::getRawValue()
                0x0000000000005970                Light_Sensor::getPercentValue()
                0x0000000000005980                Switches::init()
                0x0000000000005984                Switches::getSwitchValues()
                0x000000000000599c                Switches::getSwitch(int)
                0x00000000000059b6                I2C_Temp::init()
                0x00000000000059d8                I2C_Temp::getCelsius()
                0x0000000000005a0a                I2C_Temp::getFarenheit()
 .text._ZN15I2C_Device_Base8writeRegEhh
                0x0000000000005a30       0x14 ./L4_IO/src/io_source.o
                0x0000000000005a30                I2C_Device_Base::writeReg(unsigned char, unsigned char)
 .text._ZN15I2C_Device_Base16get16BitRegisterEh
                0x0000000000005a44       0x28 ./L4_IO/src/io_source.o
                0x0000000000005a44                I2C_Device_Base::get16BitRegister(unsigned char)
 .text          0x0000000000005a6c      0x192 ./L4_IO/src/storage.o
                0x0000000000005a6c                Storage::copy(char const*, char const*, unsigned int*, unsigned int*, unsigned int*)
                0x0000000000005b34                Storage::read(char const*, void*, unsigned int, unsigned int)
                0x0000000000005b76                Storage::write(char const*, void*, unsigned int, unsigned int)
                0x0000000000005bb8                Storage::append(char const*, void*, unsigned int, unsigned int)
 *fill*         0x0000000000005bfe        0x2 
 .text          0x0000000000005c00       0x64 ./L4_IO/fat/option/ccsbcs.o
                0x0000000000005c00                ff_convert
                0x0000000000005c3c                ff_wtoupper
 .text          0x0000000000005c64       0x60 ./L4_IO/fat/option/reentrant.o
                0x0000000000005c64                ff_cre_syncobj
                0x0000000000005c78                ff_del_syncobj
                0x0000000000005c7c                ff_req_grant
                0x0000000000005ca6                ff_rel_grant
 .text          0x0000000000005cc4       0xec ./L4_IO/fat/disk/diskio.o
                0x0000000000005cc4                disk_initialize
                0x0000000000005cec                disk_status
                0x0000000000005cfa                disk_read
                0x0000000000005d34                disk_write
                0x0000000000005d7c                disk_ioctl
 .text          0x0000000000005db0      0x7f8 ./L4_IO/fat/disk/sd.o
                0x0000000000005db0                wait_ready
                0x0000000000005e04                power_on
                0x0000000000005e06                power_off
                0x0000000000005e2c                rcvr_datablock
                0x0000000000005ef8                xmit_datablock
                0x0000000000005f70                send_cmd
                0x0000000000006050                sd_initialize
                0x00000000000061c0                sd_status
                0x00000000000061cc                sd_read
                0x000000000000625c                sd_write
                0x000000000000630c                sd_ioctl
                0x000000000000656c                sd_timerproc
 .text          0x00000000000065a8      0x1d8 ./L4_IO/fat/disk/spi_flash.o
                0x0000000000006628                flash_Initialize
                0x000000000000668c                flash_ReadSector
                0x0000000000006704                flash_WriteSector
                0x000000000000674e                flash_ioctl
 .text          0x0000000000006780       0x50 ./L4_IO/fat/fatfs_time.o
                0x0000000000006780                get_fattime
 .text          0x00000000000067d0     0x22ac ./L4_IO/fat/ff.o
                0x0000000000006d42                clust2sect
                0x0000000000006d5a                get_fat
                0x0000000000006e86                put_fat
                0x000000000000762e                gen_numname
                0x0000000000007864                f_mount
                0x00000000000078d4                f_open
                0x0000000000007ab8                f_read
                0x0000000000007c22                f_write
                0x0000000000007dd8                f_sync
                0x0000000000007e3a                f_close
                0x0000000000007e98                f_lseek
                0x0000000000007fc8                f_opendir
                0x000000000000802e                f_readdir
                0x0000000000008090                f_stat
                0x00000000000080d8                f_getfree
                0x00000000000081b0                f_truncate
                0x0000000000008248                f_unlink
                0x000000000000830c                f_mkdir
                0x000000000000846c                f_chmod
                0x00000000000084ca                f_utime
                0x000000000000851e                f_rename
                0x0000000000008638                f_mkfs
 .text          0x0000000000008a7c       0x78 ./L4_IO/fat/spi_sem.o
                0x0000000000008a7c                spi1_lock_access
                0x0000000000008aa4                spi1_release_access
                0x0000000000008ab8                spi0_lock_access
                0x0000000000008ae0                spi0_release_access
 .text          0x0000000000008af4        0x0 ./L3_Utils/tlm/src/c_tlm_binary.o
 .text          0x0000000000008af4        0x0 ./L3_Utils/tlm/src/c_tlm_comp.o
 .text          0x0000000000008af4        0x0 ./L3_Utils/tlm/src/c_tlm_stream.o
 .text          0x0000000000008af4        0x0 ./L3_Utils/tlm/src/c_tlm_var.o
 .text          0x0000000000008af4      0x190 ./L3_Utils/src/c_list.o
                0x0000000000008af4                c_list_create
                0x0000000000008b0c                c_list_delete
                0x0000000000008b44                c_list_node_count
                0x0000000000008b4a                c_list_insert_elm_end
                0x0000000000008b7a                c_list_insert_elm_beg
                0x0000000000008ba4                c_list_get_elm_at
                0x0000000000008bd2                c_list_find_elm
                0x0000000000008c0c                c_list_delete_elm
                0x0000000000008c50                c_list_for_each_elm
 .text          0x0000000000008c84      0x270 ./L3_Utils/src/command_handler.o
                0x0000000000008c84                CommandProcessor::getRegisteredCommandList(UartDev&)
                0x0000000000008ce8                CommandProcessor::getHelpText(str&, UartDev&)
                0x0000000000008d58                CommandProcessor::prepareCmdParam(str&, char const*)
                0x0000000000008d94                CommandProcessor::handleCommand(str&, UartDev&)
                0x0000000000008ec8                CommandProcessor::addHandler(bool (*)(str&, UartDev&, void*, int), char const*, char const*, void*, int)
 .text._ZN6VECTORIN16CommandProcessor16CmdProcessorTypeEE9push_backERKS1_
                0x0000000000008ef4       0x62 ./L3_Utils/src/command_handler.o
                0x0000000000008ef4                VECTOR<CommandProcessor::CmdProcessorType>::push_back(CommandProcessor::CmdProcessorType const&)
 *fill*         0x0000000000008f56        0x2 
 .text          0x0000000000008f58      0x43c ./L3_Utils/src/cpp_task.o
                0x0000000000008fc4                scheduler_task::scheduler_task(char const*, unsigned long, unsigned char, void*)
                0x0000000000008fc4                scheduler_task::scheduler_task(char const*, unsigned long, unsigned char, void*)
                0x0000000000008ff4                scheduler_task::getInstantCpuUsage() const
                0x0000000000009000                scheduler_task::getCpuIdlePercentage() const
                0x000000000000900e                scheduler_task::getTotalSysCpuPercentage() const
                0x000000000000901c                scheduler_task::initQueueSet(unsigned long, unsigned long, ...)
                0x0000000000009050                scheduler_task::getSharedObject(char const*)
                0x0000000000009088                scheduler_task::getTaskPtrByName(char const*)
                0x00000000000090b8                scheduler_init_all(bool)
                0x00000000000091b4                scheduler_start(bool)
                0x00000000000091f8                scheduler_c_task_private(void*)
                0x00000000000092f8                scheduler_add_task(scheduler_task*)
                0x0000000000009328                scheduler_task::addSharedObject(char const*, void*)
 .text._ZN6VECTORIP14scheduler_taskE2atEj
                0x0000000000009394       0x10 ./L3_Utils/src/cpp_task.o
                0x0000000000009394                VECTOR<scheduler_task*>::at(unsigned int)
 .text._ZN6VECTORIP14scheduler_taskE9push_backERKS1_
                0x00000000000093a4       0x5c ./L3_Utils/src/cpp_task.o
                0x00000000000093a4                VECTOR<scheduler_task*>::push_back(scheduler_task* const&)
 .text._ZN6VECTORIN14scheduler_task15PtrNamePairTypeEE9push_backERKS1_
                0x0000000000009400       0x64 ./L3_Utils/src/cpp_task.o
                0x0000000000009400                VECTOR<scheduler_task::PtrNamePairType>::push_back(scheduler_task::PtrNamePairType const&)
 .text          0x0000000000009464      0x178 ./L3_Utils/src/file_logger.o
                0x0000000000009464                SimpleLogger::handleCompletedBuffer(char*, unsigned int)
                0x000000000000946c                FileLogger::getTimestamp()
                0x0000000000009474                FileLogger::semGive()
                0x0000000000009490                FileLogger::semTake()
                0x00000000000094ae                FileLogger::handleCompletedBuffer(char*, unsigned int)
                0x0000000000009524                FileLogger::flush()
                0x000000000000953e                FileLogger::FileLogger()
                0x000000000000953e                FileLogger::FileLogger()
                0x0000000000009570                SimpleLogger::SimpleLogger(char const*, char*, int)
                0x0000000000009570                SimpleLogger::SimpleLogger(char const*, char*, int)
                0x000000000000959c                SimpleLogger::printf(char const*, ...)
                0x00000000000095d6                SimpleLogger::flush()
 .text._ZN10LoggerBaseD2Ev
                0x00000000000095dc        0xc ./L3_Utils/src/file_logger.o
                0x00000000000095dc                LoggerBase::~LoggerBase()
                0x00000000000095dc                LoggerBase::~LoggerBase()
 .text._ZN10LoggerBase7semTakeEv
                0x00000000000095e8        0x2 ./L3_Utils/src/file_logger.o
                0x00000000000095e8                LoggerBase::semTake()
 .text._ZN10LoggerBase7semGiveEv
                0x00000000000095ea        0x2 ./L3_Utils/src/file_logger.o
                0x00000000000095ea                LoggerBase::semGive()
 .text._ZN10LoggerBase12getTimestampEv
                0x00000000000095ec        0x4 ./L3_Utils/src/file_logger.o
                0x00000000000095ec                LoggerBase::getTimestamp()
 .text._ZN12SimpleLoggerD2Ev
                0x00000000000095f0        0xc ./L3_Utils/src/file_logger.o
                0x00000000000095f0                SimpleLogger::~SimpleLogger()
                0x00000000000095f0                SimpleLogger::~SimpleLogger()
 .text._ZN10FileLoggerD2Ev
                0x00000000000095fc        0xc ./L3_Utils/src/file_logger.o
                0x00000000000095fc                FileLogger::~FileLogger()
                0x00000000000095fc                FileLogger::~FileLogger()
 .text._ZN10FileLoggerD0Ev
                0x0000000000009608       0x14 ./L3_Utils/src/file_logger.o
                0x0000000000009608                FileLogger::~FileLogger()
 .text._ZN12SimpleLoggerD0Ev
                0x000000000000961c       0x14 ./L3_Utils/src/file_logger.o
                0x000000000000961c                SimpleLogger::~SimpleLogger()
 .text._ZN10LoggerBaseD0Ev
                0x0000000000009630       0x14 ./L3_Utils/src/file_logger.o
                0x0000000000009630                LoggerBase::~LoggerBase()
 .text          0x0000000000009644        0x0 ./L3_Utils/src/freertos_timer.o
 .text          0x0000000000009644      0x2ac ./L3_Utils/src/logger.o
                0x0000000000009644                LoggerBase::flush()
                0x000000000000965a                LoggerBase::log(char const*)
                0x00000000000096a8                LoggerBase::logCsvMessage(char const*, char const*, char const*, char const*, int)
                0x00000000000097c4                LoggerBase::logInfo(char const*, char const*, char const*, int)
                0x00000000000097e0                LoggerBase::logInfoPrintf(char const*, char const*, int, char const*, ...)
                0x0000000000009826                LoggerBase::logWarn(char const*, char const*, char const*, int)
                0x0000000000009844                LoggerBase::logWarnPrintf(char const*, char const*, int, char const*, ...)
                0x000000000000988a                LoggerBase::logError(char const*, char const*, char const*, int)
                0x00000000000098a8                LoggerBase::logErrorPrintf(char const*, char const*, int, char const*, ...)
 .text          0x00000000000098f0      0x1dc ./L3_Utils/src/rtc_alarm.o
                0x0000000000009970                rtc_alarm_create_recurring
                0x00000000000099bc                rtc_alarm_create
                0x0000000000009a2c                RTC_IRQHandler
 .text          0x0000000000009acc      0xc20 ./L3_Utils/src/str.o
                0x0000000000009acc                str::toInt(char const*)
                0x0000000000009ad0                str::str(char*, int)
                0x0000000000009ad0                str::str(char*, int)
                0x0000000000009af8                str::~str()
                0x0000000000009af8                str::~str()
                0x0000000000009b1c                str::getLen() const
                0x0000000000009b22                str::getCapacity() const
                0x0000000000009b26                str::clear()
                0x0000000000009b2e                str::clearAll()
                0x0000000000009b3a                str::toLower()
                0x0000000000009b52                str::toUpper()
                0x0000000000009b6a                str::scanf(char const*, ...)
                0x0000000000009b84                str::tokenize(char const*, int, ...)
                0x0000000000009bd2                str::compareTo(char const*) const
                0x0000000000009be8                str::compareToIgnoreCase(char const*) const
                0x0000000000009bfa                str::firstIndexOfIgnoreCase(char const*) const
                0x0000000000009c78                str::containsIgnoreCase(char const*) const
                0x0000000000009c86                str::firstIndexOf(char const*) const
                0x0000000000009c9c                str::contains(char const*) const
                0x0000000000009caa                str::lastIndexOf(char const*) const
                0x0000000000009cec                str::countOf(char const*) const
                0x0000000000009d1e                str::beginsWith(char const*) const
                0x0000000000009d50                str::beginsWithIgnoreCase(char const*) const
                0x0000000000009d82                str::beginsWithWholeWord(char const*, char) const
                0x0000000000009db0                str::beginsWithWholeWordIgnoreCase(char const*, char) const
                0x0000000000009dde                str::endsWith(char const*) const
                0x0000000000009e10                str::endsWithIgnoreCase(char const*) const
                0x0000000000009e42                str::eraseFirst(int)
                0x0000000000009e6e                str::eraseLast(int)
                0x0000000000009e8e                str::eraseAllAfter(int)
                0x0000000000009eb0                str::eraseAfter(int, int)
                0x0000000000009eec                str::eraseCharAt(int)
                0x0000000000009ef0                str::erase(char const*)
                0x0000000000009f16                str::eraseAllSpecialChars()
                0x0000000000009f46                str::trimStart(char const*)
                0x0000000000009f8e                str::trimEnd(char const*)
                0x0000000000009fce                str::isAllAlpha() const
                0x0000000000009ff0                str::isAlphaNumeric() const
                0x000000000000a012                str::isUint() const
                0x000000000000a036                str::isInt() const
                0x000000000000a064                str::checksum_Get()
                0x000000000000a082                str::checksum_Remove()
                0x000000000000a09c                str::operator-=(char const*)
                0x000000000000a09e                str::operator-=(str const&)
                0x000000000000a0a2                str::operator==(char const*) const
                0x000000000000a0a4                str::operator==(str const&) const
                0x000000000000a0a8                str::operator==(int) const
                0x000000000000a0bc                str::operator!=(char const*) const
                0x000000000000a0ca                str::operator!=(str const&) const
                0x000000000000a0da                str::operator!=(int) const
                0x000000000000a0ec                str::operator<(char const*) const
                0x000000000000a0f8                str::operator<(int) const
                0x000000000000a10c                str::operator>(char const*) const
                0x000000000000a11e                str::operator>(int) const
                0x000000000000a132                str::operator<=(char const*) const
                0x000000000000a144                str::operator<=(int) const
                0x000000000000a158                str::operator>=(char const*) const
                0x000000000000a166                str::operator>=(int) const
                0x000000000000a17a                str::operator()() const
                0x000000000000a17e                str::operator int() const
                0x000000000000a184                str::operator[](int)
                0x000000000000a19a                str::reAllocateMem(int)
                0x000000000000a1e6                str::ensureMemoryToInsertNChars(int)
                0x000000000000a208                str::insertAt(int, char const*)
                0x000000000000a26a                str::replaceAll(char const*, char const*)
                0x000000000000a2a8                str::replaceLast(char const*, char const*)
                0x000000000000a2dc                str::replaceFirst(char const*, char const*)
                0x000000000000a310                str::insertAtBeg(char const*)
                0x000000000000a316                str::insertAtEnd(char const*)
                0x000000000000a338                str::append(char const*)
                0x000000000000a33a                str::operator+=(char)
                0x000000000000a350                str::operator+=(str const&)
                0x000000000000a354                str::operator+=(char const*)
                0x000000000000a356                str::appendAsHex(unsigned int)
                0x000000000000a374                str::checksum_Append()
                0x000000000000a394                str::append(int)
                0x000000000000a3b0                str::str(int)
                0x000000000000a3b0                str::str(int)
                0x000000000000a3bc                str::str()
                0x000000000000a3bc                str::str()
                0x000000000000a3ca                str::reserve(int)
                0x000000000000a3d6                str::subString(int, int)
                0x000000000000a440                str::getToken(char const*, bool)
                0x000000000000a488                str::subString(char, char)
                0x000000000000a4bc                str::subString(char const*, int)
                0x000000000000a4d2                str::subString(char, int)
                0x000000000000a4e8                str::subString(int)
                0x000000000000a500                str::subString(char const*)
                0x000000000000a512                str::subString(char)
                0x000000000000a528                str::printf(char const*, ...)
                0x000000000000a572                str::copyFrom(char const*)
                0x000000000000a5ae                str::operator=(int)
                0x000000000000a5d0                str::operator-=(int)
                0x000000000000a5ee                str::operator--(int)
                0x000000000000a5f2                str::operator--()
                0x000000000000a5f6                str::operator+=(int)
                0x000000000000a614                str::operator++(int)
                0x000000000000a618                str::operator++()
                0x000000000000a61c                str::operator=(char const*)
                0x000000000000a61e                str::operator=(str const&)
                0x000000000000a630                str::str(str const&)
                0x000000000000a630                str::str(str const&)
                0x000000000000a650                str::str(char const*)
                0x000000000000a650                str::str(char const*)
                0x000000000000a670                str::singleHexCharToInt(unsigned char)
                0x000000000000a690                str::hexStrDigitsToInt(char*)
                0x000000000000a6ac                str::checksum_Verify()
 .text._ZN3str4initEi
                0x000000000000a6ec       0x10 ./L3_Utils/src/str.o
                0x000000000000a6ec                str::init(int)
 .text          0x000000000000a6fc      0x10c ./L3_Utils/src/utilities.o
                0x000000000000a6fc                delay_us
                0x000000000000a722                is_freertos_running
                0x000000000000a734                delay_ms
                0x000000000000a754                log_boot_info
 .text          0x000000000000a808      0x6b8 ./L2_Drivers/src/can.o
                0x000000000000a8d4                CAN_IRQHandler
                0x000000000000a90c                CAN_init
                0x000000000000aaac                CAN_tx
                0x000000000000ab60                CAN_rx
                0x000000000000abe8                CAN_is_bus_off
                0x000000000000ac0c                CAN_reset_bus
                0x000000000000ac2c                CAN_gen_sid
                0x000000000000ac64                CAN_gen_eid
                0x000000000000ac94                CAN_fullcan_add_entry
                0x000000000000ad00                CAN_fullcan_get_entry_ptr
                0x000000000000ad58                CAN_fullcan_read_msg_copy
                0x000000000000adbc                CAN_fullcan_get_num_entries
                0x000000000000adcc                CAN_setup_filter
 .text          0x000000000000aec0       0xe0 ./L2_Drivers/src/eint.o
                0x000000000000aec0                EINT3_IRQHandler
                0x000000000000af2c                eint3_enable
 .text          0x000000000000afa0       0xa8 ./L2_Drivers/src/i2c2.o
                0x000000000000afa0                I2C2::init(unsigned int)
                0x000000000000b010                I2C2::I2C2()
                0x000000000000b010                I2C2::I2C2()
                0x000000000000b024                I2C2_IRQHandler
 .text          0x000000000000b048      0x4d8 ./L2_Drivers/src/i2c_base.o
                0x000000000000b048                I2C_Base::I2C_Base(LPC_I2C_TypeDef*)
                0x000000000000b048                I2C_Base::I2C_Base(LPC_I2C_TypeDef*)
                0x000000000000b0b4                I2C_Base::init(unsigned int, unsigned int)
                0x000000000000b14c                I2C_Base::i2cKickOffTransfer(char, char, char*, int)
                0x000000000000b17a                I2C_Base::i2cStateMachine()
                0x000000000000b312                I2C_Base::writeRegisters(char, char, char*, unsigned int)
                0x000000000000b3b0                I2C_Base::writeReg(char, char, char)
                0x000000000000b3c6                I2C_Base::readRegisters(char, char, char*, unsigned int)
                0x000000000000b4b4                I2C_Base::isDevicePresent(char)
                0x000000000000b4ce                I2C_Base::readReg(char, char)
                0x000000000000b4e8                I2C_Base::handleInterrupt()
 .text          0x000000000000b520      0x11c ./L2_Drivers/src/lpc_pwm.o
                0x000000000000b520                PWM::PWM(PWM::pwmType, unsigned int)
                0x000000000000b520                PWM::PWM(PWM::pwmType, unsigned int)
                0x000000000000b5b8                PWM::set(float)
 .text          0x000000000000b63c      0x1d0 ./L2_Drivers/src/rtc.o
                0x000000000000b63c                rtc_gettime
                0x000000000000b684                rtc_settime
                0x000000000000b6d8                rtc_init
                0x000000000000b7b4                rtc_get_date_time_str
 .text          0x000000000000b80c       0x78 ./L2_Drivers/src/spi1.o
                0x000000000000b80c                spi1_set_max_clock
                0x000000000000b83c                spi1_init
 .text          0x000000000000b884       0xec ./L2_Drivers/src/spi_dma.o
                0x000000000000b884                spiDmaInitialize
                0x000000000000b8a8                spi1_dma_transfer_block
 .text          0x000000000000b970       0xa8 ./L2_Drivers/src/uart0.o
                0x000000000000b970                Uart0::init(unsigned int, int, int)
                0x000000000000b9c0                Uart0::Uart0()
                0x000000000000b9c0                Uart0::Uart0()
                0x000000000000b9d4                Uart0::putcharIntrDriven(char)
                0x000000000000b9ea                Uart0::getcharIntrDriven(char)
                0x000000000000ba08                UART0_IRQHandler
 .text          0x000000000000ba18       0x88 ./L2_Drivers/src/uart2.o
                0x000000000000ba18                Uart2::init(unsigned int, int, int)
                0x000000000000ba68                Uart2::Uart2()
                0x000000000000ba68                Uart2::Uart2()
                0x000000000000ba7c                UART2_IRQHandler
 .text          0x000000000000baa0       0x88 ./L2_Drivers/src/uart3.o
                0x000000000000baa0                Uart3::init(unsigned int, int, int)
                0x000000000000baf0                Uart3::Uart3()
                0x000000000000baf0                Uart3::Uart3()
                0x000000000000bb04                UART3_IRQHandler
 .text          0x000000000000bb28      0x440 ./L2_Drivers/src/uart_dev.o
                0x000000000000bb28                UartDev::getChar(char*, unsigned int) const
                0x000000000000bb8e                UartDev::putChar(char, unsigned int)
                0x000000000000bbea                UartDev::put(char const*, unsigned int)
                0x000000000000bc10                UartDev::putline(char const*, unsigned int)
                0x000000000000bc2c                UartDev::gets(char*, int, unsigned int)
                0x000000000000bc84                UartDev::printf(char const*, ...)
                0x000000000000bd00                UartDev::flush()
                0x000000000000bd20                UartDev::scanf(char const*, ...)
                0x000000000000bd62                UartDev::recentlyActive(unsigned int) const
                0x000000000000bd78                UartDev::setBaudRate(unsigned int)
                0x000000000000bdb4                UartDev::handleInterrupt()
                0x000000000000be6c                UartDev::UartDev(unsigned int*)
                0x000000000000be6c                UartDev::UartDev(unsigned int*)
                0x000000000000be94                UartDev::~UartDev()
                0x000000000000be94                UartDev::~UartDev()
                0x000000000000bea4                UartDev::init(unsigned int, unsigned int, int, int)
 .text          0x000000000000bf68        0x0 ./L1_FreeRTOS/src/croutine.o
 .text          0x000000000000bf68       0x88 ./L1_FreeRTOS/src/list.o
                0x000000000000bf68                vListInitialise
                0x000000000000bf7e                vListInitialiseItem
                0x000000000000bf84                vListInsertEnd
                0x000000000000bf9c                vListInsert
                0x000000000000bfcc                uxListRemove
 .text          0x000000000000bff0      0x60c ./L1_FreeRTOS/src/queue.o
                0x000000000000c12a                xQueueGenericReset
                0x000000000000c186                xQueueGenericCreate
                0x000000000000c1d4                xQueueCreateCountingSemaphore
                0x000000000000c1e6                xQueueGenericSend
                0x000000000000c2dc                xQueueCreateMutex
                0x000000000000c32a                xQueueGenericSendFromISR
                0x000000000000c3a2                xQueueGenericReceive
                0x000000000000c4b6                xQueueReceiveFromISR
                0x000000000000c50a                xQueuePeekFromISR
                0x000000000000c536                uxQueueMessagesWaiting
                0x000000000000c548                uxQueueMessagesWaitingFromISR
                0x000000000000c54c                vQueueDelete
                0x000000000000c560                ucQueueGetQueueNumber
                0x000000000000c566                vQueueSetQueueNumber
                0x000000000000c56c                ucQueueGetQueueType
                0x000000000000c572                xQueueIsQueueEmptyFromISR
                0x000000000000c57e                xQueueIsQueueFullFromISR
                0x000000000000c58c                xQueueCreateSet
                0x000000000000c592                xQueueAddToSet
                0x000000000000c5b2                xQueueRemoveFromSet
                0x000000000000c5d6                xQueueSelectFromSet
                0x000000000000c5ea                xQueueSelectFromSetFromISR
 .text          0x000000000000c5fc      0xb28 ./L1_FreeRTOS/src/tasks.o
                0x000000000000c6f8                xTaskGenericCreate
                0x000000000000c864                xTaskIsTaskSuspended
                0x000000000000c88c                vTaskResume
                0x000000000000c8ec                xTaskResumeFromISR
                0x000000000000c964                vTaskStartScheduler
                0x000000000000c9b0                vTaskEndScheduler
                0x000000000000c9cc                vTaskSuspendAll
                0x000000000000c9e0                xTaskGetTickCount
                0x000000000000c9f8                xTaskGetTickCountFromISR
                0x000000000000ca10                uxTaskGetNumberOfTasks
                0x000000000000ca1c                xTaskGetIdleTaskHandle
                0x000000000000ca28                xTaskIncrementTick
                0x000000000000cb24                xTaskResumeAll
                0x000000000000cbe8                uxTaskGetSystemState
                0x000000000000cc74                vTaskDelay
                0x000000000000ccc0                vTaskDelayUntil
                0x000000000000cd30                vTaskSwitchContext
                0x000000000000cdcc                vTaskSuspend
                0x000000000000ce4c                vTaskPlaceOnEventList
                0x000000000000ce9c                xTaskRemoveFromEventList
                0x000000000000cef8                vTaskSetTimeOutState
                0x000000000000cf0c                xTaskCheckForTimeOut
                0x000000000000cf54                vTaskMissedYield
                0x000000000000cf64                uxTaskGetTaskNumber
                0x000000000000cf6a                vTaskSetTaskNumber
                0x000000000000cf70                uxTaskGetStackHighWaterMark
                0x000000000000cf90                xTaskGetCurrentTaskHandle
                0x000000000000cf9c                xTaskGetSchedulerState
                0x000000000000cfb8                vTaskPriorityInherit
                0x000000000000d03c                vTaskPriorityDisinherit
                0x000000000000d0a8                uxTaskGetCpuUsage
                0x000000000000d0c8                vTaskResetRunTimeStats
 .text          0x000000000000d124        0x0 ./L1_FreeRTOS/src/timers.o
 .text          0x000000000000d124      0x148 ./L1_FreeRTOS/portable/port.o
                0x000000000000d134                pxPortInitialiseStack
                0x000000000000d14a                vPortSVCHandler
                0x000000000000d16c                vPortEndScheduler
                0x000000000000d16e                vPortYield
                0x000000000000d184                ulPortSetInterruptMask
                0x000000000000d194                vPortEnterCritical
                0x000000000000d1b0                vPortClearInterruptMask
                0x000000000000d1b6                vPortExitCritical
                0x000000000000d1c8                xPortPendSVHandler
                0x000000000000d204                xPortSysTickHandler
                0x000000000000d224                vPortSetupTimerInterrupt
                0x000000000000d238                xPortStartScheduler
 .text          0x000000000000d26c       0x58 ./L1_FreeRTOS/portable/run_time_stats.o
                0x000000000000d26c                vConfigureTimerForRunTimeStats
                0x000000000000d2b0                uxGetTimerForRunTimeStats
                0x000000000000d2b8                resetRunTimeCounter
 .text          0x000000000000d2c4       0x60 ./L1_FreeRTOS/hooks/hooks.o
                0x000000000000d2c4                vApplicationIdleHook
                0x000000000000d2c8                vApplicationStackOverflowHook
                0x000000000000d300                vApplicationMallocFailedHook
 .text          0x000000000000d324        0x0 ./L1_FreeRTOS/MemMang/heap_1.o
 .text          0x000000000000d324        0x0 ./L1_FreeRTOS/MemMang/heap_2.o
 .text          0x000000000000d324       0x38 ./L1_FreeRTOS/MemMang/heap_3.o
                0x000000000000d324                pvPortMalloc
                0x000000000000d342                vPortFree
 .text          0x000000000000d35c        0x0 ./L1_FreeRTOS/MemMang/heap_4.o
 .text          0x000000000000d35c       0x7a ./L0_LowLevel/source/core_cm3.o
                0x000000000000d35c                __get_PSP
                0x000000000000d364                __set_PSP
                0x000000000000d36a                __get_MSP
                0x000000000000d372                __set_MSP
                0x000000000000d378                __get_BASEPRI
                0x000000000000d37e                __set_BASEPRI
                0x000000000000d384                __get_PRIMASK
                0x000000000000d38a                __set_PRIMASK
                0x000000000000d390                __get_FAULTMASK
                0x000000000000d396                __set_FAULTMASK
                0x000000000000d39c                __get_CONTROL
                0x000000000000d3a2                __set_CONTROL
                0x000000000000d3a8                __REV
                0x000000000000d3ac                __REV16
                0x000000000000d3b0                __REVSH
                0x000000000000d3b4                __RBIT
                0x000000000000d3ba                __LDREXB
                0x000000000000d3c2                __LDREXH
                0x000000000000d3ca                __LDREXW
                0x000000000000d3d0                __STREXW
 *fill*         0x000000000000d3d6        0x2 
 .text          0x000000000000d3d8       0x94 ./L0_LowLevel/source/cr_startup_lpc175x.o
                0x000000000000d3d8                HardFault_HandlerC
 .text          0x000000000000d46c       0xe4 ./L0_LowLevel/source/lpc_sys.o
                0x000000000000d46c                RIT_IRQHandler
                0x000000000000d488                sys_get_mem_info_str
                0x000000000000d4b0                sys_rit_setup
                0x000000000000d524                sys_rit_disable
                0x000000000000d540                sys_rit_running
 .text          0x000000000000d550      0x23c ./L0_LowLevel/source/sys_clock.o
                0x000000000000d5e4                sys_clock_use_fastest_clock()
                0x000000000000d644                sys_clock_configure()
                0x000000000000d6ec                sys_get_cpu_clock
 .text          0x000000000000d78c      0x2d0 ./L0_LowLevel/source/system_init.o
                0x000000000000d7b8                sys_get_boot_type
                0x000000000000d7c4                sys_get_boot_time
                0x000000000000d7d8                low_level_init()
 .text          0x000000000000da5c       0xbc ./L0_LowLevel/source/uart0_min.o
                0x000000000000da5c                uart0_init
                0x000000000000dad4                uart0_getchar
                0x000000000000dae8                uart0_putchar
                0x000000000000dafc                uart0_puts
 .text          0x000000000000db18        0x0 /usr/bin/../lib/gcc/arm-none-eabi/4.8.3/../../../../arm-none-eabi/lib/armv7-m/libstdc++.a(pure.o)
 .text.__cxa_pure_virtual
                0x000000000000db18       0x14 /usr/bin/../lib/gcc/arm-none-eabi/4.8.3/../../../../arm-none-eabi/lib/armv7-m/libstdc++.a(pure.o)
                0x000000000000db18                __cxa_pure_virtual
 .text.__cxa_deleted_virtual
                0x000000000000db2c       0x14 /usr/bin/../lib/gcc/arm-none-eabi/4.8.3/../../../../arm-none-eabi/lib/armv7-m/libstdc++.a(pure.o)
                0x000000000000db2c                __cxa_deleted_virtual
 .text          0x000000000000db40        0x0 /usr/bin/../lib/gcc/arm-none-eabi/4.8.3/../../../../arm-none-eabi/lib/armv7-m/libstdc++.a(eh_terminate.o)
 .text._ZN10__cxxabiv111__terminateEPFvvE
                0x000000000000db40       0x28 /usr/bin/../lib/gcc/arm-none-eabi/4.8.3/../../../../arm-none-eabi/lib/armv7-m/libstdc++.a(eh_terminate.o)
                0x000000000000db40                __cxxabiv1::__terminate(void (*)())
 .text._ZSt9terminatev
                0x000000000000db68       0x10 /usr/bin/../lib/gcc/arm-none-eabi/4.8.3/../../../../arm-none-eabi/lib/armv7-m/libstdc++.a(eh_terminate.o)
                0x000000000000db68                std::terminate()
 .text._ZN10__cxxabiv112__unexpectedEPFvvE
                0x000000000000db78        0x8 /usr/bin/../lib/gcc/arm-none-eabi/4.8.3/../../../../arm-none-eabi/lib/armv7-m/libstdc++.a(eh_terminate.o)
                0x000000000000db78                __cxxabiv1::__unexpected(void (*)())
 .text._ZSt10unexpectedv
                0x000000000000db80       0x10 /usr/bin/../lib/gcc/arm-none-eabi/4.8.3/../../../../arm-none-eabi/lib/armv7-m/libstdc++.a(eh_terminate.o)
                0x000000000000db80                std::unexpected()
 .text._ZSt13set_terminatePFvvE
                0x000000000000db90       0x10 /usr/bin/../lib/gcc/arm-none-eabi/4.8.3/../../../../arm-none-eabi/lib/armv7-m/libstdc++.a(eh_terminate.o)
                0x000000000000db90                std::set_terminate(void (*)())
 .text._ZSt14set_unexpectedPFvvE
                0x000000000000dba0       0x10 /usr/bin/../lib/gcc/arm-none-eabi/4.8.3/../../../../arm-none-eabi/lib/armv7-m/libstdc++.a(eh_terminate.o)
                0x000000000000dba0                std::set_unexpected(void (*)())
 .text          0x000000000000dbb0        0x0 /usr/bin/../lib/gcc/arm-none-eabi/4.8.3/../../../../arm-none-eabi/lib/armv7-m/libstdc++.a(eh_call.o)
 .text._ZN10__cxxabiv1L24__is_gxx_exception_classEPc
                0x000000000000dbb0       0x3c /usr/bin/../lib/gcc/arm-none-eabi/4.8.3/../../../../arm-none-eabi/lib/armv7-m/libstdc++.a(eh_call.o)
 .text.__cxa_call_terminate
                0x000000000000dbec       0x20 /usr/bin/../lib/gcc/arm-none-eabi/4.8.3/../../../../arm-none-eabi/lib/armv7-m/libstdc++.a(eh_call.o)
                0x000000000000dbec                __cxa_call_terminate
 .text.__cxa_call_unexpected
                0x000000000000dc0c       0xd8 /usr/bin/../lib/gcc/arm-none-eabi/4.8.3/../../../../arm-none-eabi/lib/armv7-m/libstdc++.a(eh_call.o)
                0x000000000000dc0c                __cxa_call_unexpected
 .text          0x000000000000dce4        0x0 /usr/bin/../lib/gcc/arm-none-eabi/4.8.3/../../../../arm-none-eabi/lib/armv7-m/libstdc++.a(eh_catch.o)
 .text.__cxa_get_exception_ptr
                0x000000000000dce4        0x4 /usr/bin/../lib/gcc/arm-none-eabi/4.8.3/../../../../arm-none-eabi/lib/armv7-m/libstdc++.a(eh_catch.o)
                0x000000000000dce4                __cxa_get_exception_ptr
 .text.__cxa_begin_catch
                0x000000000000dce8       0x8c /usr/bin/../lib/gcc/arm-none-eabi/4.8.3/../../../../arm-none-eabi/lib/armv7-m/libstdc++.a(eh_catch.o)
                0x000000000000dce8                __cxa_begin_catch
 .text.__cxa_end_catch
                0x000000000000dd74       0x8c /usr/bin/../lib/gcc/arm-none-eabi/4.8.3/../../../../arm-none-eabi/lib/armv7-m/libstdc++.a(eh_catch.o)
                0x000000000000dd74                __cxa_end_catch
 .text._ZSt18uncaught_exceptionv
                0x000000000000de00       0x10 /usr/bin/../lib/gcc/arm-none-eabi/4.8.3/../../../../arm-none-eabi/lib/armv7-m/libstdc++.a(eh_catch.o)
                0x000000000000de00                std::uncaught_exception()
 .text          0x000000000000de10        0x0 /usr/bin/../lib/gcc/arm-none-eabi/4.8.3/../../../../arm-none-eabi/lib/armv7-m/libstdc++.a(eh_term_handler.o)
 .text          0x000000000000de10        0x0 /usr/bin/../lib/gcc/arm-none-eabi/4.8.3/../../../../arm-none-eabi/lib/armv7-m/libstdc++.a(eh_arm.o)
 .text.__cxa_end_cleanup
                0x000000000000de10        0xc /usr/bin/../lib/gcc/arm-none-eabi/4.8.3/../../../../arm-none-eabi/lib/armv7-m/libstdc++.a(eh_arm.o)
                0x000000000000de10                __cxa_end_cleanup
 .text.__cxa_type_match
                0x000000000000de1c       0xac /usr/bin/../lib/gcc/arm-none-eabi/4.8.3/../../../../arm-none-eabi/lib/armv7-m/libstdc++.a(eh_arm.o)
                0x000000000000de1c                __cxa_type_match
 .text.__cxa_begin_cleanup
                0x000000000000dec8       0x64 /usr/bin/../lib/gcc/arm-none-eabi/4.8.3/../../../../arm-none-eabi/lib/armv7-m/libstdc++.a(eh_arm.o)
                0x000000000000dec8                __cxa_begin_cleanup
 .text.__gnu_end_cleanup
                0x000000000000df2c       0x70 /usr/bin/../lib/gcc/arm-none-eabi/4.8.3/../../../../arm-none-eabi/lib/armv7-m/libstdc++.a(eh_arm.o)
                0x000000000000df2c                __gnu_end_cleanup
 .text          0x000000000000df9c        0x0 /usr/bin/../lib/gcc/arm-none-eabi/4.8.3/../../../../arm-none-eabi/lib/armv7-m/libstdc++.a(guard.o)
 .text.__cxa_guard_acquire
                0x000000000000df9c       0x38 /usr/bin/../lib/gcc/arm-none-eabi/4.8.3/../../../../arm-none-eabi/lib/armv7-m/libstdc++.a(guard.o)
                0x000000000000df9c                __cxa_guard_acquire
 .text.__cxa_guard_abort
                0x000000000000dfd4        0x8 /usr/bin/../lib/gcc/arm-none-eabi/4.8.3/../../../../arm-none-eabi/lib/armv7-m/libstdc++.a(guard.o)
                0x000000000000dfd4                __cxa_guard_abort
 .text.__cxa_guard_release
                0x000000000000dfdc        0x8 /usr/bin/../lib/gcc/arm-none-eabi/4.8.3/../../../../arm-none-eabi/lib/armv7-m/libstdc++.a(guard.o)
                0x000000000000dfdc                __cxa_guard_release
 .text          0x000000000000dfe4        0x0 /usr/bin/../lib/gcc/arm-none-eabi/4.8.3/../../../../arm-none-eabi/lib/armv7-m/libstdc++.a(eh_alloc.o)
 .text.__cxa_allocate_exception
                0x000000000000dfe4       0x64 /usr/bin/../lib/gcc/arm-none-eabi/4.8.3/../../../../arm-none-eabi/lib/armv7-m/libstdc++.a(eh_alloc.o)
                0x000000000000dfe4                __cxa_allocate_exception
 .text.__cxa_free_exception
                0x000000000000e048       0x34 /usr/bin/../lib/gcc/arm-none-eabi/4.8.3/../../../../arm-none-eabi/lib/armv7-m/libstdc++.a(eh_alloc.o)
                0x000000000000e048                __cxa_free_exception
 .text.__cxa_allocate_dependent_exception
                0x000000000000e07c       0x5c /usr/bin/../lib/gcc/arm-none-eabi/4.8.3/../../../../arm-none-eabi/lib/armv7-m/libstdc++.a(eh_alloc.o)
                0x000000000000e07c                __cxa_allocate_dependent_exception
 .text.__cxa_free_dependent_exception
                0x000000000000e0d8       0x3c /usr/bin/../lib/gcc/arm-none-eabi/4.8.3/../../../../arm-none-eabi/lib/armv7-m/libstdc++.a(eh_alloc.o)
                0x000000000000e0d8                __cxa_free_dependent_exception
 .text          0x000000000000e114        0x0 /usr/bin/../lib/gcc/arm-none-eabi/4.8.3/../../../../arm-none-eabi/lib/armv7-m/libstdc++.a(guard_error.o)
 .text._ZN9__gnu_cxx20recursive_init_errorD2Ev
                0x000000000000e114       0x14 /usr/bin/../lib/gcc/arm-none-eabi/4.8.3/../../../../arm-none-eabi/lib/armv7-m/libstdc++.a(guard_error.o)
                0x000000000000e114                __gnu_cxx::recursive_init_error::~recursive_init_error()
                0x000000000000e114                __gnu_cxx::recursive_init_error::~recursive_init_error()
 .text._ZN9__gnu_cxx20recursive_init_errorD0Ev
                0x000000000000e128       0x1c /usr/bin/../lib/gcc/arm-none-eabi/4.8.3/../../../../arm-none-eabi/lib/armv7-m/libstdc++.a(guard_error.o)
                0x000000000000e128                __gnu_cxx::recursive_init_error::~recursive_init_error()
 .text          0x000000000000e144        0x0 /usr/bin/../lib/gcc/arm-none-eabi/4.8.3/../../../../arm-none-eabi/lib/armv7-m/libstdc++.a(eh_exception.o)
 .text._ZNSt9exceptionD2Ev
                0x000000000000e144        0xc /usr/bin/../lib/gcc/arm-none-eabi/4.8.3/../../../../arm-none-eabi/lib/armv7-m/libstdc++.a(eh_exception.o)
                0x000000000000e144                std::exception::~exception()
                0x000000000000e144                std::exception::~exception()
 .text._ZNSt13bad_exceptionD2Ev
                0x000000000000e150        0xc /usr/bin/../lib/gcc/arm-none-eabi/4.8.3/../../../../arm-none-eabi/lib/armv7-m/libstdc++.a(eh_exception.o)
                0x000000000000e150                std::bad_exception::~bad_exception()
                0x000000000000e150                std::bad_exception::~bad_exception()
 .text._ZN10__cxxabiv115__forced_unwindD2Ev
                0x000000000000e15c        0xc /usr/bin/../lib/gcc/arm-none-eabi/4.8.3/../../../../arm-none-eabi/lib/armv7-m/libstdc++.a(eh_exception.o)
                0x000000000000e15c                __cxxabiv1::__forced_unwind::~__forced_unwind()
                0x000000000000e15c                __cxxabiv1::__forced_unwind::~__forced_unwind()
 .text._ZN10__cxxabiv119__foreign_exceptionD2Ev
                0x000000000000e168        0xc /usr/bin/../lib/gcc/arm-none-eabi/4.8.3/../../../../arm-none-eabi/lib/armv7-m/libstdc++.a(eh_exception.o)
                0x000000000000e168                __cxxabiv1::__foreign_exception::~__foreign_exception()
                0x000000000000e168                __cxxabiv1::__foreign_exception::~__foreign_exception()
 .text._ZNKSt9exception4whatEv
                0x000000000000e174        0x8 /usr/bin/../lib/gcc/arm-none-eabi/4.8.3/../../../../arm-none-eabi/lib/armv7-m/libstdc++.a(eh_exception.o)
                0x000000000000e174                std::exception::what() const
 .text._ZNKSt13bad_exception4whatEv
                0x000000000000e17c        0x8 /usr/bin/../lib/gcc/arm-none-eabi/4.8.3/../../../../arm-none-eabi/lib/armv7-m/libstdc++.a(eh_exception.o)
                0x000000000000e17c                std::bad_exception::what() const
 .text._ZNSt9exceptionD0Ev
                0x000000000000e184       0x14 /usr/bin/../lib/gcc/arm-none-eabi/4.8.3/../../../../arm-none-eabi/lib/armv7-m/libstdc++.a(eh_exception.o)
                0x000000000000e184                std::exception::~exception()
 .text._ZNSt13bad_exceptionD0Ev
                0x000000000000e198       0x14 /usr/bin/../lib/gcc/arm-none-eabi/4.8.3/../../../../arm-none-eabi/lib/armv7-m/libstdc++.a(eh_exception.o)
                0x000000000000e198                std::bad_exception::~bad_exception()
 .text._ZN10__cxxabiv115__forced_unwindD0Ev
                0x000000000000e1ac       0x14 /usr/bin/../lib/gcc/arm-none-eabi/4.8.3/../../../../arm-none-eabi/lib/armv7-m/libstdc++.a(eh_exception.o)
                0x000000000000e1ac                __cxxabiv1::__forced_unwind::~__forced_unwind()
 .text._ZN10__cxxabiv119__foreign_exceptionD0Ev
                0x000000000000e1c0       0x14 /usr/bin/../lib/gcc/arm-none-eabi/4.8.3/../../../../arm-none-eabi/lib/armv7-m/libstdc++.a(eh_exception.o)
                0x000000000000e1c0                __cxxabiv1::__foreign_exception::~__foreign_exception()
 .text          0x000000000000e1d4        0x0 /usr/bin/../lib/gcc/arm-none-eabi/4.8.3/../../../../arm-none-eabi/lib/armv7-m/libstdc++.a(si_class_type_info.o)
 .text._ZN10__cxxabiv120__si_class_type_infoD2Ev
                0x000000000000e1d4       0x14 /usr/bin/../lib/gcc/arm-none-eabi/4.8.3/../../../../arm-none-eabi/lib/armv7-m/libstdc++.a(si_class_type_info.o)
                0x000000000000e1d4                __cxxabiv1::__si_class_type_info::~__si_class_type_info()
                0x000000000000e1d4                __cxxabiv1::__si_class_type_info::~__si_class_type_info()
 .text._ZN10__cxxabiv120__si_class_type_infoD0Ev
                0x000000000000e1e8       0x1c /usr/bin/../lib/gcc/arm-none-eabi/4.8.3/../../../../arm-none-eabi/lib/armv7-m/libstdc++.a(si_class_type_info.o)
                0x000000000000e1e8                __cxxabiv1::__si_class_type_info::~__si_class_type_info()
 .text._ZNK10__cxxabiv120__si_class_type_info20__do_find_public_srcEiPKvPKNS_17__class_type_infoES2_
                0x000000000000e204       0x34 /usr/bin/../lib/gcc/arm-none-eabi/4.8.3/../../../../arm-none-eabi/lib/armv7-m/libstdc++.a(si_class_type_info.o)
                0x000000000000e204                __cxxabiv1::__si_class_type_info::__do_find_public_src(int, void const*, __cxxabiv1::__class_type_info const*, void const*) const
 .text._ZNK10__cxxabiv120__si_class_type_info12__do_dyncastEiNS_17__class_type_info10__sub_kindEPKS1_PKvS4_S6_RNS1_16__dyncast_resultE
                0x000000000000e238       0x98 /usr/bin/../lib/gcc/arm-none-eabi/4.8.3/../../../../arm-none-eabi/lib/armv7-m/libstdc++.a(si_class_type_info.o)
                0x000000000000e238                __cxxabiv1::__si_class_type_info::__do_dyncast(int, __cxxabiv1::__class_type_info::__sub_kind, __cxxabiv1::__class_type_info const*, void const*, __cxxabiv1::__class_type_info const*, void const*, __cxxabiv1::__class_type_info::__dyncast_result&) const
 .text._ZNK10__cxxabiv120__si_class_type_info11__do_upcastEPKNS_17__class_type_infoEPKvRNS1_15__upcast_resultE
                0x000000000000e2d0       0x20 /usr/bin/../lib/gcc/arm-none-eabi/4.8.3/../../../../arm-none-eabi/lib/armv7-m/libstdc++.a(si_class_type_info.o)
                0x000000000000e2d0                __cxxabiv1::__si_class_type_info::__do_upcast(__cxxabiv1::__class_type_info const*, void const*, __cxxabiv1::__class_type_info::__upcast_result&) const
 .text          0x000000000000e2f0        0x0 /usr/bin/../lib/gcc/arm-none-eabi/4.8.3/../../../../arm-none-eabi/lib/armv7-m/libstdc++.a(eh_unex_handler.o)
 .text          0x000000000000e2f0        0x0 /usr/bin/../lib/gcc/arm-none-eabi/4.8.3/../../../../arm-none-eabi/lib/armv7-m/libstdc++.a(eh_throw.o)
 .text._ZL23__gxx_exception_cleanup19_Unwind_Reason_CodeP21_Unwind_Control_Block
                0x000000000000e2f0       0x44 /usr/bin/../lib/gcc/arm-none-eabi/4.8.3/../../../../arm-none-eabi/lib/armv7-m/libstdc++.a(eh_throw.o)
 .text.__cxa_throw
                0x000000000000e334       0x80 /usr/bin/../lib/gcc/arm-none-eabi/4.8.3/../../../../arm-none-eabi/lib/armv7-m/libstdc++.a(eh_throw.o)
                0x000000000000e334                __cxa_throw
 .text.__cxa_rethrow
                0x000000000000e3b4       0x70 /usr/bin/../lib/gcc/arm-none-eabi/4.8.3/../../../../arm-none-eabi/lib/armv7-m/libstdc++.a(eh_throw.o)
                0x000000000000e3b4                __cxa_rethrow
 .text          0x000000000000e424        0x0 /usr/bin/../lib/gcc/arm-none-eabi/4.8.3/../../../../arm-none-eabi/lib/armv7-m/libstdc++.a(eh_globals.o)
 .text.__cxa_get_globals_fast
                0x000000000000e424        0x8 /usr/bin/../lib/gcc/arm-none-eabi/4.8.3/../../../../arm-none-eabi/lib/armv7-m/libstdc++.a(eh_globals.o)
                0x000000000000e424                __cxa_get_globals_fast
 .text.__cxa_get_globals
                0x000000000000e42c        0x8 /usr/bin/../lib/gcc/arm-none-eabi/4.8.3/../../../../arm-none-eabi/lib/armv7-m/libstdc++.a(eh_globals.o)
                0x000000000000e42c                __cxa_get_globals
 .text          0x000000000000e434        0x0 /usr/bin/../lib/gcc/arm-none-eabi/4.8.3/../../../../arm-none-eabi/lib/armv7-m/libstdc++.a(eh_personality.o)
 .text._ZL12read_sleb128PKhPl
                0x000000000000e434       0x34 /usr/bin/../lib/gcc/arm-none-eabi/4.8.3/../../../../arm-none-eabi/lib/armv7-m/libstdc++.a(eh_personality.o)
 .text._ZL28read_encoded_value_with_basehjPKhPj
                0x000000000000e468       0xb0 /usr/bin/../lib/gcc/arm-none-eabi/4.8.3/../../../../arm-none-eabi/lib/armv7-m/libstdc++.a(eh_personality.o)
 .text._ZL21base_of_encoded_valuehP15_Unwind_Context
                0x000000000000e518       0x4c /usr/bin/../lib/gcc/arm-none-eabi/4.8.3/../../../../arm-none-eabi/lib/armv7-m/libstdc++.a(eh_personality.o)
 .text._ZL17parse_lsda_headerP15_Unwind_ContextPKhP16lsda_header_info
                0x000000000000e564       0x94 /usr/bin/../lib/gcc/arm-none-eabi/4.8.3/../../../../arm-none-eabi/lib/armv7-m/libstdc++.a(eh_personality.o)
 .text.__gxx_personality_v0
                0x000000000000e5f8      0x40c /usr/bin/../lib/gcc/arm-none-eabi/4.8.3/../../../../arm-none-eabi/lib/armv7-m/libstdc++.a(eh_personality.o)
                0x000000000000e5f8                __gxx_personality_v0
 .text          0x000000000000ea04        0x0 /usr/bin/../lib/gcc/arm-none-eabi/4.8.3/../../../../arm-none-eabi/lib/armv7-m/libstdc++.a(tinfo.o)
 .text._ZNSt9type_infoD2Ev
                0x000000000000ea04        0xc /usr/bin/../lib/gcc/arm-none-eabi/4.8.3/../../../../arm-none-eabi/lib/armv7-m/libstdc++.a(tinfo.o)
                0x000000000000ea04                std::type_info::~type_info()
                0x000000000000ea04                std::type_info::~type_info()
 .text._ZNKSt9type_info14__is_pointer_pEv
                0x000000000000ea10        0x4 /usr/bin/../lib/gcc/arm-none-eabi/4.8.3/../../../../arm-none-eabi/lib/armv7-m/libstdc++.a(tinfo.o)
                0x000000000000ea10                std::type_info::__is_pointer_p() const
 .text._ZNKSt9type_info15__is_function_pEv
                0x000000000000ea14        0x4 /usr/bin/../lib/gcc/arm-none-eabi/4.8.3/../../../../arm-none-eabi/lib/armv7-m/libstdc++.a(tinfo.o)
                0x000000000000ea14                std::type_info::__is_function_p() const
 .text._ZNKSt9type_info11__do_upcastEPKN10__cxxabiv117__class_type_infoEPPv
                0x000000000000ea18        0x4 /usr/bin/../lib/gcc/arm-none-eabi/4.8.3/../../../../arm-none-eabi/lib/armv7-m/libstdc++.a(tinfo.o)
                0x000000000000ea18                std::type_info::__do_upcast(__cxxabiv1::__class_type_info const*, void**) const
 .text._ZNSt9type_infoD0Ev
                0x000000000000ea1c       0x14 /usr/bin/../lib/gcc/arm-none-eabi/4.8.3/../../../../arm-none-eabi/lib/armv7-m/libstdc++.a(tinfo.o)
                0x000000000000ea1c                std::type_info::~type_info()
 .text._ZNKSt9type_infoeqERKS_
                0x000000000000ea30       0x28 /usr/bin/../lib/gcc/arm-none-eabi/4.8.3/../../../../arm-none-eabi/lib/armv7-m/libstdc++.a(tinfo.o)
                0x000000000000ea30                std::type_info::operator==(std::type_info const&) const
 .text._ZNKSt9type_info10__do_catchEPKS_PPvj
                0x000000000000ea58        0x4 /usr/bin/../lib/gcc/arm-none-eabi/4.8.3/../../../../arm-none-eabi/lib/armv7-m/libstdc++.a(tinfo.o)
                0x000000000000ea58                std::type_info::__do_catch(std::type_info const*, void**, unsigned int) const
 .text          0x000000000000ea5c        0x0 /usr/bin/../lib/gcc/arm-none-eabi/4.8.3/../../../../arm-none-eabi/lib/armv7-m/libstdc++.a(class_type_info.o)
 .text._ZNK10__cxxabiv117__class_type_info11__do_upcastEPKS0_PPv
                0x000000000000ea5c       0x38 /usr/bin/../lib/gcc/arm-none-eabi/4.8.3/../../../../arm-none-eabi/lib/armv7-m/libstdc++.a(class_type_info.o)
                0x000000000000ea5c                __cxxabiv1::__class_type_info::__do_upcast(__cxxabiv1::__class_type_info const*, void**) const
 .text._ZNK10__cxxabiv117__class_type_info20__do_find_public_srcEiPKvPKS0_S2_
                0x000000000000ea94        0xc /usr/bin/../lib/gcc/arm-none-eabi/4.8.3/../../../../arm-none-eabi/lib/armv7-m/libstdc++.a(class_type_info.o)
                0x000000000000ea94                __cxxabiv1::__class_type_info::__do_find_public_src(int, void const*, __cxxabiv1::__class_type_info const*, void const*) const
 .text._ZN10__cxxabiv117__class_type_infoD2Ev
                0x000000000000eaa0       0x14 /usr/bin/../lib/gcc/arm-none-eabi/4.8.3/../../../../arm-none-eabi/lib/armv7-m/libstdc++.a(class_type_info.o)
                0x000000000000eaa0                __cxxabiv1::__class_type_info::~__class_type_info()
                0x000000000000eaa0                __cxxabiv1::__class_type_info::~__class_type_info()
 .text._ZN10__cxxabiv117__class_type_infoD0Ev
                0x000000000000eab4       0x1c /usr/bin/../lib/gcc/arm-none-eabi/4.8.3/../../../../arm-none-eabi/lib/armv7-m/libstdc++.a(class_type_info.o)
                0x000000000000eab4                __cxxabiv1::__class_type_info::~__class_type_info()
 .text._ZNK10__cxxabiv117__class_type_info11__do_upcastEPKS0_PKvRNS0_15__upcast_resultE
                0x000000000000ead0       0x18 /usr/bin/../lib/gcc/arm-none-eabi/4.8.3/../../../../arm-none-eabi/lib/armv7-m/libstdc++.a(class_type_info.o)
                0x000000000000ead0                __cxxabiv1::__class_type_info::__do_upcast(__cxxabiv1::__class_type_info const*, void const*, __cxxabiv1::__class_type_info::__upcast_result&) const
 .text._ZNK10__cxxabiv117__class_type_info10__do_catchEPKSt9type_infoPPvj
                0x000000000000eae8       0x24 /usr/bin/../lib/gcc/arm-none-eabi/4.8.3/../../../../arm-none-eabi/lib/armv7-m/libstdc++.a(class_type_info.o)
                0x000000000000eae8                __cxxabiv1::__class_type_info::__do_catch(std::type_info const*, void**, unsigned int) const
 .text._ZNK10__cxxabiv117__class_type_info12__do_dyncastEiNS0_10__sub_kindEPKS0_PKvS3_S5_RNS0_16__dyncast_resultE
                0x000000000000eb0c       0x40 /usr/bin/../lib/gcc/arm-none-eabi/4.8.3/../../../../arm-none-eabi/lib/armv7-m/libstdc++.a(class_type_info.o)
                0x000000000000eb0c                __cxxabiv1::__class_type_info::__do_dyncast(int, __cxxabiv1::__class_type_info::__sub_kind, __cxxabiv1::__class_type_info const*, void const*, __cxxabiv1::__class_type_info const*, void const*, __cxxabiv1::__class_type_info::__dyncast_result&) const
 .text          0x000000000000eb4c       0x18 /usr/bin/../lib/gcc/arm-none-eabi/4.8.3/armv7-m/libgcc.a(_ashldi3.o)
                0x000000000000eb4c                __ashldi3
                0x000000000000eb4c                __aeabi_llsl
 .text          0x000000000000eb64      0x370 /usr/bin/../lib/gcc/arm-none-eabi/4.8.3/armv7-m/libgcc.a(_arm_addsubdf3.o)
                0x000000000000eb64                __aeabi_drsub
                0x000000000000eb6c                __aeabi_dsub
                0x000000000000eb6c                __subdf3
                0x000000000000eb70                __adddf3
                0x000000000000eb70                __aeabi_dadd
                0x000000000000ede8                __aeabi_ui2d
                0x000000000000ede8                __floatunsidf
                0x000000000000ee08                __floatsidf