Archive member included to satisfy reference by file (symbol)

/home/khalil/lbin/Programs/gcc-arm-none-eabi-5_4-2016q2/bin/../lib/gcc/arm-none-eabi/5.4.1/../../../../arm-none-eabi/lib/armv7-m/libstdc++.a(guard.o)
                              ./L5_Application/source/handlers.o (__cxa_guard_acquire)
/home/khalil/lbin/Programs/gcc-arm-none-eabi-5_4-2016q2/bin/../lib/gcc/arm-none-eabi/5.4.1/../../../../arm-none-eabi/lib/armv7-m/libstdc++.a(pure.o)
                              ./L3_Utils/src/cpp_task.o (__cxa_pure_virtual)
/home/khalil/lbin/Programs/gcc-arm-none-eabi-5_4-2016q2/bin/../lib/gcc/arm-none-eabi/5.4.1/../../../../arm-none-eabi/lib/armv7-m/libstdc++.a(eh_throw.o)
                              /home/khalil/lbin/Programs/gcc-arm-none-eabi-5_4-2016q2/bin/../lib/gcc/arm-none-eabi/5.4.1/../../../../arm-none-eabi/lib/armv7-m/libstdc++.a(guard.o) (__cxa_throw)
/home/khalil/lbin/Programs/gcc-arm-none-eabi-5_4-2016q2/bin/../lib/gcc/arm-none-eabi/5.4.1/../../../../arm-none-eabi/lib/armv7-m/libstdc++.a(eh_globals.o)
                              /home/khalil/lbin/Programs/gcc-arm-none-eabi-5_4-2016q2/bin/../lib/gcc/arm-none-eabi/5.4.1/../../../../arm-none-eabi/lib/armv7-m/libstdc++.a(eh_throw.o) (__cxa_get_globals)
/home/khalil/lbin/Programs/gcc-arm-none-eabi-5_4-2016q2/bin/../lib/gcc/arm-none-eabi/5.4.1/../../../../arm-none-eabi/lib/armv7-m/libstdc++.a(eh_terminate.o)
                              /home/khalil/lbin/Programs/gcc-arm-none-eabi-5_4-2016q2/bin/../lib/gcc/arm-none-eabi/5.4.1/../../../../arm-none-eabi/lib/armv7-m/libstdc++.a(eh_throw.o) (__cxxabiv1::__terminate(void (*)()))
/home/khalil/lbin/Programs/gcc-arm-none-eabi-5_4-2016q2/bin/../lib/gcc/arm-none-eabi/5.4.1/../../../../arm-none-eabi/lib/armv7-m/libstdc++.a(guard_error.o)
                              /home/khalil/lbin/Programs/gcc-arm-none-eabi-5_4-2016q2/bin/../lib/gcc/arm-none-eabi/5.4.1/../../../../arm-none-eabi/lib/armv7-m/libstdc++.a(guard.o) (__gnu_cxx::recursive_init_error::~recursive_init_error())
/home/khalil/lbin/Programs/gcc-arm-none-eabi-5_4-2016q2/bin/../lib/gcc/arm-none-eabi/5.4.1/../../../../arm-none-eabi/lib/armv7-m/libstdc++.a(eh_alloc.o)
                              /home/khalil/lbin/Programs/gcc-arm-none-eabi-5_4-2016q2/bin/../lib/gcc/arm-none-eabi/5.4.1/../../../../arm-none-eabi/lib/armv7-m/libstdc++.a(guard.o) (__cxa_allocate_exception)
/home/khalil/lbin/Programs/gcc-arm-none-eabi-5_4-2016q2/bin/../lib/gcc/arm-none-eabi/5.4.1/../../../../arm-none-eabi/lib/armv7-m/libstdc++.a(eh_arm.o)
                              /home/khalil/lbin/Programs/gcc-arm-none-eabi-5_4-2016q2/bin/../lib/gcc/arm-none-eabi/5.4.1/../../../../arm-none-eabi/lib/armv7-m/libstdc++.a(eh_terminate.o) (__cxa_end_cleanup)
/home/khalil/lbin/Programs/gcc-arm-none-eabi-5_4-2016q2/bin/../lib/gcc/arm-none-eabi/5.4.1/../../../../arm-none-eabi/lib/armv7-m/libstdc++.a(eh_call.o)
                              /home/khalil/lbin/Programs/gcc-arm-none-eabi-5_4-2016q2/bin/../lib/gcc/arm-none-eabi/5.4.1/../../../../arm-none-eabi/lib/armv7-m/libstdc++.a(eh_terminate.o) (__cxa_call_unexpected)
/home/khalil/lbin/Programs/gcc-arm-none-eabi-5_4-2016q2/bin/../lib/gcc/arm-none-eabi/5.4.1/../../../../arm-none-eabi/lib/armv7-m/libstdc++.a(eh_catch.o)
                              /home/khalil/lbin/Programs/gcc-arm-none-eabi-5_4-2016q2/bin/../lib/gcc/arm-none-eabi/5.4.1/../../../../arm-none-eabi/lib/armv7-m/libstdc++.a(eh_throw.o) (__cxa_begin_catch)
/home/khalil/lbin/Programs/gcc-arm-none-eabi-5_4-2016q2/bin/../lib/gcc/arm-none-eabi/5.4.1/../../../../arm-none-eabi/lib/armv7-m/libstdc++.a(eh_term_handler.o)
                              /home/khalil/lbin/Programs/gcc-arm-none-eabi-5_4-2016q2/bin/../lib/gcc/arm-none-eabi/5.4.1/../../../../arm-none-eabi/lib/armv7-m/libstdc++.a(eh_terminate.o) (__cxxabiv1::__terminate_handler)
/home/khalil/lbin/Programs/gcc-arm-none-eabi-5_4-2016q2/bin/../lib/gcc/arm-none-eabi/5.4.1/../../../../arm-none-eabi/lib/armv7-m/libstdc++.a(si_class_type_info.o)
                              /home/khalil/lbin/Programs/gcc-arm-none-eabi-5_4-2016q2/bin/../lib/gcc/arm-none-eabi/5.4.1/../../../../arm-none-eabi/lib/armv7-m/libstdc++.a(guard_error.o) (vtable for __cxxabiv1::__si_class_type_info)
/home/khalil/lbin/Programs/gcc-arm-none-eabi-5_4-2016q2/bin/../lib/gcc/arm-none-eabi/5.4.1/../../../../arm-none-eabi/lib/armv7-m/libstdc++.a(eh_personality.o)
                              /home/khalil/lbin/Programs/gcc-arm-none-eabi-5_4-2016q2/bin/../lib/gcc/arm-none-eabi/5.4.1/../../../../arm-none-eabi/lib/armv7-m/libstdc++.a(eh_terminate.o) (__gxx_personality_v0)
/home/khalil/lbin/Programs/gcc-arm-none-eabi-5_4-2016q2/bin/../lib/gcc/arm-none-eabi/5.4.1/../../../../arm-none-eabi/lib/armv7-m/libstdc++.a(eh_unex_handler.o)
                              /home/khalil/lbin/Programs/gcc-arm-none-eabi-5_4-2016q2/bin/../lib/gcc/arm-none-eabi/5.4.1/../../../../arm-none-eabi/lib/armv7-m/libstdc++.a(eh_terminate.o) (__cxxabiv1::__unexpected_handler)
[...]
Memory Configuration

Name             Origin             Length             Attributes
FLASH            0x00010000         0x00070000         xr
SRAM             0x10000000         0x00008000         xrw
SRAM_AHB         0x2007c000         0x00008000         xrw
*default*        0x00000000         0xffffffff

Linker script and memory map

LOAD ./newlib/malloc_lock.o
LOAD ./newlib/memory.o
LOAD ./newlib/newlib_time.o
LOAD ./newlib/printf_lib.o
LOAD ./newlib/syscalls.o
LOAD ./L5_Application/source/handlers.o
LOAD ./L5_Application/source/high_level_init.o
LOAD ./L5_Application/source/remote.o
LOAD ./L5_Application/source/terminal.o
LOAD ./L5_Application/source/wireless.o
LOAD ./L5_Application/examples/examples.o
LOAD ./L5_Application/examples/rn_xv_task.o
LOAD ./L5_Application/main.o
LOAD ./L4_IO/wireless/src/mesh.o
LOAD ./L4_IO/wireless/src/nrf24L01Plus.o
LOAD ./L4_IO/wireless/src/wireless.o
LOAD ./L4_IO/src/gpio.o
LOAD ./L4_IO/src/io_source.o
LOAD ./L4_IO/src/storage.o
LOAD ./L4_IO/fat/option/ccsbcs.o
LOAD ./L4_IO/fat/option/reentrant.o
LOAD ./L4_IO/fat/disk/diskio.o
LOAD ./L4_IO/fat/disk/sd.o
LOAD ./L4_IO/fat/disk/spi_flash.o
LOAD ./L4_IO/fat/fatfs_time.o
LOAD ./L4_IO/fat/ff.o
LOAD ./L4_IO/fat/spi_sem.o
LOAD ./L3_Utils/tlm/src/c_tlm_binary.o
LOAD ./L3_Utils/tlm/src/c_tlm_comp.o
LOAD ./L3_Utils/tlm/src/c_tlm_stream.o
LOAD ./L3_Utils/tlm/src/c_tlm_var.o
LOAD ./L3_Utils/src/c_list.o
LOAD ./L3_Utils/src/command_handler.o
LOAD ./L3_Utils/src/cpp_task.o
LOAD ./L3_Utils/src/file_logger.o
LOAD ./L3_Utils/src/freertos_timer.o
LOAD ./L3_Utils/src/logger.o
LOAD ./L3_Utils/src/rtc_alarm.o
LOAD ./L3_Utils/src/str.o
LOAD ./L3_Utils/src/utilities.o
LOAD ./L2_Drivers/src/can.o
LOAD ./L2_Drivers/src/eint.o
LOAD ./L2_Drivers/src/i2c2.o
LOAD ./L2_Drivers/src/i2c_base.o
LOAD ./L2_Drivers/src/lpc_pwm.o
LOAD ./L2_Drivers/src/rtc.o
LOAD ./L2_Drivers/src/spi1.o
LOAD ./L2_Drivers/src/spi_dma.o
LOAD ./L2_Drivers/src/uart0.o
LOAD ./L2_Drivers/src/uart2.o
LOAD ./L2_Drivers/src/uart3.o
LOAD ./L2_Drivers/src/uart_dev.o
LOAD ./L1_FreeRTOS/src/croutine.o
LOAD ./L1_FreeRTOS/src/list.o
LOAD ./L1_FreeRTOS/src/queue.o
LOAD ./L1_FreeRTOS/src/tasks.o
LOAD ./L1_FreeRTOS/src/timers.o
LOAD ./L1_FreeRTOS/portable/port.o
LOAD ./L1_FreeRTOS/portable/run_time_stats.o
LOAD ./L1_FreeRTOS/hooks/hooks.o
LOAD ./L1_FreeRTOS/MemMang/heap_1.o
LOAD ./L1_FreeRTOS/MemMang/heap_2.o
LOAD ./L1_FreeRTOS/MemMang/heap_3.o
LOAD ./L1_FreeRTOS/MemMang/heap_4.o
LOAD ./L0_LowLevel/source/core_cm3.o
LOAD ./L0_LowLevel/source/cr_startup_lpc175x.o
LOAD ./L0_LowLevel/source/lpc_sys.o
LOAD ./L0_LowLevel/source/sys_clock.o
LOAD ./L0_LowLevel/source/system_init.o
LOAD ./L0_LowLevel/source/uart0_min.o
LOAD /home/khalil/lbin/Programs/gcc-arm-none-eabi-5_4-2016q2/bin/../lib/gcc/arm-none-eabi/5.4.1/../../../../arm-none-eabi/lib/armv7-m/libstdc++.a
LOAD /home/khalil/lbin/Programs/gcc-arm-none-eabi-5_4-2016q2/bin/../lib/gcc/arm-none-eabi/5.4.1/../../../../arm-none-eabi/lib/armv7-m/libm.a
START GROUP
LOAD /home/khalil/lbin/Programs/gcc-arm-none-eabi-5_4-2016q2/bin/../lib/gcc/arm-none-eabi/5.4.1/armv7-m/libgcc.a
LOAD /home/khalil/lbin/Programs/gcc-arm-none-eabi-5_4-2016q2/bin/../lib/gcc/arm-none-eabi/5.4.1/../../../../arm-none-eabi/lib/armv7-m/libc.a
END GROUP

.text           0x00010000    0x20a18
 FILL mask 0xff
 *(.isr_vector)
 .isr_vector    0x00010000       0xcc ./L0_LowLevel/source/cr_startup_lpc175x.o
                0x00010000                g_pfnVectors
                0x000100cc                . = ALIGN (0x4)
                0x000100cc                __section_table_start = .
                0x000100cc                __data_section_table = .
                0x000100cc        0x4 LONG 0x30cd8 LOADADDR (.data)
                0x000100d0        0x4 LONG 0x2007c000 ADDR (.data)
                0x000100d4        0x4 LONG 0x930 SIZEOF (.data)
                0x000100d8                __data_section_table_end = .
                0x000100d8                __bss_section_table = .
                0x000100d8        0x4 LONG 0x2007c930 ADDR (.bss)
                0x000100dc        0x4 LONG 0x418 SIZEOF (.bss)
                0x000100e0                __bss_section_table_end = .
                0x000100e0                __section_table_end = .
 *(.after_vectors*)
 .after_vectors
                0x000100e0      0x134 ./L0_LowLevel/source/cr_startup_lpc175x.o
                0x000100e0                HardFault_Handler
                0x000100fa                NMI_Handler
                0x00010108                MemManage_Handler
                0x00010118                BusFault_Handler
                0x00010128                UsageFault_Handler
                0x00010138                DebugMon_Handler
                0x00010148                TIMER2_IRQHandler
                0x00010148                I2C0_IRQHandler
                0x00010148                USBActivity_IRQHandler
                0x00010148                PWM1_IRQHandler
                0x00010148                I2C1_IRQHandler
                0x00010148                EINT2_IRQHandler
                0x00010148                UART1_IRQHandler
                0x00010148                CANActivity_IRQHandler
                0x00010148                TIMER3_IRQHandler
                0x00010148                IntDefaultHandler
                0x00010148                PLL0_IRQHandler
                0x00010148                PLL1_IRQHandler
                0x00010148                SSP0_IRQHandler
                0x00010148                I2S_IRQHandler
                0x00010148                TIMER0_IRQHandler
                0x00010148                SPI_IRQHandler
                0x00010148                EINT1_IRQHandler
                0x00010148                ADC_IRQHandler
                0x00010148                SSP1_IRQHandler
                0x00010148                USB_IRQHandler
                0x00010148                BOD_IRQHandler
                0x00010148                WDT_IRQHandler
                0x00010148                QEI_IRQHandler
                0x00010148                EINT0_IRQHandler
                0x00010148                DMA_IRQHandler
                0x00010148                MCPWM_IRQHandler
                0x00010148                ENET_IRQHandler
                0x00010158                data_init(unsigned int, unsigned int, unsigned int)
                0x0001016e                bss_init(unsigned int, unsigned int)
                0x00010182                ResetISR
                0x000101e4                SVC_Handler
                0x000101f4                PendSV_Handler
                0x00010204                SysTick_Handler
 *(.text*)
 .text          0x00010214        0x8 ./newlib/malloc_lock.o
                0x00010214                __malloc_lock
                0x00010218                __malloc_unlock
 .text          0x0001021c       0xd0 ./newlib/memory.o
                0x0001021c                _sbrk
                0x00010264                operator new(unsigned int)
                0x00010268                operator new[](unsigned int)
                0x0001026c                operator delete(void*)
                0x00010270                operator delete[](void*)
                0x00010274                sys_get_mem_info
                0x000102e4                __aeabi_atexit
                0x000102e8                __gnu_cxx::__verbose_terminate_handler()
 .text.startup  0x000102ec       0x18 ./newlib/memory.o
 .text          0x00010304      0x10e ./newlib/newlib_time.o
                0x00010304                _gettimeofday
                0x0001037e                _settimeofday
 .text          0x00010412       0xaa ./newlib/printf_lib.o
                0x00010412                u0_dbg_printf
                0x00010452                u0_dbg_put
                0x00010464                mprintf
 .text          0x000104bc       0xc4 ./newlib/syscalls.o
                0x000104bc                sys_set_outchar_func
                0x000104c8                sys_set_inchar_func
                0x000104d4                _kill
                0x000104e4                _exit
                0x000104f4                _getpid
                0x000104f8                _init
                0x000104fc                _write
                0x00010524                _read
                0x00010550                syscalls_init
                0x00010552                _fstat
                0x00010556                _isatty
                0x00010578                _lseek
                0x0001057c                _close
 .text          0x00010580      0xd08 ./L5_Application/source/handlers.o
                0x000105bc                taskListHandler(str&, UartDev&, void*, int)
                0x0001066c                memInfoHandler(str&, UartDev&, void*, int)
                0x00010694                healthHandler(str&, UartDev&, void*, int)
                0x000107f0                timeHandler(str&, UartDev&, void*, int)
                0x00010900                cpHandler(str&, UartDev&, void*, int)
                0x00010980                catHandler(str&, UartDev&, void*, int)
                0x00010a5c                lsHandler(str&, UartDev&, void*, int)
                0x00010c08                mkdirHandler(str&, UartDev&, void*, int)
                0x00010c44                rmHandler(str&, UartDev&, void*, int)
                0x00010c80                mvHandler(str&, UartDev&, void*, int)
                0x00010cdc                newFileHandler(str&, UartDev&, void*, int)
                0x00010d84                dcpHandler(str&, UartDev&, void*, int)
                0x00010ec4                storageHandler(str&, UartDev&, void*, int)
                0x00010f78                learnIrHandler(str&, UartDev&, void*, int)
                0x00010f9c                wirelessHandler(str&, UartDev&, void*, int)
                0x000111e8                logHandler(str&, UartDev&, void*, int)
                0x00011254                rebootHandler(str&, UartDev&, void*, int)
 .text._ZNK16FileSystemObject5mountEv
                0x00011288       0x1e ./L5_Application/source/handlers.o
                0x00011288                FileSystemObject::mount() const
 *fill*         0x000112a6        0x2 ff
 .text._ZN7Storage13getFlashDriveEv
                0x000112a8       0x48 ./L5_Application/source/handlers.o
                0x000112a8                Storage::getFlashDrive()
 .text._ZN7Storage10getSDDriveEv
                0x000112f0       0x48 ./L5_Application/source/handlers.o
                0x000112f0                Storage::getSDDrive()
 .text._ZN17SingletonTemplateI10FileLoggerE11getInstanceEv
                0x00011338       0x20 ./L5_Application/source/handlers.o
                0x00011338                SingletonTemplate<FileLogger>::getInstance()
 .text          0x00011358      0x4c8 ./L5_Application/source/high_level_init.o
                0x00011460                vApplicationTickHook
                0x00011462                sys_get_uptime_ms
                0x00011470                high_level_init()
 .text.board_io_pins_initialize
                0x00011820      0x11c ./L5_Application/source/high_level_init.o
                0x00011820                board_io_pins_initialize
 .text.adc0_init
                0x0001193c       0x58 ./L5_Application/source/high_level_init.o
                0x0001193c                adc0_init
 .text._ZN17SingletonTemplateI4I2C2E11getInstanceEv
                0x00011994       0x20 ./L5_Application/source/high_level_init.o
                0x00011994                SingletonTemplate<I2C2>::getInstance()
 .text._ZN17SingletonTemplateI11LED_DisplayE11getInstanceEv
                0x000119b4       0x24 ./L5_Application/source/high_level_init.o
                0x000119b4                SingletonTemplate<LED_Display>::getInstance()
 .text._ZN17SingletonTemplateI3LEDE11getInstanceEv
                0x000119d8       0x1c ./L5_Application/source/high_level_init.o
                0x000119d8                SingletonTemplate<LED>::getInstance()
 .text._ZN17SingletonTemplateI17TemperatureSensorE11getInstanceEv
                0x000119f4       0x28 ./L5_Application/source/high_level_init.o
                0x000119f4                SingletonTemplate<TemperatureSensor>::getInstance()
 .text._ZN17SingletonTemplateI12Light_SensorE11getInstanceEv
                0x00011a1c       0x18 ./L5_Application/source/high_level_init.o
                0x00011a1c                SingletonTemplate<Light_Sensor>::getInstance()
 .text          0x00011a34      0x234 ./L5_Application/source/remote.o
                0x00011a34                remoteTask::taskEntry()
                0x00011a34                remoteTask::regTlm()
                0x00011a38                remoteTask::init()
                0x00011a78                remoteTask::remoteTask(unsigned char)
                0x00011a78                remoteTask::remoteTask(unsigned char)
                0x00011ab8                remoteTask::handleUserEntry(int)
                0x00011aba                remoteTask::getNumberFromCode(unsigned long, unsigned long&)
                0x00011ad8                remoteTask::run(void*)
 .text._ZN14scheduler_task4initEv
                0x00011c68        0x4 ./L5_Application/source/remote.o
                0x00011c68                scheduler_task::init()
 .text._ZN14scheduler_task6regTlmEv
                0x00011c6c        0x4 ./L5_Application/source/remote.o
                0x00011c6c                scheduler_task::regTlm()
 .text._ZN14scheduler_task9taskEntryEv
                0x00011c70        0x4 ./L5_Application/source/remote.o
                0x00011c70                scheduler_task::taskEntry()
 .text._ZN10remoteTaskD2Ev
                0x00011c74        0x2 ./L5_Application/source/remote.o
                0x00011c74                remoteTask::~remoteTask()
                0x00011c74                remoteTask::~remoteTask()
 .text._ZN10remoteTaskD0Ev
                0x00011c76        0xc ./L5_Application/source/remote.o
                0x00011c76                remoteTask::~remoteTask()
 *fill*         0x00011c82        0x2 ff
 .text._ZN17SingletonTemplateI9IR_SensorE11getInstanceEv
                0x00011c84       0x18 ./L5_Application/source/remote.o
                0x00011c84                SingletonTemplate<IR_Sensor>::getInstance()
 .text          0x00011c9c      0x484 ./L5_Application/source/terminal.o
                0x00011c9c                terminalTask::saveDiskTlm()
                0x00011c9c                terminalTask::regTlm()
                0x00011ca0                terminalTask::terminalTask(unsigned char)
                0x00011ca0                terminalTask::terminalTask(unsigned char)
                0x00011d18                terminalTask::handleEchoAndBackspace(str&, char)
                0x00011dd0                terminalTask::taskEntry()
                0x0001201c                terminalTask::getCommand(str&)
                0x0001208a                terminalTask::run(void*)
 .text._ZN12terminalTaskD2Ev
                0x00012120       0x34 ./L5_Application/source/terminal.o
                0x00012120                terminalTask::~terminalTask()
                0x00012120                terminalTask::~terminalTask()
 .text._ZN12terminalTaskD0Ev
                0x00012154       0x12 ./L5_Application/source/terminal.o
                0x00012154                terminalTask::~terminalTask()
 *fill*         0x00012166        0x2 ff
 .text._ZN17SingletonTemplateI5Uart0E11getInstanceEv
                0x00012168       0x20 ./L5_Application/source/terminal.o
                0x00012168                SingletonTemplate<Uart0>::getInstance()
 .text          0x00012188       0x30 ./L5_Application/source/wireless.o
                0x00012188                wirelessTask::run(void*)
                0x00012192                wirelessTask::wirelessTask(unsigned char)
                0x00012192                wirelessTask::wirelessTask(unsigned char)
 .text._ZN12wirelessTaskD2Ev
                0x000121b8        0x2 ./L5_Application/source/wireless.o
                0x000121b8                wirelessTask::~wirelessTask()
                0x000121b8                wirelessTask::~wirelessTask()
 .text._ZN12wirelessTaskD0Ev
                0x000121ba        0xc ./L5_Application/source/wireless.o
                0x000121ba                wirelessTask::~wirelessTask()
 *fill*         0x000121c6        0x2 ff
 .text          0x000121c8      0x574 ./L5_Application/examples/examples.o
                0x000121c8                example_nv_vars::regTlm()
                0x000121cc                example_alarm::init()
                0x0001220e                example_alarm::taskEntry()
                0x0001222a                example_alarm::run(void*)
                0x00012288                example_logger_qset::init()
                0x000122de                example_nv_vars::run(void*)
                0x000122f2                queue_tx::init()
                0x00012318                queue_rx::run(void*)
                0x0001234c                queue_tx::run(void*)
                0x0001239c                example_task::example_task()
                0x0001239c                example_task::example_task()
                0x000123c8                example_io_demo::example_io_demo()
                0x000123c8                example_io_demo::example_io_demo()
                0x000123f0                example_alarm::example_alarm()
                0x000123f0                example_alarm::example_alarm()
                0x0001241c                example_logger_qset::example_logger_qset()
                0x0001241c                example_logger_qset::example_logger_qset()
                0x00012478                example_nv_vars::example_nv_vars()
                0x00012478                example_nv_vars::example_nv_vars()
                0x000124a0                queue_tx::queue_tx()
                0x000124a0                queue_tx::queue_tx()
                0x000124c4                queue_rx::queue_rx()
                0x000124c4                queue_rx::queue_rx()
                0x000124e8                example_task::run(void*)
                0x0001254c                example_io_demo::run(void*)
                0x00012684                example_logger_qset::run(void*)
 .text._ZN8queue_rxD2Ev
                0x0001273c        0x2 ./L5_Application/examples/examples.o
                0x0001273c                queue_rx::~queue_rx()
                0x0001273c                queue_rx::~queue_rx()
 .text._ZN8queue_txD2Ev
                0x0001273e        0x2 ./L5_Application/examples/examples.o
                0x0001273e                queue_tx::~queue_tx()
                0x0001273e                queue_tx::~queue_tx()
 .text._ZN15example_nv_varsD2Ev
                0x00012740        0x2 ./L5_Application/examples/examples.o
                0x00012740                example_nv_vars::~example_nv_vars()
                0x00012740                example_nv_vars::~example_nv_vars()
 .text._ZN19example_logger_qsetD2Ev
                0x00012742        0x2 ./L5_Application/examples/examples.o
                0x00012742                example_logger_qset::~example_logger_qset()
                0x00012742                example_logger_qset::~example_logger_qset()
 .text._ZN13example_alarmD2Ev
                0x00012744        0x2 ./L5_Application/examples/examples.o
                0x00012744                example_alarm::~example_alarm()
                0x00012744                example_alarm::~example_alarm()
 .text._ZN15example_io_demoD2Ev
                0x00012746        0x2 ./L5_Application/examples/examples.o
                0x00012746                example_io_demo::~example_io_demo()
                0x00012746                example_io_demo::~example_io_demo()
 .text._ZN12example_taskD2Ev
                0x00012748        0x2 ./L5_Application/examples/examples.o
                0x00012748                example_task::~example_task()
                0x00012748                example_task::~example_task()
 .text._ZN8queue_rxD0Ev
                0x0001274a        0xc ./L5_Application/examples/examples.o
                0x0001274a                queue_rx::~queue_rx()
 .text._ZN8queue_txD0Ev
                0x00012756        0xc ./L5_Application/examples/examples.o
                0x00012756                queue_tx::~queue_tx()
 .text._ZN15example_nv_varsD0Ev
                0x00012762        0xc ./L5_Application/examples/examples.o
                0x00012762                example_nv_vars::~example_nv_vars()
 .text._ZN19example_logger_qsetD0Ev
                0x0001276e        0xc ./L5_Application/examples/examples.o
                0x0001276e                example_logger_qset::~example_logger_qset()
 .text._ZN13example_alarmD0Ev
                0x0001277a        0xc ./L5_Application/examples/examples.o
                0x0001277a                example_alarm::~example_alarm()
 .text._ZN15example_io_demoD0Ev
                0x00012786        0xc ./L5_Application/examples/examples.o
                0x00012786                example_io_demo::~example_io_demo()
 .text._ZN12example_taskD0Ev
                0x00012792        0xc ./L5_Application/examples/examples.o
                0x00012792                example_task::~example_task()
 *fill*         0x0001279e        0x2 ff
 .text._ZN17SingletonTemplateI19Acceleration_SensorE11getInstanceEv
                0x000127a0       0x24 ./L5_Application/examples/examples.o
                0x000127a0                SingletonTemplate<Acceleration_Sensor>::getInstance()
 .text          0x000127c4      0x808 ./L5_Application/examples/rn_xv_task.o
                0x000127c4                wifiTask::regTlm()
                0x000127c8                wifiTask::init()
                0x000127dc                wifiTask::wifiFlush()
                0x00012834                wifiTask::wifiSendCmd(char const*, char const*)
                0x0001286c                wifiTask::wifiEnterCmdMode()
                0x000128ac                wifiTask::wifiConnect()
                0x00012a5c                wifiTask::wifiIsConnected()
                0x00012b18                wifiTask::wifiSendTestCmd()
                0x00012b40                wifiTask::wifiInitBaudRate()
                0x00012ce4                wifiTask::taskEntry()
                0x00012d3c                wifiTask::wifiTask(UartDev&, unsigned char)
                0x00012d3c                wifiTask::wifiTask(UartDev&, unsigned char)
                0x00012dbc                wifiTask::wifiHandleHttpReq(web_req_type*)
                0x00012f80                wifiTask::run(void*)
 .text._ZN8wifiTaskD2Ev
                0x00012fcc        0x2 ./L5_Application/examples/rn_xv_task.o
                0x00012fcc                wifiTask::~wifiTask()
                0x00012fcc                wifiTask::~wifiTask()
 .text._ZN8wifiTaskD0Ev
                0x00012fce        0xc ./L5_Application/examples/rn_xv_task.o
                0x00012fce                wifiTask::~wifiTask()
 .text          0x00012fda       0x22 ./L5_Application/main.o
                0x00012fda                ctoba(char*, char)
 .text.startup  0x00012ffc       0x18 ./L5_Application/main.o
                0x00012ffc                main
 .text          0x00013014      0xaa4 ./L4_IO/wireless/src/mesh.o
                0x000133f0                mesh_set_node_address
                0x00013408                mesh_get_node_address
                0x00013414                mesh_set_retry_count
                0x00013424                mesh_form_pkt
                0x00013520                mesh_deform_pkt
                0x0001356a                mesh_send_formed_pkt
                0x000135fc                mesh_send
                0x00013612                mesh_init
                0x000136fc                mesh_get_routing_entry
                0x00013728                mesh_get_num_routing_entries
                0x00013744                mesh_service
                0x00013a2c                mesh_is_route_known
                0x00013a4c                mesh_get_pnd_pkt_count
                0x00013a84                mesh_get_stats
                0x00013a9c                mesh_get_error_mask
                0x00013aa8                mesh_reset_error_mask
 .text          0x00013ab8      0x554 ./L4_IO/wireless/src/nrf24L01Plus.o
                0x00013b68                nordic_is_air_free
                0x00013b76                nordic_is_tx_fifo_full
                0x00013b82                nordic_is_tx_fifo_empty
                0x00013b90                nordic_clear_all_intr_flags
                0x00013b96                nordic_queue_tx_fifo
                0x00013ba0                nordic_standby1_to_tx_mode1
                0x00013bb4                nordic_standby1_to_tx_mode2
                0x00013bc8                nordic_rx_to_Stanby1
                0x00013bd8                nordic_standby1_to_rx
                0x00013bfc                nordic_is_packet_sent
                0x00013c08                nordic_clear_packet_sent_flag
                0x00013c0e                nordic_is_max_retries_reached
                0x00013c1a                nordic_clear_max_retries_flag
                0x00013c20                nordic_flush_tx_fifo
                0x00013c2a                nordic_mode1_send_single_packet
                0x00013c78                nordic_finishTxMode2_transitionToStandby1
                0x00013ca4                nordic_is_packet_available
                0x00013cb6                nordic_clear_packet_available_flag
                0x00013cbc                nordic_read_rx_fifo
                0x00013cd0                nordic_flush_rx_fifo
                0x00013cda                nordic_set_intr_signals
                0x00013d16                nordic_get_intr_reg_status
                0x00013d1a                nordic_set_crc
                0x00013d50                nordic_power_up
                0x00013d66                nordic_power_down
                0x00013d7a                nordic_tx_mode2_to_standby1_through_power_down
                0x00013d94                nordic_set_channel
                0x00013db6                nordic_set_continous_carrier_transmit
                0x00013dda                nordic_set_air_data_rate
                0x00013e04                nordic_set_power_level
                0x00013e26                nordic_set_auto_transmit_options
                0x00013e56                nordic_get_lost_packet_cnt
                0x00013e78                nordic_get_retransmit_count
                0x00013e86                nordic_set_payload_for_pipe
                0x00013e98                nordic_set_addr_width
                0x00013eac                nordic_set_tx_address
                0x00013eb6                nordic_set_rx_pipe0_addr
                0x00013ec0                nordic_init
                0x00013f88                nordic_set_rx_pipe1_addr
                0x00013f92                nordic_set_rx_pipe2_lsb_addr
                0x00013f98                nordic_set_rx_pipe3_lsb_addr
                0x00013f9e                nordic_set_rx_pipe4_lsb_addr
                0x00013fa4                nordic_set_rx_pipe5_lsb_addr
                0x00013faa                nordic_set_auto_ack_for_pipes
                0x00013fda                nordic_enable_pipes
 .text          0x0001400c      0x2b8 ./L4_IO/wireless/src/wireless.o
                0x000141e2                wireless_init
                0x00014230                wireless_get_rx_pkt
                0x00014240                wireless_get_ack_pkt
                0x00014250                wireless_flush_rx
                0x00014276                wireless_service
 .text          0x000142c4      0x150 ./L4_IO/src/gpio.o
                0x000142c4                GPIO::GPIO(LPC1758_GPIO_Type)
                0x000142c4                GPIO::GPIO(LPC1758_GPIO_Type)
                0x00014314                GPIO::setAsInput()
                0x00014326                GPIO::setAsOutput()
                0x00014336                GPIO::read() const
                0x0001434a                GPIO::setHigh()
                0x00014356                GPIO::setLow()
                0x00014362                GPIO::set(bool)
                0x0001436c                GPIO::enablePullUp()
                0x00014390                GPIO::enablePullDown()
                0x000143b0                GPIO::disablePullUpPullDown()
                0x000143e8                GPIO::enableOpenDrainMode(bool)
 .text          0x00014414      0x3ac ./L4_IO/src/io_source.o
                0x00014448                Acceleration_Sensor::init()
                0x00014468                Acceleration_Sensor::getX()
                0x0001447a                Acceleration_Sensor::getY()
                0x0001448c                Acceleration_Sensor::getZ()
                0x0001449e                TIMER1_IRQHandler
                0x00014530                IR_Sensor::init()
                0x000145ac                IR_Sensor::isIRCodeReceived()
                0x000145c0                IR_Sensor::getLastIRCode()
                0x000145d4                LED_Display::setLeftDigit(char)
                0x000145ec                LED_Display::setRightDigit(char)
                0x00014604                LED_Display::init()
                0x00014642                LED_Display::clear()
                0x00014658                LED_Display::setNumber(char)
                0x00014692                LED::init()
                0x00014696                LED::setAll(char)
                0x000146d4                LED::on(int)
                0x000146e8                LED::off(int)
                0x000146fc                LED::getValues() const
                0x00014700                Light_Sensor::init()
                0x00014704                Light_Sensor::getRawValue()
                0x00014706                Light_Sensor::getPercentValue()
                0x00014716                Switches::init()
                0x0001471a                Switches::getSwitchValues()
                0x00014730                Switches::getSwitch(int)
                0x00014748                I2C_Temp::init()
                0x0001476a                I2C_Temp::getCelsius()
                0x0001479a                I2C_Temp::getFarenheit()
 .text._ZN15I2C_Device_Base8writeRegEhh
                0x000147c0        0xc ./L4_IO/src/io_source.o
                0x000147c0                I2C_Device_Base::writeReg(unsigned char, unsigned char)
 .text._ZN15I2C_Device_Base16get16BitRegisterEh
                0x000147cc       0x2a ./L4_IO/src/io_source.o
                0x000147cc                I2C_Device_Base::get16BitRegister(unsigned char)
 .text          0x000147f6      0x18e ./L4_IO/src/storage.o
                0x000147f6                Storage::copy(char const*, char const*, unsigned int*, unsigned int*, unsigned int*)
                0x000148c0                Storage::read(char const*, void*, unsigned int, unsigned int)
                0x00014900                Storage::write(char const*, void*, unsigned int, unsigned int)
                0x00014940                Storage::append(char const*, void*, unsigned int, unsigned int)
 .text          0x00014984       0x64 ./L4_IO/fat/option/ccsbcs.o
                0x00014984                ff_convert
                0x000149c0                ff_wtoupper
 .text          0x000149e8       0x5c ./L4_IO/fat/option/reentrant.o
                0x000149e8                ff_cre_syncobj
                0x000149fc                ff_del_syncobj
                0x00014a00                ff_req_grant
                0x00014a26                ff_rel_grant
 .text          0x00014a44       0xe8 ./L4_IO/fat/disk/diskio.o
                0x00014a44                disk_initialize
                0x00014a6a                disk_status
                0x00014a7a                disk_read
                0x00014ab2                disk_write
                0x00014af8                disk_ioctl
 .text          0x00014b2c      0x7f8 ./L4_IO/fat/disk/sd.o
                0x00014b2c                wait_ready
                0x00014b7c                power_on
                0x00014b7e                power_off
                0x00014ba4                rcvr_datablock
                0x00014c74                xmit_datablock
                0x00014ce4                send_cmd
                0x00014dc0                sd_initialize
                0x00014f34                sd_status
                0x00014f40                sd_read
                0x00014fd0                sd_write
                0x00015080                sd_ioctl
                0x000152e8                sd_timerproc
 .text          0x00015324      0x1c8 ./L4_IO/fat/disk/spi_flash.o
                0x00015394                flash_Initialize
                0x000153f8                flash_ReadSector
                0x00015470                flash_WriteSector
                0x000154ba                flash_ioctl
 .text.spi1_exchange_byte
                0x000154ec       0x18 ./L4_IO/fat/disk/spi_flash.o
                0x000154ec                spi1_exchange_byte
 .text          0x00015504       0x52 ./L4_IO/fat/fatfs_time.o
                0x00015504                get_fattime
 *fill*         0x00015556        0x2 ff
 .text          0x00015558     0x2358 ./L4_IO/fat/ff.o
                0x00015ac6                clust2sect
                0x00015adc                get_fat
                0x00015c02                put_fat
                0x00016390                gen_numname
                0x000165bc                f_mount
                0x00016624                f_open
                0x00016818                f_read
                0x000169a4                f_write
                0x00016b80                f_sync
                0x00016be4                f_close
                0x00016c40                f_lseek
                0x00016d8a                f_opendir
                0x00016df0                f_readdir
                0x00016e54                f_stat
                0x00016e9e                f_getfree
                0x00016f72                f_truncate
                0x00017006                f_unlink
                0x000170be                f_mkdir
                0x00017216                f_chmod
                0x00017278                f_utime
                0x000172ce                f_rename
                0x000173ea                f_mkfs
 .text          0x000178b0       0x78 ./L4_IO/fat/spi_sem.o
                0x000178b0                spi1_lock_access
                0x000178d8                spi1_release_access
                0x000178ec                spi0_lock_access
                0x00017914                spi0_release_access
 .text          0x00017928        0x0 ./L3_Utils/tlm/src/c_tlm_binary.o
 .text          0x00017928        0x0 ./L3_Utils/tlm/src/c_tlm_comp.o
 .text          0x00017928        0x0 ./L3_Utils/tlm/src/c_tlm_stream.o
 .text          0x00017928        0x0 ./L3_Utils/tlm/src/c_tlm_var.o
 .text          0x00017928      0x16c ./L3_Utils/src/c_list.o
                0x00017928                c_list_create
                0x0001793c                c_list_delete
                0x0001796c                c_list_node_count
                0x00017972                c_list_insert_elm_end
                0x000179a6                c_list_insert_elm_beg
                0x000179d4                c_list_get_elm_at
                0x000179fc                c_list_find_elm
                0x00017a28                c_list_delete_elm
                0x00017a6a                c_list_for_each_elm
 .text          0x00017a94      0x2c8 ./L3_Utils/src/command_handler.o
                0x00017a94                CommandProcessor::addHandler(bool (*)(str&, UartDev&, void*, int), char const*, char const*, void*, int)
                0x00017b18                CommandProcessor::getRegisteredCommandList(UartDev&)
                0x00017b7c                CommandProcessor::getHelpText(str&, UartDev&)
                0x00017bec                CommandProcessor::prepareCmdParam(str&, char const*)
                0x00017c28                CommandProcessor::handleCommand(str&, UartDev&)
 .text          0x00017d5c      0x4cc ./L3_Utils/src/cpp_task.o
                0x00017da4                scheduler_add_task(scheduler_task*)
                0x00017e28                scheduler_task::scheduler_task(char const*, unsigned long, unsigned char, void*)
                0x00017e28                scheduler_task::scheduler_task(char const*, unsigned long, unsigned char, void*)
                0x00017e58                scheduler_task::getInstantCpuUsage() const
                0x00017e64                scheduler_task::getCpuIdlePercentage() const
                0x00017e72                scheduler_task::getTotalSysCpuPercentage() const
                0x00017e80                scheduler_task::initQueueSet(unsigned long, unsigned long, ...)
                0x00017eb4                scheduler_task::addSharedObject(char const*, void*)
                0x00017f68                scheduler_task::getSharedObject(char const*)
                0x00017fa8                scheduler_c_task_private(void*)
                0x000180a8                scheduler_init_all(bool)
                0x000181a8                scheduler_start(bool)
                0x000181ec                scheduler_task::getTaskPtrByName(char const*)
 .text._ZN6VECTORIP14scheduler_taskEixEj
                0x00018228       0x10 ./L3_Utils/src/cpp_task.o
                0x00018228                VECTOR<scheduler_task*>::operator[](unsigned int)
 .text          0x00018238      0x15c ./L3_Utils/src/file_logger.o
                0x00018238                SimpleLogger::handleCompletedBuffer(char*, unsigned int)
                0x00018240                FileLogger::getTimestamp()
                0x00018248                FileLogger::handleCompletedBuffer(char*, unsigned int)
                0x000182a0                FileLogger::semGive()
                0x000182bc                FileLogger::semTake()
                0x000182da                FileLogger::flush()
                0x000182f6                FileLogger::FileLogger()
                0x000182f6                FileLogger::FileLogger()
                0x00018328                SimpleLogger::SimpleLogger(char const*, char*, int)
                0x00018328                SimpleLogger::SimpleLogger(char const*, char*, int)
                0x00018354                SimpleLogger::printf(char const*, ...)
                0x00018390                SimpleLogger::flush()
 .text._ZN10LoggerBase7semTakeEv
                0x00018394        0x2 ./L3_Utils/src/file_logger.o
                0x00018394                LoggerBase::semTake()
 .text._ZN10LoggerBase7semGiveEv
                0x00018396        0x2 ./L3_Utils/src/file_logger.o
                0x00018396                LoggerBase::semGive()
 .text._ZN10LoggerBase12getTimestampEv
                0x00018398        0x4 ./L3_Utils/src/file_logger.o
                0x00018398                LoggerBase::getTimestamp()
 .text._ZN12SimpleLoggerD2Ev
                0x0001839c        0x2 ./L3_Utils/src/file_logger.o
                0x0001839c                SimpleLogger::~SimpleLogger()
                0x0001839c                SimpleLogger::~SimpleLogger()
 .text._ZN10FileLoggerD2Ev
                0x0001839e        0x2 ./L3_Utils/src/file_logger.o
                0x0001839e                FileLogger::~FileLogger()
                0x0001839e                FileLogger::~FileLogger()
 .text._ZN12SimpleLoggerD0Ev
                0x000183a0        0xc ./L3_Utils/src/file_logger.o
                0x000183a0                SimpleLogger::~SimpleLogger()
 .text._ZN10FileLoggerD0Ev
                0x000183ac        0xc ./L3_Utils/src/file_logger.o
                0x000183ac                FileLogger::~FileLogger()
 .text          0x000183b8        0x0 ./L3_Utils/src/freertos_timer.o
 .text          0x000183b8      0x2a8 ./L3_Utils/src/logger.o
                0x000183b8                LoggerBase::flush()
                0x000183ce                LoggerBase::log(char const*)
                0x0001841c                LoggerBase::logCsvMessage(char const*, char const*, char const*, char const*, int)
                0x0001853c                LoggerBase::logError(char const*, char const*, char const*, int)
                0x00018558                LoggerBase::logErrorPrintf(char const*, char const*, int, char const*, ...)
                0x0001859e                LoggerBase::logWarn(char const*, char const*, char const*, int)
                0x000185b8                LoggerBase::logWarnPrintf(char const*, char const*, int, char const*, ...)
                0x000185fe                LoggerBase::logInfo(char const*, char const*, char const*, int)
                0x00018618                LoggerBase::logInfoPrintf(char const*, char const*, int, char const*, ...)
 .text          0x00018660      0x1d8 ./L3_Utils/src/rtc_alarm.o
                0x000186e2                rtc_alarm_create_recurring
                0x0001872c                rtc_alarm_create
                0x0001879c                RTC_IRQHandler
 .text          0x00018838      0xbec ./L3_Utils/src/str.o
                0x00018838                str::toInt(char const*)
                0x0001883c                str::str(char*, int)
                0x0001883c                str::str(char*, int)
                0x00018866                str::~str()
                0x00018866                str::~str()
                0x0001888a                str::getLen() const
                0x00018890                str::getCapacity() const
                0x00018894                str::clear()
                0x0001889c                str::clearAll()
                0x000188a6                str::toLower()
                0x000188ba                str::toUpper()
                0x000188ce                str::scanf(char const*, ...)
                0x000188ea                str::tokenize(char const*, int, ...)
                0x00018936                str::compareTo(char const*) const
                0x0001894a                str::compareToIgnoreCase(char const*) const
                0x0001895a                str::firstIndexOfIgnoreCase(char const*) const
                0x000189da                str::containsIgnoreCase(char const*) const
                0x000189e8                str::firstIndexOf(char const*) const
                0x000189fe                str::contains(char const*) const
                0x00018a0c                str::lastIndexOf(char const*) const
                0x00018a46                str::countOf(char const*) const
                0x00018a74                str::beginsWith(char const*) const
                0x00018aa2                str::beginsWithIgnoreCase(char const*) const
                0x00018ad0                str::beginsWithWholeWord(char const*, char) const
                0x00018af8                str::beginsWithWholeWordIgnoreCase(char const*, char) const
                0x00018b20                str::endsWith(char const*) const
                0x00018b50                str::endsWithIgnoreCase(char const*) const
                0x00018b80                str::eraseFirst(int)
                0x00018ba8                str::eraseLast(int)
                0x00018bc8                str::eraseAllAfter(int)
                0x00018bea                str::eraseAfter(int, int)
                0x00018c22                str::erase(char const*)
                0x00018c4a                str::eraseCharAt(int)
                0x00018c50                str::eraseAllSpecialChars()
                0x00018c80                str::trimStart(char const*)
                0x00018cc0                str::trimEnd(char const*)
                0x00018cfa                str::isAllAlpha() const
                0x00018d1c                str::isAlphaNumeric() const
                0x00018d3e                str::isUint() const
                0x00018d62                str::isInt() const
                0x00018d8e                str::checksum_Get()
                0x00018dac                str::checksum_Remove()
                0x00018dc8                str::operator-=(char const*)
                0x00018dcc                str::operator-=(str const&)
                0x00018dd2                str::operator==(char const*) const
                0x00018dd6                str::operator==(str const&) const
                0x00018ddc                str::operator==(int) const
                0x00018dee                str::operator!=(char const*) const
                0x00018dfc                str::operator!=(str const&) const
                0x00018e0c                str::operator!=(int) const
                0x00018e1a                str::operator<(char const*) const
                0x00018e26                str::operator>(char const*) const
                0x00018e38                str::operator<=(char const*) const
                0x00018e4a                str::operator>=(char const*) const
                0x00018e58                str::operator()() const
                0x00018e5c                str::operator int() const
                0x00018e62                str::operator<(int) const
                0x00018e74                str::operator>(int) const
                0x00018e86                str::operator<=(int) const
                0x00018e98                str::operator>=(int) const
                0x00018eaa                str::operator[](int)
                0x00018ebe                str::reAllocateMem(int)
                0x00018f0a                str::str()
                0x00018f0a                str::str()
                0x00018f18                str::str(int)
                0x00018f18                str::str(int)
                0x00018f24                str::reserve(int)
                0x00018f32                str::printf(char const*, ...)
                0x00018f74                str::subString(int, int)
                0x00018fde                str::subString(int)
                0x00018ff6                str::subString(char const*)
                0x0001900a                str::subString(char)
                0x00019024                str::subString(char const*, int)
                0x0001903c                str::subString(char, int)
                0x00019056                str::subString(char, char)
                0x0001908c                str::getToken(char const*, bool)
                0x000190d4                str::ensureMemoryToInsertNChars(int)
                0x000190f6                str::insertAtEnd(char const*)
                0x00019118                str::append(int)
                0x00019138                str::appendAsHex(unsigned int)
                0x00019158                str::checksum_Append()
                0x0001917c                str::operator+=(char const*)
                0x00019180                str::operator+=(str const&)
                0x00019186                str::operator+=(char)
                0x000191a0                str::append(char const*)
                0x000191a4                str::insertAt(int, char const*)
                0x000191f4                str::insertAtBeg(char const*)
                0x000191fc                str::replaceFirst(char const*, char const*)
                0x00019230                str::replaceLast(char const*, char const*)
                0x00019264                str::replaceAll(char const*, char const*)
                0x000192a2                str::copyFrom(char const*)
                0x000192de                str::str(char const*)
                0x000192de                str::str(char const*)
                0x000192fe                str::operator=(char const*)
                0x00019302                str::operator=(str const&)
                0x00019314                str::str(str const&)
                0x00019314                str::str(str const&)
                0x00019334                str::operator=(int)
                0x00019354                str::operator+=(int)
                0x00019374                str::operator++()
                0x0001937a                str::operator++(int)
                0x00019380                str::operator-=(int)
                0x000193a0                str::operator--()
                0x000193a6                str::operator--(int)
                0x000193ac                str::singleHexCharToInt(unsigned char)
                0x000193ca                str::hexStrDigitsToInt(char*)
                0x000193e6                str::checksum_Verify()
 .text._ZN3str4initEi
                0x00019424       0x10 ./L3_Utils/src/str.o
                0x00019424                str::init(int)
 .text          0x00019434      0x110 ./L3_Utils/src/utilities.o
                0x00019434                delay_us
                0x00019454                is_freertos_running
                0x00019462                delay_ms
                0x00019484                log_boot_info
 .text          0x00019544      0x6bc ./L2_Drivers/src/can.o
                0x0001961c                CAN_IRQHandler
                0x00019654                CAN_init
                0x00019800                CAN_tx
                0x000198bc                CAN_rx
                0x00019930                CAN_is_bus_off
                0x00019954                CAN_reset_bus
                0x00019970                CAN_gen_sid
                0x000199a4                CAN_gen_eid
                0x000199d4                CAN_fullcan_add_entry
                0x00019a38                CAN_fullcan_get_entry_ptr
                0x00019a90                CAN_fullcan_read_msg_copy
                0x00019af0                CAN_fullcan_get_num_entries
                0x00019b00                CAN_setup_filter
 .text          0x00019c00       0xe4 ./L2_Drivers/src/eint.o
                0x00019c00                EINT3_IRQHandler
                0x00019c6c                eint3_enable
 .text          0x00019ce4       0xac ./L2_Drivers/src/i2c2.o
                0x00019ce4                I2C2::init(unsigned int)
                0x00019d58                I2C2::I2C2()
                0x00019d58                I2C2::I2C2()
                0x00019d6c                I2C2_IRQHandler
 .text          0x00019d90      0x4c4 ./L2_Drivers/src/i2c_base.o
                0x00019d90                I2C_Base::I2C_Base(LPC_I2C_TypeDef*)
                0x00019d90                I2C_Base::I2C_Base(LPC_I2C_TypeDef*)
                0x00019df8                I2C_Base::init(unsigned int, unsigned int)
                0x00019e8c                I2C_Base::i2cKickOffTransfer(char, char, char*, int)
                0x00019eba                I2C_Base::i2cStateMachine()
                0x0001a03e                I2C_Base::handleInterrupt()
                0x0001a07c                I2C_Base::readRegisters(char, char, char*, unsigned int)
                0x0001a168                I2C_Base::readReg(char, char)
                0x0001a182                I2C_Base::isDevicePresent(char)
                0x0001a19e                I2C_Base::writeRegisters(char, char, char*, unsigned int)
                0x0001a23c                I2C_Base::writeReg(char, char, char)
 .text          0x0001a254      0x118 ./L2_Drivers/src/lpc_pwm.o
                0x0001a254                PWM::PWM(PWM::pwmType, unsigned int)
                0x0001a254                PWM::PWM(PWM::pwmType, unsigned int)
                0x0001a2ec                PWM::set(float)
 .text          0x0001a36c      0x1d4 ./L2_Drivers/src/rtc.o
                0x0001a36c                rtc_gettime
                0x0001a3bc                rtc_settime
                0x0001a410                rtc_init
                0x0001a4e8                rtc_get_date_time_str
 .text          0x0001a540       0x78 ./L2_Drivers/src/spi1.o
                0x0001a540                spi1_set_max_clock
                0x0001a570                spi1_init
 .text          0x0001a5b8       0xe8 ./L2_Drivers/src/spi_dma.o
                0x0001a5b8                spiDmaInitialize
                0x0001a5dc                spi1_dma_transfer_block
 .text          0x0001a6a0       0xb0 ./L2_Drivers/src/uart0.o
                0x0001a6a0                Uart0::init(unsigned int, int, int)
                0x0001a6f8                Uart0::Uart0()
                0x0001a6f8                Uart0::Uart0()
                0x0001a70c                UART0_IRQHandler
                0x0001a71a                Uart0::getcharIntrDriven(char)
                0x0001a73a                Uart0::putcharIntrDriven(char)
 .text          0x0001a750       0x90 ./L2_Drivers/src/uart2.o
                0x0001a750                Uart2::init(unsigned int, int, int)
                0x0001a7a8                Uart2::Uart2()
                0x0001a7a8                Uart2::Uart2()
                0x0001a7bc                UART2_IRQHandler
 .text          0x0001a7e0       0x90 ./L2_Drivers/src/uart3.o
                0x0001a7e0                Uart3::init(unsigned int, int, int)
                0x0001a838                Uart3::Uart3()
                0x0001a838                Uart3::Uart3()
                0x0001a84c                UART3_IRQHandler
 .text          0x0001a870      0x430 ./L2_Drivers/src/uart_dev.o
                0x0001a870                UartDev::getChar(char*, unsigned int) const
                0x0001a8d2                UartDev::putChar(char, unsigned int)
                0x0001a92e                UartDev::put(char const*, unsigned int)
                0x0001a954                UartDev::putline(char const*, unsigned int)
                0x0001a970                UartDev::gets(char*, int, unsigned int)
                0x0001a9be                UartDev::printf(char const*, ...)
                0x0001aa3a                UartDev::flush()
                0x0001aa58                UartDev::scanf(char const*, ...)
                0x0001aa9a                UartDev::recentlyActive(unsigned int) const
                0x0001aab0                UartDev::setBaudRate(unsigned int)
                0x0001aaec                UartDev::handleInterrupt()
                0x0001aba4                UartDev::UartDev(unsigned int*)
                0x0001aba4                UartDev::UartDev(unsigned int*)
                0x0001abcc                UartDev::~UartDev()
                0x0001abcc                UartDev::~UartDev()
                0x0001abdc                UartDev::init(unsigned int, unsigned int, int, int)
 .text          0x0001aca0        0x0 ./L1_FreeRTOS/src/croutine.o
 .text          0x0001aca0       0x88 ./L1_FreeRTOS/src/list.o
                0x0001aca0                vListInitialise
                0x0001acb6                vListInitialiseItem
                0x0001acbc                vListInsertEnd
                0x0001acd4                vListInsert
                0x0001ad04                uxListRemove
 .text          0x0001ad28      0x5e0 ./L1_FreeRTOS/src/queue.o
                0x0001ae64                xQueueGenericReset
                0x0001aebe                xQueueGenericCreate
                0x0001af0e                xQueueCreateCountingSemaphore
                0x0001af20                xQueueGenericSend
                0x0001b008                xQueueCreateMutex
                0x0001b054                xQueueGenericSendFromISR
                0x0001b0c2                xQueueGenericReceive
                0x0001b1c6                xQueueReceiveFromISR
                0x0001b218                xQueuePeekFromISR
                0x0001b240                uxQueueMessagesWaiting
                0x0001b252                uxQueueMessagesWaitingFromISR
                0x0001b256                vQueueDelete
                0x0001b26a                ucQueueGetQueueNumber
                0x0001b270                vQueueSetQueueNumber
                0x0001b276                ucQueueGetQueueType
                0x0001b27c                xQueueIsQueueEmptyFromISR
                0x0001b286                xQueueIsQueueFullFromISR
                0x0001b292                xQueueCreateSet
                0x0001b29a                xQueueAddToSet
                0x0001b2ba                xQueueRemoveFromSet
                0x0001b2da                xQueueSelectFromSet
                0x0001b2f2                xQueueSelectFromSetFromISR
 .text          0x0001b308      0xaf0 ./L1_FreeRTOS/src/tasks.o
                0x0001b41e                xTaskGenericCreate
                0x0001b58c                xTaskIsTaskSuspended
                0x0001b5ac                vTaskResume
                0x0001b608                xTaskResumeFromISR
                0x0001b67c                vTaskStartScheduler
                0x0001b6c8                vTaskEndScheduler
                0x0001b6e4                vTaskSuspendAll
                0x0001b6f8                xTaskGetTickCount
                0x0001b710                xTaskGetTickCountFromISR
                0x0001b728                uxTaskGetNumberOfTasks
                0x0001b734                xTaskGetIdleTaskHandle
                0x0001b740                xTaskIncrementTick
                0x0001b830                xTaskResumeAll
                0x0001b8ec                vTaskDelayUntil
                0x0001b958                vTaskDelay
                0x0001b9a0                uxTaskGetSystemState
                0x0001ba10                vTaskSwitchContext
                0x0001baac                vTaskSuspend
                0x0001bb2c                vTaskPlaceOnEventList
                0x0001bb80                xTaskRemoveFromEventList
                0x0001bbd8                vTaskSetTimeOutState
                0x0001bbec                xTaskCheckForTimeOut
                0x0001bc34                vTaskMissedYield
                0x0001bc44                uxTaskGetTaskNumber
                0x0001bc4a                vTaskSetTaskNumber
                0x0001bc50                uxTaskGetStackHighWaterMark
                0x0001bc6c                xTaskGetCurrentTaskHandle
                0x0001bc78                xTaskGetSchedulerState
                0x0001bc94                vTaskPriorityInherit
                0x0001bd14                vTaskPriorityDisinherit
                0x0001bd78                uxTaskGetCpuUsage
                0x0001bd98                vTaskResetRunTimeStats
 .text          0x0001bdf8        0x0 ./L1_FreeRTOS/src/timers.o
 .text          0x0001bdf8      0x14c ./L1_FreeRTOS/portable/port.o
                0x0001be08                pxPortInitialiseStack
                0x0001be1e                vPortSVCHandler
                0x0001be40                vPortEndScheduler
                0x0001be42                vPortYield
                0x0001be58                ulPortSetInterruptMask
                0x0001be68                vPortEnterCritical
                0x0001be84                vPortClearInterruptMask
                0x0001be8a                vPortExitCritical
                0x0001bea0                xPortPendSVHandler
                0x0001bedc                xPortSysTickHandler
                0x0001bf00                vPortSetupTimerInterrupt
                0x0001bf14                xPortStartScheduler
 .text          0x0001bf44       0x58 ./L1_FreeRTOS/portable/run_time_stats.o
                0x0001bf44                vConfigureTimerForRunTimeStats
                0x0001bf88                uxGetTimerForRunTimeStats
                0x0001bf90                resetRunTimeCounter
 .text          0x0001bf9c       0x60 ./L1_FreeRTOS/hooks/hooks.o
                0x0001bf9c                vApplicationIdleHook
                0x0001bfa0                vApplicationStackOverflowHook
                0x0001bfd8                vApplicationMallocFailedHook
 .text          0x0001bffc        0x0 ./L1_FreeRTOS/MemMang/heap_1.o
 .text          0x0001bffc        0x0 ./L1_FreeRTOS/MemMang/heap_2.o
 .text          0x0001bffc       0x38 ./L1_FreeRTOS/MemMang/heap_3.o
                0x0001bffc                pvPortMalloc
                0x0001c01a                vPortFree
 .text          0x0001c034        0x0 ./L1_FreeRTOS/MemMang/heap_4.o
 .text          0x0001c034       0x7a ./L0_LowLevel/source/core_cm3.o
                0x0001c034                __get_PSP
                0x0001c03c                __set_PSP
                0x0001c042                __get_MSP
                0x0001c04a                __set_MSP
                0x0001c050                __get_BASEPRI
                0x0001c056                __set_BASEPRI
                0x0001c05c                __get_PRIMASK
                0x0001c062                __set_PRIMASK
                0x0001c068                __get_FAULTMASK
                0x0001c06e                __set_FAULTMASK
                0x0001c074                __get_CONTROL
                0x0001c07a                __set_CONTROL
                0x0001c080                __REV
                0x0001c084                __REV16
                0x0001c088                __REVSH
                0x0001c08c                __RBIT
                0x0001c092                __LDREXB
                0x0001c09a                __LDREXH
                0x0001c0a2                __LDREXW
                0x0001c0a8                __STREXW
 *fill*         0x0001c0ae        0x2 ff
 .text          0x0001c0b0       0x94 ./L0_LowLevel/source/cr_startup_lpc175x.o
                0x0001c0b0                HardFault_HandlerC
 .text          0x0001c144       0xe8 ./L0_LowLevel/source/lpc_sys.o
                0x0001c144                RIT_IRQHandler
                0x0001c160                sys_get_mem_info_str
                0x0001c188                sys_rit_setup
                0x0001c200                sys_rit_disable
                0x0001c21c                sys_rit_running
 .text          0x0001c22c      0x240 ./L0_LowLevel/source/sys_clock.o
                0x0001c2b8                sys_clock_use_fastest_clock()
                0x0001c318                sys_clock_configure()
                0x0001c3c8                sys_get_cpu_clock
 .text          0x0001c46c      0x224 ./L0_LowLevel/source/system_init.o
                0x0001c46c                sys_get_boot_type
                0x0001c478                sys_get_boot_time
                0x0001c48c                low_level_init()
 .text          0x0001c690       0xbc ./L0_LowLevel/source/uart0_min.o
                0x0001c690                uart0_init
                0x0001c708                uart0_getchar
                0x0001c71c                uart0_putchar
                0x0001c730                uart0_puts
 .text          0x0001c74c        0x0 /home/khalil/lbin/Programs/gcc-arm-none-eabi-5_4-2016q2/bin/../lib/gcc/arm-none-eabi/5.4.1/../../../../arm-none-eabi/lib/armv7-m/libstdc++.a(guard.o)
 .text.__cxa_guard_acquire
                0x0001c74c       0x38 /home/khalil/lbin/Programs/gcc-arm-none-eabi-5_4-2016q2/bin/../lib/gcc/arm-none-eabi/5.4.1/../../../../arm-none-eabi/lib/armv7-m/libstdc++.a(guard.o)
                0x0001c74c                __cxa_guard_acquire
 .text.__cxa_guard_abort
                0x0001c784        0x8 /home/khalil/lbin/Programs/gcc-arm-none-eabi-5_4-2016q2/bin/../lib/gcc/arm-none-eabi/5.4.1/../../../../arm-none-eabi/lib/armv7-m/libstdc++.a(guard.o)
                0x0001c784                __cxa_guard_abort
 .text.__cxa_guard_release
                0x0001c78c        0x8 /home/khalil/lbin/Programs/gcc-arm-none-eabi-5_4-2016q2/bin/../lib/gcc/arm-none-eabi/5.4.1/../../../../arm-none-eabi/lib/armv7-m/libstdc++.a(guard.o)
                0x0001c78c                __cxa_guard_release
 .text          0x0001c794        0x0 /home/khalil/lbin/Programs/gcc-arm-none-eabi-5_4-2016q2/bin/../lib/gcc/arm-none-eabi/5.4.1/../../../../arm-none-eabi/lib/armv7-m/libstdc++.a(pure.o)
 .text.__cxa_pure_virtual
                0x0001c794       0x14 /home/khalil/lbin/Programs/gcc-arm-none-eabi-5_4-2016q2/bin/../lib/gcc/arm-none-eabi/5.4.1/../../../../arm-none-eabi/lib/armv7-m/libstdc++.a(pure.o)
                0x0001c794                __cxa_pure_virtual
 .text.__cxa_deleted_virtual
                0x0001c7a8       0x14 /home/khalil/lbin/Programs/gcc-arm-none-eabi-5_4-2016q2/bin/../lib/gcc/arm-none-eabi/5.4.1/../../../../arm-none-eabi/lib/armv7-m/libstdc++.a(pure.o)
                0x0001c7a8                __cxa_deleted_virtual
 .text          0x0001c7bc        0x0 /home/khalil/lbin/Programs/gcc-arm-none-eabi-5_4-2016q2/bin/../lib/gcc/arm-none-eabi/5.4.1/../../../../arm-none-eabi/lib/armv7-m/libstdc++.a(eh_throw.o)
 .text._ZL23__gxx_exception_cleanup19_Unwind_Reason_CodeP21_Unwind_Control_Block
                0x0001c7bc       0x44 /home/khalil/lbin/Programs/gcc-arm-none-eabi-5_4-2016q2/bin/../lib/gcc/arm-none-eabi/5.4.1/../../../../arm-none-eabi/lib/armv7-m/libstdc++.a(eh_throw.o)
 .text.__cxa_throw
                0x0001c800       0x7c /home/khalil/lbin/Programs/gcc-arm-none-eabi-5_4-2016q2/bin/../lib/gcc/arm-none-eabi/5.4.1/../../../../arm-none-eabi/lib/armv7-m/libstdc++.a(eh_throw.o)
                0x0001c800                __cxa_throw
 .text.__cxa_rethrow
                0x0001c87c       0x70 /home/khalil/lbin/Programs/gcc-arm-none-eabi-5_4-2016q2/bin/../lib/gcc/arm-none-eabi/5.4.1/../../../../arm-none-eabi/lib/armv7-m/libstdc++.a(eh_throw.o)
                0x0001c87c                __cxa_rethrow
 .text          0x0001c8ec        0x0 /home/khalil/lbin/Programs/gcc-arm-none-eabi-5_4-2016q2/bin/../lib/gcc/arm-none-eabi/5.4.1/../../../../arm-none-eabi/lib/armv7-m/libstdc++.a(eh_globals.o)
 .text.__cxa_get_globals_fast
                0x0001c8ec        0x8 /home/khalil/lbin/Programs/gcc-arm-none-eabi-5_4-2016q2/bin/../lib/gcc/arm-none-eabi/5.4.1/../../../../arm-none-eabi/lib/armv7-m/libstdc++.a(eh_globals.o)
                0x0001c8ec                __cxa_get_globals_fast
 .text.__cxa_get_globals
                0x0001c8f4        0x8 /home/khalil/lbin/Programs/gcc-arm-none-eabi-5_4-2016q2/bin/../lib/gcc/arm-none-eabi/5.4.1/../../../../arm-none-eabi/lib/armv7-m/libstdc++.a(eh_globals.o)
                0x0001c8f4                __cxa_get_globals
 .text          0x0001c8fc        0x0 /home/khalil/lbin/Programs/gcc-arm-none-eabi-5_4-2016q2/bin/../lib/gcc/arm-none-eabi/5.4.1/../../../../arm-none-eabi/lib/armv7-m/libstdc++.a(eh_terminate.o)
 .text._ZN10__cxxabiv111__terminateEPFvvE
                0x0001c8fc       0x28 /home/khalil/lbin/Programs/gcc-arm-none-eabi-5_4-2016q2/bin/../lib/gcc/arm-none-eabi/5.4.1/../../../../arm-none-eabi/lib/armv7-m/libstdc++.a(eh_terminate.o)
                0x0001c8fc                __cxxabiv1::__terminate(void (*)())
 .text._ZSt9terminatev
                0x0001c924       0x14 /home/khalil/lbin/Programs/gcc-arm-none-eabi-5_4-2016q2/bin/../lib/gcc/arm-none-eabi/5.4.1/../../../../arm-none-eabi/lib/armv7-m/libstdc++.a(eh_terminate.o)
                0x0001c924                std::terminate()
 .text._ZN10__cxxabiv112__unexpectedEPFvvE
                0x0001c938        0x8 /home/khalil/lbin/Programs/gcc-arm-none-eabi-5_4-2016q2/bin/../lib/gcc/arm-none-eabi/5.4.1/../../../../arm-none-eabi/lib/armv7-m/libstdc++.a(eh_terminate.o)
                0x0001c938                __cxxabiv1::__unexpected(void (*)())
 .text._ZSt10unexpectedv
                0x0001c940       0x14 /home/khalil/lbin/Programs/gcc-arm-none-eabi-5_4-2016q2/bin/../lib/gcc/arm-none-eabi/5.4.1/../../../../arm-none-eabi/lib/armv7-m/libstdc++.a(eh_terminate.o)
                0x0001c940                std::unexpected()
 .text._ZSt13set_terminatePFvvE
                0x0001c954       0x20 /home/khalil/lbin/Programs/gcc-arm-none-eabi-5_4-2016q2/bin/../lib/gcc/arm-none-eabi/5.4.1/../../../../arm-none-eabi/lib/armv7-m/libstdc++.a(eh_terminate.o)
                0x0001c954                std::set_terminate(void (*)())
 .text._ZSt13get_terminatev
                0x0001c974       0x10 /home/khalil/lbin/Programs/gcc-arm-none-eabi-5_4-2016q2/bin/../lib/gcc/arm-none-eabi/5.4.1/../../../../arm-none-eabi/lib/armv7-m/libstdc++.a(eh_terminate.o)
                0x0001c974                std::get_terminate()
 .text._ZSt14set_unexpectedPFvvE
                0x0001c984       0x20 /home/khalil/lbin/Programs/gcc-arm-none-eabi-5_4-2016q2/bin/../lib/gcc/arm-none-eabi/5.4.1/../../../../arm-none-eabi/lib/armv7-m/libstdc++.a(eh_terminate.o)
                0x0001c984                std::set_unexpected(void (*)())
 .text._ZSt14get_unexpectedv
                0x0001c9a4       0x10 /home/khalil/lbin/Programs/gcc-arm-none-eabi-5_4-2016q2/bin/../lib/gcc/arm-none-eabi/5.4.1/../../../../arm-none-eabi/lib/armv7-m/libstdc++.a(eh_terminate.o)
                0x0001c9a4                std::get_unexpected()
 .text          0x0001c9b4        0x0 /home/khalil/lbin/Programs/gcc-arm-none-eabi-5_4-2016q2/bin/../lib/gcc/arm-none-eabi/5.4.1/../../../../arm-none-eabi/lib/armv7-m/libstdc++.a(guard_error.o)
 .text._ZN9__gnu_cxx20recursive_init_errorD2Ev
                0x0001c9b4       0x14 /home/khalil/lbin/Programs/gcc-arm-none-eabi-5_4-2016q2/bin/../lib/gcc/arm-none-eabi/5.4.1/../../../../arm-none-eabi/lib/armv7-m/libstdc++.a(guard_error.o)
                0x0001c9b4                __gnu_cxx::recursive_init_error::~recursive_init_error()
                0x0001c9b4                __gnu_cxx::recursive_init_error::~recursive_init_error()
 .text._ZN9__gnu_cxx20recursive_init_errorD0Ev
                0x0001c9c8       0x1c /home/khalil/lbin/Programs/gcc-arm-none-eabi-5_4-2016q2/bin/../lib/gcc/arm-none-eabi/5.4.1/../../../../arm-none-eabi/lib/armv7-m/libstdc++.a(guard_error.o)
                0x0001c9c8                __gnu_cxx::recursive_init_error::~recursive_init_error()
 .text          0x0001c9e4        0x0 /home/khalil/lbin/Programs/gcc-arm-none-eabi-5_4-2016q2/bin/../lib/gcc/arm-none-eabi/5.4.1/../../../../arm-none-eabi/lib/armv7-m/libstdc++.a(eh_alloc.o)
 .text._ZN12_GLOBAL__N_14pool4freeEPv.constprop.4
                0x0001c9e4       0x7c /home/khalil/lbin/Programs/gcc-arm-none-eabi-5_4-2016q2/bin/../lib/gcc/arm-none-eabi/5.4.1/../../../../arm-none-eabi/lib/armv7-m/libstdc++.a(eh_alloc.o)
 .text._ZN12_GLOBAL__N_14pool8allocateEj.constprop.5
                0x0001ca60       0x64 /home/khalil/lbin/Programs/gcc-arm-none-eabi-5_4-2016q2/bin/../lib/gcc/arm-none-eabi/5.4.1/../../../../arm-none-eabi/lib/armv7-m/libstdc++.a(eh_alloc.o)
 .text.__cxa_allocate_exception
                0x0001cac4       0x30 /home/khalil/lbin/Programs/gcc-arm-none-eabi-5_4-2016q2/bin/../lib/gcc/arm-none-eabi/5.4.1/../../../../arm-none-eabi/lib/armv7-m/libstdc++.a(eh_alloc.o)
                0x0001cac4                __cxa_allocate_exception
 .text.__cxa_free_exception
                0x0001caf4       0x20 /home/khalil/lbin/Programs/gcc-arm-none-eabi-5_4-2016q2/bin/../lib/gcc/arm-none-eabi/5.4.1/../../../../arm-none-eabi/lib/armv7-m/libstdc++.a(eh_alloc.o)
                0x0001caf4                __cxa_free_exception
 .text.__cxa_allocate_dependent_exception
                0x0001cb14       0x2c /home/khalil/lbin/Programs/gcc-arm-none-eabi-5_4-2016q2/bin/../lib/gcc/arm-none-eabi/5.4.1/../../../../arm-none-eabi/lib/armv7-m/libstdc++.a(eh_alloc.o)
                0x0001cb14                __cxa_allocate_dependent_exception
 .text.__cxa_free_dependent_exception
                0x0001cb40       0x20 /home/khalil/lbin/Programs/gcc-arm-none-eabi-5_4-2016q2/bin/../lib/gcc/arm-none-eabi/5.4.1/../../../../arm-none-eabi/lib/armv7-m/libstdc++.a(eh_alloc.o)
                0x0001cb40                __cxa_free_dependent_exception
 .text.startup._GLOBAL__sub_I___cxa_allocate_exception
                0x0001cb60       0x28 /home/khalil/lbin/Programs/gcc-arm-none-eabi-5_4-2016q2/bin/../lib/gcc/arm-none-eabi/5.4.1/../../../../arm-none-eabi/lib/armv7-m/libstdc++.a(eh_alloc.o)
 .text          0x0001cb88        0x0 /home/khalil/lbin/Programs/gcc-arm-none-eabi-5_4-2016q2/bin/../lib/gcc/arm-none-eabi/5.4.1/../../../../arm-none-eabi/lib/armv7-m/libstdc++.a(eh_arm.o)
 .text.__cxa_end_cleanup
                0x0001cb88        0xc /home/khalil/lbin/Programs/gcc-arm-none-eabi-5_4-2016q2/bin/../lib/gcc/arm-none-eabi/5.4.1/../../../../arm-none-eabi/lib/armv7-m/libstdc++.a(eh_arm.o)
                0x0001cb88                __cxa_end_cleanup
 .text.__cxa_type_match
                0x0001cb94       0xb0 /home/khalil/lbin/Programs/gcc-arm-none-eabi-5_4-2016q2/bin/../lib/gcc/arm-none-eabi/5.4.1/../../../../arm-none-eabi/lib/armv7-m/libstdc++.a(eh_arm.o)
                0x0001cb94                __cxa_type_match
 .text.__cxa_begin_cleanup
                0x0001cc44       0x64 /home/khalil/lbin/Programs/gcc-arm-none-eabi-5_4-2016q2/bin/../lib/gcc/arm-none-eabi/5.4.1/../../../../arm-none-eabi/lib/armv7-m/libstdc++.a(eh_arm.o)
                0x0001cc44                __cxa_begin_cleanup
 .text.__gnu_end_cleanup
                0x0001cca8       0x70 /home/khalil/lbin/Programs/gcc-arm-none-eabi-5_4-2016q2/bin/../lib/gcc/arm-none-eabi/5.4.1/../../../../arm-none-eabi/lib/armv7-m/libstdc++.a(eh_arm.o)
                0x0001cca8                __gnu_end_cleanup
 .text          0x0001cd18        0x0 /home/khalil/lbin/Programs/gcc-arm-none-eabi-5_4-2016q2/bin/../lib/gcc/arm-none-eabi/5.4.1/../../../../arm-none-eabi/lib/armv7-m/libstdc++.a(eh_call.o)
 .text._ZN10__cxxabiv1L24__is_gxx_exception_classEPc
                0x0001cd18       0x3c /home/khalil/lbin/Programs/gcc-arm-none-eabi-5_4-2016q2/bin/../lib/gcc/arm-none-eabi/5.4.1/../../../../arm-none-eabi/lib/armv7-m/libstdc++.a(eh_call.o)
 .text.__cxa_call_terminate
                0x0001cd54       0x20 /home/khalil/lbin/Programs/gcc-arm-none-eabi-5_4-2016q2/bin/../lib/gcc/arm-none-eabi/5.4.1/../../../../arm-none-eabi/lib/armv7-m/libstdc++.a(eh_call.o)
                0x0001cd54                __cxa_call_terminate
 .text.__cxa_call_unexpected
                0x0001cd74       0xec /home/khalil/lbin/Programs/gcc-arm-none-eabi-5_4-2016q2/bin/../lib/gcc/arm-none-eabi/5.4.1/../../../../arm-none-eabi/lib/armv7-m/libstdc++.a(eh_call.o)
                0x0001cd74                __cxa_call_unexpected
 .text          0x0001ce60        0x0 /home/khalil/lbin/Programs/gcc-arm-none-eabi-5_4-2016q2/bin/../lib/gcc/arm-none-eabi/5.4.1/../../../../arm-none-eabi/lib/armv7-m/libstdc++.a(eh_catch.o)
 .text.__cxa_get_exception_ptr
                0x0001ce60        0x4 /home/khalil/lbin/Programs/gcc-arm-none-eabi-5_4-2016q2/bin/../lib/gcc/arm-none-eabi/5.4.1/../../../../arm-none-eabi/lib/armv7-m/libstdc++.a(eh_catch.o)
                0x0001ce60                __cxa_get_exception_ptr
 .text.__cxa_begin_catch
                0x0001ce64       0x8c /home/khalil/lbin/Programs/gcc-arm-none-eabi-5_4-2016q2/bin/../lib/gcc/arm-none-eabi/5.4.1/../../../../arm-none-eabi/lib/armv7-m/libstdc++.a(eh_catch.o)
                0x0001ce64                __cxa_begin_catch
 .text.__cxa_end_catch
                0x0001cef0       0x8c /home/khalil/lbin/Programs/gcc-arm-none-eabi-5_4-2016q2/bin/../lib/gcc/arm-none-eabi/5.4.1/../../../../arm-none-eabi/lib/armv7-m/libstdc++.a(eh_catch.o)
                0x0001cef0                __cxa_end_catch
 .text._ZSt18uncaught_exceptionv
                0x0001cf7c       0x10 /home/khalil/lbin/Programs/gcc-arm-none-eabi-5_4-2016q2/bin/../lib/gcc/arm-none-eabi/5.4.1/../../../../arm-none-eabi/lib/armv7-m/libstdc++.a(eh_catch.o)
                0x0001cf7c                std::uncaught_exception()
 .text          0x0001cf8c        0x0 /home/khalil/lbin/Programs/gcc-arm-none-eabi-5_4-2016q2/bin/../lib/gcc/arm-none-eabi/5.4.1/../../../../arm-none-eabi/lib/armv7-m/libstdc++.a(eh_term_handler.o)
 .text          0x0001cf8c        0x0 /home/khalil/lbin/Programs/gcc-arm-none-eabi-5_4-2016q2/bin/../lib/gcc/arm-none-eabi/5.4.1/../../../../arm-none-eabi/lib/armv7-m/libstdc++.a(si_class_type_info.o)
 .text._ZN10__cxxabiv120__si_class_type_infoD2Ev
                0x0001cf8c       0x14 /home/khalil/lbin/Programs/gcc-arm-none-eabi-5_4-2016q2/bin/../lib/gcc/arm-none-eabi/5.4.1/../../../../arm-none-eabi/lib/armv7-m/libstdc++.a(si_class_type_info.o)
                0x0001cf8c                __cxxabiv1::__si_class_type_info::~__si_class_type_info()
                0x0001cf8c                __cxxabiv1::__si_class_type_info::~__si_class_type_info()
 .text._ZN10__cxxabiv120__si_class_type_infoD0Ev
                0x0001cfa0       0x1c /home/khalil/lbin/Programs/gcc-arm-none-eabi-5_4-2016q2/bin/../lib/gcc/arm-none-eabi/5.4.1/../../../../arm-none-eabi/lib/armv7-m/libstdc++.a(si_class_type_info.o)
                0x0001cfa0                __cxxabiv1::__si_class_type_info::~__si_class_type_info()
 .text._ZNK10__cxxabiv120__si_class_type_info12__do_dyncastEiNS_17__class_type_info10__sub_kindEPKS1_PKvS4_S6_RNS1_16__dyncast_resultE
                0x0001cfbc       0x98 /home/khalil/lbin/Programs/gcc-arm-none-eabi-5_4-2016q2/bin/../lib/gcc/arm-none-eabi/5.4.1/../../../../arm-none-eabi/lib/armv7-m/libstdc++.a(si_class_type_info.o)
                0x0001cfbc                __cxxabiv1::__si_class_type_info::__do_dyncast(int, __cxxabiv1::__class_type_info::__sub_kind, __cxxabiv1::__class_type_info const*, void const*, __cxxabiv1::__class_type_info const*, void const*, __cxxabiv1::__class_type_info::__dyncast_result&) const
 .text._ZNK10__cxxabiv120__si_class_type_info20__do_find_public_srcEiPKvPKNS_17__class_type_infoES2_
                0x0001d054       0x3c /home/khalil/lbin/Programs/gcc-arm-none-eabi-5_4-2016q2/bin/../lib/gcc/arm-none-eabi/5.4.1/../../../../arm-none-eabi/lib/armv7-m/libstdc++.a(si_class_type_info.o)
                0x0001d054                __cxxabiv1::__si_class_type_info::__do_find_public_src(int, void const*, __cxxabiv1::__class_type_info const*, void const*) const
 .text._ZNK10__cxxabiv120__si_class_type_info11__do_upcastEPKNS_17__class_type_infoEPKvRNS1_15__upcast_resultE
                0x0001d090       0x2c /home/khalil/lbin/Programs/gcc-arm-none-eabi-5_4-2016q2/bin/../lib/gcc/arm-none-eabi/5.4.1/../../../../arm-none-eabi/lib/armv7-m/libstdc++.a(si_class_type_info.o)
                0x0001d090                __cxxabiv1::__si_class_type_info::__do_upcast(__cxxabiv1::__class_type_info const*, void const*, __cxxabiv1::__class_type_info::__upcast_result&) const
 .text          0x0001d0bc        0x0 /home/khalil/lbin/Programs/gcc-arm-none-eabi-5_4-2016q2/bin/../lib/gcc/arm-none-eabi/5.4.1/../../../../arm-none-eabi/lib/armv7-m/libstdc++.a(eh_personality.o)
 .text._ZL28read_encoded_value_with_basehjPKhPj
                0x0001d0bc       0xc0 /home/khalil/lbin/Programs/gcc-arm-none-eabi-5_4-2016q2/bin/../lib/gcc/arm-none-eabi/5.4.1/../../../../arm-none-eabi/lib/armv7-m/libstdc++.a(eh_personality.o)
 .text._ZL21base_of_encoded_valuehP15_Unwind_Context
                0x0001d17c       0x4c /home/khalil/lbin/Programs/gcc-arm-none-eabi-5_4-2016q2/bin/../lib/gcc/arm-none-eabi/5.4.1/../../../../arm-none-eabi/lib/armv7-m/libstdc++.a(eh_personality.o)
 .text._ZL17parse_lsda_headerP15_Unwind_ContextPKhP16lsda_header_info
                0x0001d1c8       0x94 /home/khalil/lbin/Programs/gcc-arm-none-eabi-5_4-2016q2/bin/../lib/gcc/arm-none-eabi/5.4.1/../../../../arm-none-eabi/lib/armv7-m/libstdc++.a(eh_personality.o)
 .text.__gxx_personality_v0
                0x0001d25c      0x4b0 /home/khalil/lbin/Programs/gcc-arm-none-eabi-5_4-2016q2/bin/../lib/gcc/arm-none-eabi/5.4.1/../../../../arm-none-eabi/lib/armv7-m/libstdc++.a(eh_personality.o)
                0x0001d25c                __gxx_personality_v0
 .text          0x0001d70c        0x0 /home/khalil/lbin/Programs/gcc-arm-none-eabi-5_4-2016q2/bin/../lib/gcc/arm-none-eabi/5.4.1/../../../../arm-none-eabi/lib/armv7-m/libstdc++.a(eh_unex_handler.o)
 .text          0x0001d70c        0x0 /home/khalil/lbin/Programs/gcc-arm-none-eabi-5_4-2016q2/bin/../lib/gcc/arm-none-eabi/5.4.1/../../../../arm-none-eabi/lib/armv7-m/libstdc++.a(eh_exception.o)
 .text._ZNSt9exceptionD2Ev
                0x0001d70c        0x4 /home/khalil/lbin/Programs/gcc-arm-none-eabi-5_4-2016q2/bin/../lib/gcc/arm-none-eabi/5.4.1/../../../../arm-none-eabi/lib/armv7-m/libstdc++.a(eh_exception.o)
                0x0001d70c                std::exception::~exception()
                0x0001d70c                std::exception::~exception()
 .text._ZNSt13bad_exceptionD2Ev
                0x0001d710        0x4 /home/khalil/lbin/Programs/gcc-arm-none-eabi-5_4-2016q2/bin/../lib/gcc/arm-none-eabi/5.4.1/../../../../arm-none-eabi/lib/armv7-m/libstdc++.a(eh_exception.o)
                0x0001d710                std::bad_exception::~bad_exception()
                0x0001d710                std::bad_exception::~bad_exception()
 .text._ZNKSt9exception4whatEv
                0x0001d714        0x8 /home/khalil/lbin/Programs/gcc-arm-none-eabi-5_4-2016q2/bin/../lib/gcc/arm-none-eabi/5.4.1/../../../../arm-none-eabi/lib/armv7-m/libstdc++.a(eh_exception.o)
                0x0001d714                std::exception::what() const
 .text._ZNKSt13bad_exception4whatEv
                0x0001d71c        0x8 /home/khalil/lbin/Programs/gcc-arm-none-eabi-5_4-2016q2/bin/../lib/gcc/arm-none-eabi/5.4.1/../../../../arm-none-eabi/lib/armv7-m/libstdc++.a(eh_exception.o)
                0x0001d71c                std::bad_exception::what() const
 .text._ZNSt9exceptionD0Ev
                0x0001d724        0xc /home/khalil/lbin/Programs/gcc-arm-none-eabi-5_4-2016q2/bin/../lib/gcc/arm-none-eabi/5.4.1/../../../../arm-none-eabi/lib/armv7-m/libstdc++.a(eh_exception.o)
                0x0001d724                std::exception::~exception()
 .text._ZNSt13bad_exceptionD0Ev
                0x0001d730        0xc /home/khalil/lbin/Programs/gcc-arm-none-eabi-5_4-2016q2/bin/../lib/gcc/arm-none-eabi/5.4.1/../../../../arm-none-eabi/lib/armv7-m/libstdc++.a(eh_exception.o)
                0x0001d730                std::bad_exception::~bad_exception()
 .text._ZN10__cxxabiv115__forced_unwindD2Ev
                0x0001d73c        0x4 /home/khalil/lbin/Programs/gcc-arm-none-eabi-5_4-2016q2/bin/../lib/gcc/arm-none-eabi/5.4.1/../../../../arm-none-eabi/lib/armv7-m/libstdc++.a(eh_exception.o)
                0x0001d73c                __cxxabiv1::__forced_unwind::~__forced_unwind()
                0x0001d73c                __cxxabiv1::__forced_unwind::~__forced_unwind()
 .text._ZN10__cxxabiv115__forced_unwindD0Ev
                0x0001d740        0xc /home/khalil/lbin/Programs/gcc-arm-none-eabi-5_4-2016q2/bin/../lib/gcc/arm-none-eabi/5.4.1/../../../../arm-none-eabi/lib/armv7-m/libstdc++.a(eh_exception.o)
                0x0001d740                __cxxabiv1::__forced_unwind::~__forced_unwind()
 .text._ZN10__cxxabiv119__foreign_exceptionD2Ev
                0x0001d74c        0x4 /home/khalil/lbin/Programs/gcc-arm-none-eabi-5_4-2016q2/bin/../lib/gcc/arm-none-eabi/5.4.1/../../../../arm-none-eabi/lib/armv7-m/libstdc++.a(eh_exception.o)
                0x0001d74c                __cxxabiv1::__foreign_exception::~__foreign_exception()
                0x0001d74c                __cxxabiv1::__foreign_exception::~__foreign_exception()
 .text._ZN10__cxxabiv119__foreign_exceptionD0Ev
                0x0001d750        0xc /home/khalil/lbin/Programs/gcc-arm-none-eabi-5_4-2016q2/bin/../lib/gcc/arm-none-eabi/5.4.1/../../../../arm-none-eabi/lib/armv7-m/libstdc++.a(eh_exception.o)
                0x0001d750                __cxxabiv1::__foreign_exception::~__foreign_exception()
 .text          0x0001d75c        0x0 /home/khalil/lbin/Programs/gcc-arm-none-eabi-5_4-2016q2/bin/../lib/gcc/arm-none-eabi/5.4.1/../../../../arm-none-eabi/lib/armv7-m/libstdc++.a(tinfo.o)
 .text._ZNSt9type_infoD2Ev
                0x0001d75c        0x4 /home/khalil/lbin/Programs/gcc-arm-none-eabi-5_4-2016q2/bin/../lib/gcc/arm-none-eabi/5.4.1/../../../../arm-none-eabi/lib/armv7-m/libstdc++.a(tinfo.o)
                0x0001d75c                std::type_info::~type_info()
                0x0001d75c                std::type_info::~type_info()
 .text._ZNKSt9type_info15__is_function_pEv
                0x0001d760        0x4 /home/khalil/lbin/Programs/gcc-arm-none-eabi-5_4-2016q2/bin/../lib/gcc/arm-none-eabi/5.4.1/../../../../arm-none-eabi/lib/armv7-m/libstdc++.a(tinfo.o)
                0x0001d760                std::type_info::__is_function_p() const
                0x0001d760                std::type_info::__is_pointer_p() const
 .text._ZNKSt9type_info11__do_upcastEPKN10__cxxabiv117__class_type_infoEPPv
                0x0001d764        0x4 /home/khalil/lbin/Programs/gcc-arm-none-eabi-5_4-2016q2/bin/../lib/gcc/arm-none-eabi/5.4.1/../../../../arm-none-eabi/lib/armv7-m/libstdc++.a(tinfo.o)
                0x0001d764                std::type_info::__do_upcast(__cxxabiv1::__class_type_info const*, void**) const
 .text._ZNSt9type_infoD0Ev
                0x0001d768        0xc /home/khalil/lbin/Programs/gcc-arm-none-eabi-5_4-2016q2/bin/../lib/gcc/arm-none-eabi/5.4.1/../../../../arm-none-eabi/lib/armv7-m/libstdc++.a(tinfo.o)
                0x0001d768                std::type_info::~type_info()
 .text._ZNKSt9type_infoeqERKS_
                0x0001d774       0x2c /home/khalil/lbin/Programs/gcc-arm-none-eabi-5_4-2016q2/bin/../lib/gcc/arm-none-eabi/5.4.1/../../../../arm-none-eabi/lib/armv7-m/libstdc++.a(tinfo.o)
                0x0001d774                std::type_info::operator==(std::type_info const&) const
 .text._ZNKSt9type_info10__do_catchEPKS_PPvj
                0x0001d7a0        0x4 /home/khalil/lbin/Programs/gcc-arm-none-eabi-5_4-2016q2/bin/../lib/gcc/arm-none-eabi/5.4.1/../../../../arm-none-eabi/lib/armv7-m/libstdc++.a(tinfo.o)
                0x0001d7a0                std::type_info::__do_catch(std::type_info const*, void**, unsigned int) const
 .text          0x0001d7a4        0x0 /home/khalil/lbin/Programs/gcc-arm-none-eabi-5_4-2016q2/bin/../lib/gcc/arm-none-eabi/5.4.1/../../../../arm-none-eabi/lib/armv7-m/libstdc++.a(class_type_info.o)
 .text._ZNK10__cxxabiv117__class_type_info11__do_upcastEPKS0_PPv
                0x0001d7a4       0x38 /home/khalil/lbin/Programs/gcc-arm-none-eabi-5_4-2016q2/bin/../lib/gcc/arm-none-eabi/5.4.1/../../../../arm-none-eabi/lib/armv7-m/libstdc++.a(class_type_info.o)
                0x0001d7a4                __cxxabiv1::__class_type_info::__do_upcast(__cxxabiv1::__class_type_info const*, void**) const
 .text._ZNK10__cxxabiv117__class_type_info20__do_find_public_srcEiPKvPKS0_S2_
                0x0001d7dc        0xc /home/khalil/lbin/Programs/gcc-arm-none-eabi-5_4-2016q2/bin/../lib/gcc/arm-none-eabi/5.4.1/../../../../arm-none-eabi/lib/armv7-m/libstdc++.a(class_type_info.o)
                0x0001d7dc                __cxxabiv1::__class_type_info::__do_find_public_src(int, void const*, __cxxabiv1::__class_type_info const*, void const*) const
 .text._ZN10__cxxabiv117__class_type_infoD2Ev
                0x0001d7e8       0x14 /home/khalil/lbin/Programs/gcc-arm-none-eabi-5_4-2016q2/bin/../lib/gcc/arm-none-eabi/5.4.1/../../../../arm-none-eabi/lib/armv7-m/libstdc++.a(class_type_info.o)
                0x0001d7e8                __cxxabiv1::__class_type_info::~__class_type_info()
                0x0001d7e8                __cxxabiv1::__class_type_info::~__class_type_info()
 .text._ZN10__cxxabiv117__class_type_infoD0Ev
                0x0001d7fc       0x1c /home/khalil/lbin/Programs/gcc-arm-none-eabi-5_4-2016q2/bin/../lib/gcc/arm-none-eabi/5.4.1/../../../../arm-none-eabi/lib/armv7-m/libstdc++.a(class_type_info.o)
                0x0001d7fc                __cxxabiv1::__class_type_info::~__class_type_info()
 .text._ZNK10__cxxabiv117__class_type_info11__do_upcastEPKS0_PKvRNS0_15__upcast_resultE
                0x0001d818       0x18 /home/khalil/lbin/Programs/gcc-arm-none-eabi-5_4-2016q2/bin/../lib/gcc/arm-none-eabi/5.4.1/../../../../arm-none-eabi/lib/armv7-m/libstdc++.a(class_type_info.o)
                0x0001d818                __cxxabiv1::__class_type_info::__do_upcast(__cxxabiv1::__class_type_info const*, void const*, __cxxabiv1::__class_type_info::__upcast_result&) const
 .text._ZNK10__cxxabiv117__class_type_info12__do_dyncastEiNS0_10__sub_kindEPKS0_PKvS3_S5_RNS0_16__dyncast_resultE
                0x0001d830       0x40 /home/khalil/lbin/Programs/gcc-arm-none-eabi-5_4-2016q2/bin/../lib/gcc/arm-none-eabi/5.4.1/../../../../arm-none-eabi/lib/armv7-m/libstdc++.a(class_type_info.o)
                0x0001d830                __cxxabiv1::__class_type_info::__do_dyncast(int, __cxxabiv1::__class_type_info::__sub_kind, __cxxabiv1::__class_type_info const*, void const*, __cxxabiv1::__class_type_info const*, void const*, __cxxabiv1::__class_type_info::__dyncast_result&) const
 .text._ZNK10__cxxabiv117__class_type_info10__do_catchEPKSt9type_infoPPvj
                0x0001d870       0x2c /home/khalil/lbin/Programs/gcc-arm-none-eabi-5_4-2016q2/bin/../lib/gcc/arm-none-eabi/5.4.1/../../../../arm-none-eabi/lib/armv7-m/libstdc++.a(class_type_info.o)
                0x0001d870                __cxxabiv1::__class_type_info::__do_catch(std::type_info const*, void**, unsigned int) const
 .text          0x0001d89c       0x18 /home/khalil/lbin/Programs/gcc-arm-none-eabi-5_4-2016q2/bin/../lib/gcc/arm-none-eabi/5.4.1/armv7-m/libgcc.a(_ashldi3.o)
                0x0001d89c                __ashldi3
                0x0001d89c                __aeabi_llsl
 .text          0x0001d8b4      0x370 /home/khalil/lbin/Programs/gcc-arm-none-eabi-5_4-2016q2/bin/../lib/gcc/arm-none-eabi/5.4.1/armv7-m/libgcc.a(_arm_addsubdf3.o)
                0x0001d8b4                __aeabi_drsub
                0x0001d8bc                __aeabi_dsub
                0x0001d8bc                __subdf3
                0x0001d8c0                __adddf3
                0x0001d8c0                __aeabi_dadd
                0x0001db38                __aeabi_ui2d
                0x0001db38                __floatunsidf
                0x0001db58                __floatsidf
                0x0001db58                __aeabi_i2d
                0x0001db7c                __extendsfdf2
                0x0001db7c                __aeabi_f2d
                0x0001dbb8                __aeabi_ul2d
                0x0001dbb8                __floatundidf
                0x0001dbc8                __floatdidf
                0x0001dbc8                __aeabi_l2d
 .text          0x0001dc24       0x40 /home/khalil/lbin/Programs/gcc-arm-none-eabi-5_4-2016q2/bin/../lib/gcc/arm-none-eabi/5.4.1/armv7-m/libgcc.a(_arm_fixunsdfsi.o)
                0x0001dc24                __fixunsdfsi
                0x0001dc24                __aeabi_d2uiz
 .text          0x0001dc64      0x21c /home/khalil/lbin/Programs/gcc-arm-none-eabi-5_4-2016q2/bin/../lib/gcc/arm-none-eabi/5.4.1/armv7-m/libgcc.a(_arm_addsubsf3.o)
                0x0001dc64                __aeabi_frsub
                0x0001dc6c                __subsf3
                0x0001dc6c                __aeabi_fsub
                0x0001dc70                __aeabi_fadd
                0x0001dc70                __addsf3
                0x0001ddd0                __aeabi_ui2f
                0x0001ddd0                __floatunsisf
                0x0001ddd8                __aeabi_i2f
                0x0001ddd8                __floatsisf
                0x0001ddf4                __floatundisf
                0x0001ddf4                __aeabi_ul2f
                0x0001de04                __floatdisf
                0x0001de04                __aeabi_l2f
 .text          0x0001de80      0x2a0 /home/khalil/lbin/Programs/gcc-arm-none-eabi-5_4-2016q2/bin/../lib/gcc/arm-none-eabi/5.4.1/armv7-m/libgcc.a(_arm_muldivsf3.o)
                0x0001de80                __mulsf3
                0x0001de80                __aeabi_fmul
                0x0001dfe8                __divsf3
                0x0001dfe8                __aeabi_fdiv
 .text          0x0001e120       0xec /home/khalil/lbin/Programs/gcc-arm-none-eabi-5_4-2016q2/bin/../lib/gcc/arm-none-eabi/5.4.1/armv7-m/libgcc.a(_arm_cmpsf2.o)
                0x0001e120                __gtsf2
                0x0001e120                __gesf2
                0x0001e128                __lesf2
                0x0001e128                __ltsf2
                0x0001e130                __nesf2
                0x0001e130                __eqsf2
                0x0001e130                __cmpsf2
                0x0001e190                __aeabi_cfrcmple
                0x0001e198                __aeabi_cfcmple
                0x0001e198                __aeabi_cfcmpeq
                0x0001e1a8                __aeabi_fcmpeq
                0x0001e1bc                __aeabi_fcmplt
                0x0001e1d0                __aeabi_fcmple
                0x0001e1e4                __aeabi_fcmpge
                0x0001e1f8                __aeabi_fcmpgt
 .text          0x0001e20c       0x4c /home/khalil/lbin/Programs/gcc-arm-none-eabi-5_4-2016q2/bin/../lib/gcc/arm-none-eabi/5.4.1/armv7-m/libgcc.a(_arm_fixsfsi.o)
                0x0001e20c                __fixsfsi
                0x0001e20c                __aeabi_f2iz
 .text          0x0001e258       0x40 /home/khalil/lbin/Programs/gcc-arm-none-eabi-5_4-2016q2/bin/../lib/gcc/arm-none-eabi/5.4.1/armv7-m/libgcc.a(_arm_fixunssfsi.o)
                0x0001e258                __aeabi_f2uiz
                0x0001e258                __fixunssfsi
 .text          0x0001e298       0x30 /home/khalil/lbin/Programs/gcc-arm-none-eabi-5_4-2016q2/bin/../lib/gcc/arm-none-eabi/5.4.1/armv7-m/libgcc.a(_aeabi_uldivmod.o)
                0x0001e298                __aeabi_uldivmod
 .text          0x0001e2c8      0x2ec /home/khalil/lbin/Programs/gcc-arm-none-eabi-5_4-2016q2/bin/../lib/gcc/arm-none-eabi/5.4.1/armv7-m/libgcc.a(_udivmoddi4.o)
                0x0001e2c8                __udivmoddi4
 .text          0x0001e5b4      0x9e4 /home/khalil/lbin/Programs/gcc-arm-none-eabi-5_4-2016q2/bin/../lib/gcc/arm-none-eabi/5.4.1/armv7-m/libgcc.a(unwind-arm.o)
                0x0001e874                _Unwind_GetCFA
                0x0001e878                __gnu_Unwind_RaiseException
                0x0001e8d8                __gnu_Unwind_ForcedUnwind
                0x0001e8ec                __gnu_Unwind_Resume
                0x0001e930                __gnu_Unwind_Resume_or_Rethrow
                0x0001e944                _Unwind_Complete
                0x0001e948                _Unwind_DeleteException
                0x0001e954                _Unwind_VRS_Get